 playfile

 Timestamp is 5e90780d (Fri Apr 10 09:43:41 2020)

 Preferred load address is 00400000

 Start         Length     Name                   Class
 0001:00000000 00108c00H .text$mn                CODE
 0001:00108c00 000010e8H .text$x                 CODE
 0002:00000000 00000104H .CRT$XCA                DATA
 0002:00000104 00000104H .CRT$XCAA               DATA
 0002:00000208 00000104H .CRT$XCZ                DATA
 0002:0000030c 00000104H .CRT$XIA                DATA
 0002:00000410 00000104H .CRT$XIAA               DATA
 0002:00000514 00000104H .CRT$XIAC               DATA
 0002:00000618 00000114H .CRT$XIC                DATA
 0002:0000072c 00000104H .CRT$XIZ                DATA
 0002:00000830 00000104H .CRT$XPA                DATA
 0002:00000934 0000010cH .CRT$XPX                DATA
 0002:00000a40 00000104H .CRT$XPXA               DATA
 0002:00000b44 00000104H .CRT$XPZ                DATA
 0002:00000c48 00000104H .CRT$XTA                DATA
 0002:00000d4c 00000104H .CRT$XTZ                DATA
 0002:00000e50 00039dd8H .rdata                  DATA
 0002:0003ac28 00000448H .rdata$r                DATA
 0002:0003b070 0000012cH .rdata$sxdata           DATA
 0002:0003b19c 000001b8H .rdata$zzzdbg           DATA
 0002:0003b354 00000104H .rtc$IAA                DATA
 0002:0003b458 00000104H .rtc$IZZ                DATA
 0002:0003b55c 00000104H .rtc$TAA                DATA
 0002:0003b660 00000108H .rtc$TZZ                DATA
 0002:0003b768 00000f94H .xdata$x                DATA
 0002:0003c6fc 00000000H .edata                  DATA
 0003:00000000 0001d84cH .data                   DATA
 0003:0001d84c 00000254H .data$r                 DATA
 0003:0001daa0 000031b4H .bss                    DATA
 0004:00000000 000003f4H .idata$5                DATA
 0004:000003f4 00000050H .idata$2                DATA
 0004:00000444 00000014H .idata$3                DATA
 0004:00000458 000003f4H .idata$4                DATA
 0004:0000084c 00000d1eH .idata$6                DATA
 0005:00000000 0000020cH .gfids$x                DATA
 0005:0000020c 000001d6H .gfids$y                DATA
 0006:00000000 00000104H .00cfg                  DATA

  Address         Publics by Value              Rva+Base       Lib:Object

 0000:00000000       ___guard_fids_count        00000000     <absolute>
 0000:00000000       ___guard_longjmp_count     00000000     <absolute>
 0000:00000000       ___guard_iat_count         00000000     <absolute>
 0000:00000000       ___guard_longjmp_table     00000000     <absolute>
 0000:00000000       __except_list              00000000     <absolute>
 0000:00000000       ___guard_iat_table         00000000     <absolute>
 0000:00000000       ___guard_fids_table        00000000     <absolute>
 0000:00000000       ___dynamic_value_reloc_table 00000000     <absolute>
 0000:00000009       ___safe_se_handler_count   00000009     <absolute>
 0000:00000100       ___guard_flags             00000100     <absolute>
 0000:00000000       ___ImageBase               00400000     <linker-defined>
 0001:00008fa0       _get_snd_options           00409fa0 f   playfile.obj
 0001:00009300       _dump_pool_usage           0040a300 f   playfile.obj
 0001:000093a0       _main                      0040a3a0 f   playfile.obj
 0001:000099d0       ___local_stdio_printf_options 0040a9d0 f i playfile.obj
 0001:000099e0       __vfprintf_l               0040a9e0 f i playfile.obj
 0001:00009a20       _printf                    0040aa20 f i playfile.obj
 0001:00009a70       _pjmedia_aud_subsys_init   0040aa70 f   pjmedia-audiodev-i386-win32-vc14-debug:audiodev.obj
 0001:00009b80       _pjmedia_aud_subsys_get_pool_factory 0040ab80 f   pjmedia-audiodev-i386-win32-vc14-debug:audiodev.obj
 0001:00009ba0       _pjmedia_aud_subsys_shutdown 0040aba0 f   pjmedia-audiodev-i386-win32-vc14-debug:audiodev.obj
 0001:00009c10       _pjmedia_aud_register_factory 0040ac10 f   pjmedia-audiodev-i386-win32-vc14-debug:audiodev.obj
 0001:00009c80       _pjmedia_aud_unregister_factory 0040ac80 f   pjmedia-audiodev-i386-win32-vc14-debug:audiodev.obj
 0001:00009de0       _pjmedia_audiodev_strerror 0040ade0 f   pjmedia-audiodev-i386-win32-vc14-debug:errno.obj
 0001:0000a070       __snprintf                 0040b070 f i pjmedia-audiodev-i386-win32-vc14-debug:errno.obj
 0001:0000a0c0       __vsnprintf                0040b0c0 f i pjmedia-audiodev-i386-win32-vc14-debug:errno.obj
 0001:0000a0f0       __vsnprintf_l              0040b0f0 f i pjmedia-audiodev-i386-win32-vc14-debug:errno.obj
 0001:0000b560       _pjmedia_wmme_factory      0040c560 f   pjmedia-audiodev-i386-win32-vc14-debug:wmme_dev.obj
 0001:0000d490       _pjmedia_port_info_init    0040e490 f   pjmedia-i386-win32-vc14-debug:port.obj
 0001:0000d570       _pjmedia_port_info_init2   0040e570 f   pjmedia-i386-win32-vc14-debug:port.obj
 0001:0000d5c0       _pjmedia_port_get_clock_src 0040e5c0 f   pjmedia-i386-win32-vc14-debug:port.obj
 0001:0000d5f0       _pjmedia_port_get_frame    0040e5f0 f   pjmedia-i386-win32-vc14-debug:port.obj
 0001:0000d660       _pjmedia_port_put_frame    0040e660 f   pjmedia-i386-win32-vc14-debug:port.obj
 0001:0000d6d0       _pjmedia_port_destroy      0040e6d0 f   pjmedia-i386-win32-vc14-debug:port.obj
 0001:0000d880       _pjmedia_endpt_create2     0040e880 f   pjmedia-i386-win32-vc14-debug:endpoint.obj
 0001:0000db40       _pjmedia_endpt_destroy2    0040eb40 f   pjmedia-i386-win32-vc14-debug:endpoint.obj
 0001:0000dbf0       _pjmedia_endpt_set_flag    0040ebf0 f   pjmedia-i386-win32-vc14-debug:endpoint.obj
 0001:0000dc50       _pjmedia_endpt_get_flag    0040ec50 f   pjmedia-i386-win32-vc14-debug:endpoint.obj
 0001:0000dcb0       _pjmedia_endpt_get_ioqueue 0040ecb0 f   pjmedia-i386-win32-vc14-debug:endpoint.obj
 0001:0000dcf0       _pjmedia_endpt_get_thread_count 0040ecf0 f   pjmedia-i386-win32-vc14-debug:endpoint.obj
 0001:0000dd30       _pjmedia_endpt_get_thread  0040ed30 f   pjmedia-i386-win32-vc14-debug:endpoint.obj
 0001:0000ddb0       _pjmedia_endpt_stop_threads 0040edb0 f   pjmedia-i386-win32-vc14-debug:endpoint.obj
 0001:0000de70       _pjmedia_endpt_create_pool 0040ee70 f   pjmedia-i386-win32-vc14-debug:endpoint.obj
 0001:0000deb0       _pjmedia_endpt_get_codec_mgr 0040eeb0 f   pjmedia-i386-win32-vc14-debug:endpoint.obj
 0001:0000dec0       _pjmedia_endpt_create_sdp  0040eec0 f   pjmedia-i386-win32-vc14-debug:endpoint.obj
 0001:0000dff0       _pjmedia_endpt_create_base_sdp 0040eff0 f   pjmedia-i386-win32-vc14-debug:endpoint.obj
 0001:0000e1c0       _pjmedia_endpt_create_audio_sdp 0040f1c0 f   pjmedia-i386-win32-vc14-debug:endpoint.obj
 0001:0000ed20       _pjmedia_endpt_dump        0040fd20 f   pjmedia-i386-win32-vc14-debug:endpoint.obj
 0001:0000f030       _pjmedia_endpt_atexit      00410030 f   pjmedia-i386-win32-vc14-debug:endpoint.obj
 0001:0000fad0       __vsprintf_l               00410ad0 f i pjmedia-i386-win32-vc14-debug:endpoint.obj
 0001:0000fb00       _sprintf                   00410b00 f i pjmedia-i386-win32-vc14-debug:endpoint.obj
 0001:0000fbe0       _pjmedia_snd_port_param_default 00410be0 f   pjmedia-i386-win32-vc14-debug:sound_port.obj
 0001:0000fc00       _pjmedia_snd_port_create   00410c00 f   pjmedia-i386-win32-vc14-debug:sound_port.obj
 0001:0000fcd0       _pjmedia_snd_port_create_rec 00410cd0 f   pjmedia-i386-win32-vc14-debug:sound_port.obj
 0001:0000fd90       _pjmedia_snd_port_create_player 00410d90 f   pjmedia-i386-win32-vc14-debug:sound_port.obj
 0001:0000fe50       _pjmedia_snd_port_create2  00410e50 f   pjmedia-i386-win32-vc14-debug:sound_port.obj
 0001:00010050       _pjmedia_snd_port_destroy  00411050 f   pjmedia-i386-win32-vc14-debug:sound_port.obj
 0001:00010090       _pjmedia_snd_port_get_snd_stream 00411090 f   pjmedia-i386-win32-vc14-debug:sound_port.obj
 0001:000100d0       _pjmedia_snd_port_set_ec   004110d0 f   pjmedia-i386-win32-vc14-debug:sound_port.obj
 0001:000103c0       _pjmedia_snd_port_get_ec_tail 004113c0 f   pjmedia-i386-win32-vc14-debug:sound_port.obj
 0001:000104c0       _pjmedia_snd_port_get_ec_stat 004114c0 f   pjmedia-i386-win32-vc14-debug:sound_port.obj
 0001:00010530       _pjmedia_snd_port_get_clock_src 00411530 f   pjmedia-i386-win32-vc14-debug:sound_port.obj
 0001:00010560       _pjmedia_snd_port_connect  00411560 f   pjmedia-i386-win32-vc14-debug:sound_port.obj
 0001:00010630       _pjmedia_snd_port_get_port 00411630 f   pjmedia-i386-win32-vc14-debug:sound_port.obj
 0001:00010670       _pjmedia_snd_port_disconnect 00411670 f   pjmedia-i386-win32-vc14-debug:sound_port.obj
 0001:00011310       _pjmedia_wav_player_port_create 00412310 f   pjmedia-i386-win32-vc14-debug:wav_player.obj
 0001:00011940       _pjmedia_wav_player_get_info 00412940 f   pjmedia-i386-win32-vc14-debug:wav_player.obj
 0001:00011a90       _pjmedia_wav_player_get_len 00412a90 f   pjmedia-i386-win32-vc14-debug:wav_player.obj
 0001:00011b20       _pjmedia_wav_player_port_set_pos 00412b20 f   pjmedia-i386-win32-vc14-debug:wav_player.obj
 0001:00011c60       _pjmedia_wav_player_port_get_pos 00412c60 f   pjmedia-i386-win32-vc14-debug:wav_player.obj
 0001:00011d50       _pjmedia_wav_player_set_eof_cb 00412d50 f   pjmedia-i386-win32-vc14-debug:wav_player.obj
 0001:00011e00       _pjmedia_wav_player_set_eof_cb2 00412e00 f   pjmedia-i386-win32-vc14-debug:wav_player.obj
 0001:00012cc0       _pjmedia_get_aud_subsys    00413cc0 f   pjmedia-i386-win32-vc14-debug:audiodev.obj
 0001:00012cd0       _pjmedia_aud_driver_init   00413cd0 f   pjmedia-i386-win32-vc14-debug:audiodev.obj
 0001:00013050       _pjmedia_aud_driver_deinit 00414050 f   pjmedia-i386-win32-vc14-debug:audiodev.obj
 0001:000130c0       _pjmedia_aud_dev_cap_name  004140c0 f   pjmedia-i386-win32-vc14-debug:audiodev.obj
 0001:00013130       _pjmedia_aud_param_set_cap 00414130 f   pjmedia-i386-win32-vc14-debug:audiodev.obj
 0001:00013190       _pjmedia_aud_param_get_cap 00414190 f   pjmedia-i386-win32-vc14-debug:audiodev.obj
 0001:00013200       _pjmedia_aud_dev_refresh   00414200 f   pjmedia-i386-win32-vc14-debug:audiodev.obj
 0001:000132b0       _pjmedia_aud_dev_count     004142b0 f   pjmedia-i386-win32-vc14-debug:audiodev.obj
 0001:000132c0       _pjmedia_aud_dev_get_info  004142c0 f   pjmedia-i386-win32-vc14-debug:audiodev.obj
 0001:00013380       _pjmedia_aud_dev_lookup    00414380 f   pjmedia-i386-win32-vc14-debug:audiodev.obj
 0001:00013560       _pjmedia_aud_dev_default_param 00414560 f   pjmedia-i386-win32-vc14-debug:audiodev.obj
 0001:00013660       _pjmedia_aud_stream_create 00414660 f   pjmedia-i386-win32-vc14-debug:audiodev.obj
 0001:000138e0       _pjmedia_aud_stream_get_param 004148e0 f   pjmedia-i386-win32-vc14-debug:audiodev.obj
 0001:000139b0       _pjmedia_aud_stream_get_cap 004149b0 f   pjmedia-i386-win32-vc14-debug:audiodev.obj
 0001:000139d0       _pjmedia_aud_stream_set_cap 004149d0 f   pjmedia-i386-win32-vc14-debug:audiodev.obj
 0001:000139f0       _pjmedia_aud_stream_start  004149f0 f   pjmedia-i386-win32-vc14-debug:audiodev.obj
 0001:00013a10       _pjmedia_aud_stream_stop   00414a10 f   pjmedia-i386-win32-vc14-debug:audiodev.obj
 0001:00013a30       _pjmedia_aud_stream_destroy 00414a30 f   pjmedia-i386-win32-vc14-debug:audiodev.obj
 0001:00014340       _pjmedia_event_mgr_create  00415340 f   pjmedia-i386-win32-vc14-debug:event.obj
 0001:00014480       _pjmedia_event_mgr_instance 00415480 f   pjmedia-i386-win32-vc14-debug:event.obj
 0001:00014490       _pjmedia_event_mgr_set_instance 00415490 f   pjmedia-i386-win32-vc14-debug:event.obj
 0001:000144a0       _pjmedia_event_mgr_destroy 004154a0 f   pjmedia-i386-win32-vc14-debug:event.obj
 0001:00014580       _pjmedia_event_init        00415580 f   pjmedia-i386-win32-vc14-debug:event.obj
 0001:000145d0       _pjmedia_event_subscribe   004155d0 f   pjmedia-i386-win32-vc14-debug:event.obj
 0001:00014740       _pjmedia_event_unsubscribe 00415740 f   pjmedia-i386-win32-vc14-debug:event.obj
 0001:000148b0       _pjmedia_event_publish     004158b0 f   pjmedia-i386-win32-vc14-debug:event.obj
 0001:00014fe0       _pjmedia_format_copy       00415fe0 f   pjmedia-i386-win32-vc14-debug:format.obj
 0001:00015000       _pjmedia_format_get_audio_format_detail 00416000 f   pjmedia-i386-win32-vc14-debug:format.obj
 0001:00015080       _pjmedia_sdp_attr_create   00416080 f   pjmedia-i386-win32-vc14-debug:sdp.obj
 0001:00015120       _pjmedia_sdp_attr_clone    00416120 f   pjmedia-i386-win32-vc14-debug:sdp.obj
 0001:000151b0       _pjmedia_sdp_attr_find     004161b0 f   pjmedia-i386-win32-vc14-debug:sdp.obj
 0001:00015280       _pjmedia_sdp_attr_find2    00416280 f   pjmedia-i386-win32-vc14-debug:sdp.obj
 0001:000152c0       _pjmedia_sdp_attr_add      004162c0 f   pjmedia-i386-win32-vc14-debug:sdp.obj
 0001:00015360       _pjmedia_sdp_attr_remove_all 00416360 f   pjmedia-i386-win32-vc14-debug:sdp.obj
 0001:00015470       _pjmedia_sdp_attr_remove   00416470 f   pjmedia-i386-win32-vc14-debug:sdp.obj
 0001:00015570       _pjmedia_sdp_attr_to_rtpmap 00416570 f   pjmedia-i386-win32-vc14-debug:sdp.obj
 0001:00015620       _pjmedia_sdp_attr_get_rtpmap 00416620 f   pjmedia-i386-win32-vc14-debug:sdp.obj
 0001:000158a0       _pjmedia_sdp_rtpmap_to_attr 004168a0 f   pjmedia-i386-win32-vc14-debug:sdp.obj
 0001:00015ab0       _pjmedia_sdp_attr_get_fmtp 00416ab0 f   pjmedia-i386-win32-vc14-debug:sdp.obj
 0001:00015bb0       _pjmedia_sdp_attr_get_rtcp 00416bb0 f   pjmedia-i386-win32-vc14-debug:sdp.obj
 0001:00015d60       _pjmedia_sdp_attr_create_rtcp 00416d60 f   pjmedia-i386-win32-vc14-debug:sdp.obj
 0001:00015e90       _pjmedia_sdp_attr_get_ssrc 00416e90 f   pjmedia-i386-win32-vc14-debug:sdp.obj
 0001:00016040       _pjmedia_sdp_attr_create_ssrc 00417040 f   pjmedia-i386-win32-vc14-debug:sdp.obj
 0001:000160d0       _pjmedia_sdp_conn_clone    004170d0 f   pjmedia-i386-win32-vc14-debug:sdp.obj
 0001:00016160       _pjmedia_sdp_bandw_clone   00417160 f   pjmedia-i386-win32-vc14-debug:sdp.obj
 0001:000161b0       _pjmedia_sdp_media_clone   004171b0 f   pjmedia-i386-win32-vc14-debug:sdp.obj
 0001:00016450       _pjmedia_sdp_media_find_attr 00417450 f   pjmedia-i386-win32-vc14-debug:sdp.obj
 0001:000164b0       _pjmedia_sdp_media_find_attr2 004174b0 f   pjmedia-i386-win32-vc14-debug:sdp.obj
 0001:00016510       _pjmedia_sdp_media_add_attr 00417510 f   pjmedia-i386-win32-vc14-debug:sdp.obj
 0001:00016540       _pjmedia_sdp_media_remove_all_attr 00417540 f   pjmedia-i386-win32-vc14-debug:sdp.obj
 0001:00016570       _pjmedia_sdp_media_remove_attr 00417570 f   pjmedia-i386-win32-vc14-debug:sdp.obj
 0001:000165a0       _pjmedia_sdp_transport_cmp 004175a0 f   pjmedia-i386-win32-vc14-debug:sdp.obj
 0001:00016610       _pjmedia_sdp_transport_get_proto 00417610 f   pjmedia-i386-win32-vc14-debug:sdp.obj
 0001:00016790       _pjmedia_sdp_media_deactivate 00417790 f   pjmedia-i386-win32-vc14-debug:sdp.obj
 0001:000167e0       _pjmedia_sdp_media_clone_deactivate 004177e0 f   pjmedia-i386-win32-vc14-debug:sdp.obj
 0001:000169d0       _pjmedia_sdp_parse         004179d0 f   pjmedia-i386-win32-vc14-debug:sdp.obj
 0001:00016f90       _pjmedia_sdp_print         00417f90 f   pjmedia-i386-win32-vc14-debug:sdp.obj
 0001:00016fb0       _pjmedia_sdp_validate      00417fb0 f   pjmedia-i386-win32-vc14-debug:sdp.obj
 0001:00016fd0       _pjmedia_sdp_validate2     00417fd0 f   pjmedia-i386-win32-vc14-debug:sdp.obj
 0001:00017270       _pjmedia_sdp_session_clone 00418270 f   pjmedia-i386-win32-vc14-debug:sdp.obj
 0001:000174f0       _pjmedia_sdp_session_add_attr 004184f0 f   pjmedia-i386-win32-vc14-debug:sdp.obj
 0001:00019720       _pjmedia_codec_param_clone 0041a720 f   pjmedia-i386-win32-vc14-debug:codec.obj
 0001:00019880       _pjmedia_codec_mgr_init    0041a880 f   pjmedia-i386-win32-vc14-debug:codec.obj
 0001:00019950       _pjmedia_codec_mgr_destroy 0041a950 f   pjmedia-i386-win32-vc14-debug:codec.obj
 0001:00019a70       _pjmedia_codec_mgr_register_factory 0041aa70 f   pjmedia-i386-win32-vc14-debug:codec.obj
 0001:00019c90       _pjmedia_codec_mgr_unregister_factory 0041ac90 f   pjmedia-i386-win32-vc14-debug:codec.obj
 0001:00019de0       _pjmedia_codec_mgr_enum_codecs 0041ade0 f   pjmedia-i386-win32-vc14-debug:codec.obj
 0001:00019ee0       _pjmedia_codec_mgr_get_codec_info 0041aee0 f   pjmedia-i386-win32-vc14-debug:codec.obj
 0001:00019fb0       _pjmedia_codec_info_to_id  0041afb0 f   pjmedia-i386-win32-vc14-debug:codec.obj
 0001:0001a060       _pjmedia_codec_mgr_find_codecs_by_id 0041b060 f   pjmedia-i386-win32-vc14-debug:codec.obj
 0001:0001a1b0       _pjmedia_codec_mgr_set_codec_priority 0041b1b0 f   pjmedia-i386-win32-vc14-debug:codec.obj
 0001:0001a2b0       _pjmedia_codec_mgr_get_default_param 0041b2b0 f   pjmedia-i386-win32-vc14-debug:codec.obj
 0001:0001a4a0       _pjmedia_codec_mgr_set_default_param 0041b4a0 f   pjmedia-i386-win32-vc14-debug:codec.obj
 0001:0001a6b0       _pjmedia_codec_mgr_alloc_codec 0041b6b0 f   pjmedia-i386-win32-vc14-debug:codec.obj
 0001:0001a7a0       _pjmedia_codec_mgr_dealloc_codec 0041b7a0 f   pjmedia-i386-win32-vc14-debug:codec.obj
 0001:0001ae00       _pjmedia_strerror          0041be00 f   pjmedia-i386-win32-vc14-debug:errno.obj
 0001:0001b000       _pjmedia_clock_src_init    0041c000 f   pjmedia-i386-win32-vc14-debug:clock_thread.obj
 0001:0001b070       _pjmedia_clock_src_update  0041c070 f   pjmedia-i386-win32-vc14-debug:clock_thread.obj
 0001:0001b0d0       _pjmedia_clock_src_get_current_timestamp 0041c0d0 f   pjmedia-i386-win32-vc14-debug:clock_thread.obj
 0001:0001b170       _pjmedia_clock_src_get_time_msec 0041c170 f   pjmedia-i386-win32-vc14-debug:clock_thread.obj
 0001:0001b1f0       _pjmedia_clock_create      0041c1f0 f   pjmedia-i386-win32-vc14-debug:clock_thread.obj
 0001:0001b250       _pjmedia_clock_create2     0041c250 f   pjmedia-i386-win32-vc14-debug:clock_thread.obj
 0001:0001b420       _pjmedia_clock_start       0041c420 f   pjmedia-i386-win32-vc14-debug:clock_thread.obj
 0001:0001b510       _pjmedia_clock_stop        0041c510 f   pjmedia-i386-win32-vc14-debug:clock_thread.obj
 0001:0001b5b0       _pjmedia_clock_modify      0041c5b0 f   pjmedia-i386-win32-vc14-debug:clock_thread.obj
 0001:0001b610       _pjmedia_clock_wait        0041c610 f   pjmedia-i386-win32-vc14-debug:clock_thread.obj
 0001:0001b790       _pjmedia_clock_destroy     0041c790 f   pjmedia-i386-win32-vc14-debug:clock_thread.obj
 0001:0001bd00       _pjmedia_echo_stat_default 0041cd00 f   pjmedia-i386-win32-vc14-debug:echo_common.obj
 0001:0001bd70       _pjmedia_echo_create       0041cd70 f   pjmedia-i386-win32-vc14-debug:echo_common.obj
 0001:0001bda0       _pjmedia_echo_create2      0041cda0 f   pjmedia-i386-win32-vc14-debug:echo_common.obj
 0001:0001c090       _pjmedia_echo_destroy      0041d090 f   pjmedia-i386-win32-vc14-debug:echo_common.obj
 0001:0001c0e0       _pjmedia_echo_reset        0041d0e0 f   pjmedia-i386-win32-vc14-debug:echo_common.obj
 0001:0001c160       _pjmedia_echo_get_stat     0041d160 f   pjmedia-i386-win32-vc14-debug:echo_common.obj
 0001:0001c1c0       _pjmedia_echo_playback     0041d1c0 f   pjmedia-i386-win32-vc14-debug:echo_common.obj
 0001:0001c2d0       _pjmedia_echo_capture      0041d2d0 f   pjmedia-i386-win32-vc14-debug:echo_common.obj
 0001:0001c3e0       _pjmedia_echo_cancel       0041d3e0 f   pjmedia-i386-win32-vc14-debug:echo_common.obj
 0001:0001c720       _pjmedia_wave_hdr_file_to_host 0041d720 f   pjmedia-i386-win32-vc14-debug:wave.obj
 0001:0001c740       _pjmedia_wave_hdr_host_to_file 0041d740 f   pjmedia-i386-win32-vc14-debug:wave.obj
 0001:0001ca10       _pjmedia_srtp_init_lib     0041da10 f   pjmedia-i386-win32-vc14-debug:transport_srtp.obj
 0001:0001cac0       _pjmedia_srtp_setting_default 0041dac0 f   pjmedia-i386-win32-vc14-debug:transport_srtp.obj
 0001:0001cb10       _pjmedia_srtp_enum_crypto  0041db10 f   pjmedia-i386-win32-vc14-debug:transport_srtp.obj
 0001:0001cbd0       _pjmedia_srtp_enum_keying  0041dbd0 f   pjmedia-i386-win32-vc14-debug:transport_srtp.obj
 0001:0001cc50       _pjmedia_transport_srtp_create 0041dc50 f   pjmedia-i386-win32-vc14-debug:transport_srtp.obj
 0001:0001d040       _pjmedia_transport_srtp_dtls_get_fingerprint 0041e040 f   pjmedia-i386-win32-vc14-debug:transport_srtp.obj
 0001:0001d050       _pjmedia_transport_srtp_dtls_start_nego 0041e050 f   pjmedia-i386-win32-vc14-debug:transport_srtp.obj
 0001:0001d060       _pjmedia_transport_srtp_start 0041e060 f   pjmedia-i386-win32-vc14-debug:transport_srtp.obj
 0001:0001d9c0       _pjmedia_transport_srtp_stop 0041e9c0 f   pjmedia-i386-win32-vc14-debug:transport_srtp.obj
 0001:0001db20       _pjmedia_transport_srtp_decrypt_pkt 0041eb20 f   pjmedia-i386-win32-vc14-debug:transport_srtp.obj
 0001:0001dcf0       _pjmedia_transport_srtp_get_member 0041ecf0 f   pjmedia-i386-win32-vc14-debug:transport_srtp.obj
 0001:0001f580       _get_libsrtp_errstr        00420580 f   pjmedia-i386-win32-vc14-debug:transport_srtp.obj
 0001:00021d30       _echo_supp_create          00422d30 f   pjmedia-i386-win32-vc14-debug:echo_suppress.obj
 0001:00021f00       _echo_supp_destroy         00422f00 f   pjmedia-i386-win32-vc14-debug:echo_suppress.obj
 0001:00021f10       _echo_supp_get_stat        00422f10 f   pjmedia-i386-win32-vc14-debug:echo_suppress.obj
 0001:00022060       _echo_supp_reset           00423060 f   pjmedia-i386-win32-vc14-debug:echo_suppress.obj
 0001:00022190       _echo_supp_cancel_echo     00423190 f   pjmedia-i386-win32-vc14-debug:echo_suppress.obj
 0001:00022680       _echo_supp_soft_reset      00423680 f   pjmedia-i386-win32-vc14-debug:echo_suppress.obj
 0001:00023720       _speex_aec_create          00424720 f   pjmedia-i386-win32-vc14-debug:echo_speex.obj
 0001:00023950       _speex_aec_destroy         00424950 f   pjmedia-i386-win32-vc14-debug:echo_speex.obj
 0001:00023a50       _speex_aec_reset           00424a50 f   pjmedia-i386-win32-vc14-debug:echo_speex.obj
 0001:00023a70       _speex_aec_cancel_echo     00424a70 f   pjmedia-i386-win32-vc14-debug:echo_speex.obj
 0001:00023c00       _speex_aec_playback        00424c00 f   pjmedia-i386-win32-vc14-debug:echo_speex.obj
 0001:00023ca0       _speex_aec_capture         00424ca0 f   pjmedia-i386-win32-vc14-debug:echo_speex.obj
 0001:00023fe0       _pjmedia_delay_buf_create  00424fe0 f   pjmedia-i386-win32-vc14-debug:delaybuf.obj
 0001:000241d0       _pjmedia_delay_buf_put     004251d0 f   pjmedia-i386-win32-vc14-debug:delaybuf.obj
 0001:000243a0       _pjmedia_delay_buf_get     004253a0 f   pjmedia-i386-win32-vc14-debug:delaybuf.obj
 0001:00024590       _pjmedia_delay_buf_reset   00425590 f   pjmedia-i386-win32-vc14-debug:delaybuf.obj
 0001:00024640       _pjmedia_delay_buf_destroy 00425640 f   pjmedia-i386-win32-vc14-debug:delaybuf.obj
 0001:00025170       _pjmedia_silence_det_create 00426170 f   pjmedia-i386-win32-vc14-debug:silencedet.obj
 0001:00025230       _pjmedia_silence_det_set_name 00426230 f   pjmedia-i386-win32-vc14-debug:silencedet.obj
 0001:000252a0       _pjmedia_silence_det_set_fixed 004262a0 f   pjmedia-i386-win32-vc14-debug:silencedet.obj
 0001:00025300       _pjmedia_silence_det_set_adaptive 00426300 f   pjmedia-i386-win32-vc14-debug:silencedet.obj
 0001:00025360       _pjmedia_silence_det_set_params 00426360 f   pjmedia-i386-win32-vc14-debug:silencedet.obj
 0001:000253e0       _pjmedia_silence_det_disable 004263e0 f   pjmedia-i386-win32-vc14-debug:silencedet.obj
 0001:00025420       _pjmedia_silence_det_detect 00426420 f   pjmedia-i386-win32-vc14-debug:silencedet.obj
 0001:00025460       _pjmedia_calc_avg_signal   00426460 f   pjmedia-i386-win32-vc14-debug:silencedet.obj
 0001:000254e0       _pjmedia_silence_det_apply 004264e0 f   pjmedia-i386-win32-vc14-debug:silencedet.obj
 0001:00025990       _pjmedia_wsola_create      00426990 f   pjmedia-i386-win32-vc14-debug:wsola.obj
 0001:00025ce0       _pjmedia_wsola_set_max_expand 00426ce0 f   pjmedia-i386-win32-vc14-debug:wsola.obj
 0001:00025d30       _pjmedia_wsola_destroy     00426d30 f   pjmedia-i386-win32-vc14-debug:wsola.obj
 0001:00025d40       _pjmedia_wsola_reset       00426d40 f   pjmedia-i386-win32-vc14-debug:wsola.obj
 0001:00025de0       _pjmedia_wsola_save        00426de0 f   pjmedia-i386-win32-vc14-debug:wsola.obj
 0001:00026220       _pjmedia_wsola_generate    00427220 f   pjmedia-i386-win32-vc14-debug:wsola.obj
 0001:00026310       _pjmedia_wsola_discard     00427310 f   pjmedia-i386-win32-vc14-debug:wsola.obj
 0001:00027db0       _pj_getopt                 00428db0 f   pjlib-util-i386-win32-vc14-debug:getopt.obj
 0001:00027dd0       _pj_getopt_long            00428dd0 f   pjlib-util-i386-win32-vc14-debug:getopt.obj
 0001:00028e30       _pj_cis_buf_init           00429e30 f   pjlib-util-i386-win32-vc14-debug:scanner.obj
 0001:00028e60       _pj_cis_init               00429e60 f   pjlib-util-i386-win32-vc14-debug:scanner.obj
 0001:00028ee0       _pj_cis_dup                00429ee0 f   pjlib-util-i386-win32-vc14-debug:scanner.obj
 0001:00028fa0       _pj_cis_add_range          00429fa0 f   pjlib-util-i386-win32-vc14-debug:scanner.obj
 0001:00029000       _pj_cis_add_alpha          0042a000 f   pjlib-util-i386-win32-vc14-debug:scanner.obj
 0001:00029030       _pj_cis_add_num            0042a030 f   pjlib-util-i386-win32-vc14-debug:scanner.obj
 0001:00029050       _pj_cis_add_str            0042a050 f   pjlib-util-i386-win32-vc14-debug:scanner.obj
 0001:000290a0       _pj_cis_add_cis            0042a0a0 f   pjlib-util-i386-win32-vc14-debug:scanner.obj
 0001:00029110       _pj_cis_del_range          0042a110 f   pjlib-util-i386-win32-vc14-debug:scanner.obj
 0001:00029150       _pj_cis_del_str            0042a150 f   pjlib-util-i386-win32-vc14-debug:scanner.obj
 0001:000291a0       _pj_cis_invert             0042a1a0 f   pjlib-util-i386-win32-vc14-debug:scanner.obj
 0001:00029230       _pj_scan_init              0042a230 f   pjlib-util-i386-win32-vc14-debug:scanner.obj
 0001:000292a0       _pj_scan_fini              0042a2a0 f   pjlib-util-i386-win32-vc14-debug:scanner.obj
 0001:000292c0       _pj_scan_peek              0042a2c0 f   pjlib-util-i386-win32-vc14-debug:scanner.obj
 0001:00029330       _pj_scan_peek_n            0042a330 f   pjlib-util-i386-win32-vc14-debug:scanner.obj
 0001:00029380       _pj_scan_peek_until        0042a380 f   pjlib-util-i386-win32-vc14-debug:scanner.obj
 0001:00029400       _pj_scan_get               0042a400 f   pjlib-util-i386-win32-vc14-debug:scanner.obj
 0001:000294c0       _pj_scan_get_unescape      0042a4c0 f   pjlib-util-i386-win32-vc14-debug:scanner.obj
 0001:000296e0       _pj_scan_get_quote         0042a6e0 f   pjlib-util-i386-win32-vc14-debug:scanner.obj
 0001:00029710       _pj_scan_get_quotes        0042a710 f   pjlib-util-i386-win32-vc14-debug:scanner.obj
 0001:000298c0       _pj_scan_get_n             0042a8c0 f   pjlib-util-i386-win32-vc14-debug:scanner.obj
 0001:00029930       _pj_scan_get_char          0042a930 f   pjlib-util-i386-win32-vc14-debug:scanner.obj
 0001:00029990       _pj_scan_get_until         0042a990 f   pjlib-util-i386-win32-vc14-debug:scanner.obj
 0001:00029a30       _pj_scan_get_until_ch      0042aa30 f   pjlib-util-i386-win32-vc14-debug:scanner.obj
 0001:00029ac0       _pj_scan_get_until_chr     0042aac0 f   pjlib-util-i386-win32-vc14-debug:scanner.obj
 0001:00029b70       _pj_scan_advance_n         0042ab70 f   pjlib-util-i386-win32-vc14-debug:scanner.obj
 0001:00029bd0       _pj_scan_strcmp            0042abd0 f   pjlib-util-i386-win32-vc14-debug:scanner.obj
 0001:00029c10       _pj_scan_stricmp           0042ac10 f   pjlib-util-i386-win32-vc14-debug:scanner.obj
 0001:00029c50       _pj_scan_stricmp_alnum     0042ac50 f   pjlib-util-i386-win32-vc14-debug:scanner.obj
 0001:00029c90       _pj_scan_get_newline       0042ac90 f   pjlib-util-i386-win32-vc14-debug:scanner.obj
 0001:00029d20       _pj_scan_skip_whitespace   0042ad20 f   pjlib-util-i386-win32-vc14-debug:scanner.obj
 0001:00029f10       _pj_scan_skip_line         0042af10 f   pjlib-util-i386-win32-vc14-debug:scanner.obj
 0001:00029f70       _pj_scan_save_state        0042af70 f   pjlib-util-i386-win32-vc14-debug:scanner.obj
 0001:00029fa0       _pj_scan_restore_state     0042afa0 f   pjlib-util-i386-win32-vc14-debug:scanner.obj
 0001:0002a5a0       _pj_base64_encode          0042b5a0 f   pjlib-util-i386-win32-vc14-debug:base64.obj
 0001:0002a750       _pj_base64_decode          0042b750 f   pjlib-util-i386-win32-vc14-debug:base64.obj
 0001:0002ad00       _pj_init                   0042bd00 f   pjlib-i386-win32-vc14-debug:os_core_win32.obj
 0001:0002aee0       _pj_shutdown               0042bee0 f   pjlib-i386-win32-vc14-debug:os_core_win32.obj
 0001:0002b000       _pj_atexit                 0042c000 f   pjlib-i386-win32-vc14-debug:os_core_win32.obj
 0001:0002b040       _pj_getpid                 0042c040 f   pjlib-i386-win32-vc14-debug:os_core_win32.obj
 0001:0002b060       _pj_thread_create          0042c060 f   pjlib-i386-win32-vc14-debug:os_core_win32.obj
 0001:0002b220       _pj_thread_register        0042c220 f   pjlib-i386-win32-vc14-debug:os_core_win32.obj
 0001:0002b340       _pj_thread_is_registered   0042c340 f   pjlib-i386-win32-vc14-debug:os_core_win32.obj
 0001:0002b370       _pj_thread_get_prio        0042c370 f   pjlib-i386-win32-vc14-debug:os_core_win32.obj
 0001:0002b390       _pj_thread_set_prio        0042c390 f   pjlib-i386-win32-vc14-debug:os_core_win32.obj
 0001:0002b460       _pj_thread_get_prio_min    0042c460 f   pjlib-i386-win32-vc14-debug:os_core_win32.obj
 0001:0002b470       _pj_thread_get_prio_max    0042c470 f   pjlib-i386-win32-vc14-debug:os_core_win32.obj
 0001:0002b480       _pj_thread_get_os_handle   0042c480 f   pjlib-i386-win32-vc14-debug:os_core_win32.obj
 0001:0002b4c0       _pj_thread_get_name        0042c4c0 f   pjlib-i386-win32-vc14-debug:os_core_win32.obj
 0001:0002b520       _pj_thread_resume          0042c520 f   pjlib-i386-win32-vc14-debug:os_core_win32.obj
 0001:0002b5d0       _pj_thread_this            0042c5d0 f   pjlib-i386-win32-vc14-debug:os_core_win32.obj
 0001:0002b620       _pj_thread_join            0042c620 f   pjlib-i386-win32-vc14-debug:os_core_win32.obj
 0001:0002b700       _pj_thread_destroy         0042c700 f   pjlib-i386-win32-vc14-debug:os_core_win32.obj
 0001:0002b7b0       _pj_thread_sleep           0042c7b0 f   pjlib-i386-win32-vc14-debug:os_core_win32.obj
 0001:0002b7e0       _pj_thread_check_stack     0042c7e0 f   pjlib-i386-win32-vc14-debug:os_core_win32.obj
 0001:0002b8a0       _pj_thread_get_stack_max_usage 0042c8a0 f   pjlib-i386-win32-vc14-debug:os_core_win32.obj
 0001:0002b8b0       _pj_thread_get_stack_info  0042c8b0 f   pjlib-i386-win32-vc14-debug:os_core_win32.obj
 0001:0002b8f0       _pj_thread_local_alloc     0042c8f0 f   pjlib-i386-win32-vc14-debug:os_core_win32.obj
 0001:0002b980       _pj_thread_local_free      0042c980 f   pjlib-i386-win32-vc14-debug:os_core_win32.obj
 0001:0002b9b0       _pj_thread_local_set       0042c9b0 f   pjlib-i386-win32-vc14-debug:os_core_win32.obj
 0001:0002ba20       _pj_thread_local_get       0042ca20 f   pjlib-i386-win32-vc14-debug:os_core_win32.obj
 0001:0002ba30       _pj_atomic_create          0042ca30 f   pjlib-i386-win32-vc14-debug:os_core_win32.obj
 0001:0002ba70       _pj_atomic_destroy         0042ca70 f   pjlib-i386-win32-vc14-debug:os_core_win32.obj
 0001:0002bab0       _pj_atomic_set             0042cab0 f   pjlib-i386-win32-vc14-debug:os_core_win32.obj
 0001:0002bb00       _pj_atomic_get             0042cb00 f   pjlib-i386-win32-vc14-debug:os_core_win32.obj
 0001:0002bb50       _pj_atomic_inc             0042cb50 f   pjlib-i386-win32-vc14-debug:os_core_win32.obj
 0001:0002bb90       _pj_atomic_inc_and_get     0042cb90 f   pjlib-i386-win32-vc14-debug:os_core_win32.obj
 0001:0002bbc0       _pj_atomic_dec             0042cbc0 f   pjlib-i386-win32-vc14-debug:os_core_win32.obj
 0001:0002bc00       _pj_atomic_dec_and_get     0042cc00 f   pjlib-i386-win32-vc14-debug:os_core_win32.obj
 0001:0002bc30       _pj_atomic_add             0042cc30 f   pjlib-i386-win32-vc14-debug:os_core_win32.obj
 0001:0002bc70       _pj_atomic_add_and_get     0042cc70 f   pjlib-i386-win32-vc14-debug:os_core_win32.obj
 0001:0002bc90       _pj_mutex_create           0042cc90 f   pjlib-i386-win32-vc14-debug:os_core_win32.obj
 0001:0002bd20       _pj_mutex_create_simple    0042cd20 f   pjlib-i386-win32-vc14-debug:os_core_win32.obj
 0001:0002bd40       _pj_mutex_create_recursive 0042cd40 f   pjlib-i386-win32-vc14-debug:os_core_win32.obj
 0001:0002bd60       _pj_mutex_lock             0042cd60 f   pjlib-i386-win32-vc14-debug:os_core_win32.obj
 0001:0002bdf0       _pj_mutex_unlock           0042cdf0 f   pjlib-i386-win32-vc14-debug:os_core_win32.obj
 0001:0002bea0       _pj_mutex_trylock          0042cea0 f   pjlib-i386-win32-vc14-debug:os_core_win32.obj
 0001:0002bf50       _pj_mutex_destroy          0042cf50 f   pjlib-i386-win32-vc14-debug:os_core_win32.obj
 0001:0002bfb0       _pj_mutex_is_locked        0042cfb0 f   pjlib-i386-win32-vc14-debug:os_core_win32.obj
 0001:0002bfe0       _pj_rwmutex_create         0042cfe0 f   pjlib-i386-win32-vc14-debug:os_core_win32.obj
 0001:0002c0b0       _pj_rwmutex_lock_read      0042d0b0 f   pjlib-i386-win32-vc14-debug:os_core_win32.obj
 0001:0002c180       _pj_rwmutex_lock_write     0042d180 f   pjlib-i386-win32-vc14-debug:os_core_win32.obj
 0001:0002c1c0       _pj_rwmutex_unlock_read    0042d1c0 f   pjlib-i386-win32-vc14-debug:os_core_win32.obj
 0001:0002c290       _pj_rwmutex_unlock_write   0042d290 f   pjlib-i386-win32-vc14-debug:os_core_win32.obj
 0001:0002c300       _pj_rwmutex_destroy        0042d300 f   pjlib-i386-win32-vc14-debug:os_core_win32.obj
 0001:0002c360       _pj_enter_critical_section 0042d360 f   pjlib-i386-win32-vc14-debug:os_core_win32.obj
 0001:0002c380       _pj_leave_critical_section 0042d380 f   pjlib-i386-win32-vc14-debug:os_core_win32.obj
 0001:0002c3a0       _pj_sem_create             0042d3a0 f   pjlib-i386-win32-vc14-debug:os_core_win32.obj
 0001:0002c4e0       _pj_sem_wait               0042d4e0 f   pjlib-i386-win32-vc14-debug:os_core_win32.obj
 0001:0002c540       _pj_sem_trywait            0042d540 f   pjlib-i386-win32-vc14-debug:os_core_win32.obj
 0001:0002c5a0       _pj_sem_post               0042d5a0 f   pjlib-i386-win32-vc14-debug:os_core_win32.obj
 0001:0002c650       _pj_sem_destroy            0042d650 f   pjlib-i386-win32-vc14-debug:os_core_win32.obj
 0001:0002c700       _pj_event_create           0042d700 f   pjlib-i386-win32-vc14-debug:os_core_win32.obj
 0001:0002c880       _pj_event_wait             0042d880 f   pjlib-i386-win32-vc14-debug:os_core_win32.obj
 0001:0002c8d0       _pj_event_trywait          0042d8d0 f   pjlib-i386-win32-vc14-debug:os_core_win32.obj
 0001:0002c920       _pj_event_set              0042d920 f   pjlib-i386-win32-vc14-debug:os_core_win32.obj
 0001:0002c9d0       _pj_event_pulse            0042d9d0 f   pjlib-i386-win32-vc14-debug:os_core_win32.obj
 0001:0002ca80       _pj_event_reset            0042da80 f   pjlib-i386-win32-vc14-debug:os_core_win32.obj
 0001:0002cb30       _pj_event_destroy          0042db30 f   pjlib-i386-win32-vc14-debug:os_core_win32.obj
 0001:0002cbe0       _pj_term_set_color         0042dbe0 f   pjlib-i386-win32-vc14-debug:os_core_win32.obj
 0001:0002cc80       _pj_term_get_color         0042dc80 f   pjlib-i386-win32-vc14-debug:os_core_win32.obj
 0001:0002ccd0       _pj_run_app                0042dcd0 f   pjlib-i386-win32-vc14-debug:os_core_win32.obj
 0001:0002ccf0       _pj_thread_init            0042dcf0 f   pjlib-i386-win32-vc14-debug:os_core_win32.obj
 0001:0002da40       _pj_pool_create            0042ea40 f   pjlib-i386-win32-vc14-debug:pool.obj
 0001:0002da70       _pj_pool_release           0042ea70 f   pjlib-i386-win32-vc14-debug:pool.obj
 0001:0002daa0       _pj_pool_safe_release      0042eaa0 f   pjlib-i386-win32-vc14-debug:pool.obj
 0001:0002dad0       _pj_pool_secure_release    0042ead0 f   pjlib-i386-win32-vc14-debug:pool.obj
 0001:0002db50       _pj_pool_getobjname        0042eb50 f   pjlib-i386-win32-vc14-debug:pool.obj
 0001:0002db60       _pj_pool_reset             0042eb60 f   pjlib-i386-win32-vc14-debug:pool.obj
 0001:0002db80       _pj_pool_get_capacity      0042eb80 f   pjlib-i386-win32-vc14-debug:pool.obj
 0001:0002db90       _pj_pool_get_used_size     0042eb90 f   pjlib-i386-win32-vc14-debug:pool.obj
 0001:0002dbe0       _pj_pool_alloc             0042ebe0 f   pjlib-i386-win32-vc14-debug:pool.obj
 0001:0002dc20       _pj_pool_calloc            0042ec20 f   pjlib-i386-win32-vc14-debug:pool.obj
 0001:0002dc60       _pj_pool_alloc_from_block  0042ec60 f   pjlib-i386-win32-vc14-debug:pool.obj
 0001:0002dcb0       _pj_pool_allocate_find     0042ecb0 f   pjlib-i386-win32-vc14-debug:pool.obj
 0001:0002ddd0       _pj_NO_MEMORY_EXCEPTION    0042edd0 f   pjlib-i386-win32-vc14-debug:pool.obj
 0001:0002dde0       _pj_pool_create_int        0042ede0 f   pjlib-i386-win32-vc14-debug:pool.obj
 0001:0002df00       _pj_pool_init_int          0042ef00 f   pjlib-i386-win32-vc14-debug:pool.obj
 0001:0002dfa0       _pj_pool_destroy_int       0042efa0 f   pjlib-i386-win32-vc14-debug:pool.obj
 0001:0002e3d0       _pj_caching_pool_init      0042f3d0 f   pjlib-i386-win32-vc14-debug:pool_caching.obj
 0001:0002e4d0       _pj_caching_pool_destroy   0042f4d0 f   pjlib-i386-win32-vc14-debug:pool_caching.obj
 0001:0002edd0       _pj_strerror               0042fdd0 f   pjlib-i386-win32-vc14-debug:errno.obj
 0001:0002ef60       _pj_perror                 0042ff60 f   pjlib-i386-win32-vc14-debug:errno.obj
 0001:0002efa0       _pj_register_strerror      0042ffa0 f   pjlib-i386-win32-vc14-debug:errno.obj
 0001:0002f150       _pj_errno_clear_handlers   00430150 f   pjlib-i386-win32-vc14-debug:errno.obj
 0001:0002f170       _pj_perror_1               00430170 f   pjlib-i386-win32-vc14-debug:errno.obj
 0001:0002f1a0       _pj_perror_2               004301a0 f   pjlib-i386-win32-vc14-debug:errno.obj
 0001:0002f1d0       _pj_perror_3               004301d0 f   pjlib-i386-win32-vc14-debug:errno.obj
 0001:0002f200       _pj_perror_4               00430200 f   pjlib-i386-win32-vc14-debug:errno.obj
 0001:0002f230       _pj_perror_5               00430230 f   pjlib-i386-win32-vc14-debug:errno.obj
 0001:0002f5c0       _pj_log                    004305c0 f   pjlib-i386-win32-vc14-debug:log.obj
 0001:0002fe00       _pj_log_set_log_func       00430e00 f   pjlib-i386-win32-vc14-debug:log.obj
 0001:0002fe10       _pj_log_get_log_func       00430e10 f   pjlib-i386-win32-vc14-debug:log.obj
 0001:0002fe20       _pj_log_set_level          00430e20 f   pjlib-i386-win32-vc14-debug:log.obj
 0001:0002fe30       _pj_log_get_level          00430e30 f   pjlib-i386-win32-vc14-debug:log.obj
 0001:0002fe40       _pj_log_set_decor          00430e40 f   pjlib-i386-win32-vc14-debug:log.obj
 0001:0002fe50       _pj_log_get_decor          00430e50 f   pjlib-i386-win32-vc14-debug:log.obj
 0001:0002fe60       _pj_log_add_indent         00430e60 f   pjlib-i386-win32-vc14-debug:log.obj
 0001:0002fe80       _pj_log_push_indent        00430e80 f   pjlib-i386-win32-vc14-debug:log.obj
 0001:0002fe90       _pj_log_pop_indent         00430e90 f   pjlib-i386-win32-vc14-debug:log.obj
 0001:0002fea0       _pj_log_set_color          00430ea0 f   pjlib-i386-win32-vc14-debug:log.obj
 0001:0002ff90       _pj_log_get_color          00430f90 f   pjlib-i386-win32-vc14-debug:log.obj
 0001:00030000       _pj_log_init               00431000 f   pjlib-i386-win32-vc14-debug:log.obj
 0001:00030080       _pj_log_1                  00431080 f   pjlib-i386-win32-vc14-debug:log.obj
 0001:000300b0       _pj_log_2                  004310b0 f   pjlib-i386-win32-vc14-debug:log.obj
 0001:000300e0       _pj_log_3                  004310e0 f   pjlib-i386-win32-vc14-debug:log.obj
 0001:00030110       _pj_log_4                  00431110 f   pjlib-i386-win32-vc14-debug:log.obj
 0001:00030140       _pj_log_5                  00431140 f   pjlib-i386-win32-vc14-debug:log.obj
 0001:000306a0       _pj_pool_factory_get_default_policy 004316a0 f   pjlib-i386-win32-vc14-debug:pool_policy_malloc.obj
 0001:000307d0       _pj_str                    004317d0 f   pjlib-i386-win32-vc14-debug:string.obj
 0001:00030810       _pj_strassign              00431810 f   pjlib-i386-win32-vc14-debug:string.obj
 0001:00030830       _pj_strcpy                 00431830 f   pjlib-i386-win32-vc14-debug:string.obj
 0001:00030870       _pj_strcpy2                00431870 f   pjlib-i386-win32-vc14-debug:string.obj
 0001:000308d0       _pj_strncpy                004318d0 f   pjlib-i386-win32-vc14-debug:string.obj
 0001:00030930       _pj_strncpy_with_null      00431930 f   pjlib-i386-win32-vc14-debug:string.obj
 0001:000309b0       _pj_strdup                 004319b0 f   pjlib-i386-win32-vc14-debug:string.obj
 0001:00030a10       _pj_strdup_with_null       00431a10 f   pjlib-i386-win32-vc14-debug:string.obj
 0001:00030a80       _pj_strdup2                00431a80 f   pjlib-i386-win32-vc14-debug:string.obj
 0001:00030b00       _pj_strdup2_with_null      00431b00 f   pjlib-i386-win32-vc14-debug:string.obj
 0001:00030b80       _pj_strdup3                00431b80 f   pjlib-i386-win32-vc14-debug:string.obj
 0001:00030bb0       _pj_strcmp                 00431bb0 f   pjlib-i386-win32-vc14-debug:string.obj
 0001:00030c90       _pj_strcmp2                00431c90 f   pjlib-i386-win32-vc14-debug:string.obj
 0001:00030ce0       _pj_strncmp                00431ce0 f   pjlib-i386-win32-vc14-debug:string.obj
 0001:00030d40       _pj_strncmp2               00431d40 f   pjlib-i386-win32-vc14-debug:string.obj
 0001:00030d90       _pj_stricmp                00431d90 f   pjlib-i386-win32-vc14-debug:string.obj
 0001:00030e70       _pj_stricmp2               00431e70 f   pjlib-i386-win32-vc14-debug:string.obj
 0001:00030ec0       _pj_strnicmp               00431ec0 f   pjlib-i386-win32-vc14-debug:string.obj
 0001:00030f20       _pj_strnicmp2              00431f20 f   pjlib-i386-win32-vc14-debug:string.obj
 0001:00030f70       _pj_strcat                 00431f70 f   pjlib-i386-win32-vc14-debug:string.obj
 0001:00030fc0       _pj_strcat2                00431fc0 f   pjlib-i386-win32-vc14-debug:string.obj
 0001:00031020       _pj_strspn                 00432020 f   pjlib-i386-win32-vc14-debug:string.obj
 0001:000310b0       _pj_strspn2                004320b0 f   pjlib-i386-win32-vc14-debug:string.obj
 0001:00031130       _pj_strcspn                00432130 f   pjlib-i386-win32-vc14-debug:string.obj
 0001:000311a0       _pj_strcspn2               004321a0 f   pjlib-i386-win32-vc14-debug:string.obj
 0001:00031210       _pj_strtok                 00432210 f   pjlib-i386-win32-vc14-debug:string.obj
 0001:000312c0       _pj_strtok2                004322c0 f   pjlib-i386-win32-vc14-debug:string.obj
 0001:00031370       _pj_strstr                 00432370 f   pjlib-i386-win32-vc14-debug:string.obj
 0001:000313e0       _pj_stristr                004323e0 f   pjlib-i386-win32-vc14-debug:string.obj
 0001:00031450       _pj_strltrim               00432450 f   pjlib-i386-win32-vc14-debug:string.obj
 0001:000314c0       _pj_strrtrim               004324c0 f   pjlib-i386-win32-vc14-debug:string.obj
 0001:00031530       _pj_strtrim                00432530 f   pjlib-i386-win32-vc14-debug:string.obj
 0001:00031550       _pj_create_random_string   00432550 f   pjlib-i386-win32-vc14-debug:string.obj
 0001:00031650       _pj_strtol                 00432650 f   pjlib-i386-win32-vc14-debug:string.obj
 0001:00031710       _pj_strtol2                00432710 f   pjlib-i386-win32-vc14-debug:string.obj
 0001:000318b0       _pj_strtoul                004328b0 f   pjlib-i386-win32-vc14-debug:string.obj
 0001:00031930       _pj_strtoul2               00432930 f   pjlib-i386-win32-vc14-debug:string.obj
 0001:00031a60       _pj_strtoul3               00432a60 f   pjlib-i386-win32-vc14-debug:string.obj
 0001:00031cc0       _pj_strtof                 00432cc0 f   pjlib-i386-win32-vc14-debug:string.obj
 0001:00031e30       _pj_utoa                   00432e30 f   pjlib-i386-win32-vc14-debug:string.obj
 0001:00031e50       _pj_utoa_pad               00432e50 f   pjlib-i386-win32-vc14-debug:string.obj
 0001:00032680       _pj_get_os_error           00433680 f   pjlib-i386-win32-vc14-debug:os_error_win32.obj
 0001:000326b0       _pj_set_os_error           004336b0 f   pjlib-i386-win32-vc14-debug:os_error_win32.obj
 0001:000326e0       _pj_get_netos_error        004336e0 f   pjlib-i386-win32-vc14-debug:os_error_win32.obj
 0001:00032710       _pj_set_netos_error        00433710 f   pjlib-i386-win32-vc14-debug:os_error_win32.obj
 0001:00032760       _platform_strerror         00433760 f   pjlib-i386-win32-vc14-debug:os_error_win32.obj
 0001:00032980       _pj_inet_ntop2             00433980 f   pjlib-i386-win32-vc14-debug:sock_common.obj
 0001:000329c0       _pj_sockaddr_print         004339c0 f   pjlib-i386-win32-vc14-debug:sock_common.obj
 0001:00032ad0       _pj_inet_addr              00433ad0 f   pjlib-i386-win32-vc14-debug:sock_common.obj
 0001:00032af0       _pj_inet_addr2             00433af0 f   pjlib-i386-win32-vc14-debug:sock_common.obj
 0001:00032b20       _pj_sockaddr_in_init       00433b20 f   pjlib-i386-win32-vc14-debug:sock_common.obj
 0001:00032ba0       _pj_sockaddr_init          00433ba0 f   pjlib-i386-win32-vc14-debug:sock_common.obj
 0001:00032c60       _pj_sockaddr_cmp           00433c60 f   pjlib-i386-win32-vc14-debug:sock_common.obj
 0001:00032d30       _pj_sockaddr_get_addr      00433d30 f   pjlib-i386-win32-vc14-debug:sock_common.obj
 0001:00032dd0       _pj_sockaddr_has_addr      00433dd0 f   pjlib-i386-win32-vc14-debug:sock_common.obj
 0001:00032e90       _pj_sockaddr_get_addr_len  00433e90 f   pjlib-i386-win32-vc14-debug:sock_common.obj
 0001:00032f30       _pj_sockaddr_get_len       00433f30 f   pjlib-i386-win32-vc14-debug:sock_common.obj
 0001:00032fd0       _pj_sockaddr_copy_addr     00433fd0 f   pjlib-i386-win32-vc14-debug:sock_common.obj
 0001:00033020       _pj_sockaddr_cp            00434020 f   pjlib-i386-win32-vc14-debug:sock_common.obj
 0001:00033050       _pj_sockaddr_synthesize    00434050 f   pjlib-i386-win32-vc14-debug:sock_common.obj
 0001:00033180       _pj_sockaddr_in_get_addr   00434180 f   pjlib-i386-win32-vc14-debug:sock_common.obj
 0001:000331a0       _pj_sockaddr_in_set_addr   004341a0 f   pjlib-i386-win32-vc14-debug:sock_common.obj
 0001:000331c0       _pj_sockaddr_in_set_str_addr 004341c0 f   pjlib-i386-win32-vc14-debug:sock_common.obj
 0001:00033300       _pj_sockaddr_set_str_addr  00434300 f   pjlib-i386-win32-vc14-debug:sock_common.obj
 0001:00033440       _pj_sockaddr_get_port      00434440 f   pjlib-i386-win32-vc14-debug:sock_common.obj
 0001:000334f0       _pj_sockaddr_in_get_port   004344f0 f   pjlib-i386-win32-vc14-debug:sock_common.obj
 0001:00033510       _pj_sockaddr_set_port      00434510 f   pjlib-i386-win32-vc14-debug:sock_common.obj
 0001:000335b0       _pj_sockaddr_in_set_port   004345b0 f   pjlib-i386-win32-vc14-debug:sock_common.obj
 0001:000335d0       _pj_sockaddr_parse         004345d0 f   pjlib-i386-win32-vc14-debug:sock_common.obj
 0001:00033710       _pj_sockaddr_parse2        00434710 f   pjlib-i386-win32-vc14-debug:sock_common.obj
 0001:00033ab0       _pj_gethostaddr            00434ab0 f   pjlib-i386-win32-vc14-debug:sock_common.obj
 0001:00033af0       _pj_sock_bind_random       00434af0 f   pjlib-i386-win32-vc14-debug:sock_common.obj
 0001:00033c20       _pj_sock_setsockopt_sobuf  00434c20 f   pjlib-i386-win32-vc14-debug:sock_common.obj
 0001:00033dd0       _pj_addr_str_print         00434dd0 f   pjlib-i386-win32-vc14-debug:sock_common.obj
 0001:00033f60       _pj_gethostip              00434f60 f   pjlib-i386-win32-vc14-debug:sock_common.obj
 0001:00034990       _pj_getipinterface         00435990 f   pjlib-i386-win32-vc14-debug:sock_common.obj
 0001:00034b70       _pj_getdefaultipinterface  00435b70 f   pjlib-i386-win32-vc14-debug:sock_common.obj
 0001:00035490       _pj_list_insert_before     00436490 f   pjlib-i386-win32-vc14-debug:list.obj
 0001:000354b0       _pj_list_insert_nodes_before 004364b0 f   pjlib-i386-win32-vc14-debug:list.obj
 0001:000354d0       _pj_list_insert_after      004364d0 f   pjlib-i386-win32-vc14-debug:list.obj
 0001:00035500       _pj_list_insert_nodes_after 00436500 f   pjlib-i386-win32-vc14-debug:list.obj
 0001:00035540       _pj_list_merge_first       00436540 f   pjlib-i386-win32-vc14-debug:list.obj
 0001:00035590       _pj_list_merge_last        00436590 f   pjlib-i386-win32-vc14-debug:list.obj
 0001:000355e0       _pj_list_erase             004365e0 f   pjlib-i386-win32-vc14-debug:list.obj
 0001:00035610       _pj_list_find_node         00436610 f   pjlib-i386-win32-vc14-debug:list.obj
 0001:00035660       _pj_list_search            00436660 f   pjlib-i386-win32-vc14-debug:list.obj
 0001:000356c0       _pj_list_size              004366c0 f   pjlib-i386-win32-vc14-debug:list.obj
 0001:000357f0       _pj_gettimeofday           004367f0 f   pjlib-i386-win32-vc14-debug:os_time_win32.obj
 0001:000358a0       _pj_time_decode            004368a0 f   pjlib-i386-win32-vc14-debug:os_time_win32.obj
 0001:00035970       _pj_time_encode            00436970 f   pjlib-i386-win32-vc14-debug:os_time_win32.obj
 0001:00035bd0       _pj_ioqueue_name           00436bd0 f   pjlib-i386-win32-vc14-debug:ioqueue_select.obj
 0001:00035be0       _pj_ioqueue_create         00436be0 f   pjlib-i386-win32-vc14-debug:ioqueue_select.obj
 0001:00035e60       _pj_ioqueue_destroy        00436e60 f   pjlib-i386-win32-vc14-debug:ioqueue_select.obj
 0001:00035f60       _pj_ioqueue_set_lock       00436f60 f   pjlib-i386-win32-vc14-debug:ioqueue_select.obj
 0001:00035fd0       _pj_ioqueue_set_default_concurrency 00436fd0 f   pjlib-i386-win32-vc14-debug:ioqueue_select.obj
 0001:00036010       _pj_ioqueue_register_sock  00437010 f   pjlib-i386-win32-vc14-debug:ioqueue_select.obj
 0001:00036040       _pj_ioqueue_register_sock2 00437040 f   pjlib-i386-win32-vc14-debug:ioqueue_select.obj
 0001:00036260       _pj_ioqueue_unregister     00437260 f   pjlib-i386-win32-vc14-debug:ioqueue_select.obj
 0001:00036430       _pj_ioqueue_get_user_data  00437430 f   pjlib-i386-win32-vc14-debug:ioqueue_select.obj
 0001:00036470       _pj_ioqueue_set_user_data  00437470 f   pjlib-i386-win32-vc14-debug:ioqueue_select.obj
 0001:000364c0       _pj_ioqueue_set_concurrency 004374c0 f   pjlib-i386-win32-vc14-debug:ioqueue_select.obj
 0001:00036540       _pj_ioqueue_lock_key       00437540 f   pjlib-i386-win32-vc14-debug:ioqueue_select.obj
 0001:00036570       _pj_ioqueue_trylock_key    00437570 f   pjlib-i386-win32-vc14-debug:ioqueue_select.obj
 0001:000365a0       _pj_ioqueue_unlock_key     004375a0 f   pjlib-i386-win32-vc14-debug:ioqueue_select.obj
 0001:000365d0       _pj_ioqueue_op_key_init    004375d0 f   pjlib-i386-win32-vc14-debug:ioqueue_select.obj
 0001:000365f0       _pj_ioqueue_is_pending     004375f0 f   pjlib-i386-win32-vc14-debug:ioqueue_select.obj
 0001:00036620       _pj_ioqueue_post_completion 00437620 f   pjlib-i386-win32-vc14-debug:ioqueue_select.obj
 0001:000367a0       _pj_ioqueue_accept         004377a0 f   pjlib-i386-win32-vc14-debug:ioqueue_select.obj
 0001:00036990       _pj_ioqueue_connect        00437990 f   pjlib-i386-win32-vc14-debug:ioqueue_select.obj
 0001:00036ac0       _pj_ioqueue_poll           00437ac0 f   pjlib-i386-win32-vc14-debug:ioqueue_select.obj
 0001:00037070       _pj_ioqueue_recv           00438070 f   pjlib-i386-win32-vc14-debug:ioqueue_select.obj
 0001:00037230       _pj_ioqueue_recvfrom       00438230 f   pjlib-i386-win32-vc14-debug:ioqueue_select.obj
 0001:00037410       _pj_ioqueue_send           00438410 f   pjlib-i386-win32-vc14-debug:ioqueue_select.obj
 0001:000375e0       _pj_ioqueue_sendto         004385e0 f   pjlib-i386-win32-vc14-debug:ioqueue_select.obj
 0001:00037c30       _ioqueue_dispatch_write_event 00438c30 f   pjlib-i386-win32-vc14-debug:ioqueue_select.obj
 0001:00037ff0       _ioqueue_dispatch_read_event 00438ff0 f   pjlib-i386-win32-vc14-debug:ioqueue_select.obj
 0001:00038320       _ioqueue_dispatch_exception_event 00439320 f   pjlib-i386-win32-vc14-debug:ioqueue_select.obj
 0001:000391c0       _pj_ntohs                  0043a1c0 f   pjlib-i386-win32-vc14-debug:sock_bsd.obj
 0001:000391d0       _pj_htons                  0043a1d0 f   pjlib-i386-win32-vc14-debug:sock_bsd.obj
 0001:000391e0       _pj_ntohl                  0043a1e0 f   pjlib-i386-win32-vc14-debug:sock_bsd.obj
 0001:000391f0       _pj_htonl                  0043a1f0 f   pjlib-i386-win32-vc14-debug:sock_bsd.obj
 0001:00039200       _pj_inet_ntoa              0043a200 f   pjlib-i386-win32-vc14-debug:sock_bsd.obj
 0001:00039230       _pj_inet_aton              0043a230 f   pjlib-i386-win32-vc14-debug:sock_bsd.obj
 0001:00039310       _pj_inet_pton              0043a310 f   pjlib-i386-win32-vc14-debug:sock_bsd.obj
 0001:000394f0       _pj_inet_ntop              0043a4f0 f   pjlib-i386-win32-vc14-debug:sock_bsd.obj
 0001:000396b0       _pj_gethostname            0043a6b0 f   pjlib-i386-win32-vc14-debug:sock_bsd.obj
 0001:00039730       _pj_sock_socket            0043a730 f   pjlib-i386-win32-vc14-debug:sock_bsd.obj
 0001:00039840       _pj_sock_close             0043a840 f   pjlib-i386-win32-vc14-debug:sock_bsd.obj
 0001:000398c0       _pj_sock_bind              0043a8c0 f   pjlib-i386-win32-vc14-debug:sock_bsd.obj
 0001:00039970       _pj_sock_bind_in           0043a970 f   pjlib-i386-win32-vc14-debug:sock_bsd.obj
 0001:000399f0       _pj_sock_listen            0043a9f0 f   pjlib-i386-win32-vc14-debug:sock_bsd.obj
 0001:00039a70       _pj_sock_accept            0043aa70 f   pjlib-i386-win32-vc14-debug:sock_bsd.obj
 0001:00039b20       _pj_sock_connect           0043ab20 f   pjlib-i386-win32-vc14-debug:sock_bsd.obj
 0001:00039ba0       _pj_sock_getpeername       0043aba0 f   pjlib-i386-win32-vc14-debug:sock_bsd.obj
 0001:00039c20       _pj_sock_getsockname       0043ac20 f   pjlib-i386-win32-vc14-debug:sock_bsd.obj
 0001:00039ca0       _pj_sock_getsockopt        0043aca0 f   pjlib-i386-win32-vc14-debug:sock_bsd.obj
 0001:00039d60       _pj_sock_setsockopt        0043ad60 f   pjlib-i386-win32-vc14-debug:sock_bsd.obj
 0001:00039e10       _pj_sock_setsockopt_params 0043ae10 f   pjlib-i386-win32-vc14-debug:sock_bsd.obj
 0001:00039f20       _pj_sock_recv              0043af20 f   pjlib-i386-win32-vc14-debug:sock_bsd.obj
 0001:00039fe0       _pj_sock_recvfrom          0043afe0 f   pjlib-i386-win32-vc14-debug:sock_bsd.obj
 0001:0003a0b0       _pj_sock_send              0043b0b0 f   pjlib-i386-win32-vc14-debug:sock_bsd.obj
 0001:0003a170       _pj_sock_sendto            0043b170 f   pjlib-i386-win32-vc14-debug:sock_bsd.obj
 0001:0003a230       _pj_sock_shutdown          0043b230 f   pjlib-i386-win32-vc14-debug:sock_bsd.obj
 0001:0003a740       _pj_file_exists            0043b740 f   pjlib-i386-win32-vc14-debug:file_access_win32.obj
 0001:0003a7b0       _pj_file_size              0043b7b0 f   pjlib-i386-win32-vc14-debug:file_access_win32.obj
 0001:0003a840       _pj_file_delete            0043b840 f   pjlib-i386-win32-vc14-debug:file_access_win32.obj
 0001:0003a8d0       _pj_file_move              0043b8d0 f   pjlib-i386-win32-vc14-debug:file_access_win32.obj
 0001:0003a970       _pj_file_getstat           0043b970 f   pjlib-i386-win32-vc14-debug:file_access_win32.obj
 0001:0003af20       _pj_file_open              0043bf20 f   pjlib-i386-win32-vc14-debug:file_io_win32.obj
 0001:0003b0f0       _pj_file_close             0043c0f0 f   pjlib-i386-win32-vc14-debug:file_io_win32.obj
 0001:0003b150       _pj_file_write             0043c150 f   pjlib-i386-win32-vc14-debug:file_io_win32.obj
 0001:0003b1d0       _pj_file_read              0043c1d0 f   pjlib-i386-win32-vc14-debug:file_io_win32.obj
 0001:0003b250       _pj_file_setpos            0043c250 f   pjlib-i386-win32-vc14-debug:file_io_win32.obj
 0001:0003b320       _pj_file_getpos            0043c320 f   pjlib-i386-win32-vc14-debug:file_io_win32.obj
 0001:0003b390       _pj_file_flush             0043c390 f   pjlib-i386-win32-vc14-debug:file_io_win32.obj
 0001:0003b610       _pj_array_insert           0043c610 f   pjlib-i386-win32-vc14-debug:array.obj
 0001:0003b670       _pj_array_erase            0043c670 f   pjlib-i386-win32-vc14-debug:array.obj
 0001:0003b6d0       _pj_array_find             0043c6d0 f   pjlib-i386-win32-vc14-debug:array.obj
 0001:0003b7a0       _pj_exception_id_alloc     0043c7a0 f   pjlib-i386-win32-vc14-debug:except.obj
 0001:0003b800       _pj_exception_id_free      0043c800 f   pjlib-i386-win32-vc14-debug:except.obj
 0001:0003b860       _pj_exception_id_name      0043c860 f   pjlib-i386-win32-vc14-debug:except.obj
 0001:0003b8e0       _pj_throw_exception_       0043c8e0 f   pjlib-i386-win32-vc14-debug:except.obj
 0001:0003b960       _pj_push_exception_handler_ 0043c960 f   pjlib-i386-win32-vc14-debug:except.obj
 0001:0003b9e0       _pj_pop_exception_handler_ 0043c9e0 f   pjlib-i386-win32-vc14-debug:except.obj
 0001:0003bb30       _pj_lock_create_simple_mutex 0043cb30 f   pjlib-i386-win32-vc14-debug:lock.obj
 0001:0003bb50       _pj_lock_create_recursive_mutex 0043cb50 f   pjlib-i386-win32-vc14-debug:lock.obj
 0001:0003bb70       _pj_lock_create_null_mutex 0043cb70 f   pjlib-i386-win32-vc14-debug:lock.obj
 0001:0003bbb0       _pj_lock_create_semaphore  0043cbb0 f   pjlib-i386-win32-vc14-debug:lock.obj
 0001:0003bc70       _pj_lock_acquire           0043cc70 f   pjlib-i386-win32-vc14-debug:lock.obj
 0001:0003bcc0       _pj_lock_tryacquire        0043ccc0 f   pjlib-i386-win32-vc14-debug:lock.obj
 0001:0003bd10       _pj_lock_release           0043cd10 f   pjlib-i386-win32-vc14-debug:lock.obj
 0001:0003bd60       _pj_lock_destroy           0043cd60 f   pjlib-i386-win32-vc14-debug:lock.obj
 0001:0003bdb0       _pj_grp_lock_config_default 0043cdb0 f   pjlib-i386-win32-vc14-debug:lock.obj
 0001:0003bdd0       _pj_grp_lock_create        0043cdd0 f   pjlib-i386-win32-vc14-debug:lock.obj
 0001:0003bf50       _pj_grp_lock_create_w_handler 0043cf50 f   pjlib-i386-win32-vc14-debug:lock.obj
 0001:0003bfa0       _pj_grp_lock_destroy       0043cfa0 f   pjlib-i386-win32-vc14-debug:lock.obj
 0001:0003bfc0       _pj_grp_lock_replace       0043cfc0 f   pjlib-i386-win32-vc14-debug:lock.obj
 0001:0003c050       _pj_grp_lock_acquire       0043d050 f   pjlib-i386-win32-vc14-debug:lock.obj
 0001:0003c070       _pj_grp_lock_tryacquire    0043d070 f   pjlib-i386-win32-vc14-debug:lock.obj
 0001:0003c090       _pj_grp_lock_release       0043d090 f   pjlib-i386-win32-vc14-debug:lock.obj
 0001:0003c0b0       _pj_grp_lock_add_handler   0043d0b0 f   pjlib-i386-win32-vc14-debug:lock.obj
 0001:0003c0d0       _pj_grp_lock_del_handler   0043d0d0 f   pjlib-i386-win32-vc14-debug:lock.obj
 0001:0003c140       _pj_grp_lock_add_ref       0043d140 f   pjlib-i386-win32-vc14-debug:lock.obj
 0001:0003c160       _pj_grp_lock_dec_ref       0043d160 f   pjlib-i386-win32-vc14-debug:lock.obj
 0001:0003c180       _pj_grp_lock_get_ref       0043d180 f   pjlib-i386-win32-vc14-debug:lock.obj
 0001:0003c1a0       _pj_grp_lock_dump          0043d1a0 f   pjlib-i386-win32-vc14-debug:lock.obj
 0001:0003c1e0       _pj_grp_lock_chain_lock    0043d1e0 f   pjlib-i386-win32-vc14-debug:lock.obj
 0001:0003c2a0       _pj_grp_lock_unchain_lock  0043d2a0 f   pjlib-i386-win32-vc14-debug:lock.obj
 0001:0003cca0       _pj_get_timestamp          0043dca0 f   pjlib-i386-win32-vc14-debug:os_timestamp_win32.obj
 0001:0003cd10       _pj_get_timestamp_freq     0043dd10 f   pjlib-i386-win32-vc14-debug:os_timestamp_win32.obj
 0001:0003cdb0       _pj_gettickcount           0043ddb0 f   pjlib-i386-win32-vc14-debug:os_timestamp_common.obj
 0001:0003ce00       _pj_elapsed_time           0043de00 f   pjlib-i386-win32-vc14-debug:os_timestamp_common.obj
 0001:0003ceb0       _pj_elapsed_msec           0043deb0 f   pjlib-i386-win32-vc14-debug:os_timestamp_common.obj
 0001:0003cee0       _pj_elapsed_msec64         0043dee0 f   pjlib-i386-win32-vc14-debug:os_timestamp_common.obj
 0001:0003cf10       _pj_elapsed_usec           0043df10 f   pjlib-i386-win32-vc14-debug:os_timestamp_common.obj
 0001:0003cf40       _pj_elapsed_nanosec        0043df40 f   pjlib-i386-win32-vc14-debug:os_timestamp_common.obj
 0001:0003cfd0       _pj_elapsed_cycle          0043dfd0 f   pjlib-i386-win32-vc14-debug:os_timestamp_common.obj
 0001:0003d230       _pj_srand                  0043e230 f   pjlib-i386-win32-vc14-debug:rand.obj
 0001:0003d250       _pj_rand                   0043e250 f   pjlib-i386-win32-vc14-debug:rand.obj
 0001:0003d2b0       _pj_GUID_STRING_LENGTH     0043e2b0 f   pjlib-i386-win32-vc14-debug:guid_win32.obj
 0001:0003d2c0       _pj_generate_unique_string 0043e2c0 f   pjlib-i386-win32-vc14-debug:guid_win32.obj
 0001:0003d450       _pj_get_version            0043e450 f   pjlib-i386-win32-vc14-debug:config.obj
 0001:0003d460       _pj_dump_config            0043e460 f   pjlib-i386-win32-vc14-debug:config.obj
 0001:0003da80       _pj_pool_create_on_buf     0043ea80 f   pjlib-i386-win32-vc14-debug:pool_buf.obj
 0001:0003dcb0       _pj_log_write              0043ecb0 f   pjlib-i386-win32-vc14-debug:log_writer_stdout.obj
 0001:0003ddd0       _pj_enum_ip_interface      0043edd0 f   pjlib-i386-win32-vc14-debug:ip_helper_win32.obj
 0001:0003dee0       _pj_enum_ip_interface2     0043eee0 f   pjlib-i386-win32-vc14-debug:ip_helper_win32.obj
 0001:0003df40       _pj_enum_ip_route          0043ef40 f   pjlib-i386-win32-vc14-debug:ip_helper_win32.obj
 0001:0003ed20       _pj_gethostbyname          0043fd20 f   pjlib-i386-win32-vc14-debug:addr_resolv_sock.obj
 0001:0003ee40       _pj_getaddrinfo            0043fe40 f   pjlib-i386-win32-vc14-debug:addr_resolv_sock.obj
 0001:0003f0f0       _pj_time_val_normalize     004400f0 f   pjlib-i386-win32-vc14-debug:types.obj
 0001:0003f210       _PJ_FD_ZERO                00440210 f   pjlib-i386-win32-vc14-debug:sock_select.obj
 0001:0003f250       _PJ_FD_COUNT               00440250 f   pjlib-i386-win32-vc14-debug:sock_select.obj
 0001:0003f270       _PJ_FD_SET                 00440270 f   pjlib-i386-win32-vc14-debug:sock_select.obj
 0001:0003f360       _PJ_FD_CLR                 00440360 f   pjlib-i386-win32-vc14-debug:sock_select.obj
 0001:0003f460       _PJ_FD_ISSET               00440460 f   pjlib-i386-win32-vc14-debug:sock_select.obj
 0001:0003f4a0       _pj_sock_select            004404a0 f   pjlib-i386-win32-vc14-debug:sock_select.obj
 0001:0003f640       _speex_echo_state_init     00440640 f   libspeex-i386-win32-vc14-debug:mdf.obj
 0001:0003f660       _speex_echo_state_init_mc  00440660 f   libspeex-i386-win32-vc14-debug:mdf.obj
 0001:0003fd30       _speex_echo_state_destroy  00440d30 f   libspeex-i386-win32-vc14-debug:mdf.obj
 0001:0003ff00       _speex_echo_cancellation   00440f00 f   libspeex-i386-win32-vc14-debug:mdf.obj
 0001:00041c50       _speex_echo_cancel         00442c50 f   libspeex-i386-win32-vc14-debug:mdf.obj
 0001:00041c70       _speex_echo_capture        00442c70 f   libspeex-i386-win32-vc14-debug:mdf.obj
 0001:00041dc0       _speex_echo_playback       00442dc0 f   libspeex-i386-win32-vc14-debug:mdf.obj
 0001:00041f30       _speex_echo_state_reset    00442f30 f   libspeex-i386-win32-vc14-debug:mdf.obj
 0001:00042270       _speex_echo_ctl            00443270 f   libspeex-i386-win32-vc14-debug:mdf.obj
 0001:00042500       _speex_echo_get_residual   00443500 f   libspeex-i386-win32-vc14-debug:mdf.obj
 0001:00043c70       _speex_decorrelate_new     00444c70 f   libspeex-i386-win32-vc14-debug:scal.obj
 0001:00043e90       _speex_decorrelate         00444e90 f   libspeex-i386-win32-vc14-debug:scal.obj
 0001:000444f0       _speex_decorrelate_destroy 004454f0 f   libspeex-i386-win32-vc14-debug:scal.obj
 0001:000448c0       _speex_preprocess_state_init 004458c0 f   libspeex-i386-win32-vc14-debug:preprocess.obj
 0001:00045020       _speex_preprocess_state_destroy 00446020 f   libspeex-i386-win32-vc14-debug:preprocess.obj
 0001:000451c0       _speex_preprocess_run      004461c0 f   libspeex-i386-win32-vc14-debug:preprocess.obj
 0001:00046490       _speex_preprocess          00447490 f   libspeex-i386-win32-vc14-debug:preprocess.obj
 0001:000464b0       _speex_preprocess_estimate_update 004474b0 f   libspeex-i386-win32-vc14-debug:preprocess.obj
 0001:00046670       _speex_preprocess_ctl      00447670 f   libspeex-i386-win32-vc14-debug:preprocess.obj
 0001:00048990       _spx_fft_init              00449990 f   libspeex-i386-win32-vc14-debug:fftwrap.obj
 0001:000489c0       _spx_fft_destroy           004499c0 f   libspeex-i386-win32-vc14-debug:fftwrap.obj
 0001:000489e0       _spx_fft                   004499e0 f   libspeex-i386-win32-vc14-debug:fftwrap.obj
 0001:00048ae0       _spx_ifft                  00449ae0 f   libspeex-i386-win32-vc14-debug:fftwrap.obj
 0001:00048b60       _spx_fft_float             00449b60 f   libspeex-i386-win32-vc14-debug:fftwrap.obj
 0001:00048b80       _spx_ifft_float            00449b80 f   libspeex-i386-win32-vc14-debug:fftwrap.obj
 0001:00048c30       _filterbank_new            00449c30 f   libspeex-i386-win32-vc14-debug:filterbank.obj
 0001:00049050       _filterbank_destroy        0044a050 f   libspeex-i386-win32-vc14-debug:filterbank.obj
 0001:000490b0       _filterbank_compute_bank32 0044a0b0 f   libspeex-i386-win32-vc14-debug:filterbank.obj
 0001:00049190       _filterbank_compute_psd16  0044a190 f   libspeex-i386-win32-vc14-debug:filterbank.obj
 0001:00049230       _filterbank_compute_bank   0044a230 f   libspeex-i386-win32-vc14-debug:filterbank.obj
 0001:00049350       _filterbank_compute_psd    0044a350 f   libspeex-i386-win32-vc14-debug:filterbank.obj
 0001:00049430       _filterbank_psy_smooth     0044a430 f   libspeex-i386-win32-vc14-debug:filterbank.obj
 0001:000497b0       _spx_drft_forward          0044a7b0 f   libspeex-i386-win32-vc14-debug:smallft.obj
 0001:000497f0       _spx_drft_backward         0044a7f0 f   libspeex-i386-win32-vc14-debug:smallft.obj
 0001:00049830       _spx_drft_init             0044a830 f   libspeex-i386-win32-vc14-debug:smallft.obj
 0001:00049880       _spx_drft_clear            0044a880 f   libspeex-i386-win32-vc14-debug:smallft.obj
 0001:0004e630       _srtp_init                 0044f630 f   libsrtp-i386-win32-vc14-debug:srtp.obj
 0001:0004e670       _srtp_shutdown             0044f670 f   libsrtp-i386-win32-vc14-debug:srtp.obj
 0001:0004e690       _srtp_protect              0044f690 f   libsrtp-i386-win32-vc14-debug:srtp.obj
 0001:0004e6b0       _srtp_protect_mki          0044f6b0 f   libsrtp-i386-win32-vc14-debug:srtp.obj
 0001:0004ee70       _srtp_unprotect            0044fe70 f   libsrtp-i386-win32-vc14-debug:srtp.obj
 0001:0004ee90       _srtp_unprotect_mki        0044fe90 f   libsrtp-i386-win32-vc14-debug:srtp.obj
 0001:0004f6e0       _srtp_create               004506e0 f   libsrtp-i386-win32-vc14-debug:srtp.obj
 0001:0004f790       _srtp_add_stream           00450790 f   libsrtp-i386-win32-vc14-debug:srtp.obj
 0001:0004f8b0       _srtp_remove_stream        004508b0 f   libsrtp-i386-win32-vc14-debug:srtp.obj
 0001:0004f950       _srtp_update               00450950 f   libsrtp-i386-win32-vc14-debug:srtp.obj
 0001:0004f9b0       _srtp_update_stream        004509b0 f   libsrtp-i386-win32-vc14-debug:srtp.obj
 0001:0004fa30       _srtp_crypto_policy_set_rtp_default 00450a30 f   libsrtp-i386-win32-vc14-debug:srtp.obj
 0001:0004fa70       _srtp_crypto_policy_set_rtcp_default 00450a70 f   libsrtp-i386-win32-vc14-debug:srtp.obj
 0001:0004fab0       _srtp_crypto_policy_set_aes_cm_128_hmac_sha1_32 00450ab0 f   libsrtp-i386-win32-vc14-debug:srtp.obj
 0001:0004faf0       _srtp_crypto_policy_set_aes_cm_128_null_auth 00450af0 f   libsrtp-i386-win32-vc14-debug:srtp.obj
 0001:0004fb30       _srtp_crypto_policy_set_null_cipher_hmac_sha1_80 00450b30 f   libsrtp-i386-win32-vc14-debug:srtp.obj
 0001:0004fb70       _srtp_crypto_policy_set_null_cipher_hmac_null 00450b70 f   libsrtp-i386-win32-vc14-debug:srtp.obj
 0001:0004fbb0       _srtp_crypto_policy_set_aes_cm_256_hmac_sha1_80 00450bb0 f   libsrtp-i386-win32-vc14-debug:srtp.obj
 0001:0004fbf0       _srtp_crypto_policy_set_aes_cm_256_hmac_sha1_32 00450bf0 f   libsrtp-i386-win32-vc14-debug:srtp.obj
 0001:0004fc30       _srtp_crypto_policy_set_aes_cm_256_null_auth 00450c30 f   libsrtp-i386-win32-vc14-debug:srtp.obj
 0001:0004fc70       _srtp_dealloc              00450c70 f   libsrtp-i386-win32-vc14-debug:srtp.obj
 0001:0004fcf0       _srtp_crypto_policy_set_from_profile_for_rtp 00450cf0 f   libsrtp-i386-win32-vc14-debug:srtp.obj
 0001:0004fd50       _srtp_crypto_policy_set_from_profile_for_rtcp 00450d50 f   libsrtp-i386-win32-vc14-debug:srtp.obj
 0001:0004fdb0       _srtp_profile_get_master_key_length 00450db0 f   libsrtp-i386-win32-vc14-debug:srtp.obj
 0001:0004fe30       _srtp_profile_get_master_salt_length 00450e30 f   libsrtp-i386-win32-vc14-debug:srtp.obj
 0001:0004feb0       _srtp_append_salt_to_key   00450eb0 f   libsrtp-i386-win32-vc14-debug:srtp.obj
 0001:0004fed0       _srtp_protect_rtcp         00450ed0 f   libsrtp-i386-win32-vc14-debug:srtp.obj
 0001:0004fef0       _srtp_protect_rtcp_mki     00450ef0 f   libsrtp-i386-win32-vc14-debug:srtp.obj
 0001:000503e0       _srtp_unprotect_rtcp       004513e0 f   libsrtp-i386-win32-vc14-debug:srtp.obj
 0001:00050400       _srtp_unprotect_rtcp_mki   00451400 f   libsrtp-i386-win32-vc14-debug:srtp.obj
 0001:00050ab0       _srtp_set_user_data        00451ab0 f   libsrtp-i386-win32-vc14-debug:srtp.obj
 0001:00050ac0       _srtp_get_user_data        00451ac0 f   libsrtp-i386-win32-vc14-debug:srtp.obj
 0001:00050ad0       _srtp_install_event_handler 00451ad0 f   libsrtp-i386-win32-vc14-debug:srtp.obj
 0001:00050ae0       _srtp_get_version_string   00451ae0 f   libsrtp-i386-win32-vc14-debug:srtp.obj
 0001:00050af0       _srtp_get_version          00451af0 f   libsrtp-i386-win32-vc14-debug:srtp.obj
 0001:00050b80       _srtp_set_debug_module     00451b80 f   libsrtp-i386-win32-vc14-debug:srtp.obj
 0001:00050ba0       _srtp_list_debug_modules   00451ba0 f   libsrtp-i386-win32-vc14-debug:srtp.obj
 0001:00050bb0       _srtp_install_log_handler  00451bb0 f   libsrtp-i386-win32-vc14-debug:srtp.obj
 0001:00050c00       _srtp_get_protect_trailer_length 00451c00 f   libsrtp-i386-win32-vc14-debug:srtp.obj
 0001:00050cc0       _srtp_get_protect_rtcp_trailer_length 00451cc0 f   libsrtp-i386-win32-vc14-debug:srtp.obj
 0001:00050d90       _srtp_set_stream_roc       00451d90 f   libsrtp-i386-win32-vc14-debug:srtp.obj
 0001:00050dd0       _srtp_get_stream_roc       00451dd0 f   libsrtp-i386-win32-vc14-debug:srtp.obj
 0001:00050e70       _srtp_get_stream           00451e70 f   libsrtp-i386-win32-vc14-debug:srtp.obj
 0001:00050eb0       _srtp_stream_init_keys     00451eb0 f   libsrtp-i386-win32-vc14-debug:srtp.obj
 0001:00051ae0       _srtp_stream_init          00452ae0 f   libsrtp-i386-win32-vc14-debug:srtp.obj
 0001:00051e80       _srtp_stream_alloc         00452e80 f   libsrtp-i386-win32-vc14-debug:srtp.obj
 0001:00052250       _srtp_stream_dealloc       00453250 f   libsrtp-i386-win32-vc14-debug:srtp.obj
 0001:000524e0       _srtp_stream_clone         004534e0 f   libsrtp-i386-win32-vc14-debug:srtp.obj
 0001:000529e0       _srtp_validate_policy_master_keys 004539e0 f   libsrtp-i386-win32-vc14-debug:srtp.obj
 0001:00052a70       _srtp_get_session_keys_with_mki_index 00453a70 f   libsrtp-i386-win32-vc14-debug:srtp.obj
 0001:00052aa0       _srtp_inject_mki           00453aa0 f   libsrtp-i386-win32-vc14-debug:srtp.obj
 0001:00052ae0       _srtp_stream_init_all_master_keys 00453ae0 f   libsrtp-i386-win32-vc14-debug:srtp.obj
 0001:00052b90       _srtp_event_reporter       00453b90 f   libsrtp-i386-win32-vc14-debug:srtp.obj
 0001:000531e0       _srtp_get_session_keys     004541e0 f   libsrtp-i386-win32-vc14-debug:srtp.obj
 0001:000547c0       _srtp_err_handler          004557c0 f   libsrtp-i386-win32-vc14-debug:srtp.obj
 0001:000560c0       ___local_stdio_scanf_options 004570c0 f i libsrtp-i386-win32-vc14-debug:srtp.obj
 0001:000560d0       __vsscanf_l                004570d0 f i libsrtp-i386-win32-vc14-debug:srtp.obj
 0001:00056110       _sscanf                    00457110 f i libsrtp-i386-win32-vc14-debug:srtp.obj
 0001:00056150       _srtp_crypto_alloc         00457150 f   libsrtp-i386-win32-vc14-debug:alloc.obj
 0001:000561c0       _srtp_crypto_free          004571c0 f   libsrtp-i386-win32-vc14-debug:alloc.obj
 0001:00056220       _octet_get_weight          00457220 f   libsrtp-i386-win32-vc14-debug:datatypes.obj
 0001:00056230       _srtp_octet_string_hex_string 00457230 f   libsrtp-i386-win32-vc14-debug:datatypes.obj
 0001:000562e0       _v128_bit_string           004572e0 f   libsrtp-i386-win32-vc14-debug:datatypes.obj
 0001:00056380       _v128_hex_string           00457380 f   libsrtp-i386-win32-vc14-debug:datatypes.obj
 0001:00056420       _v128_copy_octet_string    00457420 f   libsrtp-i386-win32-vc14-debug:datatypes.obj
 0001:000565f0       _v128_left_shift           004575f0 f   libsrtp-i386-win32-vc14-debug:datatypes.obj
 0001:00056750       _v128_right_shift          00457750 f   libsrtp-i386-win32-vc14-debug:datatypes.obj
 0001:000568b0       _octet_string_is_eq        004578b0 f   libsrtp-i386-win32-vc14-debug:datatypes.obj
 0001:00056920       _srtp_cleanse              00457920 f   libsrtp-i386-win32-vc14-debug:datatypes.obj
 0001:00056960       _octet_string_set_to_zero  00457960 f   libsrtp-i386-win32-vc14-debug:datatypes.obj
 0001:00056980       _bitvector_alloc           00457980 f   libsrtp-i386-win32-vc14-debug:datatypes.obj
 0001:00056a00       _bitvector_dealloc         00457a00 f   libsrtp-i386-win32-vc14-debug:datatypes.obj
 0001:00056a30       _bitvector_set_to_zero     00457a30 f   libsrtp-i386-win32-vc14-debug:datatypes.obj
 0001:00056a50       _bitvector_left_shift      00457a50 f   libsrtp-i386-win32-vc14-debug:datatypes.obj
 0001:00056b90       _bitvector_bit_string      00457b90 f   libsrtp-i386-win32-vc14-debug:datatypes.obj
 0001:00056c30       _srtp_nibble_to_hex_char   00457c30 f   libsrtp-i386-win32-vc14-debug:datatypes.obj
 0001:00056f40       _srtp_err_reporting_init   00457f40 f   libsrtp-i386-win32-vc14-debug:srtp_err.obj
 0001:00056f50       _srtp_install_err_report_handler 00457f50 f   libsrtp-i386-win32-vc14-debug:srtp_err.obj
 0001:00056f60       _srtp_err_report           00457f60 f   libsrtp-i386-win32-vc14-debug:srtp_err.obj
 0001:00056fa0       _srtp_err_reporting_set_level 00457fa0 f   libsrtp-i386-win32-vc14-debug:srtp_err.obj
 0001:00056fd0       _srtp_rdbx_init            00457fd0 f   libsrtp-i386-win32-vc14-debug:rdbx.obj
 0001:00057010       _srtp_rdbx_dealloc         00458010 f   libsrtp-i386-win32-vc14-debug:rdbx.obj
 0001:00057030       _srtp_rdbx_estimate_index  00458030 f   libsrtp-i386-win32-vc14-debug:rdbx.obj
 0001:00057090       _srtp_rdbx_check           00458090 f   libsrtp-i386-win32-vc14-debug:rdbx.obj
 0001:00057100       _srtp_rdbx_add_index       00458100 f   libsrtp-i386-win32-vc14-debug:rdbx.obj
 0001:000571c0       _srtp_rdbx_set_roc         004581c0 f   libsrtp-i386-win32-vc14-debug:rdbx.obj
 0001:00057250       _srtp_rdbx_get_packet_index 00458250 f   libsrtp-i386-win32-vc14-debug:rdbx.obj
 0001:00057260       _srtp_rdbx_get_window_size 00458260 f   libsrtp-i386-win32-vc14-debug:rdbx.obj
 0001:00057270       _srtp_index_init           00458270 f   libsrtp-i386-win32-vc14-debug:rdbx.obj
 0001:00057290       _srtp_index_advance        00458290 f   libsrtp-i386-win32-vc14-debug:rdbx.obj
 0001:000572b0       _srtp_index_guess          004582b0 f   libsrtp-i386-win32-vc14-debug:rdbx.obj
 0001:000573c0       _srtp_rdbx_get_roc         004583c0 f   libsrtp-i386-win32-vc14-debug:rdbx.obj
 0001:000573e0       _srtp_rdbx_set_roc_seq     004583e0 f   libsrtp-i386-win32-vc14-debug:rdbx.obj
 0001:00057590       _srtp_rdb_init             00458590 f   libsrtp-i386-win32-vc14-debug:rdb.obj
 0001:000575f0       _srtp_rdb_check            004585f0 f   libsrtp-i386-win32-vc14-debug:rdb.obj
 0001:00057650       _srtp_rdb_add_index        00458650 f   libsrtp-i386-win32-vc14-debug:rdb.obj
 0001:000576f0       _srtp_rdb_increment        004586f0 f   libsrtp-i386-win32-vc14-debug:rdb.obj
 0001:00057720       _srtp_rdb_get_value        00458720 f   libsrtp-i386-win32-vc14-debug:rdb.obj
 0001:00057790       _srtp_cipher_get_key_length 00458790 f   libsrtp-i386-win32-vc14-debug:cipher.obj
 0001:000577a0       _srtp_cipher_type_self_test 004587a0 f   libsrtp-i386-win32-vc14-debug:cipher.obj
 0001:000577c0       _srtp_cipher_type_test     004587c0 f   libsrtp-i386-win32-vc14-debug:cipher.obj
 0001:00058870       _srtp_cipher_bits_per_second 00459870 f   libsrtp-i386-win32-vc14-debug:cipher.obj
 0001:000589e0       _srtp_cipher_type_alloc    004599e0 f   libsrtp-i386-win32-vc14-debug:cipher.obj
 0001:00058a10       _srtp_cipher_dealloc       00459a10 f   libsrtp-i386-win32-vc14-debug:cipher.obj
 0001:00058a40       _srtp_cipher_init          00459a40 f   libsrtp-i386-win32-vc14-debug:cipher.obj
 0001:00058a80       _srtp_cipher_set_iv        00459a80 f   libsrtp-i386-win32-vc14-debug:cipher.obj
 0001:00058ac0       _srtp_cipher_output        00459ac0 f   libsrtp-i386-win32-vc14-debug:cipher.obj
 0001:00058b00       _srtp_cipher_encrypt       00459b00 f   libsrtp-i386-win32-vc14-debug:cipher.obj
 0001:00058b40       _srtp_cipher_decrypt       00459b40 f   libsrtp-i386-win32-vc14-debug:cipher.obj
 0001:00058b80       _srtp_cipher_get_tag       00459b80 f   libsrtp-i386-win32-vc14-debug:cipher.obj
 0001:00058be0       _srtp_cipher_set_aad       00459be0 f   libsrtp-i386-win32-vc14-debug:cipher.obj
 0001:000591c0       _srtp_auth_get_key_length  0045a1c0 f   libsrtp-i386-win32-vc14-debug:auth.obj
 0001:000591d0       _srtp_auth_get_tag_length  0045a1d0 f   libsrtp-i386-win32-vc14-debug:auth.obj
 0001:000591e0       _srtp_auth_get_prefix_length 0045a1e0 f   libsrtp-i386-win32-vc14-debug:auth.obj
 0001:000591f0       _srtp_auth_type_self_test  0045a1f0 f   libsrtp-i386-win32-vc14-debug:auth.obj
 0001:00059210       _srtp_auth_type_test       0045a210 f   libsrtp-i386-win32-vc14-debug:auth.obj
 0001:000595f0       _srtp_key_limit_set        0045a5f0 f   libsrtp-i386-win32-vc14-debug:key.obj
 0001:00059630       _srtp_key_limit_clone      0045a630 f   libsrtp-i386-win32-vc14-debug:key.obj
 0001:00059650       _srtp_key_limit_check      0045a650 f   libsrtp-i386-win32-vc14-debug:key.obj
 0001:00059670       _srtp_key_limit_update     0045a670 f   libsrtp-i386-win32-vc14-debug:key.obj
 0001:00059730       _srtp_replace_cipher_type  0045a730 f   libsrtp-i386-win32-vc14-debug:crypto_kernel.obj
 0001:00059750       _srtp_replace_auth_type    0045a750 f   libsrtp-i386-win32-vc14-debug:crypto_kernel.obj
 0001:00059770       _srtp_crypto_kernel_init   0045a770 f   libsrtp-i386-win32-vc14-debug:crypto_kernel.obj
 0001:00059910       _srtp_crypto_kernel_shutdown 0045a910 f   libsrtp-i386-win32-vc14-debug:crypto_kernel.obj
 0001:00059a30       _srtp_crypto_kernel_status 0045aa30 f   libsrtp-i386-win32-vc14-debug:crypto_kernel.obj
 0001:00059b50       _srtp_crypto_kernel_list_debug_modules 0045ab50 f   libsrtp-i386-win32-vc14-debug:crypto_kernel.obj
 0001:00059bd0       _srtp_crypto_kernel_load_cipher_type 0045abd0 f   libsrtp-i386-win32-vc14-debug:crypto_kernel.obj
 0001:00059bf0       _srtp_crypto_kernel_load_auth_type 0045abf0 f   libsrtp-i386-win32-vc14-debug:crypto_kernel.obj
 0001:00059c10       _srtp_crypto_kernel_load_debug_module 0045ac10 f   libsrtp-i386-win32-vc14-debug:crypto_kernel.obj
 0001:00059ca0       _srtp_crypto_kernel_alloc_cipher 0045aca0 f   libsrtp-i386-win32-vc14-debug:crypto_kernel.obj
 0001:00059cf0       _srtp_crypto_kernel_alloc_auth 0045acf0 f   libsrtp-i386-win32-vc14-debug:crypto_kernel.obj
[...]
 0003:0001f4d8       ?disableFlags@UnDecorator@@0KA 005674d8     libvcruntimed:undname.obj
 0003:0001f4dc       ?fExplicitTemplateParams@UnDecorator@@0_NA 005674dc     libvcruntimed:undname.obj
 0003:0001f4dd       ?fGetTemplateArgumentList@UnDecorator@@0_NA 005674dd     libvcruntimed:undname.obj
 0003:0001f4e0       ?m_pGetParameter@UnDecorator@@0P6APADJ@ZA 005674e0     libvcruntimed:undname.obj
 0003:0001f568       ?nodes@?1??make@DNameStatusNode@@SAPAV2@W4DNameStatus@@@Z@4PAV2@A 00567568     libvcruntimed:undname.obj
 0003:0001f5a4       ??_B?1??make@DNameStatusNode@@SAPAV1@W4DNameStatus@@@Z@51 005675a4     libvcruntimed:undname.obj
 0003:0001f5a8       __nstream                  005675a8     libucrtd:_file.obj
 0003:0001f5ac       ___piob                    005675ac     libucrtd:_file.obj
 0003:0001f5b4       __cflush                   005675b4     libucrtd:_file.obj
 0003:000200fc       __environ_table            005680fc     libucrtd:environment_initialization.obj
 0003:00020100       __wenviron_table           00568100     libucrtd:environment_initialization.obj
 0003:00020108       ___dcrt_initial_wide_environment 00568108     libucrtd:environment_initialization.obj
 0003:0002010c       ___dcrt_initial_narrow_environment 0056810c     libucrtd:environment_initialization.obj
 0003:00020110       ___argc                    00568110     libucrtd:argv_data.obj
 0003:00020114       ___argv                    00568114     libucrtd:argv_data.obj
 0003:00020118       ___wargv                   00568118     libucrtd:argv_data.obj
 0003:0002011c       __acmdln                   0056811c     libucrtd:argv_data.obj
 0003:00020120       __wcmdln                   00568120     libucrtd:argv_data.obj
 0003:00020124       __pgmptr                   00568124     libucrtd:argv_data.obj
 0003:00020128       __wpgmptr                  00568128     libucrtd:argv_data.obj
 0003:0002012c       ___acrt_locale_changed_data 0056812c     libucrtd:wsetlocale.obj
 0003:00020134       __commode                  00568134     libucrtd:ncommode.obj
 0003:00020138       ___acrt_atexit_table       00568138     libucrtd:onexit.obj
 0003:00020148       ___acrt_at_quick_exit_table 00568148     libucrtd:onexit.obj
 0003:00020174       __pfnDumpClient            00568174     libucrtd:debug_heap.obj
 0003:00020288       ___pioinfo                 00568288     libucrtd:ioinit.obj
 0003:000204f0       __nhandle                  005684f0     libucrtd:ioinit.obj
 0003:000204f4       ___acrt_stdout_buffer      005684f4     libucrtd:_sftbuf.obj
 0003:000204f8       ___acrt_stderr_buffer      005684f8     libucrtd:_sftbuf.obj
 0003:00020500       ___acrt_current_locale_data 00568500     libucrtd:nlsdata.obj
 0003:00020520       ___fastflag                00568520     libucrtd:fp_flags.obj
 0003:000206a4       ___mbcodepage              005686a4     libucrtd:mbctype.obj
 0003:000206a8       ___ismbcodepage            005686a8     libucrtd:mbctype.obj
 0003:000206ac       ___mbulinfo                005686ac     libucrtd:mbctype.obj
 0003:000206c0       ___mblocalename            005686c0     libucrtd:mbctype.obj
 0003:000206c8       __fmode                    005686c8     libucrtd:txtmode.obj
 0003:000206cc       ___acrt_lconv_static_null  005686cc     libucrtd:localeconv.obj
 0003:000206d0       ___acrt_lconv_static_W_null 005686d0     libucrtd:localeconv.obj
 0003:000206d4       ___acrt_heap               005686d4     libucrtd:heap_handle.obj
 0003:000206dc       __pReportHookListW         005686dc     libucrtd:dbgrptt.obj
 0003:000206e0       __pfnReportHook            005686e0     libucrtd:dbgrptt.obj
 0003:000206e4       __pReportHookList          005686e4     libucrtd:dbgrptt.obj
 0003:000206ec       ?g_OutOfMemoryExceptionCallback@@3P6GPAXXZA 005686ec     libvcruntimed:frame.obj
 0003:000206f0       ?_OptionsStorage@?1??__local_stdio_printf_options@@9@9 005686f0     <common>
 0003:00020704       _PJ_NO_MEMORY_EXCEPTION    00568704     <common>
 0003:00020720       _bit_string                00568720     <common>
 0003:00020bf8       ?_OptionsStorage@?1??__local_stdio_scanf_options@@9@9 00568bf8     <common>
 0003:00020c0c       ___scrt_ucrt_dll_is_in_use 00568c0c     <common>
 0003:00020c18       ___dyn_tls_dtor_callback   00568c18     <common>
 0003:00020c24       ___dyn_tls_init_callback   00568c24     <common>
 0003:00020c30       __setjmpexused             00568c30     <common>
 0003:00020c3c       __pmatherr                 00568c3c     <common>
 0003:00020c48       ___use_sse2_mathfcns       00568c48     <common>
 0004:00000000       __imp__SetConsoleTextAttribute@8 00569000     kernel32:KERNEL32.dll
 0004:00000004       __imp__ReadConsoleW@20     00569004     kernel32:KERNEL32.dll
 0004:00000008       __imp__SetFilePointerEx@20 00569008     kernel32:KERNEL32.dll
 0004:0000000c       __imp__GetConsoleMode@8    0056900c     kernel32:KERNEL32.dll
 0004:00000010       __imp__GetConsoleCP@0      00569010     kernel32:KERNEL32.dll
 0004:00000014       __imp__HeapQueryInformation@20 00569014     kernel32:KERNEL32.dll
 0004:00000018       __imp__HeapSize@12         00569018     kernel32:KERNEL32.dll
 0004:0000001c       __imp__HeapReAlloc@16      0056901c     kernel32:KERNEL32.dll
 0004:00000020       __imp__HeapFree@12         00569020     kernel32:KERNEL32.dll
 0004:00000024       __imp__GetProcessHeap@0    00569024     kernel32:KERNEL32.dll
 0004:00000028       __imp__SetStdHandle@8      00569028     kernel32:KERNEL32.dll
 0004:0000002c       __imp__SetEnvironmentVariableW@8 0056902c     kernel32:KERNEL32.dll
 0004:00000030       __imp__SetEnvironmentVariableA@8 00569030     kernel32:KERNEL32.dll
 0004:00000034       __imp__FreeEnvironmentStringsW@4 00569034     kernel32:KERNEL32.dll
 0004:00000038       __imp__GetEnvironmentStringsW@0 00569038     kernel32:KERNEL32.dll
 0004:0000003c       __imp__GetCPInfo@8         0056903c     kernel32:KERNEL32.dll
 0004:00000040       __imp__GetOEMCP@0          00569040     kernel32:KERNEL32.dll
 0004:00000044       __imp__IsValidCodePage@4   00569044     kernel32:KERNEL32.dll
 0004:00000048       __imp__FindNextFileW@8     00569048     kernel32:KERNEL32.dll
 0004:0000004c       __imp__FindNextFileA@8     0056904c     kernel32:KERNEL32.dll
 0004:00000050       __imp__FindFirstFileExW@24 00569050     kernel32:KERNEL32.dll
 0004:00000054       __imp__FindFirstFileExA@24 00569054     kernel32:KERNEL32.dll
 0004:00000058       __imp__FindClose@4         00569058     kernel32:KERNEL32.dll
 0004:0000005c       __imp__DecodePointer@4     0056905c     kernel32:KERNEL32.dll
 0004:00000060       __imp__EncodePointer@4     00569060     kernel32:KERNEL32.dll
 0004:00000064       __imp__SetConsoleCtrlHandler@8 00569064     kernel32:KERNEL32.dll
 0004:00000068       __imp__WaitForSingleObjectEx@12 00569068     kernel32:KERNEL32.dll
 0004:0000006c       __imp__OutputDebugStringW@4 0056906c     kernel32:KERNEL32.dll
 0004:00000070       __imp__OutputDebugStringA@4 00569070     kernel32:KERNEL32.dll
 0004:00000074       __imp__GetStringTypeW@16   00569074     kernel32:KERNEL32.dll
 0004:00000078       __imp__EnumSystemLocalesW@8 00569078     kernel32:KERNEL32.dll
 0004:0000007c       __imp__GetUserDefaultLCID@0 0056907c     kernel32:KERNEL32.dll
 0004:00000080       __imp__IsValidLocale@8     00569080     kernel32:KERNEL32.dll
 0004:00000084       __imp__GetLocaleInfoW@16   00569084     kernel32:KERNEL32.dll
 0004:00000088       __imp__LCMapStringW@24     00569088     kernel32:KERNEL32.dll
 0004:0000008c       __imp__CompareStringW@24   0056908c     kernel32:KERNEL32.dll
 0004:00000090       __imp__GetTimeFormatW@24   00569090     kernel32:KERNEL32.dll
 0004:00000094       __imp__GetDateFormatW@24   00569094     kernel32:KERNEL32.dll
 0004:00000098       __imp__GetSystemInfo@4     00569098     kernel32:KERNEL32.dll
 0004:0000009c       __imp__HeapValidate@12     0056909c     kernel32:KERNEL32.dll
 0004:000000a0       __imp__HeapAlloc@12        005690a0     kernel32:KERNEL32.dll
 0004:000000a4       __imp__RaiseException@16   005690a4     kernel32:KERNEL32.dll
 0004:000000a8       __imp__GetACP@0            005690a8     kernel32:KERNEL32.dll
 0004:000000ac       __imp__GetCommandLineW@0   005690ac     kernel32:KERNEL32.dll
 0004:000000b0       __imp__GetCommandLineA@0   005690b0     kernel32:KERNEL32.dll
 0004:000000b4       __imp__WideCharToMultiByte@32 005690b4     kernel32:KERNEL32.dll
 0004:000000b8       __imp__MultiByteToWideChar@24 005690b8     kernel32:KERNEL32.dll
 0004:000000bc       __imp__ExitProcess@4       005690bc     kernel32:KERNEL32.dll
 0004:000000c0       __imp__WriteConsoleW@20    005690c0     kernel32:KERNEL32.dll
 0004:000000c4       __imp__GetModuleHandleExW@12 005690c4     kernel32:KERNEL32.dll
 0004:000000c8       __imp__GetModuleFileNameW@12 005690c8     kernel32:KERNEL32.dll
 0004:000000cc       __imp__GetModuleFileNameA@12 005690cc     kernel32:KERNEL32.dll
 0004:000000d0       __imp__GetFileType@4       005690d0     kernel32:KERNEL32.dll
 0004:000000d4       __imp__LoadLibraryExW@12   005690d4     kernel32:KERNEL32.dll
 0004:000000d8       __imp__InitializeCriticalSectionAndSpinCount@8 005690d8     kernel32:KERNEL32.dll
 0004:000000dc       __imp__RtlUnwind@16        005690dc     kernel32:KERNEL32.dll
 0004:000000e0       __imp__InterlockedFlushSList@4 005690e0     kernel32:KERNEL32.dll
 0004:000000e4       __imp__InterlockedPushEntrySList@8 005690e4     kernel32:KERNEL32.dll
 0004:000000e8       __imp__GetModuleHandleW@4  005690e8     kernel32:KERNEL32.dll
 0004:000000ec       __imp__GetStartupInfoW@4   005690ec     kernel32:KERNEL32.dll
 0004:000000f0       __imp__CloseHandle@4       005690f0     kernel32:KERNEL32.dll
 0004:000000f4       __imp__SetEvent@4          005690f4     kernel32:KERNEL32.dll
 0004:000000f8       __imp__CreateEventA@16     005690f8     kernel32:KERNEL32.dll
 0004:000000fc       __imp__GetCurrentThread@0  005690fc     kernel32:KERNEL32.dll
 0004:00000100       __imp__SetThreadPriority@8 00569100     kernel32:KERNEL32.dll
 0004:00000104       __imp__WaitForMultipleObjects@16 00569104     kernel32:KERNEL32.dll
 0004:00000108       __imp__GetStdHandle@4      00569108     kernel32:KERNEL32.dll
 0004:0000010c       __imp__GetLastError@0      0056910c     kernel32:KERNEL32.dll
 0004:00000110       __imp__InitializeCriticalSection@4 00569110     kernel32:KERNEL32.dll
 0004:00000114       __imp__EnterCriticalSection@4 00569114     kernel32:KERNEL32.dll
 0004:00000118       __imp__LeaveCriticalSection@4 00569118     kernel32:KERNEL32.dll
 0004:0000011c       __imp__TryEnterCriticalSection@4 0056911c     kernel32:KERNEL32.dll
 0004:00000120       __imp__DeleteCriticalSection@4 00569120     kernel32:KERNEL32.dll
 0004:00000124       __imp__ResetEvent@4        00569124     kernel32:KERNEL32.dll
 0004:00000128       __imp__ReleaseSemaphore@12 00569128     kernel32:KERNEL32.dll
 0004:0000012c       __imp__WaitForSingleObject@8 0056912c     kernel32:KERNEL32.dll
 0004:00000130       __imp__Sleep@4             00569130     kernel32:KERNEL32.dll
 0004:00000134       __imp__GetCurrentProcessId@0 00569134     kernel32:KERNEL32.dll
 0004:00000138       __imp__CreateThread@24     00569138     kernel32:KERNEL32.dll
 0004:0000013c       __imp__GetCurrentThreadId@0 0056913c     kernel32:KERNEL32.dll
 0004:00000140       __imp__GetThreadPriority@4 00569140     kernel32:KERNEL32.dll
 0004:00000144       __imp__ResumeThread@4      00569144     kernel32:KERNEL32.dll
 0004:00000148       __imp__TlsAlloc@0          00569148     kernel32:KERNEL32.dll
 0004:0000014c       __imp__TlsGetValue@4       0056914c     kernel32:KERNEL32.dll
 0004:00000150       __imp__TlsSetValue@8       00569150     kernel32:KERNEL32.dll
 0004:00000154       __imp__TlsFree@4           00569154     kernel32:KERNEL32.dll
 0004:00000158       __imp__PulseEvent@4        00569158     kernel32:KERNEL32.dll
 0004:0000015c       __imp__CreateSemaphoreA@16 0056915c     kernel32:KERNEL32.dll
 0004:00000160       __imp__GetConsoleScreenBufferInfo@8 00569160     kernel32:KERNEL32.dll
 0004:00000164       __imp__CreateFileW@28      00569164     kernel32:KERNEL32.dll
 0004:00000168       __imp__SetLastError@4      00569168     kernel32:KERNEL32.dll
 0004:0000016c       __imp__FormatMessageA@28   0056916c     kernel32:KERNEL32.dll
 0004:00000170       __imp__GetLocalTime@4      00569170     kernel32:KERNEL32.dll
 0004:00000174       __imp__FileTimeToSystemTime@8 00569174     kernel32:KERNEL32.dll
 0004:00000178       __imp__SystemTimeToFileTime@8 00569178     kernel32:KERNEL32.dll
 0004:0000017c       __imp__CreateFileA@28      0056917c     kernel32:KERNEL32.dll
 0004:00000180       __imp__DeleteFileA@4       00569180     kernel32:KERNEL32.dll
 0004:00000184       __imp__FileTimeToLocalFileTime@8 00569184     kernel32:KERNEL32.dll
 0004:00000188       __imp__GetFileSize@8       00569188     kernel32:KERNEL32.dll
 0004:0000018c       __imp__GetFileTime@16      0056918c     kernel32:KERNEL32.dll
 0004:00000190       __imp__MoveFileExA@12      00569190     kernel32:KERNEL32.dll
 0004:00000194       __imp__FlushFileBuffers@4  00569194     kernel32:KERNEL32.dll
 0004:00000198       __imp__ReadFile@20         00569198     kernel32:KERNEL32.dll
 0004:0000019c       __imp__SetFilePointer@16   0056919c     kernel32:KERNEL32.dll
 0004:000001a0       __imp__WriteFile@20        005691a0     kernel32:KERNEL32.dll
 0004:000001a4       __imp__QueryPerformanceCounter@4 005691a4     kernel32:KERNEL32.dll
 0004:000001a8       __imp__QueryPerformanceFrequency@4 005691a8     kernel32:KERNEL32.dll
 0004:000001ac       __imp__FreeLibrary@4       005691ac     kernel32:KERNEL32.dll
 0004:000001b0       __imp__GetProcAddress@8    005691b0     kernel32:KERNEL32.dll
 0004:000001b4       __imp__LoadLibraryA@4      005691b4     kernel32:KERNEL32.dll
 0004:000001b8       __imp__UnhandledExceptionFilter@4 005691b8     kernel32:KERNEL32.dll
 0004:000001bc       __imp__SetUnhandledExceptionFilter@4 005691bc     kernel32:KERNEL32.dll
 0004:000001c0       __imp__GetCurrentProcess@0 005691c0     kernel32:KERNEL32.dll
 0004:000001c4       __imp__TerminateProcess@8  005691c4     kernel32:KERNEL32.dll
 0004:000001c8       __imp__IsProcessorFeaturePresent@4 005691c8     kernel32:KERNEL32.dll
 0004:000001cc       __imp__GetSystemTimeAsFileTime@4 005691cc     kernel32:KERNEL32.dll
 0004:000001d0       __imp__InitializeSListHead@4 005691d0     kernel32:KERNEL32.dll
 0004:000001d4       __imp__IsDebuggerPresent@0 005691d4     kernel32:KERNEL32.dll
 0004:000001d8       \177KERNEL32_NULL_THUNK_DATA 005691d8     kernel32:KERNEL32.dll
 0004:00000260       __imp__waveInReset@4       00569260     winmm:WINMM.dll
 0004:00000264       __imp__waveInStop@4        00569264     winmm:WINMM.dll
 0004:00000268       __imp__waveInStart@4       00569268     winmm:WINMM.dll
 0004:0000026c       __imp__waveInAddBuffer@12  0056926c     winmm:WINMM.dll
 0004:00000270       __imp__waveInUnprepareHeader@12 00569270     winmm:WINMM.dll
 0004:00000274       __imp__waveInPrepareHeader@12 00569274     winmm:WINMM.dll
 0004:00000278       __imp__waveInClose@4       00569278     winmm:WINMM.dll
 0004:0000027c       __imp__waveInOpen@24       0056927c     winmm:WINMM.dll
 0004:00000280       __imp__waveInGetDevCapsA@12 00569280     winmm:WINMM.dll
 0004:00000284       __imp__waveInGetNumDevs@0  00569284     winmm:WINMM.dll
 0004:00000288       __imp__waveOutReset@4      00569288     winmm:WINMM.dll
 0004:0000028c       __imp__waveOutRestart@4    0056928c     winmm:WINMM.dll
 0004:00000290       __imp__waveOutPause@4      00569290     winmm:WINMM.dll
 0004:00000294       __imp__waveOutWrite@12     00569294     winmm:WINMM.dll
 0004:00000298       __imp__waveOutUnprepareHeader@12 00569298     winmm:WINMM.dll
 0004:0000029c       __imp__waveOutPrepareHeader@12 0056929c     winmm:WINMM.dll
 0004:000002a0       __imp__waveOutClose@4      005692a0     winmm:WINMM.dll
 0004:000002a4       __imp__waveOutOpen@24      005692a4     winmm:WINMM.dll
 0004:000002a8       __imp__waveOutSetVolume@8  005692a8     winmm:WINMM.dll
 0004:000002ac       __imp__waveOutGetVolume@8  005692ac     winmm:WINMM.dll
 0004:000002b0       __imp__waveOutGetDevCapsA@12 005692b0     winmm:WINMM.dll
 0004:000002b4       __imp__waveOutGetNumDevs@0 005692b4     winmm:WINMM.dll
 0004:000002b8       __imp__waveInGetErrorTextA@12 005692b8     winmm:WINMM.dll
 0004:000002bc       __imp__waveOutGetErrorTextA@12 005692bc     winmm:WINMM.dll
 0004:000002c0       \177WINMM_NULL_THUNK_DATA  005692c0     winmm:WINMM.dll
 0004:000002fc       __imp__select@20           005692fc     ws2_32:WS2_32.dll
 0004:00000300       __imp____WSAFDIsSet@8      00569300     ws2_32:WS2_32.dll
 0004:00000304       __imp__gethostbyname@4     00569304     ws2_32:WS2_32.dll
 0004:00000308       __imp__WSAStringToAddressA@20 00569308     ws2_32:WS2_32.dll
 0004:0000030c       __imp__WSAAddressToStringA@20 0056930c     ws2_32:WS2_32.dll
 0004:00000310       __imp__WSASocketA@24       00569310     ws2_32:WS2_32.dll
 0004:00000314       __imp__WSAIoctl@36         00569314     ws2_32:WS2_32.dll
 0004:00000318       __imp__gethostname@8       00569318     ws2_32:WS2_32.dll
 0004:0000031c       __imp__shutdown@8          0056931c     ws2_32:WS2_32.dll
 0004:00000320       __imp__setsockopt@20       00569320     ws2_32:WS2_32.dll
 0004:00000324       __imp__sendto@24           00569324     ws2_32:WS2_32.dll
 0004:00000328       __imp__send@16             00569328     ws2_32:WS2_32.dll
 0004:0000032c       __imp__recvfrom@24         0056932c     ws2_32:WS2_32.dll
 0004:00000330       __imp__recv@16             00569330     ws2_32:WS2_32.dll
 0004:00000334       __imp__ntohs@4             00569334     ws2_32:WS2_32.dll
 0004:00000338       __imp__ntohl@4             00569338     ws2_32:WS2_32.dll
 0004:0000033c       __imp__listen@8            0056933c     ws2_32:WS2_32.dll
 0004:00000340       __imp__inet_ntoa@4         00569340     ws2_32:WS2_32.dll
 0004:00000344       __imp__inet_addr@4         00569344     ws2_32:WS2_32.dll
 0004:00000348       __imp__htons@4             00569348     ws2_32:WS2_32.dll
 0004:0000034c       __imp__htonl@4             0056934c     ws2_32:WS2_32.dll
 0004:00000350       __imp__getsockopt@20       00569350     ws2_32:WS2_32.dll
 0004:00000354       __imp__getsockname@12      00569354     ws2_32:WS2_32.dll
 0004:00000358       __imp__getpeername@12      00569358     ws2_32:WS2_32.dll
 0004:0000035c       __imp__connect@12          0056935c     ws2_32:WS2_32.dll
 0004:00000360       __imp__closesocket@4       00569360     ws2_32:WS2_32.dll
 0004:00000364       __imp__bind@12             00569364     ws2_32:WS2_32.dll
 0004:00000368       __imp__accept@12           00569368     ws2_32:WS2_32.dll
 0004:0000036c       __imp__ioctlsocket@12      0056936c     ws2_32:WS2_32.dll
 0004:00000370       __imp__WSASetLastError@4   00569370     ws2_32:WS2_32.dll
 0004:00000374       __imp__WSAGetLastError@0   00569374     ws2_32:WS2_32.dll
 0004:00000378       __imp__WSACleanup@0        00569378     ws2_32:WS2_32.dll
 0004:0000037c       __imp__WSAStartup@8        0056937c     ws2_32:WS2_32.dll
 0004:00000380       \177WS2_32_NULL_THUNK_DATA 00569380     ws2_32:WS2_32.dll
 0004:000003c4       __imp__CoCreateGuid@4      005693c4     ole32:ole32.dll
 0004:000003c8       \177ole32_NULL_THUNK_DATA  005693c8     ole32:ole32.dll
 0004:000003f4       __IMPORT_DESCRIPTOR_ole32  005693f4     ole32:ole32.dll
 0004:00000408       __IMPORT_DESCRIPTOR_WS2_32 00569408     ws2_32:WS2_32.dll
 0004:0000041c       __IMPORT_DESCRIPTOR_WINMM  0056941c     winmm:WINMM.dll
 0004:00000430       __IMPORT_DESCRIPTOR_KERNEL32 00569430     kernel32:KERNEL32.dll
 0004:00000444       __NULL_IMPORT_DESCRIPTOR   00569444     ole32:ole32.dll
 0006:00000000       ___guard_check_icall_fptr  0056c000     LIBCMTD:guard_support.obj
