 vid_streamutil

 Timestamp is 5e8f84cc (Thu Apr  9 16:25:48 2020)

 Preferred load address is 00400000

 Start         Length     Name                   Class
 0001:00000000 0008e920H .text$mn                CODE
 0001:0008e920 000010e8H .text$x                 CODE
 0002:00000000 00000104H .CRT$XCA                DATA
 0002:00000104 00000104H .CRT$XCAA               DATA
 0002:00000208 00000104H .CRT$XCZ                DATA
 0002:0000030c 00000104H .CRT$XIA                DATA
 0002:00000410 00000104H .CRT$XIAA               DATA
 0002:00000514 00000104H .CRT$XIAC               DATA
 0002:00000618 00000110H .CRT$XIC                DATA
 0002:00000728 00000104H .CRT$XIZ                DATA
 0002:0000082c 00000104H .CRT$XPA                DATA
 0002:00000930 0000010cH .CRT$XPX                DATA
 0002:00000a3c 00000104H .CRT$XPXA               DATA
 0002:00000b40 00000104H .CRT$XPZ                DATA
 0002:00000c44 00000104H .CRT$XTA                DATA
 0002:00000d48 00000108H .CRT$XTZ                DATA
 0002:00000e50 0001fe40H .rdata                  DATA
 0002:00020c90 00000450H .rdata$r                DATA
 0002:000210e0 0000012cH .rdata$sxdata           DATA
 0002:0002120c 000001bcH .rdata$zzzdbg           DATA
 0002:000213c8 00000104H .rtc$IAA                DATA
 0002:000214cc 00000104H .rtc$IZZ                DATA
 0002:000215d0 00000104H .rtc$TAA                DATA
 0002:000216d4 00000104H .rtc$TZZ                DATA
 0002:000217d8 00000e08H .xdata$x                DATA
 0002:000225e0 00000000H .edata                  DATA
 0003:00000000 00001eb8H .data                   DATA
 0003:00001eb8 00000248H .data$r                 DATA
 0003:00002100 00001720H .bss                    DATA
 0004:00000000 000001ccH .idata$5                DATA
 0004:000001cc 00000014H .idata$2                DATA
 0004:000001e0 00000014H .idata$3                DATA
 0004:000001f4 000001ccH .idata$4                DATA
 0004:000003c0 0000082aH .idata$6                DATA
 0005:00000000 00000208H .gfids$x                DATA
 0005:00000208 000001d6H .gfids$y                DATA
 0006:00000000 00000104H .00cfg                  DATA

  Address         Publics by Value              Rva+Base       Lib:Object

 0000:00000000       ___guard_fids_count        00000000     <absolute>
 0000:00000000       ___guard_longjmp_table     00000000     <absolute>
 0000:00000000       ___guard_iat_count         00000000     <absolute>
 0000:00000000       ___dynamic_value_reloc_table 00000000     <absolute>
 0000:00000000       ___guard_fids_table        00000000     <absolute>
 0000:00000000       ___guard_iat_table         00000000     <absolute>
 0000:00000000       ___guard_longjmp_count     00000000     <absolute>
 0000:00000000       __except_list              00000000     <absolute>
 0000:00000009       ___safe_se_handler_count   00000009     <absolute>
 0000:00000100       ___guard_flags             00000100     <absolute>
 0000:00000000       ___ImageBase               00400000     <linker-defined>
 0001:00005e20       _main                      00406e20 f   vid_streamutil.obj
 0001:00006210       ?configure_argv@__scrt_narrow_argv_policy@@SAHXZ 00407210 f i LIBCMTD:exe_main.obj
 0001:00006230       ?get_app_type@__scrt_main_policy@@SA?AW4_crt_app_type@@XZ 00407230 f i LIBCMTD:exe_main.obj
 0001:00006280       _mainCRTStartup            00407280 f   LIBCMTD:exe_main.obj
 0001:00006290       ??$__crt_fast_decode_pointer@PAP6AXXZ@@YAPAP6AXXZQAP6AXXZ@Z 00407290 f i LIBCMTD:utility.obj
 0001:000062c0       ??$__crt_fast_encode_pointer@PAP6AXXZ@@YAPAP6AXXZQAP6AXXZ@Z 004072c0 f i LIBCMTD:utility.obj
 0001:00006300       ?__crt_rotate_pointer_value@@YAIIH@Z 00407300 f i LIBCMTD:utility.obj
 0001:00006450       _NtCurrentTeb              00407450 f i LIBCMTD:utility.obj
 0001:00006460       ___scrt_acquire_startup_lock 00407460 f   LIBCMTD:utility.obj
 0001:000064c0       ___scrt_dllmain_after_initialize_c 004074c0 f   LIBCMTD:utility.obj
 0001:00006500       ___scrt_dllmain_before_initialize_c 00407500 f   LIBCMTD:utility.obj
 0001:00006530       ___scrt_dllmain_crt_thread_attach 00407530 f   LIBCMTD:utility.obj
 0001:00006570       ___scrt_dllmain_crt_thread_detach 00407570 f   LIBCMTD:utility.obj
 0001:00006590       ___scrt_dllmain_exception_filter 00407590 f   LIBCMTD:utility.obj
 0001:000065f0       ___scrt_dllmain_uninitialize_c 004075f0 f   LIBCMTD:utility.obj
 0001:00006630       ___scrt_dllmain_uninitialize_critical 00407630 f   LIBCMTD:utility.obj
 0001:00006650       ___scrt_initialize_crt     00407650 f   LIBCMTD:utility.obj
 0001:000066b0       ___scrt_initialize_onexit_tables 004076b0 f   LIBCMTD:utility.obj
 0001:000067b0       ___scrt_is_nonwritable_in_current_image 004077b0 f   LIBCMTD:utility.obj
 0001:00006930       ___scrt_release_startup_lock 00407930 f   LIBCMTD:utility.obj
 0001:00006960       ___scrt_uninitialize_crt   00407960 f   LIBCMTD:utility.obj
 0001:000069b0       __onexit                   004079b0 f   LIBCMTD:utility.obj
 0001:00006a40       _at_quick_exit             00407a40 f   LIBCMTD:utility.obj
 0001:00006aa0       _atexit                    00407aa0 f   LIBCMTD:utility.obj
 0001:00006ae0       ___security_init_cookie    00407ae0 f   LIBCMTD:gs_support.obj
 0001:00006c00       __matherr                  00407c00 f   LIBCMTD:matherr.obj
 0001:00006c10       __get_startup_argv_mode    00407c10 f   LIBCMTD:argv_mode.obj
 0001:00006c20       __get_startup_commit_mode  00407c20 f   LIBCMTD:commit_mode.obj
 0001:00006c30       __get_startup_file_mode    00407c30 f   LIBCMTD:file_mode.obj
 0001:00006c40       __get_startup_new_mode     00407c40 f   LIBCMTD:new_mode.obj
 0001:00006c50       __get_startup_thread_locale_mode 00407c50 f   LIBCMTD:thread_locale.obj
 0001:00006c60       ?__scrt_initialize_type_info@@YAXXZ 00407c60 f   LIBCMTD:tncleanup.obj
 0001:00006c80       ?__scrt_uninitialize_type_info@@YAXXZ 00407c80 f   LIBCMTD:tncleanup.obj
 0001:00006ca0       __should_initialize_environment 00407ca0 f   LIBCMTD:env_mode.obj
 0001:00006cb0       __initialize_default_precision 00407cb0 f   LIBCMTD:default_precision.obj
 0001:00006ce0       __initialize_invalid_parameter_handler 00407ce0 f   LIBCMTD:invalid_parameter_handler.obj
 0001:00006cf0       __initialize_denormal_control 00407cf0 f   LIBCMTD:denormal_control.obj
 0001:00006d00       ___local_stdio_printf_options 00407d00 f i LIBCMTD:default_local_stdio_options.obj
 0001:00006d10       ___local_stdio_scanf_options 00407d10 f i LIBCMTD:default_local_stdio_options.obj
 0001:00006d20       ___scrt_initialize_default_local_stdio_options 00407d20 f   LIBCMTD:default_local_stdio_options.obj
 0001:00006d70       ___scrt_is_user_matherr_present 00407d70 f   LIBCMTD:matherr_detection.obj
 0001:00006da0       ___scrt_get_dyn_tls_init_callback 00407da0 f   LIBCMTD:dyn_tls_init.obj
 0001:00006db0       ___scrt_get_dyn_tls_dtor_callback 00407db0 f   LIBCMTD:dyn_tls_dtor.obj
 0001:00006dc0       ___scrt_fastfail           00407dc0 f   LIBCMTD:utility_desktop.obj
 0001:00006f50       ___scrt_get_show_window_mode 00407f50 f   LIBCMTD:utility_desktop.obj
 0001:00006fa0       ___scrt_initialize_winrt   00407fa0 f   LIBCMTD:utility_desktop.obj
 0001:00006fb0       ___scrt_is_managed_app     00407fb0 f   LIBCMTD:utility_desktop.obj
 0001:00007060       ___scrt_set_unhandled_exception_filter 00408060 f   LIBCMTD:utility_desktop.obj
 0001:00007080       ___scrt_unhandled_exception_filter@4 00408080 f   LIBCMTD:utility_desktop.obj
 0001:00007100       __crt_debugger_hook        00408100 f   LIBCMTD:utility_desktop.obj
 0001:00007120       __RTC_Initialize           00408120 f   LIBCMTD:_initsect_.obj
 0001:00007160       __RTC_Terminate            00408160 f   LIBCMTD:_initsect_.obj
 0001:000071a0       @_guard_check_icall@4      004081a0 f i LIBCMTD:checkcfg.obj
 0001:000071c0       ___isa_available_init      004081c0 f   LIBCMTD:_cpu_disp_.obj
 0001:00007550       ___scrt_is_ucrt_dll_in_use 00408550 f   LIBCMTD:ucrt_detection.obj
 0001:00007580       @_guard_check_icall_nop@4  00408580 f i LIBCMTD:guard_support.obj
 0001:00007590       __guard_icall_checks_enforced 00408590 f i LIBCMTD:guard_support.obj
 0001:000075c0       @__security_check_cookie@4 004085c0 f   LIBCMTD:_secchk_.obj
 0001:000075e0       ___raise_securityfailure   004085e0 f   LIBCMTD:gs_report.obj
 0001:00007620       ___report_gsfailure        00408620 f   LIBCMTD:gs_report.obj
 0001:00007770       ___report_rangecheckfailure 00408770 f   LIBCMTD:gs_report.obj
 0001:00007780       ___report_securityfailure  00408780 f   LIBCMTD:gs_report.obj
 0001:00007890       ___report_securityfailureEx 00408890 f   LIBCMTD:gs_report.obj
 0001:000079fe       _QueryPerformanceCounter@4 004089fe f   kernel32:KERNEL32.dll
 0001:00007a04       _GetCurrentProcessId@0     00408a04 f   kernel32:KERNEL32.dll
 0001:00007a0a       _GetCurrentThreadId@0      00408a0a f   kernel32:KERNEL32.dll
 0001:00007a10       _GetSystemTimeAsFileTime@4 00408a10 f   kernel32:KERNEL32.dll
 0001:00007a16       _InitializeSListHead@4     00408a16 f   kernel32:KERNEL32.dll
 0001:00007a1c       _IsDebuggerPresent@0       00408a1c f   kernel32:KERNEL32.dll
 0001:00007a22       _UnhandledExceptionFilter@4 00408a22 f   kernel32:KERNEL32.dll
 0001:00007a28       _SetUnhandledExceptionFilter@4 00408a28 f   kernel32:KERNEL32.dll
 0001:00007a2e       _GetStartupInfoW@4         00408a2e f   kernel32:KERNEL32.dll
 0001:00007a34       _IsProcessorFeaturePresent@4 00408a34 f   kernel32:KERNEL32.dll
 0001:00007a3a       _GetModuleHandleW@4        00408a3a f   kernel32:KERNEL32.dll
 0001:00007a40       _GetCurrentProcess@0       00408a40 f   kernel32:KERNEL32.dll
 0001:00007a46       _TerminateProcess@8        00408a46 f   kernel32:KERNEL32.dll
 0001:00007ad0       __except_handler4          00408ad0 f   libvcruntimed:_chandler4_.obj
 0001:00007d20       ___vcrt_initialize         00408d20 f   libvcruntimed:initialization.obj
 0001:00007d70       ___vcrt_thread_attach      00408d70 f   libvcruntimed:initialization.obj
 0001:00007d90       ___vcrt_thread_detach      00408d90 f   libvcruntimed:initialization.obj
 0001:00007db0       ___vcrt_uninitialize       00408db0 f   libvcruntimed:initialization.obj
 0001:00007de0       ___vcrt_uninitialize_critical 00408de0 f   libvcruntimed:initialization.obj
 0001:00007e40       ??$?RD@__crt_internal_free_policy@@QBEXQBD@Z 00408e40 f i libvcruntimed:std_type_info.obj
 0001:00007e70       ??$?RX@__crt_internal_free_policy@@QBEXQBX@Z 00408e70 f i libvcruntimed:std_type_info.obj
 0001:00007ea0       ??$__crt_interlocked_compare_exchange_pointer@$$CBD$$T$$T@@YAPBDPDSBD$$T1@Z 00408ea0 f i libvcruntimed:std_type_info.obj
 0001:00007ec0       ??$__crt_interlocked_compare_exchange_pointer@$$CBDPAD$$T@@YAPBDPDSBDQAD$$T@Z 00408ec0 f i libvcruntimed:std_type_info.obj
 0001:00007ee0       ??$__crt_interlocked_read_pointer@$$CBD@@YAPBDPDSBD@Z 00408ee0 f i libvcruntimed:std_type_info.obj
 0001:00007f00       ??0?$__crt_unique_heap_ptr@DU__crt_internal_free_policy@@@@QAE@QAD@Z 00408f00 f i libvcruntimed:std_type_info.obj
 0001:00007f20       ??0?$__crt_unique_heap_ptr@XU__crt_internal_free_policy@@@@QAE@QAX@Z 00408f20 f i libvcruntimed:std_type_info.obj
 0001:00007f40       ??1?$__crt_unique_heap_ptr@DU__crt_internal_free_policy@@@@QAE@XZ 00408f40 f i libvcruntimed:std_type_info.obj
 0001:00007f60       ??1?$__crt_unique_heap_ptr@XU__crt_internal_free_policy@@@@QAE@XZ 00408f60 f i libvcruntimed:std_type_info.obj
 0001:00007fc0       ??B?$__crt_unique_heap_ptr@DU__crt_internal_free_policy@@@@QBE_NXZ 00408fc0 f i libvcruntimed:std_type_info.obj
 0001:00007fe0       ??B?$__crt_unique_heap_ptr@XU__crt_internal_free_policy@@@@QBE_NXZ 00408fe0 f i libvcruntimed:std_type_info.obj
 0001:00008060       ?detach@?$__crt_unique_heap_ptr@XU__crt_internal_free_policy@@@@QAEPAXXZ 00409060 f i libvcruntimed:std_type_info.obj
 0001:00008090       ?get@?$__crt_unique_heap_ptr@DU__crt_internal_free_policy@@@@QBEPADXZ 00409090 f i libvcruntimed:std_type_info.obj
 0001:000080b0       ?get@?$__crt_unique_heap_ptr@XU__crt_internal_free_policy@@@@QBEPAXXZ 004090b0 f i libvcruntimed:std_type_info.obj
 0001:000080d0       ?is_valid@?$__crt_unique_heap_ptr@DU__crt_internal_free_policy@@@@QBE_NXZ 004090d0 f i libvcruntimed:std_type_info.obj
 0001:00008110       ?is_valid@?$__crt_unique_heap_ptr@XU__crt_internal_free_policy@@@@QBE_NXZ 00409110 f i libvcruntimed:std_type_info.obj
 0001:00008150       ?release@?$__crt_unique_heap_ptr@DU__crt_internal_free_policy@@@@QAEXXZ 00409150 f i libvcruntimed:std_type_info.obj
 0001:00008180       ?release@?$__crt_unique_heap_ptr@XU__crt_internal_free_policy@@@@QAEXXZ 00409180 f i libvcruntimed:std_type_info.obj
 0001:000081b0       ___std_type_info_compare   004091b0 f   libvcruntimed:std_type_info.obj
 0001:000081e0       ___std_type_info_destroy_list 004091e0 f   libvcruntimed:std_type_info.obj
 0001:00008230       ___std_type_info_hash      00409230 f   libvcruntimed:std_type_info.obj
 0001:000082a0       ___std_type_info_name      004092a0 f   libvcruntimed:std_type_info.obj
 0001:000084f0       _memset                    004094f0 f   libvcruntimed:memset.obj
 0001:000086a0       __local_unwind4            004096a0 f   libvcruntimed:_exsup4_.obj
 0001:00008776       __seh_longjmp_unwind4@4    00409776 f   libvcruntimed:_exsup4_.obj
 0001:0000879e       @_EH4_CallFilterFunc@8     0040979e f   libvcruntimed:_exsup4_.obj
 0001:000087b5       @_EH4_TransferToHandler@8  004097b5 f   libvcruntimed:_exsup4_.obj
 0001:000087ce       @_EH4_GlobalUnwind2@8      004097ce f   libvcruntimed:_exsup4_.obj
 0001:000087e7       @_EH4_LocalUnwind@16       004097e7 f   libvcruntimed:_exsup4_.obj
 0001:00008860       ___except_validate_context_record 00409860 f   libvcruntimed:jbcxrval.obj
 0001:000088c0       ___except_validate_jump_buffer 004098c0 f   libvcruntimed:jbcxrval.obj
 0001:00008920       ??$?RU__vcrt_ptd@@@__crt_internal_free_policy@@QBEXQBU__vcrt_ptd@@@Z 00409920 f i libvcruntimed:per_thread_data.obj
 0001:00008950       ??0?$__crt_unique_heap_ptr@U__vcrt_ptd@@U__crt_internal_free_policy@@@@QAE@QAU__vcrt_ptd@@@Z 00409950 f i libvcruntimed:per_thread_data.obj
 0001:00008990       ??1?$__crt_unique_heap_ptr@U__vcrt_ptd@@U__crt_internal_free_policy@@@@QAE@XZ 00409990 f i libvcruntimed:per_thread_data.obj
 0001:000089d0       ??B?$__crt_unique_heap_ptr@U__vcrt_ptd@@U__crt_internal_free_policy@@@@QBE_NXZ 004099d0 f i libvcruntimed:per_thread_data.obj
 0001:000089f0       ?detach@?$__crt_unique_heap_ptr@U__vcrt_ptd@@U__crt_internal_free_policy@@@@QAEPAU__vcrt_ptd@@XZ 004099f0 f i libvcruntimed:per_thread_data.obj
 0001:00008a20       ?get@?$__crt_unique_heap_ptr@U__vcrt_ptd@@U__crt_internal_free_policy@@@@QBEPAU__vcrt_ptd@@XZ 00409a20 f i libvcruntimed:per_thread_data.obj
 0001:00008a40       ?is_valid@?$__crt_unique_heap_ptr@U__vcrt_ptd@@U__crt_internal_free_policy@@@@QBE_NXZ 00409a40 f i libvcruntimed:per_thread_data.obj
 0001:00008a80       ?release@?$__crt_unique_heap_ptr@U__vcrt_ptd@@U__crt_internal_free_policy@@@@QAEXXZ 00409a80 f i libvcruntimed:per_thread_data.obj
 0001:00008ae0       ___vcrt_freefls@4          00409ae0 f   libvcruntimed:per_thread_data.obj
 0001:00008b10       ___vcrt_freeptd            00409b10 f   libvcruntimed:per_thread_data.obj
 0001:00008b80       ___vcrt_getptd             00409b80 f   libvcruntimed:per_thread_data.obj
 0001:00008bb0       ___vcrt_getptd_noexit      00409bb0 f   libvcruntimed:per_thread_data.obj
 0001:00008d70       ___vcrt_initialize_ptd     00409d70 f   libvcruntimed:per_thread_data.obj
 0001:00008dd0       ___vcrt_uninitialize_ptd   00409dd0 f   libvcruntimed:per_thread_data.obj
 0001:00008e10       ___vcrt_initialize_locks   00409e10 f   libvcruntimed:locks.obj
 0001:00008e80       ___vcrt_lock               00409e80 f   libvcruntimed:locks.obj
 0001:00008ea0       ___vcrt_uninitialize_locks 00409ea0 f   libvcruntimed:locks.obj
 0001:00008f00       ___vcrt_unlock             00409f00 f   libvcruntimed:locks.obj
 0001:00008f20       ??$?BX@__crt_fast_encoded_nullptr_t@@QBEPAXXZ 00409f20 f i libvcruntimed:winapi_downlevel.obj
 0001:00008f40       ??$__crt_fast_decode_pointer@PAX@@YAPAXQAX@Z 00409f40 f i libvcruntimed:winapi_downlevel.obj
 0001:00008f70       ??$__crt_fast_encode_pointer@PAX@@YAPAXQAX@Z 00409f70 f i libvcruntimed:winapi_downlevel.obj
 0001:00008fb0       ??$__crt_interlocked_compare_exchange_pointer@UHINSTANCE__@@$$T$$T@@YAPAUHINSTANCE__@@PDSAU0@$$T1@Z 00409fb0 f i libvcruntimed:winapi_downlevel.obj
 0001:00008fd0       ??$__crt_interlocked_compare_exchange_pointer@X$$T$$T@@YAPAXPDSAX$$T1@Z 00409fd0 f i libvcruntimed:winapi_downlevel.obj
 0001:00008ff0       ??$__crt_interlocked_exchange_pointer@UHINSTANCE__@@PAU1@@@YAPAUHINSTANCE__@@PDSAU0@QAU0@@Z 00409ff0 f i libvcruntimed:winapi_downlevel.obj
 0001:00009000       ??$__crt_interlocked_exchange_pointer@UHINSTANCE__@@PAX@@YAPAUHINSTANCE__@@PDSAU0@QAX@Z 0040a000 f i libvcruntimed:winapi_downlevel.obj
 0001:00009010       ??$__crt_interlocked_exchange_pointer@XPAX@@YAPAXPDSAXQAX@Z 0040a010 f i libvcruntimed:winapi_downlevel.obj
 0001:00009020       ??$__crt_interlocked_read_pointer@UHINSTANCE__@@@@YAPAUHINSTANCE__@@PDSAU0@@Z 0040a020 f i libvcruntimed:winapi_downlevel.obj
 0001:00009040       ??$__crt_interlocked_read_pointer@X@@YAPAXPDSAX@Z 0040a040 f i libvcruntimed:winapi_downlevel.obj
 0001:00009060       ?__crt_fast_encode_pointer@@YA?AU__crt_fast_encoded_nullptr_t@@$$T@Z 0040a060 f i libvcruntimed:winapi_downlevel.obj
 0001:000095f0       ___vcrt_EventRegister      0040a5f0 f   libvcruntimed:winapi_downlevel.obj
 0001:00009640       ___vcrt_EventSetInformation 0040a640 f   libvcruntimed:winapi_downlevel.obj
 0001:000096a0       ___vcrt_EventUnregister    0040a6a0 f   libvcruntimed:winapi_downlevel.obj
 0001:000096f0       ___vcrt_EventWriteTransfer 0040a6f0 f   libvcruntimed:winapi_downlevel.obj
 0001:00009750       ___vcrt_FlsAlloc           0040a750 f   libvcruntimed:winapi_downlevel.obj
 0001:000097a0       ___vcrt_FlsFree            0040a7a0 f   libvcruntimed:winapi_downlevel.obj
 0001:000097f0       ___vcrt_FlsGetValue        0040a7f0 f   libvcruntimed:winapi_downlevel.obj
 0001:00009840       ___vcrt_FlsSetValue        0040a840 f   libvcruntimed:winapi_downlevel.obj
 0001:000098a0       ___vcrt_InitializeCriticalSectionEx 0040a8a0 f   libvcruntimed:winapi_downlevel.obj
 0001:00009900       ___vcrt_initialize_winapi_thunks 0040a900 f   libvcruntimed:winapi_downlevel.obj
 0001:00009980       ___vcrt_uninitialize_winapi_thunks 0040a980 f   libvcruntimed:winapi_downlevel.obj
 0001:00009a10       ??$?B$$A6AXXZ@__crt_fast_encoded_nullptr_t@@QBEP6AXXZXZ 0040aa10 f i libvcruntimed:purevirt_data.obj
 0001:00009a30       ??$__crt_fast_encode_pointer@P6AXXZ@@YAP6AXXZQ6AXXZ@Z 0040aa30 f i libvcruntimed:purevirt_data.obj
 0001:00009a70       ___vcrt_initialize_pure_virtual_call_handler 0040aa70 f   libvcruntimed:purevirt_data.obj
 0001:00009aa0       ??$__vcrt_va_start_verify_argument_type@QBD@@YAXXZ 0040aaa0 f i libvcruntimed:undname.obj
 0001:00009ab0       ??0Block@_HeapManager@@QAE@XZ 0040aab0 f i libvcruntimed:undname.obj
 0001:00009ad0       ??0DName@@QAE@AAPBDD@Z     0040aad0 f   libvcruntimed:undname.obj
 0001:00009e40       ??0DName@@QAE@ABV0@@Z      0040ae40 f i libvcruntimed:undname.obj
 0001:00009e70       ??0DName@@QAE@D@Z          0040ae70 f   libvcruntimed:undname.obj
 0001:00009f80       ??0DName@@QAE@PAV0@@Z      0040af80 f   libvcruntimed:undname.obj
 0001:0000a100       ??0DName@@QAE@PBD@Z        0040b100 f   libvcruntimed:undname.obj
 0001:0000a230       ??0DName@@QAE@W4DNameStatus@@@Z 0040b230 f   libvcruntimed:undname.obj
 0001:0000a390       ??0DName@@QAE@XZ           0040b390 f i libvcruntimed:undname.obj
 0001:0000a480       ??0DName@@QAE@_J@Z         0040b480 f   libvcruntimed:undname.obj
 0001:0000a660       ??0DName@@QAE@_K@Z         0040b660 f   libvcruntimed:undname.obj
 0001:0000a7f0       ??0DNameNode@@IAE@XZ       0040b7f0 f   libvcruntimed:undname.obj
 0001:0000a810       ??0DNameStatusNode@@AAE@W4DNameStatus@@@Z 0040b810 f   libvcruntimed:undname.obj
 0001:0000a880       ??0Replicator@@QAE@XZ      0040b880 f i libvcruntimed:undname.obj
 0001:0000a8a0       ??0UnDecorator@@QAE@PADPBDHP6APADJ@ZK@Z 0040b8a0 f i libvcruntimed:undname.obj
 0001:0000a960       ??0charNode@@QAE@D@Z       0040b960 f   libvcruntimed:undname.obj
 0001:0000a9a0       ??0pDNameNode@@QAE@PAVDName@@@Z 0040b9a0 f   libvcruntimed:undname.obj
 0001:0000aa20       ??0pairNode@@QAE@PAVDNameNode@@0@Z 0040ba20 f   libvcruntimed:undname.obj
 0001:0000aa70       ??0pcharNode@@QAE@PBDH@Z   0040ba70 f   libvcruntimed:undname.obj
 0001:0000ab30       ??2@YAPAXIAAV_HeapManager@@H@Z 0040bb30 f i libvcruntimed:undname.obj
 0001:0000ab50       ??4DName@@QAEAAV0@ABV0@@Z  0040bb50 f   libvcruntimed:undname.obj
 0001:0000ab80       ??4DName@@QAEAAV0@D@Z      0040bb80 f i libvcruntimed:undname.obj
 0001:0000ac90       ??4DName@@QAEAAV0@PAV0@@Z  0040bc90 f   libvcruntimed:undname.obj
 0001:0000ae10       ??4DName@@QAEAAV0@PBD@Z    0040be10 f   libvcruntimed:undname.obj
 0001:0000af20       ??4DName@@QAEAAV0@W4DNameStatus@@@Z 0040bf20 f   libvcruntimed:undname.obj
 0001:0000b060       ??AReplicator@@QBE?AVDName@@H@Z 0040c060 f   libvcruntimed:undname.obj
 0001:0000b0e0       ??BUnDecorator@@QAEPADXZ   0040c0e0 f i libvcruntimed:undname.obj
 0001:0000b430       ??H@YA?AVDName@@DABV0@@Z   0040c430 f i libvcruntimed:undname.obj
 0001:0000b470       ??H@YA?AVDName@@PBDABV0@@Z 0040c470 f i libvcruntimed:undname.obj
 0001:0000b4b0       ??H@YA?AVDName@@W4DNameStatus@@ABV0@@Z 0040c4b0 f i libvcruntimed:undname.obj
 0001:0000b4f0       ??HDName@@QBE?AV0@ABV0@@Z  0040c4f0 f   libvcruntimed:undname.obj
 0001:0000b540       ??HDName@@QBE?AV0@D@Z      0040c540 f   libvcruntimed:undname.obj
 0001:0000b590       ??HDName@@QBE?AV0@PAV0@@Z  0040c590 f   libvcruntimed:undname.obj
 0001:0000b5e0       ??HDName@@QBE?AV0@PBD@Z    0040c5e0 f   libvcruntimed:undname.obj
 0001:0000b630       ??HDName@@QBE?AV0@W4DNameStatus@@@Z 0040c630 f   libvcruntimed:undname.obj
 0001:0000b680       ??YDName@@QAEAAV0@ABV0@@Z  0040c680 f   libvcruntimed:undname.obj
 0001:0000b700       ??YDName@@QAEAAV0@D@Z      0040c700 f   libvcruntimed:undname.obj
 0001:0000b7a0       ??YDName@@QAEAAV0@PAV0@@Z  0040c7a0 f   libvcruntimed:undname.obj
 0001:0000b880       ??YDName@@QAEAAV0@PBD@Z    0040c880 f   libvcruntimed:undname.obj
 0001:0000b940       ??YDName@@QAEAAV0@W4DNameStatus@@@Z 0040c940 f   libvcruntimed:undname.obj
 0001:0000b9c0       ??YReplicator@@QAEAAV0@ABVDName@@@Z 0040c9c0 f   libvcruntimed:undname.obj
 0001:0000ba70       ??_5DName@@QAEAAV0@ABV0@@Z 0040ca70 f   libvcruntimed:undname.obj
 0001:0000bae0       ?Constructor@_HeapManager@@QAEXP6APAXI@ZP6AXPAX@Z@Z 0040cae0 f i libvcruntimed:undname.obj
 0001:0000bb30       ?Destructor@_HeapManager@@QAEXXZ 0040cb30 f i libvcruntimed:undname.obj
 0001:0000bba0       ?UScore@UnDecorator@@SAPBDW4Tokens@@@Z 0040cba0 f   libvcruntimed:undname.obj
 0001:0000bbe0       ?append@DName@@AAEXPAVDNameNode@@@Z 0040cbe0 f   libvcruntimed:undname.obj
 0001:0000bc90       ?composeDeclaration@UnDecorator@@CA?AVDName@@ABV2@@Z 0040cc90 f i libvcruntimed:undname.obj
 0001:0000e040       ?dbGetString@DName@@QBEPADXZ 0040f040 f   libvcruntimed:undname.obj
 0001:0000e070       ?doAccessSpecifiers@UnDecorator@@SAHXZ 0040f070 f i libvcruntimed:undname.obj
 0001:0000e0a0       ?doAllocationLanguage@UnDecorator@@SAHXZ 0040f0a0 f i libvcruntimed:undname.obj
 0001:0000e0d0       ?doAllocationModel@UnDecorator@@SAHXZ 0040f0d0 f i libvcruntimed:undname.obj
 0001:0000e100       ?doEcsu@UnDecorator@@SAHXZ 0040f100 f i libvcruntimed:undname.obj
 0001:0000e130       ?doEllipsis@UnDecorator@@SAHXZ 0040f130 f i libvcruntimed:undname.obj
 0001:0000e160       ?doFunctionReturns@UnDecorator@@SAHXZ 0040f160 f i libvcruntimed:undname.obj
 0001:0000e190       ?doMSKeywords@UnDecorator@@SAHXZ 0040f190 f i libvcruntimed:undname.obj
 0001:0000e1c0       ?doMemberTypes@UnDecorator@@SAHXZ 0040f1c0 f i libvcruntimed:undname.obj
 0001:0000e1f0       ?doNameOnly@UnDecorator@@SAHXZ 0040f1f0 f i libvcruntimed:undname.obj
 0001:0000e210       ?doNoIdentCharCheck@UnDecorator@@SAHXZ 0040f210 f i libvcruntimed:undname.obj
 0001:0000e230       ?doPchar@DName@@AAEXPBDH@Z 0040f230 f   libvcruntimed:undname.obj
 0001:0000e3c0       ?doPtr64@UnDecorator@@SAHXZ 0040f3c0 f i libvcruntimed:undname.obj
 0001:0000e3f0       ?doRestrictionSpec@UnDecorator@@SAHXZ 0040f3f0 f i libvcruntimed:undname.obj
 0001:0000e420       ?doThisTypes@UnDecorator@@SAHXZ 0040f420 f i libvcruntimed:undname.obj
 0001:0000e460       ?doThrowTypes@UnDecorator@@SAHXZ 0040f460 f i libvcruntimed:undname.obj
 0001:0000e490       ?doTypeOnly@UnDecorator@@SAHXZ 0040f490 f i libvcruntimed:undname.obj
 0001:0000e4b0       ?doUnderScore@UnDecorator@@SAHXZ 0040f4b0 f i libvcruntimed:undname.obj
 0001:0000e4e0       ?getArgumentList@UnDecorator@@CA?AVDName@@XZ 0040f4e0 f   libvcruntimed:undname.obj
 0001:0000e680       ?getArgumentTypes@UnDecorator@@CA?AVDName@@XZ 0040f680 f   libvcruntimed:undname.obj
 0001:0000e830       ?getArrayType@UnDecorator@@CA?AVDName@@ABV2@@Z 0040f830 f i libvcruntimed:undname.obj
 0001:0000eaf0       ?getBasedType@UnDecorator@@CA?AVDName@@XZ 0040faf0 f   libvcruntimed:undname.obj
 0001:0000ebe0       ?getBasicDataType@UnDecorator@@CA?AVDName@@ABV2@@Z 0040fbe0 f   libvcruntimed:undname.obj
 0001:0000f340       ?getCallIndex@UnDecorator@@CA?AVDName@@XZ 00410340 f i libvcruntimed:undname.obj
 0001:0000f360       ?getCallingConvention@UnDecorator@@CA?AVDName@@XZ 00410360 f   libvcruntimed:undname.obj
 0001:0000f550       ?getDataIndirectType@UnDecorator@@CA?AVDName@@ABV2@PBD0H@Z 00410550 f   libvcruntimed:undname.obj
 0001:0000ff00       ?getDataIndirectType@UnDecorator@@CA?AVDName@@XZ 00410f00 f i libvcruntimed:undname.obj
 0001:0000ff50       ?getDataType@UnDecorator@@CA?AVDName@@PAV2@@Z 00410f50 f   libvcruntimed:undname.obj
 0001:000100b0       ?getDecoratedName@UnDecorator@@CA?AVDName@@XZ 004110b0 f   libvcruntimed:undname.obj
 0001:000104a0       ?getDimension@UnDecorator@@CA?AVDName@@_N@Z 004114a0 f   libvcruntimed:undname.obj
 0001:00010800       ?getDispatchTarget@UnDecorator@@CA?AVDName@@XZ 00411800 f   libvcruntimed:undname.obj
 0001:000108c0       ?getDisplacement@UnDecorator@@CA?AVDName@@XZ 004118c0 f i libvcruntimed:undname.obj
 0001:000108e0       ?getECSUDataType@UnDecorator@@CA?AVDName@@XZ 004118e0 f   libvcruntimed:undname.obj
 0001:00010b20       ?getECSUName@UnDecorator@@CA?AVDName@@XZ 00411b20 f i libvcruntimed:undname.obj
 0001:00010b40       ?getEnumType@UnDecorator@@CA?AVDName@@XZ 00411b40 f i libvcruntimed:undname.obj
 0001:00010ce0       ?getExtendedDataIndirectType@UnDecorator@@CA?AVDName@@AAPBDAA_NH@Z 00411ce0 f   libvcruntimed:undname.obj
 0001:00010fc0       ?getExternalDataType@UnDecorator@@CA?AVDName@@ABV2@@Z 00411fc0 f i libvcruntimed:undname.obj
 0001:00011080       ?getFunctionIndirectType@UnDecorator@@CA?AVDName@@ABV2@@Z 00412080 f   libvcruntimed:undname.obj
 0001:00011630       ?getGuardNumber@UnDecorator@@CA?AVDName@@XZ 00412630 f i libvcruntimed:undname.obj
 0001:00011650       ?getLastChar@DName@@QBEDXZ 00412650 f i libvcruntimed:undname.obj
 0001:000116a0       ?getLastChar@DNameStatusNode@@UBEDXZ 004126a0 f i libvcruntimed:undname.obj
 0001:000116e0       ?getLastChar@charNode@@UBEDXZ 004126e0 f i libvcruntimed:undname.obj
 0001:00011700       ?getLastChar@pDNameNode@@UBEDXZ 00412700 f i libvcruntimed:undname.obj
 0001:00011740       ?getLastChar@pairNode@@UBEDXZ 00412740 f i libvcruntimed:undname.obj
 0001:000117c0       ?getLastChar@pcharNode@@UBEDXZ 004127c0 f i libvcruntimed:undname.obj
 0001:00011800       ?getLexicalFrame@UnDecorator@@CA?AVDName@@XZ 00412800 f i libvcruntimed:undname.obj
 0001:00011850       ?getMemory@_HeapManager@@QAEPAXIH@Z 00412850 f   libvcruntimed:undname.obj
 0001:000119b0       ?getNumberOfDimensions@UnDecorator@@CAHXZ 004129b0 f   libvcruntimed:undname.obj
 0001:00011af0       ?getOperatorName@UnDecorator@@CA?AVDName@@_NPA_N@Z 00412af0 f i libvcruntimed:undname.obj
 0001:000127b0       ?getPointerType@UnDecorator@@CA?AVDName@@ABV2@0@Z 004137b0 f i libvcruntimed:undname.obj
 0001:000127f0       ?getPointerTypeArray@UnDecorator@@CA?AVDName@@ABV2@0@Z 004137f0 f i libvcruntimed:undname.obj
 0001:00012830       ?getPrimaryDataType@UnDecorator@@CA?AVDName@@ABV2@@Z 00413830 f   libvcruntimed:undname.obj
 0001:00012d20       ?getPtrRefDataType@UnDecorator@@CA?AVDName@@ABV2@H@Z 00413d20 f   libvcruntimed:undname.obj
 0001:00012f20       ?getPtrRefType@UnDecorator@@CA?AVDName@@ABV2@0PBD@Z 00413f20 f   libvcruntimed:undname.obj
 0001:000130f0       ?getReferenceType@UnDecorator@@CA?AVDName@@ABV2@0PBD@Z 004140f0 f i libvcruntimed:undname.obj
 0001:00013120       ?getRestrictionSpec@UnDecorator@@CA?AVDName@@XZ 00414120 f   libvcruntimed:undname.obj
 0001:000132c0       ?getReturnType@UnDecorator@@CA?AVDName@@PAV2@@Z 004142c0 f   libvcruntimed:undname.obj
 0001:00013320       ?getScope@UnDecorator@@CA?AVDName@@XZ 00414320 f   libvcruntimed:undname.obj
 0001:00013950       ?getScopedName@UnDecorator@@CA?AVDName@@XZ 00414950 f   libvcruntimed:undname.obj
 0001:00013ab0       ?getSignedDimension@UnDecorator@@CA?AVDName@@XZ 00414ab0 f   libvcruntimed:undname.obj
 0001:00013b50       ?getStorageConvention@UnDecorator@@CA?AVDName@@XZ 00414b50 f i libvcruntimed:undname.obj
 0001:00013b70       ?getString@DName@@QBEPADPAD0@Z 00414b70 f i libvcruntimed:undname.obj
 0001:00013bd0       ?getString@DName@@QBEPADPADH@Z 00414bd0 f i libvcruntimed:undname.obj
 0001:00013c80       ?getString@DNameStatusNode@@UBEPADPAD0@Z 00414c80 f i libvcruntimed:undname.obj
 0001:00013cc0       ?getString@charNode@@UBEPADPAD0@Z 00414cc0 f i libvcruntimed:undname.obj
 0001:00013d00       ?getString@pDNameNode@@UBEPADPAD0@Z 00414d00 f i libvcruntimed:undname.obj
 0001:00013d50       ?getString@pairNode@@UBEPADPAD0@Z 00414d50 f i libvcruntimed:undname.obj
 0001:00013df0       ?getString@pcharNode@@UBEPADPAD0@Z 00414df0 f i libvcruntimed:undname.obj
 0001:00013e30       ?getStringEncoding@UnDecorator@@CA?AVDName@@PADH@Z 00414e30 f   libvcruntimed:undname.obj
 0001:00013f80       ?getStringHelper@@YAPADPAD00H@Z 00414f80 f i libvcruntimed:undname.obj
 0001:00013fd0       ?getSymbolName@UnDecorator@@CA?AVDName@@XZ 00414fd0 f i libvcruntimed:undname.obj
 0001:00014080       ?getTemplateArgumentList@UnDecorator@@CA?AVDName@@XZ 00415080 f   libvcruntimed:undname.obj
 0001:00014560       ?getTemplateConstant@UnDecorator@@CA?AVDName@@XZ 00415560 f   libvcruntimed:undname.obj
 0001:00014c70       ?getTemplateName@UnDecorator@@CA?AVDName@@_N@Z 00415c70 f   libvcruntimed:undname.obj
 0001:00014eb0       ?getThisType@UnDecorator@@CA?AVDName@@XZ 00415eb0 f i libvcruntimed:undname.obj
 0001:00014f00       ?getThrowTypes@UnDecorator@@CA?AVDName@@XZ 00415f00 f   libvcruntimed:undname.obj
 0001:00014fd0       ?getTypeEncoding@UnDecorator@@CAHXZ 00415fd0 f i libvcruntimed:undname.obj
 0001:00015ca0       ?getVCallThunkType@UnDecorator@@CA?AVDName@@XZ 00416ca0 f i libvcruntimed:undname.obj
 0001:00015d20       ?getVbTableType@UnDecorator@@CA?AVDName@@ABV2@@Z 00416d20 f i libvcruntimed:undname.obj
 0001:00015d40       ?getVdispMapType@UnDecorator@@CA?AVDName@@ABV2@@Z 00416d40 f i libvcruntimed:undname.obj
 0001:00015dd0       ?getVfTableType@UnDecorator@@CA?AVDName@@ABV2@@Z 00416dd0 f i libvcruntimed:undname.obj
 0001:00016000       ?getZName@UnDecorator@@CA?AVDName@@_N0@Z 00417000 f   libvcruntimed:undname.obj
 0001:00016380       ?haveTemplateParameters@UnDecorator@@SAHXZ 00417380 f i libvcruntimed:undname.obj
 0001:000163a0       ?isArray@DName@@QBEHXZ     004173a0 f i libvcruntimed:undname.obj
 0001:000163c0       ?isComArray@DName@@QBEHXZ  004173c0 f i libvcruntimed:undname.obj
 0001:000163e0       ?isEmpty@DName@@QBEHXZ     004173e0 f i libvcruntimed:undname.obj
 0001:00016420       ?isFull@Replicator@@QBEHXZ 00417420 f i libvcruntimed:undname.obj
 0001:00016460       ?isNoTE@DName@@QBEHXZ      00417460 f i libvcruntimed:undname.obj
 0001:00016480       ?isPinPtr@DName@@QBEHXZ    00417480 f i libvcruntimed:undname.obj
 0001:000164a0       ?isPtrRef@DName@@QBEHXZ    004174a0 f i libvcruntimed:undname.obj
 0001:000164c0       ?isUDC@DName@@QBEHXZ       004174c0 f i libvcruntimed:undname.obj
 0001:00016510       ?isUDTThunk@DName@@QBEHXZ  00417510 f i libvcruntimed:undname.obj
 0001:00016560       ?isVCallThunk@DName@@QBEHXZ 00417560 f i libvcruntimed:undname.obj
 0001:00016580       ?isValid@DName@@QBEHXZ     00417580 f i libvcruntimed:undname.obj
 0001:000165c0       ?length@DName@@QBEHXZ      004175c0 f i libvcruntimed:undname.obj
 0001:00016610       ?length@DNameStatusNode@@UBEHXZ 00417610 f i libvcruntimed:undname.obj
 0001:00016630       ?length@charNode@@UBEHXZ   00417630 f i libvcruntimed:undname.obj
 0001:00016650       ?length@pDNameNode@@UBEHXZ 00417650 f i libvcruntimed:undname.obj
 0001:00016690       ?length@pairNode@@UBEHXZ   00417690 f i libvcruntimed:undname.obj
 0001:00016720       ?length@pcharNode@@UBEHXZ  00417720 f i libvcruntimed:undname.obj
 0001:00016740       ?make@DNameStatusNode@@SAPAV1@W4DNameStatus@@@Z 00417740 f i libvcruntimed:undname.obj
 0001:000167d0       ?setIsArray@DName@@QAEXXZ  004177d0 f i libvcruntimed:undname.obj
 0001:00016800       ?setIsComArray@DName@@QAEXXZ 00417800 f i libvcruntimed:undname.obj
 0001:00016830       ?setIsNoTE@DName@@QAEXXZ   00417830 f i libvcruntimed:undname.obj
 0001:00016860       ?setIsPinPtr@DName@@QAEXXZ 00417860 f i libvcruntimed:undname.obj
 0001:00016890       ?setIsUDC@DName@@QAEXXZ    00417890 f i libvcruntimed:undname.obj
 0001:000168d0       ?setIsVCallThunk@DName@@QAEXXZ 004178d0 f i libvcruntimed:undname.obj
 0001:00016900       ?setPtrRef@DName@@QAEAAV1@XZ 00417900 f i libvcruntimed:undname.obj
 0001:00016930       ?status@DName@@QBE?AW4DNameStatus@@XZ 00417930 f i libvcruntimed:undname.obj
 0001:00016a50       ___unDName                 00417a50 f   libvcruntimed:undname.obj
 0001:00016b50       ___unDNameEx               00417b50 f   libvcruntimed:undname.obj
 0001:00016c50       __vsprintf_s_l             00417c50 f i libvcruntimed:undname.obj
 0001:00016cb0       _sprintf_s                 00417cb0 f i libvcruntimed:undname.obj
 0001:00016d00       __global_unwind2           00417d00 f   libvcruntimed:_exsup_.obj
 0001:00016d65       __local_unwind2            00417d65 f   libvcruntimed:_exsup_.obj
 0001:00016de9       __abnormal_termination     00417de9 f   libvcruntimed:_exsup_.obj
 0001:00016e0c       __NLG_Notify1              00417e0c f   libvcruntimed:_exsup_.obj
 0001:00016e15       __NLG_Notify               00417e15 f   libvcruntimed:_exsup_.obj
 0001:00016e2c       __NLG_Dispatch             00417e2c     libvcruntimed:_exsup_.obj
 0001:00016e2c       __NLG_Dispatch2            00417e2c     libvcruntimed:_exsup_.obj
 0001:00016e34       __NLG_Call                 00417e34 f   libvcruntimed:_exsup_.obj
 0001:00016e36       __NLG_Return2              00417e36     libvcruntimed:_exsup_.obj
 0001:00016e90       ??$__crt_fast_decode_pointer@P6AXXZ@@YAP6AXXZQ6AXXZ@Z 00417e90 f i libvcruntimed:purevirt.obj
 0001:00016ec0       ??$__crt_interlocked_compare_exchange_pointer@$$A6AXXZ$$T$$T@@YAP6AXXZPDS6AXXZ$$T1@Z 00417ec0 f i libvcruntimed:purevirt.obj
 0001:00016ee0       ??$__crt_interlocked_exchange_pointer@$$A6AXXZP6AXXZ@@YAP6AXXZPDS6AXXZQ6AXXZ@Z 00417ee0 f i libvcruntimed:purevirt.obj
 0001:00016ef0       ??$__crt_interlocked_read_pointer@$$A6AXXZ@@YAP6AXXZPDS6AXXZ@Z 00417ef0 f i libvcruntimed:purevirt.obj
 0001:00016f10       __get_purecall_handler     00417f10 f   libvcruntimed:purevirt.obj
 0001:00016f40       __purecall                 00417f40 f   libvcruntimed:purevirt.obj
 0001:00016f80       __set_purecall_handler     00417f80 f   libvcruntimed:purevirt.obj
 0001:00016fc0       ??$?RV<lambda_1fb4243d5e107ad4daf16ff362ca4a34>@@AAV<lambda_55f9cbce55698c0319f95c01c080475b>@@V<lambda_d740392b9cecdfa14abfd902a66ab607>@@@?$__crt_seh_guarded_call@H@@QAEH$$QAV<lambda_1fb4243d5e107ad4daf16ff362ca4a34>@@AAV<lambda_55f9cbce55698c0319f95c01c080475b>@@$$QAV<lambda_d740392b9cecdfa14abfd902a66ab607>@@@Z 00417fc0 f i libucrtd:puts.obj
 0001:00017070       ??$__acrt_lock_stream_and_call@V<lambda_55f9cbce55698c0319f95c01c080475b>@@@@YAHQAU_iobuf@@$$QAV<lambda_55f9cbce55698c0319f95c01c080475b>@@@Z 00418070 f i libucrtd:puts.obj
 0001:000170c0       ??$__crt_interlocked_read@J@@YAJPDJ@Z 004180c0 f i libucrtd:puts.obj
 0001:00017180       ??0__acrt_stdio_temporary_buffering_guard@@QAE@QAU_iobuf@@@Z 00418180 f i libucrtd:puts.obj
 0001:000171c0       ??0__crt_stdio_stream@@QAE@QAU_iobuf@@@Z 004181c0 f i libucrtd:puts.obj
 0001:000171e0       ??1__acrt_stdio_temporary_buffering_guard@@QAE@XZ 004181e0 f i libucrtd:puts.obj
 0001:00017330       ?__crt_interlocked_read_32@@YAHPDH@Z 00418330 f i libucrtd:puts.obj
 0001:00017350       ?get_flags@__crt_stdio_stream@@QBEJXZ 00418350 f i libucrtd:puts.obj
 0001:00017380       ?is_string_backed@__crt_stdio_stream@@QBE_NXZ 00418380 f i libucrtd:puts.obj
 0001:000173c0       ?public_stream@__crt_stdio_stream@@QBEPAU_iobuf@@XZ 004183c0 f i libucrtd:puts.obj
 0001:000173e0       _puts                      004183e0 f   libucrtd:puts.obj
 0001:00017690       __seh_filter_dll           00418690 f   libucrtd:exception_filter.obj
 0001:000176c0       __seh_filter_exe           004186c0 f   libucrtd:exception_filter.obj
 0001:00017b80       ___acrt_report_runtime_error 00418b80 f   libucrtd:report_runtime_error.obj
 0001:00017df0       __invoke_watson_if_error   00418df0 f i libucrtd:report_runtime_error.obj
 0001:00017e30       __query_app_type           00418e30 f   libucrtd:report_runtime_error.obj
 0001:00017e40       __set_app_type             00418e40 f   libucrtd:report_runtime_error.obj
 0001:00017e60       ??$__crt_fast_decode_pointer@P6AHPAU_exception@@@Z@@YAP6AHPAU_exception@@@ZQ6AH0@Z@Z 00418e60 f i libucrtd:matherr.obj
 0001:00017ea0       ??$__crt_fast_encode_pointer@P6AHPAU_exception@@@Z@@YAP6AHPAU_exception@@@ZQ6AH0@Z@Z 00418ea0 f i libucrtd:matherr.obj
 0001:00017ee0       ?get_current_state_index@__crt_state_management@@YAIXZ 00418ee0 f i libucrtd:matherr.obj
 0001:00017ef0       ?initialize@?$dual_state_global@P6AHPAU_exception@@@Z@__crt_state_management@@QAEXQ6AHPAU_exception@@@Z@Z 00418ef0 f i libucrtd:matherr.obj
 0001:00017f40       ?value@?$dual_state_global@P6AHPAU_exception@@@Z@__crt_state_management@@QAEAAP6AHPAU_exception@@@ZXZ 00418f40 f i libucrtd:matherr.obj
 0001:00017f60       ___acrt_has_user_matherr   00418f60 f   libucrtd:matherr.obj
 0001:00017fb0       ___acrt_initialize_user_matherr 00418fb0 f   libucrtd:matherr.obj
 0001:00017fd0       ___acrt_invoke_user_matherr 00418fd0 f   libucrtd:matherr.obj
 0001:00018050       ___setusermatherr          00419050 f   libucrtd:matherr.obj
 0001:00018080       ??$?RE@__crt_internal_free_policy@@QBEXQBE@Z 00419080 f i libucrtd:argv_parsing.obj
 0001:000180b0       ??$?RPAD@__crt_internal_free_policy@@QBEXQBQAD@Z 004190b0 f i libucrtd:argv_parsing.obj
 0001:000180e0       ??$?RPA_W@__crt_internal_free_policy@@QBEXQBQA_W@Z 004190e0 f i libucrtd:argv_parsing.obj
 0001:00018790       ??$get_module_file_name@$$TAAY0BAF@DH@?$__crt_char_traits@D@@SAK$$QA$$TAAY0BAF@D$$QAH@Z 00419790 f i libucrtd:argv_parsing.obj
 0001:000187c0       ??$get_module_file_name@$$TAAY0BAF@_WH@?$__crt_char_traits@_W@@SAK$$QA$$TAAY0BAF@_W$$QAH@Z 004197c0 f i libucrtd:argv_parsing.obj
 0001:000190b0       ??$set_program_name@PAD@?$__crt_char_traits@D@@SAX$$QAPAD@Z 0041a0b0 f i libucrtd:argv_parsing.obj
 0001:000190d0       ??$set_program_name@PA_W@?$__crt_char_traits@_W@@SAX$$QAPA_W@Z 0041a0d0 f i libucrtd:argv_parsing.obj
 0001:00019130       ??0?$__crt_unique_heap_ptr@EU__crt_internal_free_policy@@@@QAE@QAE@Z 0041a130 f i libucrtd:argv_parsing.obj
 0001:00019150       ??0?$__crt_unique_heap_ptr@PADU__crt_internal_free_policy@@@@QAE@QAPAD@Z 0041a150 f i libucrtd:argv_parsing.obj
 0001:00019170       ??0?$__crt_unique_heap_ptr@PA_WU__crt_internal_free_policy@@@@QAE@QAPA_W@Z 0041a170 f i libucrtd:argv_parsing.obj
 0001:00019190       ??1?$__crt_unique_heap_ptr@EU__crt_internal_free_policy@@@@QAE@XZ 0041a190 f i libucrtd:argv_parsing.obj
 0001:000191b0       ??1?$__crt_unique_heap_ptr@PADU__crt_internal_free_policy@@@@QAE@XZ 0041a1b0 f i libucrtd:argv_parsing.obj
 0001:000191d0       ??1?$__crt_unique_heap_ptr@PA_WU__crt_internal_free_policy@@@@QAE@XZ 0041a1d0 f i libucrtd:argv_parsing.obj
 0001:000191f0       ??B?$__crt_unique_heap_ptr@EU__crt_internal_free_policy@@@@QBE_NXZ 0041a1f0 f i libucrtd:argv_parsing.obj
 0001:000192d0       ?detach@?$__crt_unique_heap_ptr@EU__crt_internal_free_policy@@@@QAEPAEXZ 0041a2d0 f i libucrtd:argv_parsing.obj
 0001:00019300       ?detach@?$__crt_unique_heap_ptr@PADU__crt_internal_free_policy@@@@QAEPAPADXZ 0041a300 f i libucrtd:argv_parsing.obj
 0001:00019330       ?detach@?$__crt_unique_heap_ptr@PA_WU__crt_internal_free_policy@@@@QAEPAPA_WXZ 0041a330 f i libucrtd:argv_parsing.obj
 0001:000193c0       ?get@?$__crt_unique_heap_ptr@EU__crt_internal_free_policy@@@@QBEPAEXZ 0041a3c0 f i libucrtd:argv_parsing.obj
 0001:000193e0       ?get@?$__crt_unique_heap_ptr@PADU__crt_internal_free_policy@@@@QBEPAPADXZ 0041a3e0 f i libucrtd:argv_parsing.obj
 0001:00019400       ?get@?$__crt_unique_heap_ptr@PA_WU__crt_internal_free_policy@@@@QBEPAPA_WXZ 0041a400 f i libucrtd:argv_parsing.obj
 0001:00019420       ?get_address_of@?$__crt_unique_heap_ptr@PADU__crt_internal_free_policy@@@@QAEPAPAPADXZ 0041a420 f i libucrtd:argv_parsing.obj
 0001:00019440       ?get_address_of@?$__crt_unique_heap_ptr@PA_WU__crt_internal_free_policy@@@@QAEPAPAPA_WXZ 0041a440 f i libucrtd:argv_parsing.obj
 0001:000194a0       ?is_valid@?$__crt_unique_heap_ptr@EU__crt_internal_free_policy@@@@QBE_NXZ 0041a4a0 f i libucrtd:argv_parsing.obj
 0001:000194e0       ?release@?$__crt_unique_heap_ptr@EU__crt_internal_free_policy@@@@QAEXXZ 0041a4e0 f i libucrtd:argv_parsing.obj
 0001:00019520       ?release@?$__crt_unique_heap_ptr@PADU__crt_internal_free_policy@@@@QAEXXZ 0041a520 f i libucrtd:argv_parsing.obj
 0001:00019560       ?release@?$__crt_unique_heap_ptr@PA_WU__crt_internal_free_policy@@@@QAEXXZ 0041a560 f i libucrtd:argv_parsing.obj
 0001:000195f0       ___acrt_allocate_buffer_for_argv 0041a5f0 f   libucrtd:argv_parsing.obj
 0001:000196e0       __configure_narrow_argv    0041a6e0 f   libucrtd:argv_parsing.obj
 0001:00019700       __configure_wide_argv      0041a700 f   libucrtd:argv_parsing.obj
 0001:00019720       __set_pgmptr               0041a720 f i libucrtd:argv_parsing.obj
 0001:00019740       __set_wpgmptr              0041a740 f i libucrtd:argv_parsing.obj
 0001:00019752       ??$?R_W@__crt_internal_free_policy@@QBEXQB_W@Z 0041a752 f i libucrtd:environment_initialization.obj
 0001:00019ccd       ??$get_environment_from_os@$$$V@?$__crt_char_traits@D@@SAPADXZ 0041accd f i libucrtd:environment_initialization.obj
 0001:00019cd2       ??$get_environment_from_os@$$$V@?$__crt_char_traits@_W@@SAPA_WXZ 0041acd2 f i libucrtd:environment_initialization.obj
 0001:00019e39       ??$set_variable_in_environment_nolock@PADH@?$__crt_char_traits@D@@SAH$$QAPAD$$QAH@Z 0041ae39 f i libucrtd:environment_initialization.obj
 0001:00019e57       ??$set_variable_in_environment_nolock@PA_WH@?$__crt_char_traits@_W@@SAH$$QAPA_W$$QAH@Z 0041ae57 f i libucrtd:environment_initialization.obj
 0001:00019e75       ??$tcscpy_s@PADABIAAPAD@?$__crt_char_traits@D@@SAH$$QAPADABIAAPAD@Z 0041ae75 f i libucrtd:environment_initialization.obj
 0001:00019e9a       ??$tcscpy_s@PA_WABIAAPA_W@?$__crt_char_traits@_W@@SAH$$QAPA_WABIAAPA_W@Z 0041ae9a f i libucrtd:environment_initialization.obj
 0001:00019ebf       ??$tcslen@AAPAD@?$__crt_char_traits@D@@SAIAAPAD@Z 0041aebf f i libucrtd:environment_initialization.obj
 0001:00019edd       ??$tcslen@AAPA_W@?$__crt_char_traits@_W@@SAIAAPA_W@Z 0041aedd f i libucrtd:environment_initialization.obj
 0001:00019f02       ??$uninitialize@A6AXAAPAPAD@Z@?$dual_state_global@PAPAD@__crt_state_management@@QAEXA6AXAAPAPAD@Z@Z 0041af02 f i libucrtd:environment_initialization.obj
 0001:00019f52       ??$uninitialize@A6AXAAPAPA_W@Z@?$dual_state_global@PAPA_W@__crt_state_management@@QAEXA6AXAAPAPA_W@Z@Z 0041af52 f i libucrtd:environment_initialization.obj
 0001:00019fe4       ??0?$__crt_unique_heap_ptr@_WU__crt_internal_free_policy@@@@QAE@QA_W@Z 0041afe4 f i libucrtd:environment_initialization.obj
 0001:00019ff8       ??1?$__crt_unique_heap_ptr@_WU__crt_internal_free_policy@@@@QAE@XZ 0041aff8 f i libucrtd:environment_initialization.obj
 0001:0001a012       ??B?$__crt_unique_heap_ptr@PADU__crt_internal_free_policy@@@@QBE_NXZ 0041b012 f i libucrtd:environment_initialization.obj
 0001:0001a01c       ??B?$__crt_unique_heap_ptr@PA_WU__crt_internal_free_policy@@@@QBE_NXZ 0041b01c f i libucrtd:environment_initialization.obj
 0001:0001a026       ??B?$__crt_unique_heap_ptr@_WU__crt_internal_free_policy@@@@QBE_NXZ 0041b026 f i libucrtd:environment_initialization.obj
 0001:0001a030       ?__crt_compute_required_transform_buffer_count@@YAIIQBD@Z 0041b030 f i libucrtd:environment_initialization.obj
 0001:0001a050       ?__crt_compute_required_transform_buffer_count@@YAIIQB_W@Z 0041b050 f i libucrtd:environment_initialization.obj
 0001:0001a073       ?__crt_transform_string@@YAIIQBDQA_WI@Z 0041b073 f i libucrtd:environment_initialization.obj
 0001:0001a097       ?__crt_transform_string@@YAIIQB_WQADI@Z 0041b097 f i libucrtd:environment_initialization.obj
 0001:0001a0bf       ?detach@?$__crt_unique_heap_ptr@DU__crt_internal_free_policy@@@@QAEPADXZ 0041b0bf f i libucrtd:environment_initialization.obj
 0001:0001a0c5       ?detach@?$__crt_unique_heap_ptr@_WU__crt_internal_free_policy@@@@QAEPA_WXZ 0041b0c5 f i libucrtd:environment_initialization.obj
 0001:0001a0cb       ?get@?$__crt_unique_heap_ptr@_WU__crt_internal_free_policy@@@@QBEPA_WXZ 0041b0cb f i libucrtd:environment_initialization.obj
 0001:0001a0f2       ?initialize@?$dual_state_global@PAPAD@__crt_state_management@@QAEXQAPAD@Z 0041b0f2 f i libucrtd:environment_initialization.obj
 0001:0001a12f       ?initialize@?$dual_state_global@PAPA_W@__crt_state_management@@QAEXQAPA_W@Z 0041b12f f i libucrtd:environment_initialization.obj
 0001:0001a16c       ?is_valid@?$__crt_unique_heap_ptr@PADU__crt_internal_free_policy@@@@QBE_NXZ 0041b16c f i libucrtd:environment_initialization.obj
 0001:0001a176       ?is_valid@?$__crt_unique_heap_ptr@PA_WU__crt_internal_free_policy@@@@QBE_NXZ 0041b176 f i libucrtd:environment_initialization.obj
 0001:0001a180       ?is_valid@?$__crt_unique_heap_ptr@_WU__crt_internal_free_policy@@@@QBE_NXZ 0041b180 f i libucrtd:environment_initialization.obj
 0001:0001a190       ?release@?$__crt_unique_heap_ptr@_WU__crt_internal_free_policy@@@@QAEXXZ 0041b190 f i libucrtd:environment_initialization.obj
 0001:0001a1aa       ?value@?$dual_state_global@PAPAD@__crt_state_management@@QAEAAPAPADXZ 0041b1aa f i libucrtd:environment_initialization.obj
 0001:0001a1ad       ?value@?$dual_state_global@PAPA_W@__crt_state_management@@QAEAAPAPA_WXZ 0041b1ad f i libucrtd:environment_initialization.obj
 0001:0001a1b0       ___dcrt_get_or_create_narrow_environment_nolock 0041b1b0 f   libucrtd:environment_initialization.obj
 0001:0001a1b5       ___dcrt_get_or_create_wide_environment_nolock 0041b1b5 f   libucrtd:environment_initialization.obj
 0001:0001a1ba       ___dcrt_uninitialize_environments_nolock 0041b1ba f   libucrtd:environment_initialization.obj
 0001:0001a1fe       ___p__environ              0041b1fe f   libucrtd:environment_initialization.obj
 0001:0001a204       ___p__wenviron             0041b204 f   libucrtd:environment_initialization.obj
 0001:0001a20a       __get_initial_narrow_environment 0041b20a f   libucrtd:environment_initialization.obj
 0001:0001a223       __get_initial_wide_environment 0041b223 f   libucrtd:environment_initialization.obj
 0001:0001a23c       __initialize_narrow_environment 0041b23c f   libucrtd:environment_initialization.obj
 0001:0001a241       __initialize_wide_environment 0041b241 f   libucrtd:environment_initialization.obj
 0001:0001a250       __initterm                 0041b250 f   libucrtd:initterm.obj
 0001:0001a2c0       __initterm_e               0041b2c0 f   libucrtd:initterm.obj
 0001:0001a350       ??$?B$$A6GXPAXK0@Z@__crt_fast_encoded_nullptr_t@@QBEP6GXPAXK0@ZXZ 0041b350 f i libucrtd:exit.obj
 0001:0001a370       ??$__crt_fast_decode_pointer@P6GXPAXK0@Z@@YAP6GXPAXK0@ZQ6GX0K0@Z@Z 0041b370 f i libucrtd:exit.obj
 0001:0001a3b0       ??$__crt_fast_encode_pointer@P6GXPAXK0@Z@@YAP6GXPAXK0@ZQ6GX0K0@Z@Z 0041b3b0 f i libucrtd:exit.obj
 0001:0001a3f0       ??$__crt_get_proc_address@P6GXI@Z@@YAP6GXI@ZQAUHINSTANCE__@@QBD@Z 0041b3f0 f i libucrtd:exit.obj
 0001:0001a410       ??0?$__crt_unique_handle_t@U__crt_hmodule_traits@@@@QAE@QAUHINSTANCE__@@@Z 0041b410 f i libucrtd:exit.obj
 0001:0001a430       ??1?$__crt_unique_handle_t@U__crt_hmodule_traits@@@@QAE@XZ 0041b430 f i libucrtd:exit.obj
 0001:0001a470       ?close@?$__crt_unique_handle_t@U__crt_hmodule_traits@@@@QAEXXZ 0041b470 f i libucrtd:exit.obj
 0001:0001a4b0       ?close@__crt_hmodule_traits@@SA_NPAUHINSTANCE__@@@Z 0041b4b0 f i libucrtd:exit.obj
 0001:0001a770       ?get@?$__crt_unique_handle_t@U__crt_hmodule_traits@@@@QBEPAUHINSTANCE__@@XZ 0041b770 f i libucrtd:exit.obj
 0001:0001a790       ?get_address_of@?$__crt_unique_handle_t@U__crt_hmodule_traits@@@@QAEPAPAUHINSTANCE__@@XZ 0041b790 f i libucrtd:exit.obj
 0001:0001a7b0       ?get_invalid_value@__crt_hmodule_traits@@SAPAUHINSTANCE__@@XZ 0041b7b0 f i libucrtd:exit.obj
 0001:0001a990       __Exit                     0041b990 f   libucrtd:exit.obj
 0001:0001a9b0       ___acrt_initialize_thread_local_exit_callback 0041b9b0 f   libucrtd:exit.obj
 0001:0001a9d0       __c_exit                   0041b9d0 f   libucrtd:exit.obj
 0001:0001a9f0       __cexit                    0041b9f0 f   libucrtd:exit.obj
 0001:0001aa10       __exit                     0041ba10 f   libucrtd:exit.obj
 0001:0001aa30       __is_c_termination_complete 0041ba30 f   libucrtd:exit.obj
 0001:0001aa50       __register_thread_local_exe_atexit_callback 0041ba50 f   libucrtd:exit.obj
 0001:0001aaa0       _exit                      0041baa0 f   libucrtd:exit.obj
 0001:0001aac0       _quick_exit                0041bac0 f   libucrtd:exit.obj
 0001:0001aae0       ??$__crt_interlocked_read@H@@YAHPDH@Z 0041bae0 f i libucrtd:setmode.obj
 0001:0001ab00       __get_fmode                0041bb00 f   libucrtd:setmode.obj
 0001:0001abc0       __set_fmode                0041bbc0 f   libucrtd:setmode.obj
 0001:0001ac90       __setmode                  0041bc90 f   libucrtd:setmode.obj
 0001:0001aff0       __setmode_nolock           0041bff0 f   libucrtd:setmode.obj
 0001:0001b290       ___acrt_initialize_command_line 0041c290 f   libucrtd:argv_data.obj
 0001:0001b2c0       ___acrt_uninitialize_command_line 0041c2c0 f   libucrtd:argv_data.obj
 0001:0001b2d0       ___p___argc                0041c2d0 f   libucrtd:argv_data.obj
 0001:0001b2e0       ___p___argv                0041c2e0 f   libucrtd:argv_data.obj
 0001:0001b2f0       ___p___wargv               0041c2f0 f   libucrtd:argv_data.obj
 0001:0001b300       ___p__acmdln               0041c300 f   libucrtd:argv_data.obj
 0001:0001b310       ___p__pgmptr               0041c310 f   libucrtd:argv_data.obj
 0001:0001b320       ___p__wcmdln               0041c320 f   libucrtd:argv_data.obj
 0001:0001b330       ___p__wpgmptr              0041c330 f   libucrtd:argv_data.obj
 0001:0001b340       __get_pgmptr               0041c340 f   libucrtd:argv_data.obj
 0001:0001b4a0       __get_wpgmptr              0041c4a0 f   libucrtd:argv_data.obj
 0001:0001b610       ??$?RU__crt_locale_data@@@__crt_internal_free_policy@@QBEXQBU__crt_locale_data@@@Z 0041c610 f i libucrtd:wsetlocale.obj
 0001:0001b640       ??$?RU__crt_locale_pointers@@@__crt_internal_free_policy@@QBEXQBU__crt_locale_pointers@@@Z 0041c640 f i libucrtd:wsetlocale.obj
 0001:0001b670       ??$?RU__crt_multibyte_data@@@__crt_internal_free_policy@@QBEXQBU__crt_multibyte_data@@@Z 0041c670 f i libucrtd:wsetlocale.obj
 0001:0001b6a0       ??$?RV<lambda_0f92d0c5a8007722f95b3b6c71cd8e3e>@@AAV<lambda_321f9d61c14d59ff00145e45db1313e0>@@V<lambda_3298c911d7b53f44106027a7fde9a80a>@@@?$__crt_seh_guarded_call@X@@QAEX$$QAV<lambda_0f92d0c5a8007722f95b3b6c71cd8e3e>@@AAV<lambda_321f9d61c14d59ff00145e45db1313e0>@@$$QAV<lambda_3298c911d7b53f44106027a7fde9a80a>@@@Z 0041c6a0 f i libucrtd:wsetlocale.obj
 0001:0001b740       ??$?RV<lambda_507d9fd6b66e39451a8852ba73f804a7>@@AAV<lambda_565169b3e3b494427ce1bebdd17b54ac>@@AAV<lambda_f51fe5fd7c79a33db34fc9310f277369>@@@?$__crt_seh_guarded_call@X@@QAEX$$QAV<lambda_507d9fd6b66e39451a8852ba73f804a7>@@AAV<lambda_565169b3e3b494427ce1bebdd17b54ac>@@AAV<lambda_f51fe5fd7c79a33db34fc9310f277369>@@@Z 0041c740 f i libucrtd:wsetlocale.obj
 0001:0001b7e0       ??$?RV<lambda_76aaead6e312921abc834cb00a638bdd>@@AAV<lambda_176e34f99554166dd2fac165c457248c>@@V<lambda_998ee1c9f4290b119b936bcd6215875a>@@@?$__crt_seh_guarded_call@X@@QAEX$$QAV<lambda_76aaead6e312921abc834cb00a638bdd>@@AAV<lambda_176e34f99554166dd2fac165c457248c>@@$$QAV<lambda_998ee1c9f4290b119b936bcd6215875a>@@@Z 0041c7e0 f i libucrtd:wsetlocale.obj
 0001:0001b880       ??$?RV<lambda_c9469061b39d205f0f236529d4a41659>@@AAV<lambda_b7fb1a997d3ebc0cc0186c5835178808>@@V<lambda_14b92c79d699846b5cc916cd4cf280e4>@@@?$__crt_seh_guarded_call@X@@QAEX$$QAV<lambda_c9469061b39d205f0f236529d4a41659>@@AAV<lambda_b7fb1a997d3ebc0cc0186c5835178808>@@$$QAV<lambda_14b92c79d699846b5cc916cd4cf280e4>@@@Z 0041c880 f i libucrtd:wsetlocale.obj
 0001:0001b920       ??$__acrt_lock_and_call@V<lambda_176e34f99554166dd2fac165c457248c>@@@@YAXW4__acrt_lock_id@@$$QAV<lambda_176e34f99554166dd2fac165c457248c>@@@Z 0041c920 f i libucrtd:wsetlocale.obj
 0001:0001b970       ??$__acrt_lock_and_call@V<lambda_321f9d61c14d59ff00145e45db1313e0>@@@@YAXW4__acrt_lock_id@@$$QAV<lambda_321f9d61c14d59ff00145e45db1313e0>@@@Z 0041c970 f i libucrtd:wsetlocale.obj
 0001:0001b9c0       ??$__acrt_lock_and_call@V<lambda_b7fb1a997d3ebc0cc0186c5835178808>@@@@YAXW4__acrt_lock_id@@$$QAV<lambda_b7fb1a997d3ebc0cc0186c5835178808>@@@Z 0041c9c0 f i libucrtd:wsetlocale.obj
 0001:0001ba10       ??$__crt_call_and_cleanup@V<lambda_565169b3e3b494427ce1bebdd17b54ac>@@V<lambda_f51fe5fd7c79a33db34fc9310f277369>@@@@YAX$$QAV<lambda_565169b3e3b494427ce1bebdd17b54ac>@@$$QAV<lambda_f51fe5fd7c79a33db34fc9310f277369>@@@Z 0041ca10 f i libucrtd:wsetlocale.obj
 0001:0001ba40       ??$__vcrt_va_start_verify_argument_type@H@@YAXXZ 0041ca40 f i libucrtd:wsetlocale.obj
 0001:0001bc70       ??0?$__crt_unique_heap_ptr@U__crt_locale_data@@U__crt_internal_free_policy@@@@QAE@QAU__crt_locale_data@@@Z 0041cc70 f i libucrtd:wsetlocale.obj
 0001:0001bc90       ??0?$__crt_unique_heap_ptr@U__crt_locale_pointers@@U__crt_internal_free_policy@@@@QAE@QAU__crt_locale_pointers@@@Z 0041cc90 f i libucrtd:wsetlocale.obj
 0001:0001bcb0       ??0?$__crt_unique_heap_ptr@U__crt_multibyte_data@@U__crt_internal_free_policy@@@@QAE@QAU__crt_multibyte_data@@@Z 0041ccb0 f i libucrtd:wsetlocale.obj
 0001:0001bcd0       ??1?$__crt_unique_heap_ptr@U__crt_locale_data@@U__crt_internal_free_policy@@@@QAE@XZ 0041ccd0 f i libucrtd:wsetlocale.obj
 0001:0001bcf0       ??1?$__crt_unique_heap_ptr@U__crt_locale_pointers@@U__crt_internal_free_policy@@@@QAE@XZ 0041ccf0 f i libucrtd:wsetlocale.obj
 0001:0001bd10       ??1?$__crt_unique_heap_ptr@U__crt_multibyte_data@@U__crt_internal_free_policy@@@@QAE@XZ 0041cd10 f i libucrtd:wsetlocale.obj
 0001:0001bd30       ??B?$__crt_unique_heap_ptr@U__crt_locale_data@@U__crt_internal_free_policy@@@@QBE_NXZ 0041cd30 f i libucrtd:wsetlocale.obj
 0001:0001bd50       ??B?$__crt_unique_heap_ptr@U__crt_locale_pointers@@U__crt_internal_free_policy@@@@QBE_NXZ 0041cd50 f i libucrtd:wsetlocale.obj
 0001:0001bd70       ??B?$__crt_unique_heap_ptr@U__crt_multibyte_data@@U__crt_internal_free_policy@@@@QBE_NXZ 0041cd70 f i libucrtd:wsetlocale.obj
 0001:0001c1b0       ?detach@?$__crt_unique_heap_ptr@U__crt_locale_data@@U__crt_internal_free_policy@@@@QAEPAU__crt_locale_data@@XZ 0041d1b0 f i libucrtd:wsetlocale.obj
 0001:0001c1e0       ?detach@?$__crt_unique_heap_ptr@U__crt_locale_pointers@@U__crt_internal_free_policy@@@@QAEPAU__crt_locale_pointers@@XZ 0041d1e0 f i libucrtd:wsetlocale.obj
 0001:0001c210       ?detach@?$__crt_unique_heap_ptr@U__crt_multibyte_data@@U__crt_internal_free_policy@@@@QAEPAU__crt_multibyte_data@@XZ 0041d210 f i libucrtd:wsetlocale.obj
 0001:0001c240       ?get@?$__crt_unique_heap_ptr@U__crt_locale_data@@U__crt_internal_free_policy@@@@QBEPAU__crt_locale_data@@XZ 0041d240 f i libucrtd:wsetlocale.obj
 0001:0001c260       ?get@?$__crt_unique_heap_ptr@U__crt_locale_pointers@@U__crt_internal_free_policy@@@@QBEPAU__crt_locale_pointers@@XZ 0041d260 f i libucrtd:wsetlocale.obj
 0001:0001c280       ?get@?$__crt_unique_heap_ptr@U__crt_multibyte_data@@U__crt_internal_free_policy@@@@QBEPAU__crt_multibyte_data@@XZ 0041d280 f i libucrtd:wsetlocale.obj
 0001:0001c2a0       ?is_valid@?$__crt_unique_heap_ptr@U__crt_locale_data@@U__crt_internal_free_policy@@@@QBE_NXZ 0041d2a0 f i libucrtd:wsetlocale.obj
 0001:0001c2e0       ?is_valid@?$__crt_unique_heap_ptr@U__crt_locale_pointers@@U__crt_internal_free_policy@@@@QBE_NXZ 0041d2e0 f i libucrtd:wsetlocale.obj
 0001:0001c320       ?is_valid@?$__crt_unique_heap_ptr@U__crt_multibyte_data@@U__crt_internal_free_policy@@@@QBE_NXZ 0041d320 f i libucrtd:wsetlocale.obj
 0001:0001c360       ?release@?$__crt_unique_heap_ptr@U__crt_locale_data@@U__crt_internal_free_policy@@@@QAEXXZ 0041d360 f i libucrtd:wsetlocale.obj
 0001:0001c3a0       ?release@?$__crt_unique_heap_ptr@U__crt_locale_pointers@@U__crt_internal_free_policy@@@@QAEXXZ 0041d3a0 f i libucrtd:wsetlocale.obj
 0001:0001c3e0       ?release@?$__crt_unique_heap_ptr@U__crt_multibyte_data@@U__crt_internal_free_policy@@@@QAEXXZ 0041d3e0 f i libucrtd:wsetlocale.obj
 0001:0001c420       ?value@?$dual_state_global@PAU__crt_locale_data@@@__crt_state_management@@QAEAAPAU__crt_locale_data@@XZ 0041d420 f i libucrtd:wsetlocale.obj
 0001:0001c440       ___acrt_copy_locale_name   0041d440 f   libucrtd:wsetlocale.obj
 0001:0001c510       ___acrt_set_locale_changed 0041d510 f   libucrtd:wsetlocale.obj
 0001:0001c530       ___acrt_uninitialize_locale 0041d530 f   libucrtd:wsetlocale.obj
 0001:0001c600       ___lc_lctowcs              0041d600 f   libucrtd:wsetlocale.obj
 0001:0001c6e0       ___lc_wcstolc              0041d6e0 f   libucrtd:wsetlocale.obj
 0001:0001c990       __configthreadlocale       0041d990 f   libucrtd:wsetlocale.obj
 0001:0001cb70       __create_locale            0041db70 f   libucrtd:wsetlocale.obj
 0001:0001cc00       __expandlocale             0041dc00 f   libucrtd:wsetlocale.obj
 0001:0001d200       __free_locale              0041e200 f   libucrtd:wsetlocale.obj
 0001:0001d380       __get_current_locale       0041e380 f   libucrtd:wsetlocale.obj
 0001:0001d480       __wcreate_locale           0041e480 f   libucrtd:wsetlocale.obj
 0001:0001d740       __wcscats                  0041e740 f   libucrtd:wsetlocale.obj
 0001:0001d7e0       __wsetlocale               0041e7e0 f   libucrtd:wsetlocale.obj
 0001:0001eaf0       ?value@?$dual_state_global@J@__crt_state_management@@QAEAAJXZ 0041faf0 f i libucrtd:new_mode.obj
 0001:0001eb10       __query_new_mode           0041fb10 f   libucrtd:new_mode.obj
 0001:0001eb30       __set_new_mode             0041fb30 f   libucrtd:new_mode.obj
 0001:0001ec00       ___p__commode              0041fc00 f   libucrtd:ncommode.obj
 0001:0001ec10       ??$?BP6AXXZ@__crt_fast_encoded_nullptr_t@@QBEPAP6AXXZXZ 0041fc10 f i libucrtd:onexit.obj
 0001:0001ec30       ??$?RP6AXXZ@__crt_internal_free_policy@@QBEXQBQ6AXXZ@Z 0041fc30 f i libucrtd:onexit.obj
 0001:0001ec60       ??$?RV<lambda_821a00fc0e15a7fd532972332124005d>@@AAV<lambda_942beefa13ab35ff55f86422493ffd6a>@@V<lambda_3ab53bf64df1f1ff33dbc5b1929ce7a7>@@@?$__crt_seh_guarded_call@H@@QAEH$$QAV<lambda_821a00fc0e15a7fd532972332124005d>@@AAV<lambda_942beefa13ab35ff55f86422493ffd6a>@@$$QAV<lambda_3ab53bf64df1f1ff33dbc5b1929ce7a7>@@@Z 0041fc60 f i libucrtd:onexit.obj
 0001:0001ed10       ??$?RV<lambda_a12890e7f9ac9927a62bd0bbd5044c78>@@AAV<lambda_e971338317bfa523bb8920b43d823727>@@V<lambda_e618b16d59e79e236350cab8485990d2>@@@?$__crt_seh_guarded_call@H@@QAEH$$QAV<lambda_a12890e7f9ac9927a62bd0bbd5044c78>@@AAV<lambda_e971338317bfa523bb8920b43d823727>@@$$QAV<lambda_e618b16d59e79e236350cab8485990d2>@@@Z 0041fd10 f i libucrtd:onexit.obj
 0001:0001edc0       ??$__acrt_lock_and_call@V<lambda_942beefa13ab35ff55f86422493ffd6a>@@@@YAHW4__acrt_lock_id@@$$QAV<lambda_942beefa13ab35ff55f86422493ffd6a>@@@Z 0041fdc0 f i libucrtd:onexit.obj
 0001:0001ee10       ??$__acrt_lock_and_call@V<lambda_e971338317bfa523bb8920b43d823727>@@@@YAHW4__acrt_lock_id@@$$QAV<lambda_e971338317bfa523bb8920b43d823727>@@@Z 0041fe10 f i libucrtd:onexit.obj
 0001:0001ee60       ??$__crt_fast_encode_pointer@P6AHXZ@@YAP6AHXZQ6AHXZ@Z 0041fe60 f i libucrtd:onexit.obj
 0001:0001efb0       ??0?$__crt_unique_heap_ptr@P6AXXZU__crt_internal_free_policy@@@@QAE@QAP6AXXZ@Z 0041ffb0 f i libucrtd:onexit.obj
 0001:0001efd0       ??1?$__crt_unique_heap_ptr@P6AXXZU__crt_internal_free_policy@@@@QAE@XZ 0041ffd0 f i libucrtd:onexit.obj
 0001:0001f540       ?detach@?$__crt_unique_heap_ptr@P6AXXZU__crt_internal_free_policy@@@@QAEPAP6AXXZXZ 00420540 f i libucrtd:onexit.obj
 0001:0001f570       ?release@?$__crt_unique_heap_ptr@P6AXXZU__crt_internal_free_policy@@@@QAEXXZ 00420570 f i libucrtd:onexit.obj
 0001:0001f5b0       __crt_at_quick_exit        004205b0 f   libucrtd:onexit.obj
 0001:0001f5d0       __crt_atexit               004205d0 f   libucrtd:onexit.obj
 0001:0001f5f0       __execute_onexit_table     004205f0 f   libucrtd:onexit.obj
 0001:0001f620       __initialize_onexit_table  00420620 f   libucrtd:onexit.obj
 0001:0001f6a0       __register_onexit_function 004206a0 f   libucrtd:onexit.obj
 0001:0001f930       ?initialize@?$dual_state_global@PAU__crt_locale_data@@@__crt_state_management@@QAEXQAU__crt_locale_data@@@Z 00420930 f i libucrtd:initialization.obj
 0001:0001f980       ___acrt_initialize         00420980 f   libucrtd:initialization.obj
 0001:0001f9a0       ___acrt_thread_attach      004209a0 f   libucrtd:initialization.obj
 0001:0001f9c0       ___acrt_thread_detach      004209c0 f   libucrtd:initialization.obj
 0001:0001f9e0       ___acrt_uninitialize       004209e0 f   libucrtd:initialization.obj
 0001:0001fa00       ___acrt_uninitialize_critical 00420a00 f   libucrtd:initialization.obj
 0001:0001fa20       __controlfp_s              00420a20 f   libucrtd:contrlfp.obj
 0001:0001fb80       __get_terminate            00420b80 f   libucrtd:terminate.obj
 0001:0001fba0       _set_terminate             00420ba0 f   libucrtd:terminate.obj
 0001:0001fbe0       _terminate                 00420be0 f   libucrtd:terminate.obj
 0001:0001fcb0       ??0_LocaleUpdate@@QAE@QAU__crt_locale_pointers@@@Z 00420cb0 f i libucrtd:debug_heap.obj
 0001:0001fdd0       ??1_LocaleUpdate@@QAE@XZ   00420dd0 f i libucrtd:debug_heap.obj
 0001:0001fe10       ?GetLocaleT@_LocaleUpdate@@QAEPAU__crt_locale_pointers@@XZ 00420e10 f i libucrtd:debug_heap.obj
 0001:00021cd0       __CrtCheckMemory           00422cd0 f   libucrtd:debug_heap.obj
 0001:00021ec0       __CrtDoForAllClientObjects 00422ec0 f   libucrtd:debug_heap.obj
 0001:00022070       __CrtDumpMemoryLeaks       00423070 f   libucrtd:debug_heap.obj
 0001:00022130       __CrtGetAllocHook          00423130 f   libucrtd:debug_heap.obj
 0001:00022140       __CrtGetDumpClient         00423140 f   libucrtd:debug_heap.obj
 0001:00022150       __CrtIsMemoryBlock         00423150 f   libucrtd:debug_heap.obj
 0001:000222f0       __CrtIsValidHeapPointer    004232f0 f   libucrtd:debug_heap.obj
 0001:00022330       __CrtIsValidPointer        00423330 f   libucrtd:debug_heap.obj
 0001:00022360       __CrtMemCheckpoint         00423360 f   libucrtd:debug_heap.obj
 0001:00022620       __CrtMemDifference         00423620 f   libucrtd:debug_heap.obj
 0001:00022930       __CrtMemDumpAllObjectsSince 00423930 f   libucrtd:debug_heap.obj
 0001:000229f0       __CrtMemDumpStatistics     004239f0 f   libucrtd:debug_heap.obj
 0001:00022b60       __CrtReportBlockType       00423b60 f   libucrtd:debug_heap.obj
 0001:00022ba0       __CrtSetAllocHook          00423ba0 f   libucrtd:debug_heap.obj
 0001:00022bd0       __CrtSetBreakAlloc         00423bd0 f   libucrtd:debug_heap.obj
 0001:00022c00       __CrtSetDbgBlockType       00423c00 f   libucrtd:debug_heap.obj
 0001:00022d10       __CrtSetDbgFlag            00423d10 f   libucrtd:debug_heap.obj
 0001:00022ee0       __CrtSetDumpClient         00423ee0 f   libucrtd:debug_heap.obj
 0001:00022f10       ___acrt_get_locale_data_prefix 00423f10 f i libucrtd:debug_heap.obj
 0001:00022f30       ___acrt_locale_changed     00423f30 f i libucrtd:debug_heap.obj
 0001:00022f70       ___p__crtBreakAlloc        00423f70 f   libucrtd:debug_heap.obj
 0001:00022f80       ___p__crtDbgFlag           00423f80 f   libucrtd:debug_heap.obj
 0001:00022f90       __aligned_free_dbg         00423f90 f   libucrtd:debug_heap.obj
 0001:00023070       __aligned_malloc_dbg       00424070 f   libucrtd:debug_heap.obj
 0001:000230a0       __aligned_msize_dbg        004240a0 f   libucrtd:debug_heap.obj
 0001:00023210       __aligned_offset_malloc_dbg 00424210 f   libucrtd:debug_heap.obj
 0001:00023460       __aligned_offset_realloc_dbg 00424460 f   libucrtd:debug_heap.obj
 0001:00023830       __aligned_offset_recalloc_dbg 00424830 f   libucrtd:debug_heap.obj
 0001:00023920       __aligned_realloc_dbg      00424920 f   libucrtd:debug_heap.obj
 0001:00023950       __aligned_recalloc_dbg     00424950 f   libucrtd:debug_heap.obj
 0001:00023990       __calloc_dbg               00424990 f   libucrtd:debug_heap.obj
 0001:00023a20       __chvalidchk_l             00424a20 f i libucrtd:debug_heap.obj
 0001:00023a50       __expand_dbg               00424a50 f   libucrtd:debug_heap.obj
 0001:00023bd0       __free_dbg                 00424bd0 f   libucrtd:debug_heap.obj
 0001:00023cb0       __invoke_watson_if_oneof   00424cb0 f i libucrtd:debug_heap.obj
 0001:00023d00       __ischartype_l             00424d00 f i libucrtd:debug_heap.obj
 0001:00023d60       __malloc_dbg               00424d60 f   libucrtd:debug_heap.obj
 0001:00023d90       __msize_dbg                00424d90 f   libucrtd:debug_heap.obj
 0001:00023f80       __realloc_dbg              00424f80 f   libucrtd:debug_heap.obj
 0001:00024050       __recalloc_dbg             00425050 f   libucrtd:debug_heap.obj
 0001:00024500       _strcpy_s                  00425500 f   libucrtd:strcpy_s.obj
 0001:00024530       _strcmp                    00425530 f   libucrtd:strcmp.obj
 0001:000245e0       _strlen                    004255e0 f   libucrtd:strlen.obj
 0001:00024690       __set_abort_behavior       00425690 f   libucrtd:abort.obj
 0001:000246d0       _abort                     004256d0 f   libucrtd:abort.obj
 0001:00024760       ??$?RU?$__crt_report_hook_node@D@@@__crt_internal_free_policy@@QBEXQBU?$__crt_report_hook_node@D@@@Z 00425760 f i libucrtd:dbgrpt.obj
 0001:00024790       ??$?RU?$__crt_report_hook_node@_W@@@__crt_internal_free_policy@@QBEXQBU?$__crt_report_hook_node@_W@@@Z 00425790 f i libucrtd:dbgrpt.obj
 0001:000247c0       ??$?RV<lambda_4385efabcfedf7d3ecea3114bb4d80a3>@@AAV<lambda_0e04737ef8baea6dabca2b8414b05b67>@@V<lambda_d865d276f220a9fa71140df531e906d8>@@@?$__crt_seh_guarded_call@H@@QAEH$$QAV<lambda_4385efabcfedf7d3ecea3114bb4d80a3>@@AAV<lambda_0e04737ef8baea6dabca2b8414b05b67>@@$$QAV<lambda_d865d276f220a9fa71140df531e906d8>@@@Z 004257c0 f i libucrtd:dbgrpt.obj
 0001:00024870       ??$?RV<lambda_cc3a1c0f52e01ba2b29fe175588291fc>@@AAV<lambda_fe667bea668416e0f0232b481cd5c955>@@V<lambda_bb8fdd70844b93de4445abd0f0332611>@@@?$__crt_seh_guarded_call@H@@QAEH$$QAV<lambda_cc3a1c0f52e01ba2b29fe175588291fc>@@AAV<lambda_fe667bea668416e0f0232b481cd5c955>@@$$QAV<lambda_bb8fdd70844b93de4445abd0f0332611>@@@Z 00425870 f i libucrtd:dbgrpt.obj
 0001:00024920       ??$__acrt_lock_and_call@V<lambda_0e04737ef8baea6dabca2b8414b05b67>@@@@YAHW4__acrt_lock_id@@$$QAV<lambda_0e04737ef8baea6dabca2b8414b05b67>@@@Z 00425920 f i libucrtd:dbgrpt.obj
 0001:00024970       ??$__acrt_lock_and_call@V<lambda_fe667bea668416e0f0232b481cd5c955>@@@@YAHW4__acrt_lock_id@@$$QAV<lambda_fe667bea668416e0f0232b481cd5c955>@@@Z 00425970 f i libucrtd:dbgrpt.obj
 0001:000249c0       ??$__vcrt_va_start_verify_argument_type@QB_W@@YAXXZ 004259c0 f i libucrtd:dbgrpt.obj
 0001:000258c0       ??$get_module_file_name@AAPAUHINSTANCE__@@AAY0BAF@DK@?$__crt_char_traits@D@@SAKAAPAUHINSTANCE__@@AAY0BAF@D$$QAK@Z 004268c0 f i libucrtd:dbgrpt.obj
 0001:000258f0       ??$get_module_file_name@AAPAUHINSTANCE__@@AAY0BAF@_WK@?$__crt_char_traits@_W@@SAKAAPAUHINSTANCE__@@AAY0BAF@_W$$QAK@Z 004268f0 f i libucrtd:dbgrpt.obj
 0001:00025920       ??$tcscpy_s@AAY0BAF@DIPBD@?$__crt_char_traits@D@@SAHAAY0BAF@D$$QAI$$QAPBD@Z 00426920 f i libucrtd:dbgrpt.obj
 0001:00025950       ??$tcscpy_s@AAY0BAF@_WIPB_W@?$__crt_char_traits@_W@@SAHAAY0BAF@_W$$QAI$$QAPB_W@Z 00426950 f i libucrtd:dbgrpt.obj
 0001:00025980       ??$tcslen@AAY0BAF@D@?$__crt_char_traits@D@@SAIAAY0BAF@D@Z 00426980 f i libucrtd:dbgrpt.obj
 0001:000259a0       ??$tcslen@AAY0BAF@_W@?$__crt_char_traits@_W@@SAIAAY0BAF@_W@Z 004269a0 f i libucrtd:dbgrpt.obj
 0001:000259c0       ??$tcslen@ABQBD@?$__crt_char_traits@D@@SAIABQBD@Z 004269c0 f i libucrtd:dbgrpt.obj
 0001:000259e0       ??$tcslen@ABQB_W@?$__crt_char_traits@_W@@SAIABQB_W@Z 004269e0 f i libucrtd:dbgrpt.obj
 0001:00025b20       ??0?$__crt_unique_heap_ptr@U?$__crt_report_hook_node@D@@U__crt_internal_free_policy@@@@QAE@QAU?$__crt_report_hook_node@D@@@Z 00426b20 f i libucrtd:dbgrpt.obj
 0001:00025b40       ??0?$__crt_unique_heap_ptr@U?$__crt_report_hook_node@_W@@U__crt_internal_free_policy@@@@QAE@QAU?$__crt_report_hook_node@_W@@@Z 00426b40 f i libucrtd:dbgrpt.obj
 0001:00025b60       ??1?$__crt_unique_heap_ptr@U?$__crt_report_hook_node@D@@U__crt_internal_free_policy@@@@QAE@XZ 00426b60 f i libucrtd:dbgrpt.obj
 0001:00025b80       ??1?$__crt_unique_heap_ptr@U?$__crt_report_hook_node@_W@@U__crt_internal_free_policy@@@@QAE@XZ 00426b80 f i libucrtd:dbgrpt.obj
 0001:00025ba0       ??B?$__crt_unique_heap_ptr@U?$__crt_report_hook_node@D@@U__crt_internal_free_policy@@@@QBE_NXZ 00426ba0 f i libucrtd:dbgrpt.obj
 0001:00025bc0       ??B?$__crt_unique_heap_ptr@U?$__crt_report_hook_node@_W@@U__crt_internal_free_policy@@@@QBE_NXZ 00426bc0 f i libucrtd:dbgrpt.obj
 0001:00026260       ?detach@?$__crt_unique_heap_ptr@U?$__crt_report_hook_node@D@@U__crt_internal_free_policy@@@@QAEPAU?$__crt_report_hook_node@D@@XZ 00427260 f i libucrtd:dbgrpt.obj
 0001:00026290       ?detach@?$__crt_unique_heap_ptr@U?$__crt_report_hook_node@_W@@U__crt_internal_free_policy@@@@QAEPAU?$__crt_report_hook_node@_W@@XZ 00427290 f i libucrtd:dbgrpt.obj
 0001:000262c0       ?get@?$__crt_unique_heap_ptr@U?$__crt_report_hook_node@D@@U__crt_internal_free_policy@@@@QBEPAU?$__crt_report_hook_node@D@@XZ 004272c0 f i libucrtd:dbgrpt.obj
 0001:000262e0       ?get@?$__crt_unique_heap_ptr@U?$__crt_report_hook_node@_W@@U__crt_internal_free_policy@@@@QBEPAU?$__crt_report_hook_node@_W@@XZ 004272e0 f i libucrtd:dbgrpt.obj
 0001:00026360       ?is_valid@?$__crt_unique_heap_ptr@U?$__crt_report_hook_node@D@@U__crt_internal_free_policy@@@@QBE_NXZ 00427360 f i libucrtd:dbgrpt.obj
 0001:000263a0       ?is_valid@?$__crt_unique_heap_ptr@U?$__crt_report_hook_node@_W@@U__crt_internal_free_policy@@@@QBE_NXZ 004273a0 f i libucrtd:dbgrpt.obj
 0001:000263e0       ?release@?$__crt_unique_heap_ptr@U?$__crt_report_hook_node@D@@U__crt_internal_free_policy@@@@QAEXXZ 004273e0 f i libucrtd:dbgrpt.obj
 0001:00026420       ?release@?$__crt_unique_heap_ptr@U?$__crt_report_hook_node@_W@@U__crt_internal_free_policy@@@@QAEXXZ 00427420 f i libucrtd:dbgrpt.obj
 0001:00026460       __CrtDbgReport             00427460 f   libucrtd:dbgrpt.obj
 0001:000264c0       __CrtDbgReportW            004274c0 f   libucrtd:dbgrpt.obj
 0001:00026520       __CrtSetReportHook2        00427520 f   libucrtd:dbgrpt.obj
 0001:00026540       __CrtSetReportHookW2       00427540 f   libucrtd:dbgrpt.obj
 0001:00026560       ___acrt_MessageWindowA     00427560 f   libucrtd:dbgrpt.obj
 0001:00026590       ___acrt_MessageWindowW     00427590 f   libucrtd:dbgrpt.obj
 0001:000265c0       __snwprintf_s              004275c0 f i libucrtd:dbgrpt.obj
 0001:00026620       __vsnwprintf_s_l           00427620 f i libucrtd:dbgrpt.obj
 0001:00026690       ??$?0ABV?$stream_output_adapter@D@__crt_stdio_output@@AB_KABQBDABQAU__crt_locale_pointers@@ABQAD@?$format_validation_base@DV?$stream_output_adapter@D@__crt_stdio_output@@@__crt_stdio_output@@IAE@ABV?$stream_output_adapter@D@1@AB_KABQBDABQAU__crt_locale_pointers@@ABQAD@Z 00427690 f i libucrtd:output.obj
 0001:000266d0       ??$?0ABV?$stream_output_adapter@D@__crt_stdio_output@@AB_KABQBDABQAU__crt_locale_pointers@@ABQAD@?$positional_parameter_base@DV?$stream_output_adapter@D@__crt_stdio_output@@@__crt_stdio_output@@IAE@ABV?$stream_output_adapter@D@1@AB_KABQBDABQAU__crt_locale_pointers@@ABQAD@Z 004276d0 f i libucrtd:output.obj
 0001:00026760       ??$?0ABV?$stream_output_adapter@D@__crt_stdio_output@@AB_KABQBDABQAU__crt_locale_pointers@@ABQAD@?$standard_base@DV?$stream_output_adapter@D@__crt_stdio_output@@@__crt_stdio_output@@IAE@ABV?$stream_output_adapter@D@1@AB_KABQBDABQAU__crt_locale_pointers@@ABQAD@Z 00427760 f i libucrtd:output.obj
 0001:000267c0       ??$?0ABV?$stream_output_adapter@_W@__crt_stdio_output@@AB_KABQB_WABQAU__crt_locale_pointers@@ABQAD@?$format_validation_base@_WV?$stream_output_adapter@_W@__crt_stdio_output@@@__crt_stdio_output@@IAE@ABV?$stream_output_adapter@_W@1@AB_KABQB_WABQAU__crt_locale_pointers@@ABQAD@Z 004277c0 f i libucrtd:output.obj
 0001:00026800       ??$?0ABV?$stream_output_adapter@_W@__crt_stdio_output@@AB_KABQB_WABQAU__crt_locale_pointers@@ABQAD@?$positional_parameter_base@_WV?$stream_output_adapter@_W@__crt_stdio_output@@@__crt_stdio_output@@IAE@ABV?$stream_output_adapter@_W@1@AB_KABQB_WABQAU__crt_locale_pointers@@ABQAD@Z 00427800 f i libucrtd:output.obj
 0001:00026890       ??$?0ABV?$stream_output_adapter@_W@__crt_stdio_output@@AB_KABQB_WABQAU__crt_locale_pointers@@ABQAD@?$standard_base@_WV?$stream_output_adapter@_W@__crt_stdio_output@@@__crt_stdio_output@@IAE@ABV?$stream_output_adapter@_W@1@AB_KABQB_WABQAU__crt_locale_pointers@@ABQAD@Z 00427890 f i libucrtd:output.obj
 0001:000268f0       ??$?0ABV?$string_output_adapter@D@__crt_stdio_output@@AB_KABQBDABQAU__crt_locale_pointers@@ABQAD@?$format_validation_base@DV?$string_output_adapter@D@__crt_stdio_output@@@__crt_stdio_output@@IAE@ABV?$string_output_adapter@D@1@AB_KABQBDABQAU__crt_locale_pointers@@ABQAD@Z 004278f0 f i libucrtd:output.obj
 0001:00026930       ??$?0ABV?$string_output_adapter@D@__crt_stdio_output@@AB_KABQBDABQAU__crt_locale_pointers@@ABQAD@?$positional_parameter_base@DV?$string_output_adapter@D@__crt_stdio_output@@@__crt_stdio_output@@IAE@ABV?$string_output_adapter@D@1@AB_KABQBDABQAU__crt_locale_pointers@@ABQAD@Z 00427930 f i libucrtd:output.obj
 0001:000269c0       ??$?0ABV?$string_output_adapter@D@__crt_stdio_output@@AB_KABQBDABQAU__crt_locale_pointers@@ABQAD@?$standard_base@DV?$string_output_adapter@D@__crt_stdio_output@@@__crt_stdio_output@@IAE@ABV?$string_output_adapter@D@1@AB_KABQBDABQAU__crt_locale_pointers@@ABQAD@Z 004279c0 f i libucrtd:output.obj
 0001:00026a20       ??$?0ABV?$string_output_adapter@_W@__crt_stdio_output@@AB_KABQB_WABQAU__crt_locale_pointers@@ABQAD@?$format_validation_base@_WV?$string_output_adapter@_W@__crt_stdio_output@@@__crt_stdio_output@@IAE@ABV?$string_output_adapter@_W@1@AB_KABQB_WABQAU__crt_locale_pointers@@ABQAD@Z 00427a20 f i libucrtd:output.obj
 0001:00026a60       ??$?0ABV?$string_output_adapter@_W@__crt_stdio_output@@AB_KABQB_WABQAU__crt_locale_pointers@@ABQAD@?$positional_parameter_base@_WV?$string_output_adapter@_W@__crt_stdio_output@@@__crt_stdio_output@@IAE@ABV?$string_output_adapter@_W@1@AB_KABQB_WABQAU__crt_locale_pointers@@ABQAD@Z 00427a60 f i libucrtd:output.obj
 0001:00026af0       ??$?0ABV?$string_output_adapter@_W@__crt_stdio_output@@AB_KABQB_WABQAU__crt_locale_pointers@@ABQAD@?$standard_base@_WV?$string_output_adapter@_W@__crt_stdio_output@@@__crt_stdio_output@@IAE@ABV?$string_output_adapter@_W@1@AB_KABQB_WABQAU__crt_locale_pointers@@ABQAD@Z 00427af0 f i libucrtd:output.obj
 0001:00026b50       ??$?RV<lambda_2293f24e3ce1ad6fe22ccfb9dec07671>@@AAV<lambda_2565fc715a641e539f44ad02d6823606>@@V<lambda_d3217f279b832965d9ca670dc2993570>@@@?$__crt_seh_guarded_call@H@@QAEH$$QAV<lambda_2293f24e3ce1ad6fe22ccfb9dec07671>@@AAV<lambda_2565fc715a641e539f44ad02d6823606>@@$$QAV<lambda_d3217f279b832965d9ca670dc2993570>@@@Z 00427b50 f i libucrtd:output.obj
 0001:00026c00       ??$?RV<lambda_4d4ac866be0fa3c441830420fabdd2cb>@@AAV<lambda_63a10c2dc8dbb9e4dd1890be52af7c93>@@V<lambda_002af9fa0f8fe472b648c51882d4fc32>@@@?$__crt_seh_guarded_call@H@@QAEH$$QAV<lambda_4d4ac866be0fa3c441830420fabdd2cb>@@AAV<lambda_63a10c2dc8dbb9e4dd1890be52af7c93>@@$$QAV<lambda_002af9fa0f8fe472b648c51882d4fc32>@@@Z 00427c00 f i libucrtd:output.obj
 0001:00026cb0       ??$?RV<lambda_5be909dfbae0a631386585770cd7b676>@@AAV<lambda_e516058a9c289d98c8ca9fea99247804>@@V<lambda_afe2e0cdc5e0ecf6f0d6f5e2f8985e38>@@@?$__crt_seh_guarded_call@H@@QAEH$$QAV<lambda_5be909dfbae0a631386585770cd7b676>@@AAV<lambda_e516058a9c289d98c8ca9fea99247804>@@$$QAV<lambda_afe2e0cdc5e0ecf6f0d6f5e2f8985e38>@@@Z 00427cb0 f i libucrtd:output.obj
 0001:00026d60       ??$?RV<lambda_823d65812123d985753d53e2a8c25d20>@@AAV<lambda_0a97c9e57da7be065955385c79108ff2>@@V<lambda_4d2973f3ad2d226f00468307185dca1b>@@@?$__crt_seh_guarded_call@H@@QAEH$$QAV<lambda_823d65812123d985753d53e2a8c25d20>@@AAV<lambda_0a97c9e57da7be065955385c79108ff2>@@$$QAV<lambda_4d2973f3ad2d226f00468307185dca1b>@@@Z 00427d60 f i libucrtd:output.obj
 0001:00026e10       ??$?RV<lambda_ab9923ffb5d694ec0d78876dd103e44f>@@AAV<lambda_481dd5778c961fbcd3b60b650e9b9dc4>@@V<lambda_7923d86c9e3f319b415918ec4b39749c>@@@?$__crt_seh_guarded_call@H@@QAEH$$QAV<lambda_ab9923ffb5d694ec0d78876dd103e44f>@@AAV<lambda_481dd5778c961fbcd3b60b650e9b9dc4>@@$$QAV<lambda_7923d86c9e3f319b415918ec4b39749c>@@@Z 00427e10 f i libucrtd:output.obj
 0001:00026ec0       ??$?RV<lambda_db08b09ef7aa9d4f8620ce68402612bc>@@AAV<lambda_4f2c1eaeead2a5fc776db5b62ea0fb9b>@@V<lambda_3ae262bc35d4ba6a3825c4f6bcaaf95c>@@@?$__crt_seh_guarded_call@H@@QAEH$$QAV<lambda_db08b09ef7aa9d4f8620ce68402612bc>@@AAV<lambda_4f2c1eaeead2a5fc776db5b62ea0fb9b>@@$$QAV<lambda_3ae262bc35d4ba6a3825c4f6bcaaf95c>@@@Z 00427ec0 f i libucrtd:output.obj
 0001:00026f70       ??$__acrt_lock_stream_and_call@V<lambda_0a97c9e57da7be065955385c79108ff2>@@@@YAHQAU_iobuf@@$$QAV<lambda_0a97c9e57da7be065955385c79108ff2>@@@Z 00427f70 f i libucrtd:output.obj
 0001:00026fc0       ??$__acrt_lock_stream_and_call@V<lambda_2565fc715a641e539f44ad02d6823606>@@@@YAHQAU_iobuf@@$$QAV<lambda_2565fc715a641e539f44ad02d6823606>@@@Z 00427fc0 f i libucrtd:output.obj
 0001:00027010       ??$__acrt_lock_stream_and_call@V<lambda_481dd5778c961fbcd3b60b650e9b9dc4>@@@@YAHQAU_iobuf@@$$QAV<lambda_481dd5778c961fbcd3b60b650e9b9dc4>@@@Z 00428010 f i libucrtd:output.obj
 0001:00027060       ??$__acrt_lock_stream_and_call@V<lambda_4f2c1eaeead2a5fc776db5b62ea0fb9b>@@@@YAHQAU_iobuf@@$$QAV<lambda_4f2c1eaeead2a5fc776db5b62ea0fb9b>@@@Z 00428060 f i libucrtd:output.obj
 0001:000270b0       ??$__acrt_lock_stream_and_call@V<lambda_63a10c2dc8dbb9e4dd1890be52af7c93>@@@@YAHQAU_iobuf@@$$QAV<lambda_63a10c2dc8dbb9e4dd1890be52af7c93>@@@Z 004280b0 f i libucrtd:output.obj
[...]
 0002:00020da0       ??_R4pDNameNode@@6B@       004b1da0     libvcruntimed:undname.obj
 0002:00020db8       ??_R3pDNameNode@@8         004b1db8     libvcruntimed:undname.obj
 0002:00020dcc       ??_R2pDNameNode@@8         004b1dcc     libvcruntimed:undname.obj
 0002:00020dd8       ??_R1A@?0A@EA@pDNameNode@@8 004b1dd8     libvcruntimed:undname.obj
 0002:00020dfc       ??_R4DNameStatusNode@@6B@  004b1dfc     libvcruntimed:undname.obj
 0002:00020e14       ??_R3DNameStatusNode@@8    004b1e14     libvcruntimed:undname.obj
 0002:00020e28       ??_R2DNameStatusNode@@8    004b1e28     libvcruntimed:undname.obj
 0002:00020e34       ??_R1A@?0A@EA@DNameStatusNode@@8 004b1e34     libvcruntimed:undname.obj
 0002:00020e58       ??_R4pairNode@@6B@         004b1e58     libvcruntimed:undname.obj
 0002:00020e70       ??_R3pairNode@@8           004b1e70     libvcruntimed:undname.obj
 0002:00020e84       ??_R2pairNode@@8           004b1e84     libvcruntimed:undname.obj
 0002:00020e90       ??_R1A@?0A@EA@pairNode@@8  004b1e90     libvcruntimed:undname.obj
 0002:00020eb4       ??_R4type_info@@6B@        004b1eb4     LIBCMTD:std_type_info_static.obj
 0002:00020ecc       ??_R3type_info@@8          004b1ecc     LIBCMTD:std_type_info_static.obj
 0002:00020ee0       ??_R2type_info@@8          004b1ee0     LIBCMTD:std_type_info_static.obj
 0002:00020ee8       ??_R1A@?0A@EA@type_info@@8 004b1ee8     LIBCMTD:std_type_info_static.obj
 0002:00020f0c       ??_R4exception@std@@6B@    004b1f0c     libvcruntimed:frame.obj
 0002:00020f24       ??_R3exception@std@@8      004b1f24     libvcruntimed:frame.obj
 0002:00020f38       ??_R2exception@std@@8      004b1f38     libvcruntimed:frame.obj
 0002:00020f40       ??_R1A@?0A@EA@exception@std@@8 004b1f40     libvcruntimed:frame.obj
 0002:00020f64       ??_R4bad_exception@std@@6B@ 004b1f64     libvcruntimed:frame.obj
 0002:00020f7c       ??_R3bad_exception@std@@8  004b1f7c     libvcruntimed:frame.obj
 0002:00020f90       ??_R2bad_exception@std@@8  004b1f90     libvcruntimed:frame.obj
 0002:00020f9c       ??_R1A@?0A@EA@bad_exception@std@@8 004b1f9c     libvcruntimed:frame.obj
 0002:000210e0       ___safe_se_handler_table   004b20e0     <linker-defined>
 0002:000213c8       ___rtc_iaa                 004b23c8     LIBCMTD:_initsect_.obj
 0002:000214cc       ___rtc_izz                 004b24cc     LIBCMTD:_initsect_.obj
 0002:000215d0       ___rtc_taa                 004b25d0     LIBCMTD:_initsect_.obj
 0002:000216d4       ___rtc_tzz                 004b26d4     LIBCMTD:_initsect_.obj
 0002:00022318       __TI2?AVbad_exception@std@@ 004b3318     libvcruntimed:frame.obj
 0002:0002232c       __CTA2?AVbad_exception@std@@ 004b332c     libvcruntimed:frame.obj
 0002:0002233c       __CT??_R0?AVbad_exception@std@@@8??0bad_exception@std@@QAE@ABV01@@Z12 004b333c     libvcruntimed:frame.obj
 0002:0002235c       __CT??_R0?AVexception@std@@@8??0exception@std@@QAE@ABV01@@Z12 004b335c     libvcruntimed:frame.obj
 0003:00001404       ___scrt_native_dllmain_reason 004b5404     LIBCMTD:utility.obj
 0003:00001408       ___scrt_default_matherr    004b5408     LIBCMTD:matherr.obj
 0003:0000140c       ___security_cookie_complement 004b540c     LIBCMTD:gs_cookie.obj
 0003:00001410       ___security_cookie         004b5410     LIBCMTD:gs_cookie.obj
 0003:00001418       ___isa_enabled             004b5418     LIBCMTD:_cpu_disp_.obj
 0003:00001430       __NLG_Destination          004b5430     libvcruntimed:_exsup_.obj
 0003:0000144c       __crtDbgFlag               004b544c     libucrtd:debug_heap.obj
 0003:00001450       __crtBreakAlloc            004b5450     libucrtd:debug_heap.obj
 0003:00001460       ___abort_behavior          004b5460     libucrtd:abort.obj
 0003:00001470       __iob                      004b5470     libucrtd:_file.obj
 0003:00001540       ___badioinfo               004b5540     libucrtd:ioinit.obj
 0003:000016a8       __mbctype                  004b56a8     libucrtd:mbctype.obj
 0003:000017e0       __mbcasemap                004b57e0     libucrtd:mbctype.obj
 0003:00001918       ___acrt_initial_multibyte_data 004b5918     libucrtd:mbctype.obj
 0003:00001ba4       ___acrt_current_multibyte_data 004b5ba4     libucrtd:mbctype.obj
 0003:00001ba8       __pctype                   004b5ba8     libucrtd:ctype.obj
 0003:00001bac       __pwctype                  004b5bac     libucrtd:ctype.obj
 0003:00001bb0       ___mb_cur_max              004b5bb0     libucrtd:nlsdata.obj
 0003:00001bb8       ___acrt_initial_locale_data 004b5bb8     libucrtd:nlsdata.obj
 0003:00001c94       ___acrt_initial_locale_pointers 004b5c94     libucrtd:nlsdata.obj
 0003:00001ca0       ___acrt_wide_c_locale_string 004b5ca0     libucrtd:nlsdata.obj
 0003:00001ca4       ___acrt_lconv_static_decimal 004b5ca4     libucrtd:localeconv.obj
 0003:00001ca8       ___acrt_lconv_static_W_decimal 004b5ca8     libucrtd:localeconv.obj
 0003:00001cb0       ___acrt_lconv_c            004b5cb0     libucrtd:localeconv.obj
 0003:00001d10       ___acrt_lconv              004b5d10     libucrtd:localeconv.obj
 0003:00001d14       ___globallocalestatus      004b5d14     libucrtd:glstatus.obj
 0003:00001d1c       __pfnAllocHook             004b5d1c     libucrtd:debug_heap_hook.obj
 0003:00001d24       __CrtDbgMode               004b5d24     libucrtd:dbgrptt.obj
 0003:00001d34       __CrtDbgFile               004b5d34     libucrtd:dbgrptt.obj
 0003:00001d44       __crtAssertBusy            004b5d44     libucrtd:dbgrptt.obj
 0003:00001d60       ___dcrt_lowio_console_output_handle 004b5d60     libucrtd:initcon.obj
 0003:00001d70       __fltused                  004b5d70     LIBCMTD:fltused.obj
 0003:00001eb8       ??_R0?AVDNameNode@@@8      004b5eb8     libvcruntimed:undname.obj
 0003:00001ed4       ??_R0?AVcharNode@@@8       004b5ed4     libvcruntimed:undname.obj
 0003:00001ef0       ??_R0?AVpcharNode@@@8      004b5ef0     libvcruntimed:undname.obj
 0003:00001f0c       ??_R0?AVpDNameNode@@@8     004b5f0c     libvcruntimed:undname.obj
 0003:00001f2c       ??_R0?AVDNameStatusNode@@@8 004b5f2c     libvcruntimed:undname.obj
 0003:00001f50       ??_R0?AVpairNode@@@8       004b5f50     libvcruntimed:undname.obj
 0003:00001f6c       ??_R0?AVtype_info@@@8      004b5f6c     LIBCMTD:std_type_info_static.obj
 0003:00001f88       ??_R0?AVbad_exception@std@@@8 004b5f88     libvcruntimed:frame.obj
 0003:00001fb0       ??_R0?AVexception@std@@@8  004b5fb0     libvcruntimed:frame.obj
 0003:00001fd4       ??_R0?AVbad_alloc@std@@@8  004b5fd4     libvcruntimed:frame.obj
 0003:00002100       ___scrt_current_native_startup_state 004b6100     LIBCMTD:utility.obj
 0003:00002104       ___scrt_native_startup_lock 004b6104     LIBCMTD:utility.obj
 0003:00002128       ?__type_info_root_node@@3U__type_info_node@@A 004b6128     LIBCMTD:tncleanup.obj
 0003:00002138       ?_OptionsStorage@?1??__local_stdio_printf_options@@9@4_KA 004b6138     LIBCMTD:default_local_stdio_options.obj
 0003:00002148       ?_OptionsStorage@?1??__local_stdio_scanf_options@@9@4_KA 004b6148     LIBCMTD:default_local_stdio_options.obj
 0003:00002154       ___scrt_debugger_hook_flag 004b6154     LIBCMTD:utility_desktop.obj
 0003:00002158       ___isa_available           004b6158     LIBCMTD:_cpu_disp_.obj
 0003:0000215c       ___favor                   004b615c     LIBCMTD:_cpu_disp_.obj
 0003:000025b8       ___pPurecall               004b65b8     libvcruntimed:purevirt_data.obj
 0003:000025bc       ?pArgList@UnDecorator@@0PAVReplicator@@A 004b65bc     libvcruntimed:undname.obj
 0003:000025c0       ?pZNameList@UnDecorator@@0PAVReplicator@@A 004b65c0     libvcruntimed:undname.obj
 0003:000025c4       ?pTemplateArgList@UnDecorator@@0PAVReplicator@@A 004b65c4     libvcruntimed:undname.obj
 0003:000025c8       ?gName@UnDecorator@@0PBDB  004b65c8     libvcruntimed:undname.obj
 0003:000025cc       ?name@UnDecorator@@0PBDB   004b65cc     libvcruntimed:undname.obj
 0003:000025d0       ?outputString@UnDecorator@@0PADA 004b65d0     libvcruntimed:undname.obj
 0003:000025d4       ?maxStringLength@UnDecorator@@0HA 004b65d4     libvcruntimed:undname.obj
 0003:000025d8       ?disableFlags@UnDecorator@@0KA 004b65d8     libvcruntimed:undname.obj
 0003:000025dc       ?fExplicitTemplateParams@UnDecorator@@0_NA 004b65dc     libvcruntimed:undname.obj
 0003:000025dd       ?fGetTemplateArgumentList@UnDecorator@@0_NA 004b65dd     libvcruntimed:undname.obj
 0003:000025e0       ?m_pGetParameter@UnDecorator@@0P6APADJ@ZA 004b65e0     libvcruntimed:undname.obj
 0003:00002668       ?nodes@?1??make@DNameStatusNode@@SAPAV2@W4DNameStatus@@@Z@4PAV2@A 004b6668     libvcruntimed:undname.obj
 0003:000026a4       ??_B?1??make@DNameStatusNode@@SAPAV1@W4DNameStatus@@@Z@51 004b66a4     libvcruntimed:undname.obj
 0003:000031cc       __environ_table            004b71cc     libucrtd:environment_initialization.obj
 0003:000031d0       __wenviron_table           004b71d0     libucrtd:environment_initialization.obj
 0003:000031d8       ___dcrt_initial_wide_environment 004b71d8     libucrtd:environment_initialization.obj
 0003:000031dc       ___dcrt_initial_narrow_environment 004b71dc     libucrtd:environment_initialization.obj
 0003:000031ec       ___argc                    004b71ec     libucrtd:argv_data.obj
 0003:000031f0       ___argv                    004b71f0     libucrtd:argv_data.obj
 0003:000031f4       ___wargv                   004b71f4     libucrtd:argv_data.obj
 0003:000031f8       __acmdln                   004b71f8     libucrtd:argv_data.obj
 0003:000031fc       __wcmdln                   004b71fc     libucrtd:argv_data.obj
 0003:00003200       __pgmptr                   004b7200     libucrtd:argv_data.obj
 0003:00003204       __wpgmptr                  004b7204     libucrtd:argv_data.obj
 0003:00003208       ___acrt_locale_changed_data 004b7208     libucrtd:wsetlocale.obj
 0003:00003210       __commode                  004b7210     libucrtd:ncommode.obj
 0003:00003214       ___acrt_atexit_table       004b7214     libucrtd:onexit.obj
 0003:00003224       ___acrt_at_quick_exit_table 004b7224     libucrtd:onexit.obj
 0003:00003250       __pfnDumpClient            004b7250     libucrtd:debug_heap.obj
 0003:0000325c       __nstream                  004b725c     libucrtd:_file.obj
 0003:00003260       ___piob                    004b7260     libucrtd:_file.obj
 0003:00003268       __cflush                   004b7268     libucrtd:_file.obj
 0003:0000326c       ___acrt_stdout_buffer      004b726c     libucrtd:_sftbuf.obj
 0003:00003270       ___acrt_stderr_buffer      004b7270     libucrtd:_sftbuf.obj
 0003:00003278       ___pioinfo                 004b7278     libucrtd:ioinit.obj
 0003:000034e0       __nhandle                  004b74e0     libucrtd:ioinit.obj
 0003:000034e8       ___mbcodepage              004b74e8     libucrtd:mbctype.obj
 0003:000034ec       ___ismbcodepage            004b74ec     libucrtd:mbctype.obj
 0003:000034f0       ___mbulinfo                004b74f0     libucrtd:mbctype.obj
 0003:00003504       ___mblocalename            004b7504     libucrtd:mbctype.obj
 0003:00003794       __fmode                    004b7794     libucrtd:txtmode.obj
 0003:00003798       ___acrt_current_locale_data 004b7798     libucrtd:nlsdata.obj
 0003:0000379c       ___acrt_lconv_static_null  004b779c     libucrtd:localeconv.obj
 0003:000037a0       ___acrt_lconv_static_W_null 004b77a0     libucrtd:localeconv.obj
 0003:000037a4       ___acrt_heap               004b77a4     libucrtd:heap_handle.obj
 0003:000037c4       __pReportHookListW         004b77c4     libucrtd:dbgrptt.obj
 0003:000037c8       __pfnReportHook            004b77c8     libucrtd:dbgrptt.obj
 0003:000037cc       __pReportHookList          004b77cc     libucrtd:dbgrptt.obj
 0003:000037d8       ___fastflag                004b77d8     libucrtd:fp_flags.obj
 0003:000037e0       ?g_OutOfMemoryExceptionCallback@@3P6GPAXXZA 004b77e0     libvcruntimed:frame.obj
 0003:000037e4       ___scrt_ucrt_dll_is_in_use 004b77e4     <common>
 0003:000037f0       ___dyn_tls_dtor_callback   004b77f0     <common>
 0003:000037fc       ___dyn_tls_init_callback   004b77fc     <common>
 0003:00003808       __pmatherr                 004b7808     <common>
 0003:00003814       ___use_sse2_mathfcns       004b7814     <common>
 0004:00000000       __imp__QueryPerformanceCounter@4 004b8000     kernel32:KERNEL32.dll
 0004:00000004       __imp__GetCurrentProcessId@0 004b8004     kernel32:KERNEL32.dll
 0004:00000008       __imp__GetCurrentThreadId@0 004b8008     kernel32:KERNEL32.dll
 0004:0000000c       __imp__GetSystemTimeAsFileTime@4 004b800c     kernel32:KERNEL32.dll
 0004:00000010       __imp__InitializeSListHead@4 004b8010     kernel32:KERNEL32.dll
 0004:00000014       __imp__IsDebuggerPresent@0 004b8014     kernel32:KERNEL32.dll
 0004:00000018       __imp__UnhandledExceptionFilter@4 004b8018     kernel32:KERNEL32.dll
 0004:0000001c       __imp__SetUnhandledExceptionFilter@4 004b801c     kernel32:KERNEL32.dll
 0004:00000020       __imp__GetStartupInfoW@4   004b8020     kernel32:KERNEL32.dll
 0004:00000024       __imp__IsProcessorFeaturePresent@4 004b8024     kernel32:KERNEL32.dll
 0004:00000028       __imp__GetModuleHandleW@4  004b8028     kernel32:KERNEL32.dll
 0004:0000002c       __imp__GetCurrentProcess@0 004b802c     kernel32:KERNEL32.dll
 0004:00000030       __imp__TerminateProcess@8  004b8030     kernel32:KERNEL32.dll
 0004:00000034       __imp__InterlockedPushEntrySList@8 004b8034     kernel32:KERNEL32.dll
 0004:00000038       __imp__InterlockedFlushSList@4 004b8038     kernel32:KERNEL32.dll
 0004:0000003c       __imp__RtlUnwind@16        004b803c     kernel32:KERNEL32.dll
 0004:00000040       __imp__GetLastError@0      004b8040     kernel32:KERNEL32.dll
 0004:00000044       __imp__SetLastError@4      004b8044     kernel32:KERNEL32.dll
 0004:00000048       __imp__EnterCriticalSection@4 004b8048     kernel32:KERNEL32.dll
 0004:0000004c       __imp__LeaveCriticalSection@4 004b804c     kernel32:KERNEL32.dll
 0004:00000050       __imp__DeleteCriticalSection@4 004b8050     kernel32:KERNEL32.dll
 0004:00000054       __imp__InitializeCriticalSectionAndSpinCount@8 004b8054     kernel32:KERNEL32.dll
 0004:00000058       __imp__TlsAlloc@0          004b8058     kernel32:KERNEL32.dll
 0004:0000005c       __imp__TlsGetValue@4       004b805c     kernel32:KERNEL32.dll
 0004:00000060       __imp__TlsSetValue@8       004b8060     kernel32:KERNEL32.dll
 0004:00000064       __imp__TlsFree@4           004b8064     kernel32:KERNEL32.dll
 0004:00000068       __imp__FreeLibrary@4       004b8068     kernel32:KERNEL32.dll
 0004:0000006c       __imp__GetProcAddress@8    004b806c     kernel32:KERNEL32.dll
 0004:00000070       __imp__LoadLibraryExW@12   004b8070     kernel32:KERNEL32.dll
 0004:00000074       __imp__GetStdHandle@4      004b8074     kernel32:KERNEL32.dll
 0004:00000078       __imp__WriteFile@20        004b8078     kernel32:KERNEL32.dll
 0004:0000007c       __imp__GetModuleFileNameW@12 004b807c     kernel32:KERNEL32.dll
 0004:00000080       __imp__GetModuleFileNameA@12 004b8080     kernel32:KERNEL32.dll
 0004:00000084       __imp__MultiByteToWideChar@24 004b8084     kernel32:KERNEL32.dll
 0004:00000088       __imp__WideCharToMultiByte@32 004b8088     kernel32:KERNEL32.dll
 0004:0000008c       __imp__ExitProcess@4       004b808c     kernel32:KERNEL32.dll
 0004:00000090       __imp__GetModuleHandleExW@12 004b8090     kernel32:KERNEL32.dll
 0004:00000094       __imp__GetCommandLineA@0   004b8094     kernel32:KERNEL32.dll
 0004:00000098       __imp__GetCommandLineW@0   004b8098     kernel32:KERNEL32.dll
 0004:0000009c       __imp__GetACP@0            004b809c     kernel32:KERNEL32.dll
 0004:000000a0       __imp__HeapAlloc@12        004b80a0     kernel32:KERNEL32.dll
 0004:000000a4       __imp__HeapValidate@12     004b80a4     kernel32:KERNEL32.dll
 0004:000000a8       __imp__GetSystemInfo@4     004b80a8     kernel32:KERNEL32.dll
 0004:000000ac       __imp__GetFileType@4       004b80ac     kernel32:KERNEL32.dll
 0004:000000b0       __imp__GetCurrentThread@0  004b80b0     kernel32:KERNEL32.dll
 0004:000000b4       __imp__OutputDebugStringA@4 004b80b4     kernel32:KERNEL32.dll
 0004:000000b8       __imp__OutputDebugStringW@4 004b80b8     kernel32:KERNEL32.dll
 0004:000000bc       __imp__CloseHandle@4       004b80bc     kernel32:KERNEL32.dll
 0004:000000c0       __imp__WaitForSingleObjectEx@12 004b80c0     kernel32:KERNEL32.dll
 0004:000000c4       __imp__CreateThread@24     004b80c4     kernel32:KERNEL32.dll
 0004:000000c8       __imp__FindClose@4         004b80c8     kernel32:KERNEL32.dll
 0004:000000cc       __imp__FindFirstFileExA@24 004b80cc     kernel32:KERNEL32.dll
 0004:000000d0       __imp__FindFirstFileExW@24 004b80d0     kernel32:KERNEL32.dll
 0004:000000d4       __imp__FindNextFileA@8     004b80d4     kernel32:KERNEL32.dll
 0004:000000d8       __imp__FindNextFileW@8     004b80d8     kernel32:KERNEL32.dll
 0004:000000dc       __imp__IsValidCodePage@4   004b80dc     kernel32:KERNEL32.dll
 0004:000000e0       __imp__GetOEMCP@0          004b80e0     kernel32:KERNEL32.dll
 0004:000000e4       __imp__GetCPInfo@8         004b80e4     kernel32:KERNEL32.dll
 0004:000000e8       __imp__GetEnvironmentStringsW@0 004b80e8     kernel32:KERNEL32.dll
 0004:000000ec       __imp__FreeEnvironmentStringsW@4 004b80ec     kernel32:KERNEL32.dll
 0004:000000f0       __imp__SetEnvironmentVariableA@8 004b80f0     kernel32:KERNEL32.dll
 0004:000000f4       __imp__SetEnvironmentVariableW@8 004b80f4     kernel32:KERNEL32.dll
 0004:000000f8       __imp__GetDateFormatW@24   004b80f8     kernel32:KERNEL32.dll
 0004:000000fc       __imp__GetTimeFormatW@24   004b80fc     kernel32:KERNEL32.dll
 0004:00000100       __imp__CompareStringW@24   004b8100     kernel32:KERNEL32.dll
 0004:00000104       __imp__LCMapStringW@24     004b8104     kernel32:KERNEL32.dll
 0004:00000108       __imp__GetLocaleInfoW@16   004b8108     kernel32:KERNEL32.dll
 0004:0000010c       __imp__IsValidLocale@8     004b810c     kernel32:KERNEL32.dll
 0004:00000110       __imp__GetUserDefaultLCID@0 004b8110     kernel32:KERNEL32.dll
 0004:00000114       __imp__EnumSystemLocalesW@8 004b8114     kernel32:KERNEL32.dll
 0004:00000118       __imp__SetStdHandle@8      004b8118     kernel32:KERNEL32.dll
 0004:0000011c       __imp__GetStringTypeW@16   004b811c     kernel32:KERNEL32.dll
 0004:00000120       __imp__GetProcessHeap@0    004b8120     kernel32:KERNEL32.dll
 0004:00000124       __imp__SetConsoleCtrlHandler@8 004b8124     kernel32:KERNEL32.dll
 0004:00000128       __imp__HeapFree@12         004b8128     kernel32:KERNEL32.dll
 0004:0000012c       __imp__HeapReAlloc@16      004b812c     kernel32:KERNEL32.dll
 0004:00000130       __imp__HeapSize@12         004b8130     kernel32:KERNEL32.dll
 0004:00000134       __imp__HeapQueryInformation@20 004b8134     kernel32:KERNEL32.dll
 0004:00000138       __imp__WriteConsoleW@20    004b8138     kernel32:KERNEL32.dll
 0004:0000013c       __imp__GetConsoleCP@0      004b813c     kernel32:KERNEL32.dll
 0004:00000140       __imp__GetConsoleMode@8    004b8140     kernel32:KERNEL32.dll
 0004:00000144       __imp__FlushFileBuffers@4  004b8144     kernel32:KERNEL32.dll
 0004:00000148       __imp__SetFilePointerEx@20 004b8148     kernel32:KERNEL32.dll
 0004:0000014c       __imp__CreateFileW@28      004b814c     kernel32:KERNEL32.dll
 0004:00000150       __imp__EncodePointer@4     004b8150     kernel32:KERNEL32.dll
 0004:00000154       __imp__DecodePointer@4     004b8154     kernel32:KERNEL32.dll
 0004:00000158       __imp__RaiseException@16   004b8158     kernel32:KERNEL32.dll
 0004:0000015c       \177KERNEL32_NULL_THUNK_DATA 004b815c     kernel32:KERNEL32.dll
 0004:000001cc       __IMPORT_DESCRIPTOR_KERNEL32 004b81cc     kernel32:KERNEL32.dll
 0004:000001e0       __NULL_IMPORT_DESCRIPTOR   004b81e0     kernel32:KERNEL32.dll
 0006:00000000       ___guard_check_icall_fptr  004ba000     LIBCMTD:guard_support.obj
