 clidemo

 Timestamp is 5e5eb1a7 (Tue Mar  3 15:36:07 2020)

 Preferred load address is 00400000

 Start         Length     Name                   Class
 0001:00000000 0000d591H .text$mn                CODE
 0002:00000000 000001e0H .idata$5                DATA
 0002:000001e0 00000004H .00cfg                  DATA
 0002:000001e4 00000004H .CRT$XCA                DATA
 0002:000001e8 00000004H .CRT$XCAA               DATA
 0002:000001ec 00000004H .CRT$XCZ                DATA
 0002:000001f0 00000004H .CRT$XIA                DATA
 0002:000001f4 00000004H .CRT$XIAA               DATA
 0002:000001f8 00000004H .CRT$XIAC               DATA
 0002:000001fc 00000004H .CRT$XIZ                DATA
 0002:00000200 00000004H .CRT$XPA                DATA
 0002:00000204 00000004H .CRT$XPZ                DATA
 0002:00000208 00000004H .CRT$XTA                DATA
 0002:0000020c 00000004H .CRT$XTZ                DATA
 0002:00000210 00002910H .rdata                  DATA
 0002:00002b20 00000004H .rdata$sxdata           DATA
 0002:00002b24 00000240H .rdata$zzzdbg           DATA
 0002:00002d64 00000004H .rtc$IAA                DATA
 0002:00002d68 00000004H .rtc$IZZ                DATA
 0002:00002d6c 00000004H .rtc$TAA                DATA
 0002:00002d70 00000008H .rtc$TZZ                DATA
 0002:00002d78 0000003cH .xdata$x                DATA
 0002:00002db4 00000000H .edata                  DATA
 0002:00002db4 000000c8H .idata$2                DATA
 0002:00002e7c 00000014H .idata$3                DATA
 0002:00002e90 000001e0H .idata$4                DATA
 0002:00003070 000006fcH .idata$6                DATA
 0003:00000000 00000758H .data                   DATA
 0003:00000758 000006f4H .bss                    DATA
 0004:00000000 00000020H .gfids$y                DATA

  Address         Publics by Value              Rva+Base       Lib:Object

 0000:00000000       ___guard_longjmp_count     00000000     <absolute>
 0000:00000000       ___guard_iat_table         00000000     <absolute>
 0000:00000000       ___guard_fids_table        00000000     <absolute>
 0000:00000000       ___guard_longjmp_table     00000000     <absolute>
 0000:00000000       ___guard_fids_count        00000000     <absolute>
 0000:00000000       ___guard_iat_count         00000000     <absolute>
 0000:00000000       ___dynamic_value_reloc_table 00000000     <absolute>
 0000:00000001       ___safe_se_handler_count   00000001     <absolute>
 0000:00000100       ___guard_flags             00000100     <absolute>
 0000:00000000       ___ImageBase               00400000     <linker-defined>
 0001:00000000       _app_main                  00401000 f   clidemo.obj
 0001:00000260       _main                      00401260 f   clidemo.obj
 0001:000003c0       ___local_stdio_printf_options 004013c0 f i pjlib-util-i386-win32-vc14-release-dynamic:errno.obj
 0001:000003d0       __snprintf                 004013d0 f i pjlib-util-i386-win32-vc14-release-dynamic:errno.obj
 0001:00000410       _pjlib_util_init           00401410 f   pjlib-util-i386-win32-vc14-release-dynamic:errno.obj
 0001:00000430       _pjlib_util_strerror       00401430 f   pjlib-util-i386-win32-vc14-release-dynamic:errno.obj
 0001:000019a0       _pj_cli_add_cmd_from_xml   004029a0 f   pjlib-util-i386-win32-vc14-release-dynamic:cli.obj
 0001:00001a60       _pj_cli_cfg_default        00402a60 f   pjlib-util-i386-win32-vc14-release-dynamic:cli.obj
 0001:00001a90       _pj_cli_create             00402a90 f   pjlib-util-i386-win32-vc14-release-dynamic:cli.obj
 0001:00001bb0       _pj_cli_destroy            00402bb0 f   pjlib-util-i386-win32-vc14-release-dynamic:cli.obj
 0001:00001c20       _pj_cli_get_param          00402c20 f   pjlib-util-i386-win32-vc14-release-dynamic:cli.obj
 0001:00001c40       _pj_cli_is_quitting        00402c40 f   pjlib-util-i386-win32-vc14-release-dynamic:cli.obj
 0001:00001c60       _pj_cli_quit               00402c60 f   pjlib-util-i386-win32-vc14-release-dynamic:cli.obj
 0001:00001cc0       _pj_cli_register_front_end 00402cc0 f   pjlib-util-i386-win32-vc14-release-dynamic:cli.obj
 0001:00001cd0       _pj_cli_sess_end_session   00402cd0 f   pjlib-util-i386-win32-vc14-release-dynamic:cli.obj
 0001:00001cf0       _pj_cli_sess_exec          00402cf0 f   pjlib-util-i386-win32-vc14-release-dynamic:cli.obj
 0001:00001e00       _pj_cli_sess_parse         00402e00 f   pjlib-util-i386-win32-vc14-release-dynamic:cli.obj
 0001:000021b0       _pj_cli_write_log          004031b0 f   pjlib-util-i386-win32-vc14-release-dynamic:cli.obj
 0001:000021f0       _sprintf                   004031f0 f i pjlib-util-i386-win32-vc14-release-dynamic:cli.obj
 0001:00002520       _pj_cli_console_cfg_default 00403520 f   pjlib-util-i386-win32-vc14-release-dynamic:cli_console.obj
 0001:00002540       _pj_cli_console_create     00403540 f   pjlib-util-i386-win32-vc14-release-dynamic:cli_console.obj
 0001:00002700       _pj_cli_console_process    00403700 f   pjlib-util-i386-win32-vc14-release-dynamic:cli_console.obj
 0001:00002770       _printf                    00403770 f i pjlib-util-i386-win32-vc14-release-dynamic:cli_console.obj
 0001:00003770       _pj_cli_telnet_cfg_default 00404770 f   pjlib-util-i386-win32-vc14-release-dynamic:cli_telnet.obj
 0001:000037a0       _pj_cli_telnet_create      004047a0 f   pjlib-util-i386-win32-vc14-release-dynamic:cli_telnet.obj
 0001:00005360       _pj_scan_advance_n         00406360 f   pjlib-util-i386-win32-vc14-release-dynamic:scanner.obj
 0001:000053a0       _pj_scan_fini              004063a0 f   pjlib-util-i386-win32-vc14-release-dynamic:scanner.obj
 0001:000053c0       _pj_scan_get_char          004063c0 f   pjlib-util-i386-win32-vc14-release-dynamic:scanner.obj
 0001:00005400       _pj_scan_get_quotes        00406400 f   pjlib-util-i386-win32-vc14-release-dynamic:scanner.obj
 0001:000054c0       _pj_scan_get_until_ch      004064c0 f   pjlib-util-i386-win32-vc14-release-dynamic:scanner.obj
 0001:00005520       _pj_scan_get_until_chr     00406520 f   pjlib-util-i386-win32-vc14-release-dynamic:scanner.obj
 0001:000055a0       _pj_scan_init              004065a0 f   pjlib-util-i386-win32-vc14-release-dynamic:scanner.obj
 0001:000055f0       _pj_scan_skip_whitespace   004065f0 f   pjlib-util-i386-win32-vc14-release-dynamic:scanner.obj
 0001:000056d0       _pj_scan_strcmp            004066d0 f   pjlib-util-i386-win32-vc14-release-dynamic:scanner.obj
 0001:00005720       _pj_xml_parse              00406720 f   pjlib-util-i386-win32-vc14-release-dynamic:xml.obj
 0001:00005bc0       _pj_atexit                 00406bc0 f   pjlib-i386-win32-vc14-release-dynamic:os_core_win32.obj
 0001:00005bf0       _pj_atomic_dec_and_get     00406bf0 f   pjlib-i386-win32-vc14-release-dynamic:os_core_win32.obj
 0001:00005c40       _pj_atomic_destroy         00406c40 f   pjlib-i386-win32-vc14-release-dynamic:os_core_win32.obj
 0001:00005c60       _pj_atomic_inc             00406c60 f   pjlib-i386-win32-vc14-release-dynamic:os_core_win32.obj
 0001:00005cb0       _pj_enter_critical_section 00406cb0 f   pjlib-i386-win32-vc14-release-dynamic:os_core_win32.obj
 0001:00005cc0       _pj_init                   00406cc0 f   pjlib-i386-win32-vc14-release-dynamic:os_core_win32.obj
 0001:00005e00       _pj_leave_critical_section 00406e00 f   pjlib-i386-win32-vc14-release-dynamic:os_core_win32.obj
 0001:00005e50       _pj_mutex_create           00406e50 f   pjlib-i386-win32-vc14-release-dynamic:os_core_win32.obj
 0001:00005ea0       _pj_mutex_create_recursive 00406ea0 f   pjlib-i386-win32-vc14-release-dynamic:os_core_win32.obj
 0001:00005ea0       _pj_mutex_create_simple    00406ea0 f   pjlib-i386-win32-vc14-release-dynamic:os_core_win32.obj
 0001:00005ef0       _pj_mutex_destroy          00406ef0 f   pjlib-i386-win32-vc14-release-dynamic:os_core_win32.obj
 0001:00005f50       _pj_mutex_lock             00406f50 f   pjlib-i386-win32-vc14-release-dynamic:os_core_win32.obj
 0001:00005fc0       _pj_mutex_trylock          00406fc0 f   pjlib-i386-win32-vc14-release-dynamic:os_core_win32.obj
 0001:00006040       _pj_mutex_unlock           00407040 f   pjlib-i386-win32-vc14-release-dynamic:os_core_win32.obj
 0001:000060a0       _pj_sem_create             004070a0 f   pjlib-i386-win32-vc14-release-dynamic:os_core_win32.obj
 0001:000061b0       _pj_sem_destroy            004071b0 f   pjlib-i386-win32-vc14-release-dynamic:os_core_win32.obj
 0001:00006240       _pj_sem_post               00407240 f   pjlib-i386-win32-vc14-release-dynamic:os_core_win32.obj
 0001:000062d0       _pj_sem_trywait            004072d0 f   pjlib-i386-win32-vc14-release-dynamic:os_core_win32.obj
 0001:00006330       _pj_sem_wait               00407330 f   pjlib-i386-win32-vc14-release-dynamic:os_core_win32.obj
 0001:00006440       _pj_shutdown               00407440 f   pjlib-i386-win32-vc14-release-dynamic:os_core_win32.obj
 0001:00006580       _pj_term_set_color         00407580 f   pjlib-i386-win32-vc14-release-dynamic:os_core_win32.obj
 0001:00006650       _pj_thread_check_stack     00407650 f   pjlib-i386-win32-vc14-release-dynamic:os_core_win32.obj
 0001:00006690       _pj_thread_create          00407690 f   pjlib-i386-win32-vc14-release-dynamic:os_core_win32.obj
 0001:000067d0       _pj_thread_destroy         004077d0 f   pjlib-i386-win32-vc14-release-dynamic:os_core_win32.obj
 0001:00006860       _pj_thread_get_name        00407860 f   pjlib-i386-win32-vc14-release-dynamic:os_core_win32.obj
 0001:000068b0       _pj_thread_init            004078b0 f   pjlib-i386-win32-vc14-release-dynamic:os_core_win32.obj
 0001:00006910       _pj_thread_join            00407910 f   pjlib-i386-win32-vc14-release-dynamic:os_core_win32.obj
 0001:000069d0       _pj_thread_local_alloc     004079d0 f   pjlib-i386-win32-vc14-release-dynamic:os_core_win32.obj
 0001:00006a20       _pj_thread_local_free      00407a20 f   pjlib-i386-win32-vc14-release-dynamic:os_core_win32.obj
 0001:00006a70       _pj_thread_local_get       00407a70 f   pjlib-i386-win32-vc14-release-dynamic:os_core_win32.obj
 0001:00006a80       _pj_thread_local_set       00407a80 f   pjlib-i386-win32-vc14-release-dynamic:os_core_win32.obj
 0001:00006ac0       _pj_thread_register        00407ac0 f   pjlib-i386-win32-vc14-release-dynamic:os_core_win32.obj
 0001:00006b80       _pj_thread_sleep           00407b80 f   pjlib-i386-win32-vc14-release-dynamic:os_core_win32.obj
 0001:00006bd0       _pj_thread_this            00407bd0 f   pjlib-i386-win32-vc14-release-dynamic:os_core_win32.obj
 0001:00006c80       _pj_errno_clear_handlers   00407c80 f   pjlib-i386-win32-vc14-release-dynamic:errno.obj
 0001:00006ca0       _pj_perror_1               00407ca0 f   pjlib-i386-win32-vc14-release-dynamic:errno.obj
 0001:00006cc0       _pj_perror_3               00407cc0 f   pjlib-i386-win32-vc14-release-dynamic:errno.obj
 0001:00006d80       _pj_register_strerror      00407d80 f   pjlib-i386-win32-vc14-release-dynamic:errno.obj
 0001:00006e60       _pj_strerror               00407e60 f   pjlib-i386-win32-vc14-release-dynamic:errno.obj
 0001:00006ff0       _pj_log                    00407ff0 f   pjlib-i386-win32-vc14-release-dynamic:log.obj
 0001:000074f0       _pj_log_1                  004084f0 f   pjlib-i386-win32-vc14-release-dynamic:log.obj
 0001:00007510       _pj_log_3                  00408510 f   pjlib-i386-win32-vc14-release-dynamic:log.obj
 0001:00007530       _pj_log_4                  00408530 f   pjlib-i386-win32-vc14-release-dynamic:log.obj
 0001:00007550       _pj_log_5                  00408550 f   pjlib-i386-win32-vc14-release-dynamic:log.obj
 0001:00007570       _pj_log_get_color          00408570 f   pjlib-i386-win32-vc14-release-dynamic:log.obj
 0001:000075e0       _pj_log_get_decor          004085e0 f   pjlib-i386-win32-vc14-release-dynamic:log.obj
 0001:000075f0       _pj_log_get_level          004085f0 f   pjlib-i386-win32-vc14-release-dynamic:log.obj
 0001:00007600       _pj_log_init               00408600 f   pjlib-i386-win32-vc14-release-dynamic:log.obj
 0001:00007670       _pj_log_set_decor          00408670 f   pjlib-i386-win32-vc14-release-dynamic:log.obj
 0001:00007680       _pj_log_set_log_func       00408680 f   pjlib-i386-win32-vc14-release-dynamic:log.obj
 0001:00007700       _pj_str                    00408700 f   pjlib-i386-win32-vc14-release-dynamic:string.obj
 0001:00007720       _pj_strassign              00408720 f   pjlib-i386-win32-vc14-release-dynamic:string.obj
 0001:00007740       _pj_strcat                 00408740 f   pjlib-i386-win32-vc14-release-dynamic:string.obj
 0001:00007770       _pj_strcat2                00408770 f   pjlib-i386-win32-vc14-release-dynamic:string.obj
 0001:000077b0       _pj_strcmp                 004087b0 f   pjlib-i386-win32-vc14-release-dynamic:string.obj
 0001:00007810       _pj_strcmp2                00408810 f   pjlib-i386-win32-vc14-release-dynamic:string.obj
 0001:00007880       _pj_strcpy                 00408880 f   pjlib-i386-win32-vc14-release-dynamic:string.obj
 0001:000078b0       _pj_strdup                 004088b0 f   pjlib-i386-win32-vc14-release-dynamic:string.obj
 0001:000078f0       _pj_strdup2                004088f0 f   pjlib-i386-win32-vc14-release-dynamic:string.obj
 0001:00007950       _pj_stricmp                00408950 f   pjlib-i386-win32-vc14-release-dynamic:string.obj
 0001:000079c0       _pj_stricmp2               004089c0 f   pjlib-i386-win32-vc14-release-dynamic:string.obj
 0001:00007a20       _pj_strltrim               00408a20 f   pjlib-i386-win32-vc14-release-dynamic:string.obj
 0001:00007a60       _pj_strncmp                00408a60 f   pjlib-i386-win32-vc14-release-dynamic:string.obj
 0001:00007af0       _pj_strncpy_with_null      00408af0 f   pjlib-i386-win32-vc14-release-dynamic:string.obj
 0001:00007b30       _pj_strrtrim               00408b30 f   pjlib-i386-win32-vc14-release-dynamic:string.obj
 0001:00007b80       _pj_strtol                 00408b80 f   pjlib-i386-win32-vc14-release-dynamic:string.obj
 0001:00007bf0       _pj_strtoul                00408bf0 f   pjlib-i386-win32-vc14-release-dynamic:string.obj
 0001:00007c50       _pj_strtrim                00408c50 f   pjlib-i386-win32-vc14-release-dynamic:string.obj
 0001:00007ca0       _pj_utoa                   00408ca0 f   pjlib-i386-win32-vc14-release-dynamic:string.obj
 0001:00007cc0       _pj_utoa_pad               00408cc0 f   pjlib-i386-win32-vc14-release-dynamic:string.obj
 0001:000080e0       _pj_caching_pool_destroy   004090e0 f   pjlib-i386-win32-vc14-release-dynamic:pool_caching.obj
 0001:000081c0       _pj_caching_pool_init      004091c0 f   pjlib-i386-win32-vc14-release-dynamic:pool_caching.obj
 0001:00008280       _pj_list_erase             00409280 f   pjlib-i386-win32-vc14-release-dynamic:list.obj
 0001:000082a0       _pj_list_insert_after      004092a0 f   pjlib-i386-win32-vc14-release-dynamic:list.obj
 0001:000082c0       _pj_list_insert_before     004092c0 f   pjlib-i386-win32-vc14-release-dynamic:list.obj
 0001:000082e0       _pj_list_insert_nodes_after 004092e0 f   pjlib-i386-win32-vc14-release-dynamic:list.obj
 0001:00008300       _pj_list_search            00409300 f   pjlib-i386-win32-vc14-release-dynamic:list.obj
 0001:00008340       _pj_list_size              00409340 f   pjlib-i386-win32-vc14-release-dynamic:list.obj
 0001:000083a0       _pj_exception_id_alloc     004093a0 f   pjlib-i386-win32-vc14-release-dynamic:except.obj
 0001:000083f0       _pj_exception_id_free      004093f0 f   pjlib-i386-win32-vc14-release-dynamic:except.obj
 0001:00008430       _pj_pop_exception_handler_ 00409430 f   pjlib-i386-win32-vc14-release-dynamic:except.obj
 0001:00008460       _pj_push_exception_handler_ 00409460 f   pjlib-i386-win32-vc14-release-dynamic:except.obj
 0001:000084b0       _pj_throw_exception_       004094b0 f   pjlib-i386-win32-vc14-release-dynamic:except.obj
 0001:00008770       _pj_hash_create            00409770 f   pjlib-i386-win32-vc14-release-dynamic:hash.obj
 0001:000087c0       _pj_hash_first             004097c0 f   pjlib-i386-win32-vc14-release-dynamic:hash.obj
 0001:00008800       _pj_hash_get               00409800 f   pjlib-i386-win32-vc14-release-dynamic:hash.obj
 0001:00008830       _pj_hash_next              00409830 f   pjlib-i386-win32-vc14-release-dynamic:hash.obj
 0001:00008880       _pj_hash_set               00409880 f   pjlib-i386-win32-vc14-release-dynamic:hash.obj
 0001:000088e0       _pj_hash_this              004098e0 f   pjlib-i386-win32-vc14-release-dynamic:hash.obj
 0001:00008900       _pj_pool_alloc             00409900 f   pjlib-i386-win32-vc14-release-dynamic:pool.obj
 0001:00008950       _pj_pool_allocate_find     00409950 f   pjlib-i386-win32-vc14-release-dynamic:pool.obj
 0001:00008a30       _pj_pool_calloc            00409a30 f   pjlib-i386-win32-vc14-release-dynamic:pool.obj
 0001:00008a90       _pj_pool_create            00409a90 f   pjlib-i386-win32-vc14-release-dynamic:pool.obj
 0001:00008b20       _pj_pool_create_int        00409b20 f   pjlib-i386-win32-vc14-release-dynamic:pool.obj
 0001:00008bd0       _pj_pool_destroy_int       00409bd0 f   pjlib-i386-win32-vc14-release-dynamic:pool.obj
 0001:00008c10       _pj_pool_get_capacity      00409c10 f   pjlib-i386-win32-vc14-release-dynamic:pool.obj
 0001:00008c20       _pj_pool_get_used_size     00409c20 f   pjlib-i386-win32-vc14-release-dynamic:pool.obj
 0001:00008c50       _pj_pool_getobjname        00409c50 f   pjlib-i386-win32-vc14-release-dynamic:pool.obj
 0001:00008c60       _pj_pool_init_int          00409c60 f   pjlib-i386-win32-vc14-release-dynamic:pool.obj
 0001:00008cd0       _pj_pool_release           00409cd0 f   pjlib-i386-win32-vc14-release-dynamic:pool.obj
 0001:00008cf0       _pj_pool_reset             00409cf0 f   pjlib-i386-win32-vc14-release-dynamic:pool.obj
 0001:00008e40       _ioqueue_dispatch_exception_event 00409e40 f   pjlib-i386-win32-vc14-release-dynamic:ioqueue_select.obj
 0001:00008f80       _ioqueue_dispatch_read_event 00409f80 f   pjlib-i386-win32-vc14-release-dynamic:ioqueue_select.obj
 0001:000091a0       _ioqueue_dispatch_write_event 0040a1a0 f   pjlib-i386-win32-vc14-release-dynamic:ioqueue_select.obj
 0001:00009510       _pj_ioqueue_accept         0040a510 f   pjlib-i386-win32-vc14-release-dynamic:ioqueue_select.obj
 0001:00009650       _pj_ioqueue_create         0040a650 f   pjlib-i386-win32-vc14-release-dynamic:ioqueue_select.obj
 0001:000097f0       _pj_ioqueue_destroy        0040a7f0 f   pjlib-i386-win32-vc14-release-dynamic:ioqueue_select.obj
 0001:000098b0       _pj_ioqueue_get_user_data  0040a8b0 f   pjlib-i386-win32-vc14-release-dynamic:ioqueue_select.obj
 0001:000098d0       _pj_ioqueue_lock_key       0040a8d0 f   pjlib-i386-win32-vc14-release-dynamic:ioqueue_select.obj
 0001:00009900       _pj_ioqueue_op_key_init    0040a900 f   pjlib-i386-win32-vc14-release-dynamic:ioqueue_select.obj
 0001:00009920       _pj_ioqueue_poll           0040a920 f   pjlib-i386-win32-vc14-release-dynamic:ioqueue_select.obj
 0001:00009c70       _pj_ioqueue_recv           0040ac70 f   pjlib-i386-win32-vc14-release-dynamic:ioqueue_select.obj
 0001:00009da0       _pj_ioqueue_recvfrom       0040ada0 f   pjlib-i386-win32-vc14-release-dynamic:ioqueue_select.obj
 0001:00009ee0       _pj_ioqueue_register_sock2 0040aee0 f   pjlib-i386-win32-vc14-release-dynamic:ioqueue_select.obj
 0001:0000a000       _pj_ioqueue_send           0040b000 f   pjlib-i386-win32-vc14-release-dynamic:ioqueue_select.obj
 0001:0000a1a0       _pj_ioqueue_set_concurrency 0040b1a0 f   pjlib-i386-win32-vc14-release-dynamic:ioqueue_select.obj
 0001:0000a1c0       _pj_ioqueue_set_lock       0040b1c0 f   pjlib-i386-win32-vc14-release-dynamic:ioqueue_select.obj
 0001:0000a200       _pj_ioqueue_unlock_key     0040b200 f   pjlib-i386-win32-vc14-release-dynamic:ioqueue_select.obj
 0001:0000a230       _pj_ioqueue_unregister     0040b230 f   pjlib-i386-win32-vc14-release-dynamic:ioqueue_select.obj
 0001:0000a400       _pj_sockaddr_in_get_port   0040b400 f   pjlib-i386-win32-vc14-release-dynamic:sock_common.obj
 0001:0000a420       _pj_sockaddr_in_init       0040b420 f   pjlib-i386-win32-vc14-release-dynamic:sock_common.obj
 0001:0000a470       _pj_sockaddr_in_set_str_addr 0040b470 f   pjlib-i386-win32-vc14-release-dynamic:sock_common.obj
 0001:0000a560       _pj_gethostname            0040b560 f   pjlib-i386-win32-vc14-release-dynamic:sock_bsd.obj
 0001:0000a5e0       _pj_htons                  0040b5e0 f   pjlib-i386-win32-vc14-release-dynamic:sock_bsd.obj
 0001:0000a5f0       _pj_inet_aton              0040b5f0 f   pjlib-i386-win32-vc14-release-dynamic:sock_bsd.obj
 0001:0000a680       _pj_ntohl                  0040b680 f   pjlib-i386-win32-vc14-release-dynamic:sock_bsd.obj
 0001:0000a690       _pj_ntohs                  0040b690 f   pjlib-i386-win32-vc14-release-dynamic:sock_bsd.obj
 0001:0000a6a0       _pj_sock_accept            0040b6a0 f   pjlib-i386-win32-vc14-release-dynamic:sock_bsd.obj
 0001:0000a710       _pj_sock_bind              0040b710 f   pjlib-i386-win32-vc14-release-dynamic:sock_bsd.obj
 0001:0000a780       _pj_sock_close             0040b780 f   pjlib-i386-win32-vc14-release-dynamic:sock_bsd.obj
 0001:0000a7d0       _pj_sock_getsockname       0040b7d0 f   pjlib-i386-win32-vc14-release-dynamic:sock_bsd.obj
 0001:0000a830       _pj_sock_getsockopt        0040b830 f   pjlib-i386-win32-vc14-release-dynamic:sock_bsd.obj
 0001:0000a8a0       _pj_sock_listen            0040b8a0 f   pjlib-i386-win32-vc14-release-dynamic:sock_bsd.obj
 0001:0000a8f0       _pj_sock_recv              0040b8f0 f   pjlib-i386-win32-vc14-release-dynamic:sock_bsd.obj
 0001:0000a960       _pj_sock_recvfrom          0040b960 f   pjlib-i386-win32-vc14-release-dynamic:sock_bsd.obj
 0001:0000a9d0       _pj_sock_send              0040b9d0 f   pjlib-i386-win32-vc14-release-dynamic:sock_bsd.obj
 0001:0000aa40       _pj_sock_sendto            0040ba40 f   pjlib-i386-win32-vc14-release-dynamic:sock_bsd.obj
 0001:0000aab0       _pj_sock_setsockopt        0040bab0 f   pjlib-i386-win32-vc14-release-dynamic:sock_bsd.obj
 0001:0000ab30       _pj_sock_socket            0040bb30 f   pjlib-i386-win32-vc14-release-dynamic:sock_bsd.obj
 0001:0000afe0       _pj_activesock_close       0040bfe0 f   pjlib-i386-win32-vc14-release-dynamic:activesock.obj
 0001:0000b040       _pj_activesock_create      0040c040 f   pjlib-i386-win32-vc14-release-dynamic:activesock.obj
 0001:0000b1c0       _pj_activesock_get_user_data 0040c1c0 f   pjlib-i386-win32-vc14-release-dynamic:activesock.obj
 0001:0000b1e0       _pj_activesock_send        0040c1e0 f   pjlib-i386-win32-vc14-release-dynamic:activesock.obj
 0001:0000b2b0       _pj_activesock_start_accept 0040c2b0 f   pjlib-i386-win32-vc14-release-dynamic:activesock.obj
 0001:0000b380       _pj_activesock_start_read  0040c380 f   pjlib-i386-win32-vc14-release-dynamic:activesock.obj
 0001:0000b4f0       _pj_get_timestamp          0040c4f0 f   pjlib-i386-win32-vc14-release-dynamic:os_timestamp_win32.obj
 0001:0000b550       _pj_get_timestamp_freq     0040c550 f   pjlib-i386-win32-vc14-release-dynamic:os_timestamp_win32.obj
 0001:0000b630       _pj_generate_unique_string 0040c630 f   pjlib-i386-win32-vc14-release-dynamic:guid_win32.obj
 0001:0000b680       _pj_get_netos_error        0040c680 f   pjlib-i386-win32-vc14-release-dynamic:os_error_win32.obj
 0001:0000b6a0       _platform_strerror         0040c6a0 f   pjlib-i386-win32-vc14-release-dynamic:os_error_win32.obj
 0001:0000b780       _pj_log_write              0040c780 f   pjlib-i386-win32-vc14-release-dynamic:log_writer_stdout.obj
 0001:0000b7e0       _pj_gettimeofday           0040c7e0 f   pjlib-i386-win32-vc14-release-dynamic:os_time_win32.obj
 0001:0000b890       _pj_time_decode            0040c890 f   pjlib-i386-win32-vc14-release-dynamic:os_time_win32.obj
 0001:0000b940       __matherr                  0040c940 f   MSVCRT:matherr.obj
 0001:0000b940       __get_startup_thread_locale_mode 0040c940 f   MSVCRT:thread_locale.obj
 0001:0000b940       __get_startup_commit_mode  0040c940 f   MSVCRT:commit_mode.obj
 0001:0000b940       ___scrt_initialize_winrt   0040c940 f   MSVCRT:utility_desktop.obj
 0001:0000b940       __get_startup_new_mode     0040c940 f   MSVCRT:new_mode.obj
 0001:0000bc00       _pj_grp_lock_acquire       0040cc00 f   pjlib-i386-win32-vc14-release-dynamic:lock.obj
 0001:0000bc10       _pj_grp_lock_add_ref       0040cc10 f   pjlib-i386-win32-vc14-release-dynamic:lock.obj
 0001:0000bc30       _pj_grp_lock_dec_ref       0040cc30 f   pjlib-i386-win32-vc14-release-dynamic:lock.obj
 0001:0000bc60       _pj_grp_lock_release       0040cc60 f   pjlib-i386-win32-vc14-release-dynamic:lock.obj
 0001:0000bc70       _pj_grp_lock_tryacquire    0040cc70 f   pjlib-i386-win32-vc14-release-dynamic:lock.obj
 0001:0000bc80       _pj_lock_acquire           0040cc80 f   pjlib-i386-win32-vc14-release-dynamic:lock.obj
 0001:0000bca0       _pj_lock_create_null_mutex 0040cca0 f   pjlib-i386-win32-vc14-release-dynamic:lock.obj
 0001:0000bcc0       _pj_lock_create_recursive_mutex 0040ccc0 f   pjlib-i386-win32-vc14-release-dynamic:lock.obj
 0001:0000bce0       _pj_lock_create_simple_mutex 0040cce0 f   pjlib-i386-win32-vc14-release-dynamic:lock.obj
 0001:0000bd00       _pj_lock_destroy           0040cd00 f   pjlib-i386-win32-vc14-release-dynamic:lock.obj
 0001:0000bd20       _pj_lock_release           0040cd20 f   pjlib-i386-win32-vc14-release-dynamic:lock.obj
 0001:0000bd40       _pj_lock_tryacquire        0040cd40 f   pjlib-i386-win32-vc14-release-dynamic:lock.obj
 0001:0000bd60       _pj_pool_create_on_buf     0040cd60 f   pjlib-i386-win32-vc14-release-dynamic:pool_buf.obj
 0001:0000bf30       _pj_time_val_normalize     0040cf30 f   pjlib-i386-win32-vc14-release-dynamic:types.obj
 0001:0000bfc0       _pj_elapsed_time           0040cfc0 f   pjlib-i386-win32-vc14-release-dynamic:os_timestamp_common.obj
 0001:0000c070       _pj_gettickcount           0040d070 f   pjlib-i386-win32-vc14-release-dynamic:os_timestamp_common.obj
 0001:0000c0b0       _PJ_FD_CLR                 0040d0b0 f   pjlib-i386-win32-vc14-release-dynamic:sock_select.obj
 0001:0000c130       _PJ_FD_COUNT               0040d130 f   pjlib-i386-win32-vc14-release-dynamic:sock_select.obj
 0001:0000c140       _PJ_FD_ISSET               0040d140 f   pjlib-i386-win32-vc14-release-dynamic:sock_select.obj
 0001:0000c170       _PJ_FD_SET                 0040d170 f   pjlib-i386-win32-vc14-release-dynamic:sock_select.obj
 0001:0000c1e0       _PJ_FD_ZERO                0040d1e0 f   pjlib-i386-win32-vc14-release-dynamic:sock_select.obj
 0001:0000c210       _pj_sock_select            0040d210 f   pjlib-i386-win32-vc14-release-dynamic:sock_select.obj
 0001:0000c280       _pj_getaddrinfo            0040d280 f   pjlib-i386-win32-vc14-release-dynamic:addr_resolv_sock.obj
 0001:0000c3a0       _pj_gethostbyname          0040d3a0 f   pjlib-i386-win32-vc14-release-dynamic:addr_resolv_sock.obj
 0001:0000c45c       ___WSAFDIsSet@8            0040d45c f   ws2_32:WS2_32.dll
 0001:0000c462       @__security_check_cookie@4 0040d462 f   MSVCRT:_secchk_.obj
 0001:0000c69f       _mainCRTStartup            0040d69f f   MSVCRT:exe_main.obj
 0001:0000c6a9       ___raise_securityfailure   0040d6a9 f   MSVCRT:gs_report.obj
 0001:0000c6d1       ___report_gsfailure        0040d6d1 f   MSVCRT:gs_report.obj
 0001:0000c7cc       ___report_rangecheckfailure 0040d7cc f   MSVCRT:gs_report.obj
 0001:0000c7d8       ___report_securityfailure  0040d7d8 f   MSVCRT:gs_report.obj
 0001:0000c8b0       __alldiv                   0040d8b0 f   MSVCRT:lldiv.obj
 0001:0000c960       __allmul                   0040d960 f   MSVCRT:llmul.obj
 0001:0000c9a0       __ftoui3                   0040d9a0 f   MSVCRT:_ftol3_.obj
 0001:0000c9af       __ftoul3                   0040d9af f   MSVCRT:_ftol3_.obj
 0001:0000c9be       __ftol3                    0040d9be f   MSVCRT:_ftol3_.obj
 0001:0000c9cb       __ftol3_NaN                0040d9cb f   MSVCRT:_ftol3_.obj
 0001:0000c9e3       __ftol3_work               0040d9e3 f   MSVCRT:_ftol3_.obj
 0001:0000ca69       __ftol3_common             0040da69 f   MSVCRT:_ftol3_.obj
 0001:0000cb2b       __ftol3_arg_error          0040db2b f   MSVCRT:_ftol3_.obj
 0001:0000cb3d       __ftol3_except             0040db3d f   MSVCRT:_ftol3_.obj
 0001:0000cb81       __dtoui3                   0040db81 f   MSVCRT:_ftol3_.obj
 0001:0000cb90       __dtoul3                   0040db90 f   MSVCRT:_ftol3_.obj
 0001:0000cb9f       __dtol3                    0040db9f f   MSVCRT:_ftol3_.obj
 0001:0000cbac       __dtol3_NaN                0040dbac f   MSVCRT:_ftol3_.obj
 0001:0000cbc9       __dtol3_work               0040dbc9 f   MSVCRT:_ftol3_.obj
 0001:0000ccb0       __ultod3                   0040dcb0 f   MSVCRT:_ftol3_.obj
 0001:0000ccf0       __ltod3                    0040dcf0 f   MSVCRT:_ftol3_.obj
 0001:0000cd5b       ___scrt_acquire_startup_lock 0040dd5b f   MSVCRT:utility.obj
 0001:0000cd90       ___scrt_initialize_crt     0040dd90 f   MSVCRT:utility.obj
 0001:0000cdc9       ___scrt_initialize_onexit_tables 0040ddc9 f   MSVCRT:utility.obj
 0001:0000ce60       ___scrt_is_nonwritable_in_current_image 0040de60 f   MSVCRT:utility.obj
 0001:0000ceea       ___scrt_release_startup_lock 0040deea f   MSVCRT:utility.obj
 0001:0000cf07       ___scrt_uninitialize_crt   0040df07 f   MSVCRT:utility.obj
 0001:0000cf2f       __onexit                   0040df2f f   MSVCRT:utility.obj
 0001:0000cf6a       _atexit                    0040df6a f   MSVCRT:utility.obj
 0001:0000cf7f       ___security_init_cookie    0040df7f f   MSVCRT:gs_support.obj
 0001:0000d01b       __get_startup_argv_mode    0040e01b f   MSVCRT:argv_mode.obj
 0001:0000d01f       __get_startup_file_mode    0040e01f f   MSVCRT:file_mode.obj
 0001:0000d025       ?__scrt_initialize_type_info@@YAXXZ 0040e025 f   MSVCRT:tncleanup.obj
 0001:0000d031       __initialize_default_precision 0040e031 f   MSVCRT:default_precision.obj
 0001:0000d052       __initialize_denormal_control 0040e052 f   MSVCRT:denormal_control.obj
 0001:0000d052       __initialize_invalid_parameter_handler 0040e052 f   MSVCRT:invalid_parameter_handler.obj
 0001:0000d052       @_guard_check_icall_nop@4  0040e052 f   MSVCRT:guard_support.obj
 0001:0000d053       ___local_stdio_scanf_options 0040e053 f i MSVCRT:default_local_stdio_options.obj
 0001:0000d059       ___scrt_initialize_default_local_stdio_options 0040e059 f   MSVCRT:default_local_stdio_options.obj
 0001:0000d076       ___scrt_is_user_matherr_present 0040e076 f   MSVCRT:matherr_detection.obj
 0001:0000d082       ___scrt_get_dyn_tls_init_callback 0040e082 f   MSVCRT:dyn_tls_init.obj
 0001:0000d088       ___scrt_get_dyn_tls_dtor_callback 0040e088 f   MSVCRT:dyn_tls_dtor.obj
 0001:0000d08e       ___scrt_fastfail           0040e08e f   MSVCRT:utility_desktop.obj
 0001:0000d1a9       ___scrt_is_managed_app     0040e1a9 f   MSVCRT:utility_desktop.obj
 0001:0000d1ed       ___scrt_set_unhandled_exception_filter 0040e1ed f   MSVCRT:utility_desktop.obj
 0001:0000d1f9       ___scrt_unhandled_exception_filter@4 0040e1f9 f   MSVCRT:utility_desktop.obj
 0001:0000d23a       __RTC_Initialize           0040e23a f   MSVCRT:_initsect_.obj
 0001:0000d265       __RTC_Terminate            0040e265 f   MSVCRT:_initsect_.obj
 0001:0000d290       @_guard_check_icall@4      0040e290 f i MSVCRT:checkcfg.obj
 0001:0000d2a0       __SEH_prolog4              0040e2a0 f   MSVCRT:_sehprolg4_.obj
 0001:0000d2e6       __SEH_epilog4              0040e2e6 f   MSVCRT:_sehprolg4_.obj
 0001:0000d2fb       __except_handler4          0040e2fb f   MSVCRT:_chandler4gs_.obj
 0001:0000d31e       ___isa_available_init      0040e31e f   MSVCRT:_cpu_disp_.obj
 0001:0000d4c2       ___scrt_is_ucrt_dll_in_use 0040e4c2 f   MSVCRT:ucrt_detection.obj
 0001:0000d4ce       _IsProcessorFeaturePresent@4 0040e4ce f   kernel32:KERNEL32.dll
 0001:0000d4d4       __setjmp3                  0040e4d4 f   vcruntime:VCRUNTIME140.dll
 0001:0000d4da       _memcpy                    0040e4da f   vcruntime:VCRUNTIME140.dll
 0001:0000d4e0       _memset                    0040e4e0 f   vcruntime:VCRUNTIME140.dll
 0001:0000d4e6       _longjmp                   0040e4e6 f   vcruntime:VCRUNTIME140.dll
 0001:0000d4ec       __except_handler4_common   0040e4ec f   vcruntime:VCRUNTIME140.dll
 0001:0000d4f2       __CIfmod                   0040e4f2 f   ucrt:api-ms-win-crt-math-l1-1-0.dll
 0001:0000d4f8       __seh_filter_exe           0040e4f8 f   ucrt:api-ms-win-crt-runtime-l1-1-0.dll
 0001:0000d4fe       __set_app_type             0040e4fe f   ucrt:api-ms-win-crt-runtime-l1-1-0.dll
 0001:0000d504       ___setusermatherr          0040e504 f   ucrt:api-ms-win-crt-math-l1-1-0.dll
 0001:0000d50a       __configure_narrow_argv    0040e50a f   ucrt:api-ms-win-crt-runtime-l1-1-0.dll
 0001:0000d510       __initialize_narrow_environment 0040e510 f   ucrt:api-ms-win-crt-runtime-l1-1-0.dll
 0001:0000d516       __get_initial_narrow_environment 0040e516 f   ucrt:api-ms-win-crt-runtime-l1-1-0.dll
 0001:0000d51c       __initterm                 0040e51c f   ucrt:api-ms-win-crt-runtime-l1-1-0.dll
 0001:0000d522       __initterm_e               0040e522 f   ucrt:api-ms-win-crt-runtime-l1-1-0.dll
 0001:0000d528       _exit                      0040e528 f   ucrt:api-ms-win-crt-runtime-l1-1-0.dll
 0001:0000d52e       __exit                     0040e52e f   ucrt:api-ms-win-crt-runtime-l1-1-0.dll
 0001:0000d534       __set_fmode                0040e534 f   ucrt:api-ms-win-crt-stdio-l1-1-0.dll
 0001:0000d53a       ___p___argc                0040e53a f   ucrt:api-ms-win-crt-runtime-l1-1-0.dll
 0001:0000d540       ___p___argv                0040e540 f   ucrt:api-ms-win-crt-runtime-l1-1-0.dll
 0001:0000d546       __cexit                    0040e546 f   ucrt:api-ms-win-crt-runtime-l1-1-0.dll
 0001:0000d54c       __c_exit                   0040e54c f   ucrt:api-ms-win-crt-runtime-l1-1-0.dll
 0001:0000d552       __register_thread_local_exe_atexit_callback 0040e552 f   ucrt:api-ms-win-crt-runtime-l1-1-0.dll
 0001:0000d558       __configthreadlocale       0040e558 f   ucrt:api-ms-win-crt-locale-l1-1-0.dll
 0001:0000d55e       __set_new_mode             0040e55e f   ucrt:api-ms-win-crt-heap-l1-1-0.dll
 0001:0000d564       ___p__commode              0040e564 f   ucrt:api-ms-win-crt-stdio-l1-1-0.dll
 0001:0000d56a       __except1                  0040e56a f   ucrt:api-ms-win-crt-math-l1-1-0.dll
 0001:0000d570       __initialize_onexit_table  0040e570 f   ucrt:api-ms-win-crt-runtime-l1-1-0.dll
 0001:0000d576       __register_onexit_function 0040e576 f   ucrt:api-ms-win-crt-runtime-l1-1-0.dll
 0001:0000d57c       __crt_atexit               0040e57c f   ucrt:api-ms-win-crt-runtime-l1-1-0.dll
 0001:0000d582       __controlfp_s              0040e582 f   ucrt:api-ms-win-crt-runtime-l1-1-0.dll
 0001:0000d588       _terminate                 0040e588 f   ucrt:api-ms-win-crt-runtime-l1-1-0.dll
 0001:0000d58e       ___scrt_stub_for_acrt_initialize 0040e58e f   MSVCRT:ucrt_stubs.obj
 0001:0000d58e       __should_initialize_environment 0040e58e f   MSVCRT:env_mode.obj
 0001:0000d58e       ___vcrt_initialize         0040e58e f   MSVCRT:ucrt_stubs.obj
 0001:0000d58e       ___acrt_initialize         0040e58e f   MSVCRT:ucrt_stubs.obj
 0001:0000d58e       ___scrt_stub_for_acrt_uninitialize 0040e58e f   MSVCRT:ucrt_stubs.obj
 0001:0000d58e       ___vcrt_uninitialize       0040e58e f   MSVCRT:ucrt_stubs.obj
 0001:0000d58e       ___acrt_uninitialize       0040e58e f   MSVCRT:ucrt_stubs.obj
 0002:00000000       __imp__GetModuleHandleW@4  0040f000     kernel32:KERNEL32.dll
 0002:00000004       __imp__IsDebuggerPresent@0 0040f004     kernel32:KERNEL32.dll
 0002:00000008       __imp__InitializeSListHead@4 0040f008     kernel32:KERNEL32.dll
 0002:0000000c       __imp__GetSystemTimeAsFileTime@4 0040f00c     kernel32:KERNEL32.dll
 0002:00000010       __imp__IsProcessorFeaturePresent@4 0040f010     kernel32:KERNEL32.dll
 0002:00000014       __imp__TerminateProcess@8  0040f014     kernel32:KERNEL32.dll
 0002:00000018       __imp__GetCurrentProcess@0 0040f018     kernel32:KERNEL32.dll
 0002:0000001c       __imp__SetUnhandledExceptionFilter@4 0040f01c     kernel32:KERNEL32.dll
 0002:00000020       __imp__UnhandledExceptionFilter@4 0040f020     kernel32:KERNEL32.dll
 0002:00000024       __imp__SystemTimeToFileTime@8 0040f024     kernel32:KERNEL32.dll
 0002:00000028       __imp__FileTimeToSystemTime@8 0040f028     kernel32:KERNEL32.dll
 0002:0000002c       __imp__GetLocalTime@4      0040f02c     kernel32:KERNEL32.dll
 0002:00000030       __imp__FormatMessageA@28   0040f030     kernel32:KERNEL32.dll
 0002:00000034       __imp__QueryPerformanceFrequency@4 0040f034     kernel32:KERNEL32.dll
 0002:00000038       __imp__QueryPerformanceCounter@4 0040f038     kernel32:KERNEL32.dll
 0002:0000003c       __imp__SetConsoleTextAttribute@8 0040f03c     kernel32:KERNEL32.dll
 0002:00000040       __imp__CreateSemaphoreA@16 0040f040     kernel32:KERNEL32.dll
 0002:00000044       __imp__TlsFree@4           0040f044     kernel32:KERNEL32.dll
 0002:00000048       __imp__TlsSetValue@8       0040f048     kernel32:KERNEL32.dll
 0002:0000004c       __imp__TlsGetValue@4       0040f04c     kernel32:KERNEL32.dll
 0002:00000050       __imp__TlsAlloc@0          0040f050     kernel32:KERNEL32.dll
 0002:00000054       __imp__GetCurrentThreadId@0 0040f054     kernel32:KERNEL32.dll
 0002:00000058       __imp__GetCurrentThread@0  0040f058     kernel32:KERNEL32.dll
 0002:0000005c       __imp__CreateThread@24     0040f05c     kernel32:KERNEL32.dll
 0002:00000060       __imp__GetCurrentProcessId@0 0040f060     kernel32:KERNEL32.dll
 0002:00000064       __imp__GetStdHandle@4      0040f064     kernel32:KERNEL32.dll
 0002:00000068       __imp__CloseHandle@4       0040f068     kernel32:KERNEL32.dll
 0002:0000006c       __imp__GetLastError@0      0040f06c     kernel32:KERNEL32.dll
 0002:00000070       __imp__InitializeCriticalSection@4 0040f070     kernel32:KERNEL32.dll
 0002:00000074       __imp__EnterCriticalSection@4 0040f074     kernel32:KERNEL32.dll
 0002:00000078       __imp__LeaveCriticalSection@4 0040f078     kernel32:KERNEL32.dll
 0002:0000007c       __imp__TryEnterCriticalSection@4 0040f07c     kernel32:KERNEL32.dll
 0002:00000080       __imp__DeleteCriticalSection@4 0040f080     kernel32:KERNEL32.dll
 0002:00000084       __imp__ReleaseSemaphore@12 0040f084     kernel32:KERNEL32.dll
 0002:00000088       __imp__WaitForSingleObject@8 0040f088     kernel32:KERNEL32.dll
 0002:0000008c       __imp__Sleep@4             0040f08c     kernel32:KERNEL32.dll
 0002:00000090       \177KERNEL32_NULL_THUNK_DATA 0040f090     kernel32:KERNEL32.dll
 0002:00000094       __imp__strchr              0040f094     vcruntime:VCRUNTIME140.dll
 0002:00000098       __imp__memchr              0040f098     vcruntime:VCRUNTIME140.dll
 0002:0000009c       __imp__memmove             0040f09c     vcruntime:VCRUNTIME140.dll
 0002:000000a0       __imp__memset              0040f0a0     vcruntime:VCRUNTIME140.dll
 0002:000000a4       __imp__memcpy              0040f0a4     vcruntime:VCRUNTIME140.dll
 0002:000000a8       __imp___setjmp3            0040f0a8     vcruntime:VCRUNTIME140.dll
 0002:000000ac       __imp___except_handler4_common 0040f0ac     vcruntime:VCRUNTIME140.dll
 0002:000000b0       __imp__longjmp             0040f0b0     vcruntime:VCRUNTIME140.dll
 0002:000000b4       \177VCRUNTIME140_NULL_THUNK_DATA 0040f0b4     vcruntime:VCRUNTIME140.dll
 0002:000000b8       __imp__setsockopt@20       0040f0b8     ws2_32:WS2_32.dll
 0002:000000bc       __imp__sendto@24           0040f0bc     ws2_32:WS2_32.dll
 0002:000000c0       __imp__send@16             0040f0c0     ws2_32:WS2_32.dll
 0002:000000c4       __imp__recvfrom@24         0040f0c4     ws2_32:WS2_32.dll
 0002:000000c8       __imp__recv@16             0040f0c8     ws2_32:WS2_32.dll
 0002:000000cc       __imp__ntohs@4             0040f0cc     ws2_32:WS2_32.dll
 0002:000000d0       __imp__ntohl@4             0040f0d0     ws2_32:WS2_32.dll
 0002:000000d4       __imp__listen@8            0040f0d4     ws2_32:WS2_32.dll
 0002:000000d8       __imp__inet_addr@4         0040f0d8     ws2_32:WS2_32.dll
 0002:000000dc       __imp__gethostname@8       0040f0dc     ws2_32:WS2_32.dll
 0002:000000e0       __imp__getsockopt@20       0040f0e0     ws2_32:WS2_32.dll
 0002:000000e4       __imp__WSAIoctl@36         0040f0e4     ws2_32:WS2_32.dll
 0002:000000e8       __imp__getsockname@12      0040f0e8     ws2_32:WS2_32.dll
 0002:000000ec       __imp__closesocket@4       0040f0ec     ws2_32:WS2_32.dll
 0002:000000f0       __imp__bind@12             0040f0f0     ws2_32:WS2_32.dll
 0002:000000f4       __imp__accept@12           0040f0f4     ws2_32:WS2_32.dll
 0002:000000f8       __imp__ioctlsocket@12      0040f0f8     ws2_32:WS2_32.dll
 0002:000000fc       __imp__WSAGetLastError@0   0040f0fc     ws2_32:WS2_32.dll
 0002:00000100       __imp__WSACleanup@0        0040f100     ws2_32:WS2_32.dll
 0002:00000104       __imp__WSAStartup@8        0040f104     ws2_32:WS2_32.dll
 0002:00000108       __imp__WSASocketA@24       0040f108     ws2_32:WS2_32.dll
 0002:0000010c       __imp____WSAFDIsSet@8      0040f10c     ws2_32:WS2_32.dll
 0002:00000110       __imp__select@20           0040f110     ws2_32:WS2_32.dll
 0002:00000114       __imp__gethostbyname@4     0040f114     ws2_32:WS2_32.dll
 0002:00000118       __imp__htons@4             0040f118     ws2_32:WS2_32.dll
 0002:0000011c       \177WS2_32_NULL_THUNK_DATA 0040f11c     ws2_32:WS2_32.dll
 0002:00000120       __imp__free                0040f120     ucrt:api-ms-win-crt-heap-l1-1-0.dll
 0002:00000124       __imp___set_new_mode       0040f124     ucrt:api-ms-win-crt-heap-l1-1-0.dll
 0002:00000128       __imp__malloc              0040f128     ucrt:api-ms-win-crt-heap-l1-1-0.dll
 0002:0000012c       \177api-ms-win-crt-heap-l1-1-0_NULL_THUNK_DATA 0040f12c     ucrt:api-ms-win-crt-heap-l1-1-0.dll
 0002:00000130       __imp___configthreadlocale 0040f130     ucrt:api-ms-win-crt-locale-l1-1-0.dll
 0002:00000134       \177api-ms-win-crt-locale-l1-1-0_NULL_THUNK_DATA 0040f134     ucrt:api-ms-win-crt-locale-l1-1-0.dll
 0002:00000138       __imp____setusermatherr    0040f138     ucrt:api-ms-win-crt-math-l1-1-0.dll
 0002:0000013c       __imp___CIfmod             0040f13c     ucrt:api-ms-win-crt-math-l1-1-0.dll
 0002:00000140       __imp___except1            0040f140     ucrt:api-ms-win-crt-math-l1-1-0.dll
 0002:00000144       \177api-ms-win-crt-math-l1-1-0_NULL_THUNK_DATA 0040f144     ucrt:api-ms-win-crt-math-l1-1-0.dll
 0002:00000148       __imp__terminate           0040f148     ucrt:api-ms-win-crt-runtime-l1-1-0.dll
 0002:0000014c       __imp___controlfp_s        0040f14c     ucrt:api-ms-win-crt-runtime-l1-1-0.dll
 0002:00000150       __imp___crt_atexit         0040f150     ucrt:api-ms-win-crt-runtime-l1-1-0.dll
 0002:00000154       __imp___register_onexit_function 0040f154     ucrt:api-ms-win-crt-runtime-l1-1-0.dll
 0002:00000158       __imp___register_thread_local_exe_atexit_callback 0040f158     ucrt:api-ms-win-crt-runtime-l1-1-0.dll
 0002:0000015c       __imp___c_exit             0040f15c     ucrt:api-ms-win-crt-runtime-l1-1-0.dll
 0002:00000160       __imp___seh_filter_exe     0040f160     ucrt:api-ms-win-crt-runtime-l1-1-0.dll
 0002:00000164       __imp___set_app_type       0040f164     ucrt:api-ms-win-crt-runtime-l1-1-0.dll
 0002:00000168       __imp___initialize_narrow_environment 0040f168     ucrt:api-ms-win-crt-runtime-l1-1-0.dll
 0002:0000016c       __imp___configure_narrow_argv 0040f16c     ucrt:api-ms-win-crt-runtime-l1-1-0.dll
 0002:00000170       __imp___initialize_onexit_table 0040f170     ucrt:api-ms-win-crt-runtime-l1-1-0.dll
 0002:00000174       __imp___get_initial_narrow_environment 0040f174     ucrt:api-ms-win-crt-runtime-l1-1-0.dll
 0002:00000178       __imp___initterm           0040f178     ucrt:api-ms-win-crt-runtime-l1-1-0.dll
 0002:0000017c       __imp___initterm_e         0040f17c     ucrt:api-ms-win-crt-runtime-l1-1-0.dll
 0002:00000180       __imp__exit                0040f180     ucrt:api-ms-win-crt-runtime-l1-1-0.dll
 0002:00000184       __imp___exit               0040f184     ucrt:api-ms-win-crt-runtime-l1-1-0.dll
 0002:00000188       __imp___cexit              0040f188     ucrt:api-ms-win-crt-runtime-l1-1-0.dll
 0002:0000018c       __imp____p___argc          0040f18c     ucrt:api-ms-win-crt-runtime-l1-1-0.dll
 0002:00000190       __imp____p___argv          0040f190     ucrt:api-ms-win-crt-runtime-l1-1-0.dll
 0002:00000194       \177api-ms-win-crt-runtime-l1-1-0_NULL_THUNK_DATA 0040f194     ucrt:api-ms-win-crt-runtime-l1-1-0.dll
 0002:00000198       __imp___set_fmode          0040f198     ucrt:api-ms-win-crt-stdio-l1-1-0.dll
 0002:0000019c       __imp__fgets               0040f19c     ucrt:api-ms-win-crt-stdio-l1-1-0.dll
 0002:000001a0       __imp__freopen             0040f1a0     ucrt:api-ms-win-crt-stdio-l1-1-0.dll
 0002:000001a4       __imp____acrt_iob_func     0040f1a4     ucrt:api-ms-win-crt-stdio-l1-1-0.dll
 0002:000001a8       __imp____stdio_common_vsprintf 0040f1a8     ucrt:api-ms-win-crt-stdio-l1-1-0.dll
 0002:000001ac       __imp____p__commode        0040f1ac     ucrt:api-ms-win-crt-stdio-l1-1-0.dll
 0002:000001b0       __imp____stdio_common_vfprintf 0040f1b0     ucrt:api-ms-win-crt-stdio-l1-1-0.dll
 0002:000001b4       __imp__puts                0040f1b4     ucrt:api-ms-win-crt-stdio-l1-1-0.dll
 0002:000001b8       \177api-ms-win-crt-stdio-l1-1-0_NULL_THUNK_DATA 0040f1b8     ucrt:api-ms-win-crt-stdio-l1-1-0.dll
 0002:000001bc       __imp__strncmp             0040f1bc     ucrt:api-ms-win-crt-string-l1-1-0.dll
 0002:000001c0       __imp__strncpy             0040f1c0     ucrt:api-ms-win-crt-string-l1-1-0.dll
 0002:000001c4       __imp__tolower             0040f1c4     ucrt:api-ms-win-crt-string-l1-1-0.dll
 0002:000001c8       __imp__isspace             0040f1c8     ucrt:api-ms-win-crt-string-l1-1-0.dll
 0002:000001cc       __imp__isdigit             0040f1cc     ucrt:api-ms-win-crt-string-l1-1-0.dll
 0002:000001d0       __imp___strnicmp           0040f1d0     ucrt:api-ms-win-crt-string-l1-1-0.dll
 0002:000001d4       \177api-ms-win-crt-string-l1-1-0_NULL_THUNK_DATA 0040f1d4     ucrt:api-ms-win-crt-string-l1-1-0.dll
 0002:000001d8       __imp__CoCreateGuid@4      0040f1d8     ole32:ole32.dll
 0002:000001dc       \177ole32_NULL_THUNK_DATA  0040f1dc     ole32:ole32.dll
 0002:000001e0       ___guard_check_icall_fptr  0040f1e0     MSVCRT:guard_support.obj
 0002:000001e4       ___xc_a                    0040f1e4     MSVCRT:initializers.obj
 0002:000001ec       ___xc_z                    0040f1ec     MSVCRT:initializers.obj
 0002:000001f0       ___xi_a                    0040f1f0     MSVCRT:initializers.obj
 0002:000001fc       ___xi_z                    0040f1fc     MSVCRT:initializers.obj
 0002:00000200       ___xp_a                    0040f200     MSVCRT:initializers.obj
 0002:00000204       ___xp_z                    0040f204     MSVCRT:initializers.obj
 0002:00000208       ___xt_a                    0040f208     MSVCRT:initializers.obj
 0002:0000020c       ___xt_z                    0040f20c     MSVCRT:initializers.obj
 0002:000003f0       ??_C@_0DI@FPKNFLPC@Unable?5to?5resolve?5STUN?5server?5?$CIP@ 0040f3f0     pjlib-util-i386-win32-vc14-release-dynamic:errno.obj
 0002:00000428       ??_C@_0DG@MLIAHJMC@Unknown?5STUN?5message?5type?5?$CIPJLIB@ 0040f428     pjlib-util-i386-win32-vc14-release-dynamic:errno.obj
 0002:00000460       ??_C@_0DH@BGLGMNML@Invalid?5STUN?5message?5length?5?$CIPJL@ 0040f460     pjlib-util-i386-win32-vc14-release-dynamic:errno.obj
 0002:00000498       ??_C@_0DI@MNKBLDCO@STUN?5attribute?5length?5error?5?$CIPJL@ 0040f498     pjlib-util-i386-win32-vc14-release-dynamic:errno.obj
 0002:000004d0       ??_C@_0DJ@GEFJCPHI@Invalid?5STUN?5attribute?5type?5?$CIPJL@ 0040f4d0     pjlib-util-i386-win32-vc14-release-dynamic:errno.obj
 0002:0000050c       ??_C@_0DL@JFEBBJAB@Invalid?5STUN?5server?1socket?5index@ 0040f50c     pjlib-util-i386-win32-vc14-release-dynamic:errno.obj
 0002:00000548       ??_C@_0EE@OMBAKMPD@No?5STUN?5binding?5response?5in?5the?5@ 0040f548     pjlib-util-i386-win32-vc14-release-dynamic:errno.obj
 0002:0000058c       ??_C@_0DM@JJJKHKHH@Received?5STUN?5error?5attribute?5?$CIP@ 0040f58c     pjlib-util-i386-win32-vc14-release-dynamic:errno.obj
 0002:000005c8       ??_C@_0DJ@BDPKKDEL@No?5STUN?5mapped?5address?5attribute@ 0040f5c8     pjlib-util-i386-win32-vc14-release-dynamic:errno.obj
 0002:00000608       ??_C@_0ED@MIOBPJDH@Received?5no?5response?5from?5STUN?5s@ 0040f608     pjlib-util-i386-win32-vc14-release-dynamic:errno.obj
 0002:0000064c       ??_C@_0DK@OILEGGA@Symetric?5NAT?5detected?5by?5STUN?5?$CIP@ 0040f64c     pjlib-util-i386-win32-vc14-release-dynamic:errno.obj
 0002:00000688       ??_C@_0CI@OKGDIDF@Invalid?5XML?5message?5?$CIPJLIB_UTIL_@ 0040f688     pjlib-util-i386-win32-vc14-release-dynamic:errno.obj
 0002:000006b0       ??_C@_0CL@IPLFEOJE@Invalid?5JSON?5document?5?$CIPJLIB_UTI@ 0040f6b0     pjlib-util-i386-win32-vc14-release-dynamic:errno.obj
 0002:000006e0       ??_C@_0EC@KJLJANIE@DNS?5query?5packet?5buffer?5is?5too?5s@ 0040f6e0     pjlib-util-i386-win32-vc14-release-dynamic:errno.obj
 0002:00000724       ??_C@_0DC@JFKHADAC@Invalid?5DNS?5packet?5length?5?$CIPJLIB@ 0040f724     pjlib-util-i386-win32-vc14-release-dynamic:errno.obj
 0002:00000758       ??_C@_0CL@OCFDFFNM@Invalid?5DNS?5class?5?$CIPJLIB_UTIL_ED@ 0040f758     pjlib-util-i386-win32-vc14-release-dynamic:errno.obj
 0002:00000784       ??_C@_0DE@FIPILDGP@Invalid?5DNS?5name?5pointer?5?$CIPJLIB_@ 0040f784     pjlib-util-i386-win32-vc14-release-dynamic:errno.obj
 0002:000007b8       ??_C@_0DJ@NBOGGJL@Invalid?5DNS?5nameserver?5address?5?$CI@ 0040f7b8     pjlib-util-i386-win32-vc14-release-dynamic:errno.obj
 0002:000007f4       ??_C@_0DH@LFJGDOHB@No?5nameserver?5is?5in?5DNS?5resolver@ 0040f7f4     pjlib-util-i386-win32-vc14-release-dynamic:errno.obj
 0002:0000082c       ??_C@_0DH@PHJBLCKD@No?5working?5DNS?5nameserver?5?$CIPJLIB@ 0040f82c     pjlib-util-i386-win32-vc14-release-dynamic:errno.obj
 0002:00000868       ??_C@_0EC@HJFBNLFC@No?5answer?5record?5in?5the?5DNS?5resp@ 0040f868     pjlib-util-i386-win32-vc14-release-dynamic:errno.obj
 0002:000008ac       ??_C@_0CN@DEFBDJKF@Invalid?5DNS?5answer?5?$CIPJLIB_UTIL_E@ 0040f8ac     pjlib-util-i386-win32-vc14-release-dynamic:errno.obj
 0002:000008dc       ??_C@_0CN@BCAAPMPM@DNS?5?$CCFormat?5error?$CC?5?$CIPJLIB_UTIL_E@ 0040f8dc     pjlib-util-i386-win32-vc14-release-dynamic:errno.obj
 0002:0000090c       ??_C@_0DA@NBPIIAHM@DNS?5?$CCServer?5failure?$CC?5?$CIPJLIB_UTIL@ 0040f90c     pjlib-util-i386-win32-vc14-release-dynamic:errno.obj
 0002:0000093c       ??_C@_0CM@CNNJNBCA@DNS?5?$CCName?5Error?$CC?5?$CIPJLIB_UTIL_EDN@ 0040f93c     pjlib-util-i386-win32-vc14-release-dynamic:errno.obj
 0002:00000968       ??_C@_0DA@DIMDKHPM@DNS?5?$CCNot?5Implemented?$CC?5?$CIPJLIB_UTI@ 0040f968     pjlib-util-i386-win32-vc14-release-dynamic:errno.obj
 0002:00000998       ??_C@_0CI@LDMKLLKJ@DNS?5?$CCRefused?$CC?5?$CIPJLIB_UTIL_EDNS_R@ 0040f998     pjlib-util-i386-win32-vc14-release-dynamic:errno.obj
 0002:000009c0       ??_C@_0DB@PFAMNHPJ@DNS?5?$CCThe?5name?5exists?$CC?5?$CIPJLIB_UTI@ 0040f9c0     pjlib-util-i386-win32-vc14-release-dynamic:errno.obj
 0002:000009f4       ??_C@_0DO@OIIHMCI@DNS?5?$CCThe?5RRset?5?$CIname?0?5type?$CJ?5exis@ 0040f9f4     pjlib-util-i386-win32-vc14-release-dynamic:errno.obj
 0002:00000a38       ??_C@_0EG@OMHMBNML@DNS?5?$CCThe?5RRset?5?$CIname?0?5type?$CJ?5does@ 0040fa38     pjlib-util-i386-win32-vc14-release-dynamic:errno.obj
 0002:00000a80       ??_C@_0CP@HJODAHHO@DNS?5?$CCNot?5authorized?$CC?5?$CIPJLIB_UTIL@ 0040fa80     pjlib-util-i386-win32-vc14-release-dynamic:errno.obj
 0002:00000ab0       ??_C@_0EB@GKEHOPAE@DNS?5?$CCThe?5zone?5specified?5is?5not?5a@ 0040fab0     pjlib-util-i386-win32-vc14-release-dynamic:errno.obj
 0002:00000af4       ??_C@_0DH@EMGNELGL@Too?5many?5STUN?5attributes?5?$CIPJLIB_@ 0040faf4     pjlib-util-i386-win32-vc14-release-dynamic:errno.obj
 0002:00000b2c       ??_C@_0DF@KMIPDCMM@Unknown?5STUN?5attribute?5?$CIPJLIB_UT@ 0040fb2c     pjlib-util-i386-win32-vc14-release-dynamic:errno.obj
 0002:00000b64       ??_C@_0DP@PDBNFLFH@Invalid?5STUN?5socket?5address?5leng@ 0040fb64     pjlib-util-i386-win32-vc14-release-dynamic:errno.obj
 0002:00000ba8       ??_C@_0EA@NAKPKGDE@STUN?5IPv6?5attribute?5not?5supporte@ 0040fba8     pjlib-util-i386-win32-vc14-release-dynamic:errno.obj
 0002:00000be8       ??_C@_0DO@LEKPMIHP@Expecting?5STUN?5response?5message?5@ 0040fbe8     pjlib-util-i386-win32-vc14-release-dynamic:errno.obj
 0002:00000c28       ??_C@_0DJ@DDEJFFIL@STUN?5transaction?5ID?5mismatch?5?$CIPJ@ 0040fc28     pjlib-util-i386-win32-vc14-release-dynamic:errno.obj
 0002:00000c68       ??_C@_0EI@BNLBFIKH@Unable?5to?5find?5STUN?5handler?5for?5@ 0040fc68     pjlib-util-i386-win32-vc14-release-dynamic:errno.obj
 0002:00000cb0       ??_C@_0FA@DIAPLEFD@Found?5non?9FINGERPRINT?5attr?4?5afte@ 0040fcb0     pjlib-util-i386-win32-vc14-release-dynamic:errno.obj
 0002:00000d00       ??_C@_0ED@CNMDGMPD@Found?5STUN?5attribute?5after?5FINGE@ 0040fd00     pjlib-util-i386-win32-vc14-release-dynamic:errno.obj
 0002:00000d44       ??_C@_0DN@JLMAJAKN@Missing?5STUN?5USERNAME?5attribute?5@ 0040fd44     pjlib-util-i386-win32-vc14-release-dynamic:errno.obj
 0002:00000d88       ??_C@_0EK@LMHKLKC@Missing?1invalid?5STUN?5MESSAGE?9INT@ 0040fd88     pjlib-util-i386-win32-vc14-release-dynamic:errno.obj
 0002:00000dd4       ??_C@_0DJ@BCFNCGF@Found?5duplicate?5STUN?5attribute?5?$CI@ 0040fdd4     pjlib-util-i386-win32-vc14-release-dynamic:errno.obj
 0002:00000e10       ??_C@_0DH@MMHMOPBG@Missing?5STUN?5REALM?5attribute?5?$CIPJ@ 0040fe10     pjlib-util-i386-win32-vc14-release-dynamic:errno.obj
 0002:00000e48       ??_C@_0EB@FGOGNHPO@Missing?1stale?5STUN?5NONCE?5attribu@ 0040fe48     pjlib-util-i386-win32-vc14-release-dynamic:errno.obj
 0002:00000e90       ??_C@_0EF@HAPLEMIK@STUN?5transaction?5terminates?5with@ 0040fe90     pjlib-util-i386-win32-vc14-release-dynamic:errno.obj
 0002:00000ed8       ??_C@_0CL@GOOAEBLJ@Invalid?5URL?5format?5?$CIPJLIB_UTIL_E@ 0040fed8     pjlib-util-i386-win32-vc14-release-dynamic:errno.obj
 0002:00000f04       ??_C@_0DB@BDFJPAOA@Invalid?5URL?5port?5number?5?$CIPJLIB_U@ 0040ff04     pjlib-util-i386-win32-vc14-release-dynamic:errno.obj
 0002:00000f38       ??_C@_0DN@CABCKELB@Incomplete?5response?5header?5recei@ 0040ff38     pjlib-util-i386-win32-vc14-release-dynamic:errno.obj
 0002:00000f78       ??_C@_0CN@MKMAKFDH@Insufficient?5buffer?5?$CIPJLIB_UTIL_@ 0040ff78     pjlib-util-i386-win32-vc14-release-dynamic:errno.obj
 0002:00000fa8       ??_C@_0CH@JNBFBBKA@Connection?5lost?5?$CIPJLIB_UTIL_EHTT@ 0040ffa8     pjlib-util-i386-win32-vc14-release-dynamic:errno.obj
 0002:00000fd0       ??_C@_0CE@DHMMOEGP@Exit?5current?5session?5?$CIPJ_CLI_EEX@ 0040ffd0     pjlib-util-i386-win32-vc14-release-dynamic:errno.obj
 0002:00000ff4       ??_C@_0CG@LEDMCEME@Missing?5argument?5?$CIPJ_CLI_EMISSIN@ 0040fff4     pjlib-util-i386-win32-vc14-release-dynamic:errno.obj
 0002:0000101c       ??_C@_0CJ@ECODGDHL@Too?5many?5arguments?5?$CIPJ_CLI_ETOOM@ 0041001c     pjlib-util-i386-win32-vc14-release-dynamic:errno.obj
 0002:00001048       ??_C@_0CC@NLPGOLED@Invalid?5argument?5?$CIPJ_CLI_EINVARG@ 00410048     pjlib-util-i386-win32-vc14-release-dynamic:errno.obj
 0002:0000106c       ??_C@_0CO@OOEOBCH@Command?5name?5already?5exists?5?$CIPJ_@ 0041006c     pjlib-util-i386-win32-vc14-release-dynamic:errno.obj
 0002:0000109c       ??_C@_0CK@MKOACJP@Command?5id?5already?5exists?5?$CIPJ_CL@ 0041009c     pjlib-util-i386-win32-vc14-release-dynamic:errno.obj
 0002:000010c8       ??_C@_0CE@LHHCBFML@Invalid?5XML?5format?5?$CIPJ_CLI_EBADX@ 004100c8     pjlib-util-i386-win32-vc14-release-dynamic:errno.obj
 0002:000010ec       ??_C@_0CF@CKMLJLLP@Connection?5lost?5?$CIPJ_CLI_ETELNETL@ 004100ec     pjlib-util-i386-win32-vc14-release-dynamic:errno.obj
 0002:00001114       ??_C@_0BM@LDLEGOFO@Unknown?5pjlib?9util?5error?5?$CFd?$AA@ 00410114     pjlib-util-i386-win32-vc14-release-dynamic:errno.obj
 0002:00001130       ??_C@_06DDDNEJEA@choice?$AA@ 00410130     pjlib-util-i386-win32-vc14-release-dynamic:cli.obj
 0002:00001148       ??_C@_02LFBAKKMC@SC?$AA@   00410148     pjlib-util-i386-win32-vc14-release-dynamic:cli.obj
 0002:0000114c       ??_C@_04OJAHODMC@Text?$AA@ 0041014c     pjlib-util-i386-win32-vc14-release-dynamic:cli.obj
 0002:00001154       ??_C@_03DBLNGNIM@Int?$AA@  00410154     pjlib-util-i386-win32-vc14-release-dynamic:cli.obj
 0002:00001158       ??_C@_06PMIAHANM@Choice?$AA@ 00410158     pjlib-util-i386-win32-vc14-release-dynamic:cli.obj
 0002:0000115f       ??_C@_00CNPNBAHC@?$AA@     0041015f     pjlib-util-i386-win32-vc14-release-dynamic:cli.obj
 0002:00001160       ??_C@_0IA@IHKENAFH@?$DMCMD?5name?$DN?8log?8?5id?$DN?830000?8?5sc?$DN?8?8@ 00410160     pjlib-util-i386-win32-vc14-release-dynamic:cli.obj
 0002:000011e0       ??_C@_0DN@JBMPIMOA@?$DMCMD?5name?$DN?8exit?8?5id?$DN?830001?8?5sc?$DN?8@ 004101e0     pjlib-util-i386-win32-vc14-release-dynamic:cli.obj
 0002:00001220       ??_C@_03CNKJKKE@cli?$AA@   00410220     pjlib-util-i386-win32-vc14-release-dynamic:cli.obj
 0002:00001224       ??_C@_0BK@DBPPABLN@Failed?5to?5add?5command?5?$CD?$CFd?$AA@ 00410224     pjlib-util-i386-win32-vc14-release-dynamic:cli.obj
 0002:00001240       ??_C@_05KGLCFCOD@cli?4c?$AA@ 00410240     pjlib-util-i386-win32-vc14-release-dynamic:cli.obj
 0002:00001248       ??_C@_02DPKJAMEF@?$CFd?$AA@ 00410248     pjlib-util-i386-win32-vc14-release-dynamic:cli.obj
 0002:0000124c       ??_C@_05MFEJDJP@value?$AA@ 0041024c     pjlib-util-i386-win32-vc14-release-dynamic:cli.obj
 0002:00001254       ??_C@_04EBPADADD@desc?$AA@ 00410254     pjlib-util-i386-win32-vc14-release-dynamic:cli.obj
 0002:0000125c       ??_C@_04MEMAJGDJ@name?$AA@ 0041025c     pjlib-util-i386-win32-vc14-release-dynamic:cli.obj
 0002:00001264       ??_C@_02EGCJHIOB@id?$AA@   00410264     pjlib-util-i386-win32-vc14-release-dynamic:cli.obj
 0002:00001268       ??_C@_04GPMDFGEJ@type?$AA@ 00410268     pjlib-util-i386-win32-vc14-release-dynamic:cli.obj
 0002:00001270       ??_C@_04CIMGMMMG@text?$AA@ 00410270     pjlib-util-i386-win32-vc14-release-dynamic:cli.obj
 0002:00001278       ??_C@_03JBIPMCLC@int?$AA@  00410278     pjlib-util-i386-win32-vc14-release-dynamic:cli.obj
 0002:0000127c       ??_C@_08EBGGHLAO@optional?$AA@ 0041027c     pjlib-util-i386-win32-vc14-release-dynamic:cli.obj
 0002:00001288       ??_C@_01HIHLOKLC@1?$AA@    00410288     pjlib-util-i386-win32-vc14-release-dynamic:cli.obj
 0002:0000128c       ??_C@_08EBLJJHKN@validate?$AA@ 0041028c     pjlib-util-i386-win32-vc14-release-dynamic:cli.obj
 0002:00001298       ??_C@_03LLENEDKC@CMD?$AA@  00410298     pjlib-util-i386-win32-vc14-release-dynamic:cli.obj
 0002:0000129c       ??_C@_02BINJMIIA@sc?$AA@   0041029c     pjlib-util-i386-win32-vc14-release-dynamic:cli.obj
 0002:000012a0       ??_C@_03CNBDDMKH@ARG?$AA@  004102a0     pjlib-util-i386-win32-vc14-release-dynamic:cli.obj
 0002:000012a4       ??_C@_03PJHHNEEI@xml?$AA@  004102a4     pjlib-util-i386-win32-vc14-release-dynamic:cli.obj
 0002:000012a8       ??_C@_0BL@IDNCPFLH@Error?3?5unable?5to?5parse?5XML?$AA@ 004102a8     pjlib-util-i386-win32-vc14-release-dynamic:cli.obj
 0002:000012c4       ??_C@_03ECAGCCFB@?8?$CC?$HN?$AA@ 004102c4     pjlib-util-i386-win32-vc14-release-dynamic:cli.obj
 0002:000012c8       ??_C@_03BEFMIFNH@?8?$CC?$HL?$AA@ 004102c8     pjlib-util-i386-win32-vc14-release-dynamic:cli.obj
 0002:000012cc       ??_C@_04HHCDBDLF@?5?7?$AN?6?$AA@ 004102cc     pjlib-util-i386-win32-vc14-release-dynamic:cli.obj
 0002:000012f4       ??_C@_0BN@IPGOFGHC@?$CFError?5?3?5Invalid?5Arguments?$AN?6?$AA@ 004102f4     pjlib-util-i386-win32-vc14-release-dynamic:cli_console.obj
 0002:00001314       ??_C@_0BO@HKLDDDMM@?$CFError?5?3?5Too?5Many?5Arguments?$AN?6?$AA@ 00410314     pjlib-util-i386-win32-vc14-release-dynamic:cli_console.obj
 0002:00001334       ??_C@_04EBNJJJJI@?$CF?4?$CKs?$AA@ 00410334     pjlib-util-i386-win32-vc14-release-dynamic:cli_console.obj
 0002:0000133c       ??_C@_0L@FPHIBBAG@console_fe?$AA@ 0041033c     pjlib-util-i386-win32-vc14-release-dynamic:cli_console.obj
 0002:00001348       ??_C@_04IMEJGNKP@?$DO?$DO?$DO?5?$AA@ 00410348     pjlib-util-i386-win32-vc14-release-dynamic:cli_console.obj
 0002:00001350       ??_C@_02DKCKIIND@?$CFs?$AA@ 00410350     pjlib-util-i386-win32-vc14-release-dynamic:cli_console.obj
 0002:00001354       ??_C@_02PCIJFNDE@?$AN?6?$AA@ 00410354     pjlib-util-i386-win32-vc14-release-dynamic:cli_console.obj
 0002:00001358       ??_C@_01CLKCMJKC@?5?$AA@   00410358     pjlib-util-i386-win32-vc14-release-dynamic:cli_console.obj
 0002:0000135c       ??_C@_01JKBOJNNK@?$FO?$AA@ 0041035c     pjlib-util-i386-win32-vc14-release-dynamic:cli_console.obj
 0002:00001360       ??_C@_02KNHHEEKP@?5?5?$AA@ 00410360     pjlib-util-i386-win32-vc14-release-dynamic:cli_console.obj
 0002:00001364       ??_C@_04DDJEOHF@?$AN?6?5?5?$AA@ 00410364     pjlib-util-i386-win32-vc14-release-dynamic:cli_console.obj
 0002:0000136c       ??_C@_01OHGJGJJP@?$FL?$AA@ 0041036c     pjlib-util-i386-win32-vc14-release-dynamic:cli_console.obj
 0002:00001370       ??_C@_01LBDDMOBJ@?$FN?$AA@ 00410370     pjlib-util-i386-win32-vc14-release-dynamic:cli_console.obj
 0002:00001374       ??_C@_01MNNFJEPP@?$DM?$AA@ 00410374     pjlib-util-i386-win32-vc14-release-dynamic:cli_console.obj
 0002:00001378       ??_C@_01PPODPGHN@?$DO?$AA@ 00410378     pjlib-util-i386-win32-vc14-release-dynamic:cli_console.obj
 0002:0000137c       ??_C@_03LGOGDKEL@?5?$HM?5?$AA@ 0041037c     pjlib-util-i386-win32-vc14-release-dynamic:cli_console.obj
 0002:00001380       ??_C@_0M@LAOLDMLM@handle_hint?$AA@ 00410380     pjlib-util-i386-win32-vc14-release-dynamic:cli_console.obj
 0002:0000138c       ??_C@_0M@KJAIKDIA@handle_exec?$AA@ 0041038c     pjlib-util-i386-win32-vc14-release-dynamic:cli_console.obj
 0002:00001398       ??_C@_01KDCPPGHE@r?$AA@    00410398     pjlib-util-i386-win32-vc14-release-dynamic:cli_console.obj
 0002:0000139c       ??_C@_06GDENEHCP@CONIN$?$AA@ 0041039c     pjlib-util-i386-win32-vc14-release-dynamic:cli_console.obj
 0002:000013a4       ??_C@_0DE@KMLJCNEF@Cannot?5switch?5back?5to?5console?5fr@ 004103a4     pjlib-util-i386-win32-vc14-release-dynamic:cli_console.obj
 0002:000013d8       ??_C@_0CP@LCNJNDBP@Switched?5back?5to?5console?5from?5fi@ 004103d8     pjlib-util-i386-win32-vc14-release-dynamic:cli_console.obj
 0002:00001438       ??_C@_0L@NEKFNNMM@handle_tab?$AA@ 00410438     pjlib-util-i386-win32-vc14-release-dynamic:cli_telnet.obj
 0002:00001444       ??_C@_0O@ONJEDMHC@handle_return?$AA@ 00410444     pjlib-util-i386-win32-vc14-release-dynamic:cli_telnet.obj
 0002:00001454       ??_C@_0BH@IIJPKDOG@?$DM?4?4data?5truncated?4?4?$DO?$AN?6?$AA@ 00410454     pjlib-util-i386-win32-vc14-release-dynamic:cli_telnet.obj
 0002:0000146c       ??_C@_0BD@EDGHECDN@Error?5On?5data?5send?$AA@ 0041046c     pjlib-util-i386-win32-vc14-release-dynamic:cli_telnet.obj
 0002:00001480       ??_C@_0N@IPEMLDNJ@cli_telnet?4c?$AA@ 00410480     pjlib-util-i386-win32-vc14-release-dynamic:cli_telnet.obj
 0002:00001490       ??_C@_0BG@IIMMODFM@Error?5on?5data?5read?5?$CFd?$AA@ 00410490     pjlib-util-i386-win32-vc14-release-dynamic:cli_telnet.obj
 0002:000014a8       ??_C@_0BI@FGEAGNLA@Error?5on?5data?5accept?5?$CFd?$AA@ 004104a8     pjlib-util-i386-win32-vc14-release-dynamic:cli_telnet.obj
 0002:000014c0       ??_C@_0M@EAEEIGHO@telnet_sess?$AA@ 004104c0     pjlib-util-i386-win32-vc14-release-dynamic:cli_telnet.obj
 0002:000014cc       ??_C@_0DB@GMPCGDOL@Not?5enough?5memory?5to?5create?5a?5ne@ 004104cc     pjlib-util-i386-win32-vc14-release-dynamic:cli_telnet.obj
 0002:00001500       ??_C@_0BC@FFNCOBNJ@mutex_telnet_sess?$AA@ 00410500     pjlib-util-i386-win32-vc14-release-dynamic:cli_telnet.obj
 0002:00001514       ??_C@_0BP@BOMGCGBH@Failure?5creating?5active?5socket?$AA@ 00410514     pjlib-util-i386-win32-vc14-release-dynamic:cli_telnet.obj
 0002:00001534       ??_C@_0BO@LBKLDPHF@Failure?5reading?5active?5socket?$AA@ 00410534     pjlib-util-i386-win32-vc14-release-dynamic:cli_telnet.obj
 0002:00001554       ??_C@_09DKDLBLKO@telnet_fe?$AA@ 00410554     pjlib-util-i386-win32-vc14-release-dynamic:cli_telnet.obj
 0002:00001560       ??_C@_0BA@BJMFBIIP@mutex_telnet_fe?$AA@ 00410560     pjlib-util-i386-win32-vc14-release-dynamic:cli_telnet.obj
 0002:00001570       ??_C@_0BO@LNGEGFKJ@Failed?5setting?5socket?5options?$AA@ 00410570     pjlib-util-i386-win32-vc14-release-dynamic:cli_telnet.obj
 0002:00001590       ??_C@_0CE@IGNJOCDM@Address?5is?5still?5in?5use?0?5retryin@ 00410590     pjlib-util-i386-win32-vc14-release-dynamic:cli_telnet.obj
 0002:000015b4       ??_C@_02LLMPMKNF@?$DO?5?$AA@ 004105b4     pjlib-util-i386-win32-vc14-release-dynamic:cli_telnet.obj
 0002:000015b8       ??_C@_0BK@FMGILPIG@Failed?5binding?5the?5socket?$AA@ 004105b8     pjlib-util-i386-win32-vc14-release-dynamic:cli_telnet.obj
 0002:000015d4       ??_C@_0BB@LOAHFKNN@worker_telnet_fe?$AA@ 004105d4     pjlib-util-i386-win32-vc14-release-dynamic:cli_telnet.obj
 0002:000015e8       ??_C@_0BB@MEBBOAAM@Telnet?5Restarted?$AA@ 004105e8     pjlib-util-i386-win32-vc14-release-dynamic:cli_telnet.obj
 0002:000015fc       ??_C@_0BM@HBCIEFJJ@?4?4?2src?2pjlib?9util?2scanner?4c?$AA@ 004105fc     pjlib-util-i386-win32-vc14-release-dynamic:scanner.obj
 0002:00001618       ??_C@_0BI@LDPGPFDH@?4?4?2src?2pjlib?9util?2xml?4c?$AA@ 00410618     pjlib-util-i386-win32-vc14-release-dynamic:xml.obj
 0002:00001630       ??_C@_02KBFACPPK@?$DM?$CB?$AA@ 00410630     pjlib-util-i386-win32-vc14-release-dynamic:xml.obj
 0002:00001634       ??_C@_06MKPKJMEK@?5?1?$DO?7?$AN?6?$AA@ 00410634     pjlib-util-i386-win32-vc14-release-dynamic:xml.obj
 0002:0000163c       ??_C@_06NLKJJJJJ@?$DN?$DO?5?7?$AN?6?$AA@ 0041063c     pjlib-util-i386-win32-vc14-release-dynamic:xml.obj
 0002:00001644       ??_C@_02OBLCAGAG@?$CC?8?$AA@ 00410644     pjlib-util-i386-win32-vc14-release-dynamic:xml.obj
 0002:00001648       ??_C@_09BLLNCBLF@?$DM?$CB?$FLCDATA?$FL?$AA@ 00410648     pjlib-util-i386-win32-vc14-release-dynamic:xml.obj
 0002:00001654       ??_C@_03MCHNFBAC@?$FN?$FN?$DO?$AA@ 00410654     pjlib-util-i386-win32-vc14-release-dynamic:xml.obj
 0002:00001658       ??_C@_03DAJNKPCP@?5?7?$DO?$AA@ 00410658     pjlib-util-i386-win32-vc14-release-dynamic:xml.obj
 0002:0000165c       ??_C@_0CO@GIBLJIOM@Syntax?5error?5parsing?5XML?5in?5line@ 0041065c     pjlib-util-i386-win32-vc14-release-dynamic:xml.obj
 0002:0000168c       ??_C@_05MFBNHJDJ@xml?4c?$AA@ 0041068c     pjlib-util-i386-win32-vc14-release-dynamic:xml.obj
 0002:00001694       ??_C@_04IFCNACLH@pj?$CFp?$AA@ 00410694     pjlib-i386-win32-vc14-release-dynamic:os_core_win32.obj
 0002:0000169c       ??_C@_0BA@NGJFHJA@PJLIB?1No?5memory?$AA@ 0041069c     pjlib-i386-win32-vc14-release-dynamic:os_core_win32.obj
 0002:000016ac       ??_C@_0BP@NGEKBPIB@pjlib?5?$CFs?5for?5win32?5initialized?$AA@ 004106ac     pjlib-i386-win32-vc14-release-dynamic:os_core_win32.obj
 0002:000016cc       ??_C@_0BA@FNCACAIG@os_core_win32?4c?$AA@ 004106cc     pjlib-i386-win32-vc14-release-dynamic:os_core_win32.obj
 0002:000016dc       ??_C@_0CI@EAKIIBBA@Main?5thread?5stack?5max?5usage?$DN?$CFu?5b@ 004106dc     pjlib-i386-win32-vc14-release-dynamic:os_core_win32.obj
 0002:00001704       ??_C@_0BK@BHGJHPMG@?4?4?2src?2pj?2os_core_win32?4c?$AA@ 00410704     pjlib-i386-win32-vc14-release-dynamic:os_core_win32.obj
 0002:00001720       ??_C@_05KHEDLION@thr?$CFp?$AA@ 00410720     pjlib-i386-win32-vc14-release-dynamic:os_core_win32.obj
 0002:00001728       ??_C@_0CD@GPHECFNA@Thread?5stack?5max?5usage?$DN?$CFu?5by?5?$CFs?3@ 00410728     pjlib-i386-win32-vc14-release-dynamic:os_core_win32.obj
 0002:0000174c       ??_C@_05EJDHHBFJ@mtx?$CFp?$AA@ 0041074c     pjlib-i386-win32-vc14-release-dynamic:os_core_win32.obj
 0002:00001754       ??_C@_05EKKMALCN@sem?$CFp?$AA@ 00410754     pjlib-i386-win32-vc14-release-dynamic:os_core_win32.obj
 0002:00001820       ??_C@_0BM@FLPPOGAG@Unknown?5Error?5?$CIPJ_EUNKNOWN?$CJ?$AA@ 00410820     pjlib-i386-win32-vc14-release-dynamic:errno.obj
 0002:0000183c       ??_C@_0CA@DCLOOJGD@Pending?5operation?5?$CIPJ_EPENDING?$CJ?$AA@ 0041083c     pjlib-i386-win32-vc14-release-dynamic:errno.obj
 0002:0000185c       ??_C@_0CO@GABEOAFF@Too?5many?5connecting?5sockets?5?$CIPJ_@ 0041085c     pjlib-i386-win32-vc14-release-dynamic:errno.obj
 0002:0000188c       ??_C@_0CG@CBCJBJGD@Invalid?5value?5or?5argument?5?$CIPJ_EI@ 0041088c     pjlib-i386-win32-vc14-release-dynamic:errno.obj
 0002:000018b4       ??_C@_0CA@GJABNEKD@Name?5too?5long?5?$CIPJ_ENAMETOOLONG?$CJ?$AA@ 004108b4     pjlib-i386-win32-vc14-release-dynamic:errno.obj
 0002:000018d4       ??_C@_0BJ@JNKLPII@Not?5found?5?$CIPJ_ENOTFOUND?$CJ?$AA@ 004108d4     pjlib-i386-win32-vc14-release-dynamic:errno.obj
 0002:000018f0       ??_C@_0BO@GOLCMJKK@Not?5enough?5memory?5?$CIPJ_ENOMEM?$CJ?$AA@ 004108f0     pjlib-i386-win32-vc14-release-dynamic:errno.obj
 0002:00001910       ??_C@_0BI@HHGDCAID@BUG?5DETECTED?$CB?5?$CIPJ_EBUG?$CJ?$AA@ 00410910     pjlib-i386-win32-vc14-release-dynamic:errno.obj
 0002:00001928       ??_C@_0CD@JOGIDHPJ@Operation?5timed?5out?5?$CIPJ_ETIMEDOU@ 00410928     pjlib-i386-win32-vc14-release-dynamic:errno.obj
 0002:0000194c       ??_C@_0DF@MIFNAIHL@Too?5many?5objects?5of?5the?5specifie@ 0041094c     pjlib-i386-win32-vc14-release-dynamic:errno.obj
 0002:00001984       ??_C@_0BK@OMPILOH@Object?5is?5busy?5?$CIPJ_EBUSY?$CJ?$AA@ 00410984     pjlib-i386-win32-vc14-release-dynamic:errno.obj
 0002:000019a0       ??_C@_0CP@BAIBJOJE@Option?1operation?5is?5not?5supporte@ 004109a0     pjlib-i386-win32-vc14-release-dynamic:errno.obj
 0002:000019d0       ??_C@_0CC@OEEEEEML@Invalid?5operation?5?$CIPJ_EINVALIDOP@ 004109d0     pjlib-i386-win32-vc14-release-dynamic:errno.obj
 0002:000019f4       ??_C@_0CE@KDDMJLGF@Operation?5cancelled?5?$CIPJ_ECANCELL@ 004109f4     pjlib-i386-win32-vc14-release-dynamic:errno.obj
 0002:00001a18       ??_C@_0CD@LODOFNLC@Object?5already?5exists?5?$CIPJ_EEXIST@ 00410a18     pjlib-i386-win32-vc14-release-dynamic:errno.obj
 0002:00001a3c       ??_C@_0BG@GMBDFNLN@End?5of?5file?5?$CIPJ_EEOF?$CJ?$AA@ 00410a3c     pjlib-i386-win32-vc14-release-dynamic:errno.obj
 0002:00001a54       ??_C@_0BN@PCCNBFLN@Size?5is?5too?5big?5?$CIPJ_ETOOBIG?$CJ?$AA@ 00410a54     pjlib-i386-win32-vc14-release-dynamic:errno.obj
 0002:00001a74       ??_C@_0DB@FDCHLEID@gethostbyname?$CI?$CJ?5has?5returned?5err@ 00410a74     pjlib-i386-win32-vc14-release-dynamic:errno.obj
 0002:00001aa8       ??_C@_0CB@MGGLJMNO@Size?5is?5too?5short?5?$CIPJ_ETOOSMALL?$CJ@ 00410aa8     pjlib-i386-win32-vc14-release-dynamic:errno.obj
 0002:00001acc       ??_C@_0BG@NBDJGAFI@Ignored?5?$CIPJ_EIGNORED?$CJ?$AA@ 00410acc     pjlib-i386-win32-vc14-release-dynamic:errno.obj
 0002:00001ae4       ??_C@_0CH@OGOOBJBE@IPv6?5is?5not?5supported?5?$CIPJ_EIPV6N@ 00410ae4     pjlib-i386-win32-vc14-release-dynamic:errno.obj
 0002:00001b0c       ??_C@_0CK@DJAHHNOI@Unsupported?5address?5family?5?$CIPJ_E@ 00410b0c     pjlib-i386-win32-vc14-release-dynamic:errno.obj
 0002:00001b38       ??_C@_0CD@PDGCJOJH@Object?5no?5longer?5exists?5?$CIPJ_EGON@ 00410b38     pjlib-i386-win32-vc14-release-dynamic:errno.obj
 0002:00001b5c       ??_C@_0CI@LBHALONI@Socket?5is?5in?5bad?5state?5?$CIPJ_ESOCK@ 00410b5c     pjlib-i386-win32-vc14-release-dynamic:errno.obj
 0002:00001b84       ??_C@_0BH@ONDLFCEA@Unknown?5pjlib?5error?5?$CFd?$AA@ 00410b84     pjlib-i386-win32-vc14-release-dynamic:errno.obj
 0002:00001b9c       ??_C@_07PBILKAFL@Success?$AA@ 00410b9c     pjlib-i386-win32-vc14-release-dynamic:errno.obj
 0002:00001ba4       ??_C@_0BB@BIKLJNJD@Unknown?5error?5?$CFd?$AA@ 00410ba4     pjlib-i386-win32-vc14-release-dynamic:errno.obj
 0002:00001bb8       ??_C@_05NAOIJFC@Error?$AA@ 00410bb8     pjlib-i386-win32-vc14-release-dynamic:errno.obj
 0002:00001bc0       ??_C@_06DJHOIPC@?$CFs?3?5?$CFs?$AA@ 00410bc0     pjlib-i386-win32-vc14-release-dynamic:errno.obj
 0002:00001bc8       ??_C@_0BA@CLLJDBF@?4?4?2src?2pj?2log?4c?$AA@ 00410bc8     pjlib-i386-win32-vc14-release-dynamic:log.obj
 0002:00001bd8       ??_C@_06DDFOEFIF@FATAL?3?$AA@ 00410bd8     pjlib-i386-win32-vc14-release-dynamic:log.obj
 0002:00001be0       ??_C@_06PONDCDME@ERROR?3?$AA@ 00410be0     pjlib-i386-win32-vc14-release-dynamic:log.obj
 0002:00001be8       ??_C@_06OHJPOJDB@?5WARN?3?$AA@ 00410be8     pjlib-i386-win32-vc14-release-dynamic:log.obj
 0002:00001bf0       ??_C@_06ICKKLHPE@?5INFO?3?$AA@ 00410bf0     pjlib-i386-win32-vc14-release-dynamic:log.obj
 0002:00001bf8       ??_C@_06DNOFLLB@DEBUG?3?$AA@ 00410bf8     pjlib-i386-win32-vc14-release-dynamic:log.obj
 0002:00001c00       ??_C@_06ELIFFDKB@TRACE?3?$AA@ 00410c00     pjlib-i386-win32-vc14-release-dynamic:log.obj
 0002:00001c08       ??_C@_06HGKAKJPG@DETRC?3?$AA@ 00410c08     pjlib-i386-win32-vc14-release-dynamic:log.obj
 0002:00001c10       ??_C@_03KOEHGMDN@Sun?$AA@  00410c10     pjlib-i386-win32-vc14-release-dynamic:log.obj
 0002:00001c14       ??_C@_03PDAGKDH@Mon?$AA@   00410c14     pjlib-i386-win32-vc14-release-dynamic:log.obj
 0002:00001c18       ??_C@_03NAGEINEP@Tue?$AA@  00410c18     pjlib-i386-win32-vc14-release-dynamic:log.obj
 0002:00001c1c       ??_C@_03MHOMLAJA@Wed?$AA@  00410c1c     pjlib-i386-win32-vc14-release-dynamic:log.obj
 0002:00001c20       ??_C@_03IOFIKPDN@Thu?$AA@  00410c20     pjlib-i386-win32-vc14-release-dynamic:log.obj
 0002:00001c24       ??_C@_03IDIOELNC@Fri?$AA@  00410c24     pjlib-i386-win32-vc14-release-dynamic:log.obj
 0002:00001c28       ??_C@_03FEFJNEK@Sat?$AA@   00410c28     pjlib-i386-win32-vc14-release-dynamic:log.obj
 0002:00001c2c       ??_C@_0BO@BGMDCDKP@?$DMlogging?5error?3?5msg?5too?5long?$DO?$AA@ 00410c2c     pjlib-i386-win32-vc14-release-dynamic:log.obj
 0002:00001c4c       ??_C@_0BD@ELEDKDKB@?4?4?2src?2pj?2string?4c?$AA@ 00410c4c     pjlib-i386-win32-vc14-release-dynamic:string.obj
 0002:00001c60       ??_C@_0BJ@MJKAJPML@?4?4?2src?2pj?2pool_caching?4c?$AA@ 00410c60     pjlib-i386-win32-vc14-release-dynamic:pool_caching.obj
 0002:00001c7c       ??_C@_0M@IGFPEOLJ@cachingpool?$AA@ 00410c7c     pjlib-i386-win32-vc14-release-dynamic:pool_caching.obj
 0002:00001c88       ??_C@_0DD@ECGDPCBA@Pool?5is?5not?5released?5by?5applicat@ 00410c88     pjlib-i386-win32-vc14-release-dynamic:pool_caching.obj
 0002:00001cbc       ??_C@_0BH@BBPHJKOA@?5Dumping?5caching?5pool?3?$AA@ 00410cbc     pjlib-i386-win32-vc14-release-dynamic:pool_caching.obj
 0002:00001cd4       ??_C@_08COPEICHG@cachpool?$AA@ 00410cd4     pjlib-i386-win32-vc14-release-dynamic:pool_caching.obj
 0002:00001ce0       ??_C@_0CN@DOKPIIOH@?5?5?5Capacity?$DN?$CFu?0?5max_capacity?$DN?$CFu?0@ 00410ce0     pjlib-i386-win32-vc14-release-dynamic:pool_caching.obj
 0002:00001d10       ??_C@_0BM@IDLDGCC@?5?5Dumping?5all?5active?5pools?3?$AA@ 00410d10     pjlib-i386-win32-vc14-release-dynamic:pool_caching.obj
 0002:00001d2c       ??_C@_0CA@MMLIKIEG@?5?5?5?$CF16s?3?5?$CF8d?5of?5?$CF8d?5?$CI?$CFd?$CF?$CF?$CJ?5used?$AA@ 00410d2c     pjlib-i386-win32-vc14-release-dynamic:pool_caching.obj
 0002:00001d4c       ??_C@_0CB@GKBJPDKG@?5?5Total?5?$CF9d?5of?5?$CF9d?5?$CI?$CFd?5?$CF?$CF?$CJ?5used?$CB@ 00410d4c     pjlib-i386-win32-vc14-release-dynamic:pool_caching.obj
 0002:00001d70       ??_C@_0CD@KFHCCJFN@?$CB?$CB?$CBFATAL?3?5unhandled?5exception?5?$CFs@ 00410d70     pjlib-i386-win32-vc14-release-dynamic:except.obj
 0002:00001d94       ??_C@_08PDFMOJIE@except?4c?$AA@ 00410d94     pjlib-i386-win32-vc14-release-dynamic:except.obj
 0002:00001da0       ??_C@_0N@GJOLEKJC@?$DMInvalid?5ID?$DO?$AA@ 00410da0     pjlib-i386-win32-vc14-release-dynamic:except.obj
 0002:00001db0       ??_C@_0N@LJPLLMIL@exception?5?$CFd?$AA@ 00410db0     pjlib-i386-win32-vc14-release-dynamic:except.obj
 0002:00001dc0       ??_C@_0BB@LOBHAKEP@?4?4?2src?2pj?2hash?4c?$AA@ 00410dc0     pjlib-i386-win32-vc14-release-dynamic:hash.obj
 0002:00001dd4       ??_C@_0BB@PKFOFEEC@?4?4?2src?2pj?2pool?4c?$AA@ 00410dd4     pjlib-i386-win32-vc14-release-dynamic:pool.obj
 0002:00001de8       ??_C@_0FF@NDLOAMHM@c?3?2users?2dlobato?2desktop?2pjproje@ 00410de8     pjlib-i386-win32-vc14-release-dynamic:ioqueue_select.obj
 0002:00001e40       ??_C@_05LIJONKFG@ioq?$CFp?$AA@ 00410e40     pjlib-i386-win32-vc14-release-dynamic:ioqueue_select.obj
 0002:00001e48       ??_C@_0CA@IMDCINDN@select?$CI?$CJ?5I?1O?5Queue?5created?5?$CI?$CFp?$CJ?$AA@ 00410e48     pjlib-i386-win32-vc14-release-dynamic:ioqueue_select.obj
 0002:00001e68       ??_C@_05PHKAINEA@pjlib?$AA@ 00410e68     pjlib-i386-win32-vc14-release-dynamic:ioqueue_select.obj
 0002:00001e70       ??_C@_0CJ@NPMLHLI@Bad?5ioqueue?5count?5in?5key?5unregis@ 00410e70     pjlib-i386-win32-vc14-release-dynamic:ioqueue_select.obj
 0002:00001e9c       ??_C@_0L@CAJCIPAG@ioq_select?$AA@ 00410e9c     pjlib-i386-win32-vc14-release-dynamic:ioqueue_select.obj
 0002:00001ea8       ??_C@_0BI@IIPAIKDD@?4?4?2src?2pj?2sock_common?4c?$AA@ 00410ea8     pjlib-i386-win32-vc14-release-dynamic:sock_common.obj
 0002:00001ec0       _PJ_MSG_OOB                00410ec0     pjlib-i386-win32-vc14-release-dynamic:sock_bsd.obj
 0002:00001ec4       _PJ_MSG_PEEK               00410ec4     pjlib-i386-win32-vc14-release-dynamic:sock_bsd.obj
 0002:00001ec8       _PJ_MSG_DONTROUTE          00410ec8     pjlib-i386-win32-vc14-release-dynamic:sock_bsd.obj
 0002:00001ecc       _PJ_AF_UNSPEC              00410ecc     pjlib-i386-win32-vc14-release-dynamic:sock_bsd.obj
 0002:00001ed0       _PJ_AF_UNIX                00410ed0     pjlib-i386-win32-vc14-release-dynamic:sock_bsd.obj
 0002:00001ed4       _PJ_AF_INET                00410ed4     pjlib-i386-win32-vc14-release-dynamic:sock_bsd.obj
 0002:00001ed8       _PJ_AF_INET6               00410ed8     pjlib-i386-win32-vc14-release-dynamic:sock_bsd.obj
 0002:00001edc       _PJ_AF_PACKET              00410edc     pjlib-i386-win32-vc14-release-dynamic:sock_bsd.obj
 0002:00001ee0       _PJ_AF_IRDA                00410ee0     pjlib-i386-win32-vc14-release-dynamic:sock_bsd.obj
 0002:00001ee4       _PJ_SOCK_STREAM            00410ee4     pjlib-i386-win32-vc14-release-dynamic:sock_bsd.obj
 0002:00001ee8       _PJ_SOCK_DGRAM             00410ee8     pjlib-i386-win32-vc14-release-dynamic:sock_bsd.obj
 0002:00001eec       _PJ_SOCK_RAW               00410eec     pjlib-i386-win32-vc14-release-dynamic:sock_bsd.obj
 0002:00001ef0       _PJ_SOCK_RDM               00410ef0     pjlib-i386-win32-vc14-release-dynamic:sock_bsd.obj
 0002:00001ef4       _PJ_SOL_SOCKET             00410ef4     pjlib-i386-win32-vc14-release-dynamic:sock_bsd.obj
 0002:00001ef8       _PJ_SOL_IP                 00410ef8     pjlib-i386-win32-vc14-release-dynamic:sock_bsd.obj
 0002:00001efc       _PJ_SOL_TCP                00410efc     pjlib-i386-win32-vc14-release-dynamic:sock_bsd.obj
 0002:00001f00       _PJ_SOL_UDP                00410f00     pjlib-i386-win32-vc14-release-dynamic:sock_bsd.obj
 0002:00001f04       _PJ_SOL_IPV6               00410f04     pjlib-i386-win32-vc14-release-dynamic:sock_bsd.obj
 0002:00001f08       _PJ_IP_TOS                 00410f08     pjlib-i386-win32-vc14-release-dynamic:sock_bsd.obj
 0002:00001f0c       _PJ_IPTOS_LOWDELAY         00410f0c     pjlib-i386-win32-vc14-release-dynamic:sock_bsd.obj
 0002:00001f10       _PJ_IPTOS_THROUGHPUT       00410f10     pjlib-i386-win32-vc14-release-dynamic:sock_bsd.obj
 0002:00001f14       _PJ_IPTOS_RELIABILITY      00410f14     pjlib-i386-win32-vc14-release-dynamic:sock_bsd.obj
 0002:00001f18       _PJ_IPTOS_MINCOST          00410f18     pjlib-i386-win32-vc14-release-dynamic:sock_bsd.obj
 0002:00001f1c       _PJ_IPV6_TCLASS            00410f1c     pjlib-i386-win32-vc14-release-dynamic:sock_bsd.obj
 0002:00001f20       _PJ_SO_TYPE                00410f20     pjlib-i386-win32-vc14-release-dynamic:sock_bsd.obj
 0002:00001f24       _PJ_SO_RCVBUF              00410f24     pjlib-i386-win32-vc14-release-dynamic:sock_bsd.obj
[...]
 0001:000045d0       _telnet_fe_destroy         004055d0 f   pjlib-util-i386-win32-vc14-release-dynamic:cli_telnet.obj
 0001:00004670       _telnet_fe_on_accept       00405670 f   pjlib-util-i386-win32-vc14-release-dynamic:cli_telnet.obj
 0001:00004960       _telnet_fe_write_log       00405960 f   pjlib-util-i386-win32-vc14-release-dynamic:cli_telnet.obj
 0001:000049d0       _telnet_restart            004059d0 f   pjlib-util-i386-win32-vc14-release-dynamic:cli_telnet.obj
 0001:00004a90       _telnet_sess_destroy       00405a90 f   pjlib-util-i386-win32-vc14-release-dynamic:cli_telnet.obj
 0001:00004af0       _telnet_sess_on_data_read  00405af0 f   pjlib-util-i386-win32-vc14-release-dynamic:cli_telnet.obj
 0001:00004d48       $LN61                      00405d48     pjlib-util-i386-win32-vc14-release-dynamic:cli_telnet.obj
 0001:00004d6c       $LN62                      00405d6c     pjlib-util-i386-win32-vc14-release-dynamic:cli_telnet.obj
 0001:00004d80       _telnet_sess_on_data_sent  00405d80 f   pjlib-util-i386-win32-vc14-release-dynamic:cli_telnet.obj
 0001:00004e40       _telnet_sess_send          00405e40 f   pjlib-util-i386-win32-vc14-release-dynamic:cli_telnet.obj
 0001:00004f50       _telnet_sess_send_with_format 00405f50 f   pjlib-util-i386-win32-vc14-release-dynamic:cli_telnet.obj
 0001:000050c0       _telnet_start              004060c0 f   pjlib-util-i386-win32-vc14-release-dynamic:cli_telnet.obj
 0001:00005710       _on_syntax_error           00406710 f   pjlib-util-i386-win32-vc14-release-dynamic:xml.obj
 0001:00005800       _xml_parse_node            00406800 f   pjlib-util-i386-win32-vc14-release-dynamic:xml.obj
 0001:00005b20       _init_mutex                00406b20 f   pjlib-i386-win32-vc14-release-dynamic:os_core_win32.obj
 0001:00006390       _pj_sem_wait_for           00407390 f   pjlib-i386-win32-vc14-release-dynamic:os_core_win32.obj
 0001:00006be0       _thread_main@4             00407be0 f   pjlib-i386-win32-vc14-release-dynamic:os_core_win32.obj
 0001:00006c60       _invoke_log                00407c60 f   pjlib-i386-win32-vc14-release-dynamic:errno.obj
 0001:00006ce0       _pj_perror_imp             00407ce0 f   pjlib-i386-win32-vc14-release-dynamic:errno.obj
 0001:00006f30       _pjlib_error               00407f30 f   pjlib-i386-win32-vc14-release-dynamic:errno.obj
 0001:00006fb0       _logging_shutdown          00407fb0 f   pjlib-i386-win32-vc14-release-dynamic:log.obj
 0001:000075bc       $LN14                      004085bc     pjlib-i386-win32-vc14-release-dynamic:log.obj
 0001:00007690       _pj_memcmp                 00408690 f   pjlib-i386-win32-vc14-release-dynamic:string.obj
 0001:00007d60       _cpool_create_pool         00408d60 f   pjlib-i386-win32-vc14-release-dynamic:pool_caching.obj
 0001:00007e90       _cpool_dump_status         00408e90 f   pjlib-i386-win32-vc14-release-dynamic:pool_caching.obj
 0001:00007fe0       _cpool_on_block_alloc      00408fe0 f   pjlib-i386-win32-vc14-release-dynamic:pool_caching.obj
 0001:00008000       _cpool_on_block_free       00409000 f   pjlib-i386-win32-vc14-release-dynamic:pool_caching.obj
 0001:00008010       _cpool_release_pool        00409010 f   pjlib-i386-win32-vc14-release-dynamic:pool_caching.obj
 0001:00008360       _exception_cleanup         00409360 f   pjlib-i386-win32-vc14-release-dynamic:except.obj
 0001:00008550       _find_entry                00409550 f   pjlib-i386-win32-vc14-release-dynamic:hash.obj
 0001:00008aa0       _pj_pool_create_block      00409aa0 f   pjlib-i386-win32-vc14-release-dynamic:pool.obj
 0001:00008d00       _reset_pool                00409d00 f   pjlib-i386-win32-vc14-release-dynamic:pool.obj
 0001:00008d80       _decrement_counter         00409d80 f   pjlib-i386-win32-vc14-release-dynamic:ioqueue_select.obj
 0001:00008e10       _increment_counter         00409e10 f   pjlib-i386-win32-vc14-release-dynamic:ioqueue_select.obj
 0001:00009460       _ioqueue_init_key          0040a460 f   pjlib-i386-win32-vc14-release-dynamic:ioqueue_select.obj
 0001:0000a370       _scan_closing_keys         0040b370 f   pjlib-i386-win32-vc14-release-dynamic:ioqueue_select.obj
 0001:0000abe0       _ioqueue_on_accept_complete 0040bbe0 f   pjlib-i386-win32-vc14-release-dynamic:activesock.obj
 0001:0000ad30       _ioqueue_on_connect_complete 0040bd30 f   pjlib-i386-win32-vc14-release-dynamic:activesock.obj
 0001:0000ad60       _ioqueue_on_read_complete  0040bd60 f   pjlib-i386-win32-vc14-release-dynamic:activesock.obj
 0001:0000af60       _ioqueue_on_write_complete 0040bf60 f   pjlib-i386-win32-vc14-release-dynamic:activesock.obj
 0001:0000b490       _send_remaining            0040c490 f   pjlib-i386-win32-vc14-release-dynamic:activesock.obj
 0001:0000b5b0       _guid_to_str               0040c5b0 f   pjlib-i386-win32-vc14-release-dynamic:guid_win32.obj
 0001:0000b940       _null_op                   0040c940 f   pjlib-i386-win32-vc14-release-dynamic:lock.obj
 0001:0000b950       _create_mutex_lock         0040c950 f   pjlib-i386-win32-vc14-release-dynamic:lock.obj
 0001:0000b9c0       _grp_lock_acquire          0040c9c0 f   pjlib-i386-win32-vc14-release-dynamic:lock.obj
 0001:0000ba30       _grp_lock_destroy          0040ca30 f   pjlib-i386-win32-vc14-release-dynamic:lock.obj
 0001:0000bae0       _grp_lock_release          0040cae0 f   pjlib-i386-win32-vc14-release-dynamic:lock.obj
 0001:0000bb50       _grp_lock_tryacquire       0040cb50 f   pjlib-i386-win32-vc14-release-dynamic:lock.obj
 0001:0000be00       _pool_buf_cleanup          0040ce00 f   pjlib-i386-win32-vc14-release-dynamic:pool_buf.obj
 0001:0000be30       _stack_alloc               0040ce30 f   pjlib-i386-win32-vc14-release-dynamic:pool_buf.obj
 0001:0000be70       _default_block_alloc       0040ce70 f   pjlib-i386-win32-vc14-release-dynamic:pool_policy_malloc.obj
 0001:0000bed0       _default_block_free        0040ced0 f   pjlib-i386-win32-vc14-release-dynamic:pool_policy_malloc.obj
 0001:0000bf10       _default_pool_callback     0040cf10 f   pjlib-i386-win32-vc14-release-dynamic:pool_policy_malloc.obj
 0001:0000c473       ?pre_c_initialization@@YAHXZ 0040d473 f   MSVCRT:exe_main.obj
 0001:0000c517       ?post_pgo_initialization@@YAHXZ 0040d517 f   MSVCRT:exe_main.obj
 0001:0000c51f       ?pre_cpp_initialization@@YAXXZ 0040d51f f   MSVCRT:exe_main.obj
 0001:0000c531       ?__scrt_common_main_seh@@YAHXZ 0040d531 f   MSVCRT:exe_main.obj
 0001:0000c8b0       $$000000                   0040d8b0     MSVCRT:lldiv.obj
 0001:0000c960       $$000000                   0040d960     MSVCRT:llmul.obj
 0001:0000c9a0       $$000000                   0040d9a0     MSVCRT:_ftol3_.obj
 0001:0000cd17       ?find_pe_section@@YAPAU_IMAGE_SECTION_HEADER@@QAEI@Z 0040dd17 f   MSVCRT:utility.obj
 0001:0000d2a0       $$000000                   0040e2a0     MSVCRT:_sehprolg4_.obj
 0002:000001e8       ?pre_cpp_initializer@@3P6AXXZA 0040f1e8     MSVCRT:exe_main.obj
 0002:000001f4       ?pre_c_initializer@@3P6AHXZA 0040f1f4     MSVCRT:exe_main.obj
 0002:000001f8       ?post_pgo_initializer@@3P6AHXZA 0040f1f8     MSVCRT:exe_main.obj
 0002:00000210       _err_str                   0040f210     pjlib-util-i386-win32-vc14-release-dynamic:errno.obj
 0002:00001138       ?SHORTCUT@?8??get_pattern_match_shortcut@@9@9 00410138     pjlib-util-i386-win32-vc14-release-dynamic:cli.obj
 0002:00001140       ?SHORTCUT@?L@??get_pattern_match_cmds@@9@9 00410140     pjlib-util-i386-win32-vc14-release-dynamic:cli.obj
 0002:000012d4       ?ERR_MSG@?1??send_inv_arg@@9@9 004102d4     pjlib-util-i386-win32-vc14-release-dynamic:cli_console.obj
 0002:000012dc       ?ERR_MSG@?1??send_too_many_arg@@9@9 004102dc     pjlib-util-i386-win32-vc14-release-dynamic:cli_console.obj
 0002:000012e4       ?sc_type@?1??send_ambi_arg@@9@9 004102e4     pjlib-util-i386-win32-vc14-release-dynamic:cli_console.obj
 0002:000012ec       ?choice_type@?1??send_ambi_arg@@9@9 004102ec     pjlib-util-i386-win32-vc14-release-dynamic:cli_console.obj
 0002:00001408       ?bell@?1??send_bell@@9@9   00410408     pjlib-util-i386-win32-vc14-release-dynamic:cli_telnet.obj
 0002:00001409       ?move_cursor_left@?1??handle_left_key@@9@9 00410409     pjlib-util-i386-win32-vc14-release-dynamic:cli_telnet.obj
 0002:0000140c       ?ERR_MSG@?1??send_inv_arg@@9@9 0041040c     pjlib-util-i386-win32-vc14-release-dynamic:cli_telnet.obj
 0002:00001414       ?ERR_MSG@?1??send_too_many_arg@@9@9 00410414     pjlib-util-i386-win32-vc14-release-dynamic:cli_telnet.obj
 0002:0000141c       ?sc_type@?1??send_ambi_arg@@9@9 0041041c     pjlib-util-i386-win32-vc14-release-dynamic:cli_telnet.obj
 0002:00001424       ?choice_type@?1??send_ambi_arg@@9@9 00410424     pjlib-util-i386-win32-vc14-release-dynamic:cli_telnet.obj
 0002:0000142c       ?echo@?4??handle_backspace@@9@9 0041042c     pjlib-util-i386-win32-vc14-release-dynamic:cli_telnet.obj
 0002:00001430       ?CR_LF@?1??telnet_sess_send_with_format@@9@9 00410430     pjlib-util-i386-win32-vc14-release-dynamic:cli_telnet.obj
 0002:00001760       _err_str                   00410760     pjlib-i386-win32-vc14-release-dynamic:errno.obj
 0002:00002000       _gaErrorList               00411000     pjlib-i386-win32-vc14-release-dynamic:os_error_win32.obj
 0002:00002a00       _GS_ExceptionPointers      00411a00     MSVCRT:gs_report.obj
 0002:00002a10       _Int32ToUInt32             00411a10     MSVCRT:_ftol3_.obj
 0002:00002a18       _DP2to32                   00411a18     MSVCRT:_ftol3_.obj
 0002:00002a20       _MantissaMask              00411a20     MSVCRT:_ftol3_.obj
 0002:00002a28       _IntegerBit                00411a28     MSVCRT:_ftol3_.obj
 0002:00002a30       _SignBit64                 00411a30     MSVCRT:_ftol3_.obj
 0002:00002a38       _MinFP64                   00411a38     MSVCRT:_ftol3_.obj
 0002:00002a40       _MinInt64                  00411a40     MSVCRT:_ftol3_.obj
 0002:00002a48       _MaxInt64                  00411a48     MSVCRT:_ftol3_.obj
 0002:00002a50       _MaxUInt64                 00411a50     MSVCRT:_ftol3_.obj
 0002:00002a58       _MaxFP32                   00411a58     MSVCRT:_ftol3_.obj
 0002:00002a60       _MinFP32                   00411a60     MSVCRT:_ftol3_.obj
 0002:00002a68       _MinSubInexact             00411a68     MSVCRT:_ftol3_.obj
 0002:00002a70       _FpExcptTable              00411a70     MSVCRT:_ftol3_.obj
 0002:00002a80       _i1075                     00411a80     MSVCRT:_ftol3_.obj
 0002:00002a84       _i1087                     00411a84     MSVCRT:_ftol3_.obj
 0002:00002a88       _x0800                     00411a88     MSVCRT:_ftol3_.obj
 0002:00002a8c       _x17FF                     00411a8c     MSVCRT:_ftol3_.obj
 0002:00002a90       _CWMask                    00411a90     MSVCRT:_ftol3_.obj
 0002:00002d78       __sehtable$?__scrt_common_main_seh@@YAHXZ 00411d78     MSVCRT:exe_main.obj
 0002:00002d98       __sehtable$___scrt_is_nonwritable_in_current_image 00411d98     MSVCRT:utility.obj
 0002:00003080       .idata$6                   00412080     ole32:ole32.dll
 0002:000030a4       .idata$6                   004120a4     ws2_32:WS2_32.dll
 0002:0000339c       .idata$6                   0041239c     kernel32:KERNEL32.dll
 0002:0000340c       .idata$6                   0041240c     vcruntime:VCRUNTIME140.dll
 0002:000036a6       .idata$6                   004126a6     ucrt:api-ms-win-crt-stdio-l1-1-0.dll
 0002:000036c6       .idata$6                   004126c6     ucrt:api-ms-win-crt-string-l1-1-0.dll
 0002:000036e8       .idata$6                   004126e8     ucrt:api-ms-win-crt-heap-l1-1-0.dll
 0002:00003708       .idata$6                   00412708     ucrt:api-ms-win-crt-math-l1-1-0.dll
 0002:00003728       .idata$6                   00412728     ucrt:api-ms-win-crt-runtime-l1-1-0.dll
 0002:0000374a       .idata$6                   0041274a     ucrt:api-ms-win-crt-locale-l1-1-0.dll
 0003:00000000       $SG12290                   00413000     clidemo.obj
 0003:0000008c       $SG12322                   0041308c     clidemo.obj
 0003:00000098       $SG12291                   00413098     clidemo.obj
 0003:00000118       $SG12292                   00413118     clidemo.obj
 0003:000001d0       $SG12293                   004131d0     clidemo.obj
 0003:000003e0       $SG12294                   004133e0     clidemo.obj
 0003:000004c0       $SG12295                   004134c0     clidemo.obj
 0003:0000050c       $SG12323                   0041350c     clidemo.obj
 0003:00000520       $SG12326                   00413520     clidemo.obj
 0003:0000052c       $SG12342                   0041352c     clidemo.obj
 0003:00000538       $SG12348                   00413538     clidemo.obj
 0003:00000544       $SG12349                   00413544     clidemo.obj
 0003:00000550       $SG3321                    00413550     clidemo.obj
 0003:00000564       $SG3322                    00413564     clidemo.obj
 0003:00000578       $SG12240                   00413578     clidemo.obj
 0003:00000588       $SG12255                   00413588     clidemo.obj
 0003:00000594       $SG12271                   00413594     clidemo.obj
 0003:000005a0       $SG12283                   004135a0     clidemo.obj
 0003:000005a8       $SG12284                   004135a8     clidemo.obj
 0003:000005b4       $SG12285                   004135b4     clidemo.obj
 0003:000005bc       $SG12286                   004135bc     clidemo.obj
 0003:000005c8       _cmd_xmls                  004135c8     clidemo.obj
 0003:000005f8       ?choice_str@?BA@??get_match_args@@9@9 004135f8     pjlib-util-i386-win32-vc14-release-dynamic:cli.obj
 0003:00000618       _thread_tls_id             00413618     pjlib-i386-win32-vc14-release-dynamic:os_core_win32.obj
 0003:0000061c       _thread_suspended_tls_id   0041361c     pjlib-i386-win32-vc14-release-dynamic:log.obj
 0003:00000620       _thread_indent_tls_id      00413620     pjlib-i386-win32-vc14-release-dynamic:log.obj
 0003:00000624       _pj_log_max_level          00413624     pjlib-i386-win32-vc14-release-dynamic:log.obj
 0003:00000628       _log_writer                00413628     pjlib-i386-win32-vc14-release-dynamic:log.obj
 0003:0000062c       _log_decor                 0041362c     pjlib-i386-win32-vc14-release-dynamic:log.obj
 0003:00000630       _PJ_LOG_COLOR_0            00413630     pjlib-i386-win32-vc14-release-dynamic:log.obj
 0003:00000634       _PJ_LOG_COLOR_1            00413634     pjlib-i386-win32-vc14-release-dynamic:log.obj
 0003:00000638       _PJ_LOG_COLOR_2            00413638     pjlib-i386-win32-vc14-release-dynamic:log.obj
 0003:0000063c       _PJ_LOG_COLOR_3            0041363c     pjlib-i386-win32-vc14-release-dynamic:log.obj
 0003:00000640       _PJ_LOG_COLOR_4            00413640     pjlib-i386-win32-vc14-release-dynamic:log.obj
 0003:00000644       _PJ_LOG_COLOR_5            00413644     pjlib-i386-win32-vc14-release-dynamic:log.obj
 0003:00000648       _PJ_LOG_COLOR_6            00413648     pjlib-i386-win32-vc14-release-dynamic:log.obj
 0003:0000064c       _PJ_LOG_COLOR_77           0041364c     pjlib-i386-win32-vc14-release-dynamic:log.obj
 0003:00000650       ?ltexts@?2??pj_log@@9@9    00413650     pjlib-i386-win32-vc14-release-dynamic:log.obj
 0003:0000066c       ?wdays@?3??pj_log@@9@9     0041366c     pjlib-i386-win32-vc14-release-dynamic:log.obj
 0003:00000688       _pool_sizes                00413688     pjlib-i386-win32-vc14-release-dynamic:pool_caching.obj
 0003:000006c8       _thread_local_id           004136c8     pjlib-i386-win32-vc14-release-dynamic:except.obj
 0003:000006cc       ?hex@?1??hex2digit@@9@9    004136cc     pjlib-i386-win32-vc14-release-dynamic:guid_win32.obj
 0003:000006e0       _id                        004136e0     pjlib-i386-win32-vc14-release-dynamic:config.obj
 0003:000006e4       _mutex_lock_template       004136e4     pjlib-i386-win32-vc14-release-dynamic:lock.obj
 0003:000006f8       _null_lock_template        004136f8     pjlib-i386-win32-vc14-release-dynamic:lock.obj
 0003:0000070c       _sem_lock_template         0041370c     pjlib-i386-win32-vc14-release-dynamic:lock.obj
 0003:00000720       _tls                       00413720     pjlib-i386-win32-vc14-release-dynamic:pool_buf.obj
 0003:00000758       _cli                       00413758     clidemo.obj
 0003:0000075c       $SG12241                   0041375c     clidemo.obj
 0003:0000075d       $SG12256                   0041375d     clidemo.obj
 0003:0000075e       $SG12272                   0041375e     clidemo.obj
 0003:00000760       _initialized               00413760     pjlib-i386-win32-vc14-release-dynamic:os_core_win32.obj
 0003:00000764       _atexit_count              00413764     pjlib-i386-win32-vc14-release-dynamic:os_core_win32.obj
 0003:00000768       _main_thread               00413768     pjlib-i386-win32-vc14-release-dynamic:os_core_win32.obj
 0003:00000868       _critical_section_mutex    00413868     pjlib-i386-win32-vc14-release-dynamic:os_core_win32.obj
 0003:000008a0       _atexit_func               004138a0     pjlib-i386-win32-vc14-release-dynamic:os_core_win32.obj
 0003:00000920       _err_msg_hnd_cnt           00413920     pjlib-i386-win32-vc14-release-dynamic:errno.obj
 0003:00000928       _err_msg_hnd               00413928     pjlib-i386-win32-vc14-release-dynamic:errno.obj
 0003:000009a0       _g_last_thread             004139a0     pjlib-i386-win32-vc14-release-dynamic:log.obj
 0003:000009a8       _exception_id_names        004139a8     pjlib-i386-win32-vc14-release-dynamic:except.obj
 0003:000009e8       ?unknown_name@?1??pj_exception_id_name@@9@9 004139e8     pjlib-i386-win32-vc14-release-dynamic:except.obj
 0003:00000a08       ?buf@?1??pj_gethostname@@9@9 00413a08     pjlib-i386-win32-vc14-release-dynamic:sock_bsd.obj
 0003:00000a88       ?hostname@?1??pj_gethostname@@9@9 00413a88     pjlib-i386-win32-vc14-release-dynamic:sock_bsd.obj
 0003:00000a90       _base_time                 00413a90     pjlib-i386-win32-vc14-release-dynamic:os_time_win32.obj
 0003:00000a98       _stack_based_factory       00413a98     pjlib-i386-win32-vc14-release-dynamic:pool_buf.obj
 0003:00000abc       _is_initialized            00413abc     pjlib-i386-win32-vc14-release-dynamic:pool_buf.obj
 0003:00000ac0       _s_hDLL                    00413ac0     pjlib-i386-win32-vc14-release-dynamic:ip_helper_win32.obj
 0003:00000ac4       _s_pfnGetIpAddrTable       00413ac4     pjlib-i386-win32-vc14-release-dynamic:ip_helper_win32.obj
 0003:00000ac8       _s_pfnGetAdapterAddresses  00413ac8     pjlib-i386-win32-vc14-release-dynamic:ip_helper_win32.obj
 0003:00000acc       _s_pfnGetIpForwardTable    00413acc     pjlib-i386-win32-vc14-release-dynamic:ip_helper_win32.obj
 0003:00000ad0       _s_pfnGetIfEntry           00413ad0     pjlib-i386-win32-vc14-release-dynamic:ip_helper_win32.obj
 0003:00000ad8       _GS_ExceptionRecord        00413ad8     MSVCRT:gs_report.obj
 0003:00000b28       _GS_ContextRecord          00413b28     MSVCRT:gs_report.obj
 0003:00000dfc       ?module_local_atexit_table@@3U_onexit_table_t@@A 00413dfc     MSVCRT:utility.obj
 0003:00000e08       ?module_local_at_quick_exit_table@@3U_onexit_table_t@@A 00413e08     MSVCRT:utility.obj
 0003:00000e14       ?is_initialized_as_dll@@3_NA 00413e14     MSVCRT:utility.obj
 0004:00000000       __guard_fids__             00414000     MSVCRT:exe_main.obj
 0004:00000004       __guard_fids__             00414004     MSVCRT:exe_main.obj
 0004:00000008       __guard_fids__             00414008     MSVCRT:exe_main.obj
 0004:0000000c       __guard_fids_?pre_c_initialization@@YAHXZ 0041400c     MSVCRT:exe_main.obj
 0004:00000014       __guard_fids____scrt_set_unhandled_exception_filter 00414014     MSVCRT:utility_desktop.obj
 0004:00000018       __guard_fids___except_handler4 00414018     MSVCRT:_chandler4gs_.obj
 0004:0000001c       __guard_fids__             0041401c     MSVCRT:guard_support.obj
