 confsample

 Timestamp is 5e5eb1aa (Tue Mar  3 15:36:10 2020)

 Preferred load address is 00400000

 Start         Length     Name                   Class
 0001:00000000 00027d7dH .text$mn                CODE
 0002:00000000 00000268H .idata$5                DATA
 0002:00000268 00000004H .00cfg                  DATA
 0002:0000026c 00000004H .CRT$XCA                DATA
 0002:00000270 00000004H .CRT$XCAA               DATA
 0002:00000274 00000004H .CRT$XCZ                DATA
 0002:00000278 00000004H .CRT$XIA                DATA
 0002:0000027c 00000004H .CRT$XIAA               DATA
 0002:00000280 00000004H .CRT$XIAC               DATA
 0002:00000284 00000004H .CRT$XIZ                DATA
 0002:00000288 00000004H .CRT$XPA                DATA
 0002:0000028c 00000004H .CRT$XPZ                DATA
 0002:00000290 00000004H .CRT$XTA                DATA
 0002:00000294 0000000cH .CRT$XTZ                DATA
 0002:000002a0 0001a420H .rdata                  DATA
 0002:0001a6c0 00000004H .rdata$sxdata           DATA
 0002:0001a6c4 00000250H .rdata$zzzdbg           DATA
 0002:0001a914 00000004H .rtc$IAA                DATA
 0002:0001a918 00000004H .rtc$IZZ                DATA
 0002:0001a91c 00000004H .rtc$TAA                DATA
 0002:0001a920 00000008H .rtc$TZZ                DATA
 0002:0001a928 0000003cH .xdata$x                DATA
 0002:0001a964 00000000H .edata                  DATA
 0002:0001a964 00000104H .idata$2                DATA
 0002:0001aa68 00000014H .idata$3                DATA
 0002:0001aa7c 00000268H .idata$4                DATA
 0002:0001ace4 00000a28H .idata$6                DATA
 0003:00000000 00001700H .data                   DATA
 0003:00001700 00001910H .bss                    DATA
 0004:00000000 00000020H .gfids$y                DATA
 0005:00000000 000007e0H _RDATA                  DATA

  Address         Publics by Value              Rva+Base       Lib:Object

 0000:00000000       ___guard_longjmp_count     00000000     <absolute>
 0000:00000000       ___guard_fids_count        00000000     <absolute>
 0000:00000000       ___guard_longjmp_table     00000000     <absolute>
 0000:00000000       ___guard_iat_table         00000000     <absolute>
 0000:00000000       ___guard_iat_count         00000000     <absolute>
 0000:00000000       ___dynamic_value_reloc_table 00000000     <absolute>
 0000:00000000       ___guard_fids_table        00000000     <absolute>
 0000:00000001       ___safe_se_handler_count   00000001     <absolute>
 0000:00000100       ___guard_flags             00000100     <absolute>
 0000:00000000       ___ImageBase               00400000     <linker-defined>
 0001:000000d0       _get_snd_options           004010d0 f   confsample.obj
 0001:000004c0       _dump_pool_usage           004014c0 f   confsample.obj
 0001:000008f0       _main                      004018f0 f   confsample.obj
 0001:000012a0       ___local_stdio_printf_options 004022a0 f i confsample.obj
 0001:000012b0       _printf                    004022b0 f i confsample.obj
 0001:000012e0       _sprintf                   004022e0 f i confsample.obj
 0001:00001320       _pjmedia_aud_subsys_init   00402320 f   pjmedia-audiodev-i386-win32-vc14-release-dynamic:audiodev.obj
 0001:000013c0       _pjmedia_aud_subsys_shutdown 004023c0 f   pjmedia-audiodev-i386-win32-vc14-release-dynamic:audiodev.obj
 0001:00001400       __snprintf                 00402400 f i pjmedia-audiodev-i386-win32-vc14-release-dynamic:errno.obj
 0001:00001440       _pjmedia_audiodev_strerror 00402440 f   pjmedia-audiodev-i386-win32-vc14-release-dynamic:errno.obj
 0001:00002850       _pjmedia_wmme_factory      00403850 f   pjmedia-audiodev-i386-win32-vc14-release-dynamic:wmme_dev.obj
 0001:00002e00       _pjmedia_port_destroy      00403e00 f   pjmedia-i386-win32-vc14-release-dynamic:port.obj
 0001:00002e30       _pjmedia_port_get_frame    00403e30 f   pjmedia-i386-win32-vc14-release-dynamic:port.obj
 0001:00002e70       _pjmedia_port_info_init    00403e70 f   pjmedia-i386-win32-vc14-release-dynamic:port.obj
 0001:00002f20       _pjmedia_port_put_frame    00403f20 f   pjmedia-i386-win32-vc14-release-dynamic:port.obj
 0001:00003800       _pjmedia_conf_add_port     00404800 f   pjmedia-i386-win32-vc14-release-dynamic:conference.obj
 0001:00003900       _pjmedia_conf_adjust_rx_level 00404900 f   pjmedia-i386-win32-vc14-release-dynamic:conference.obj
 0001:00003970       _pjmedia_conf_adjust_tx_level 00404970 f   pjmedia-i386-win32-vc14-release-dynamic:conference.obj
 0001:000039e0       _pjmedia_conf_connect_port 004049e0 f   pjmedia-i386-win32-vc14-release-dynamic:conference.obj
 0001:00003ad0       _pjmedia_conf_create       00404ad0 f   pjmedia-i386-win32-vc14-release-dynamic:conference.obj
 0001:00003c50       _pjmedia_conf_destroy      00404c50 f   pjmedia-i386-win32-vc14-release-dynamic:conference.obj
 0001:00003d00       _pjmedia_conf_disconnect_port 00404d00 f   pjmedia-i386-win32-vc14-release-dynamic:conference.obj
 0001:00003e00       _pjmedia_conf_get_port_info 00404e00 f   pjmedia-i386-win32-vc14-release-dynamic:conference.obj
 0001:00003eb0       _pjmedia_conf_get_ports_info 00404eb0 f   pjmedia-i386-win32-vc14-release-dynamic:conference.obj
 0001:00003f30       _pjmedia_conf_get_signal_level 00404f30 f   pjmedia-i386-win32-vc14-release-dynamic:conference.obj
 0001:00004730       _pjmedia_endpt_create2     00405730 f   pjmedia-i386-win32-vc14-release-dynamic:endpoint.obj
 0001:00004900       _pjmedia_endpt_destroy2    00405900 f   pjmedia-i386-win32-vc14-release-dynamic:endpoint.obj
 0001:00004990       _pjmedia_endpt_stop_threads 00405990 f   pjmedia-i386-win32-vc14-release-dynamic:endpoint.obj
 0001:00004f80       _pjmedia_wav_player_port_create 00405f80 f   pjmedia-i386-win32-vc14-release-dynamic:wav_player.obj
 0001:000057b0       _pjmedia_wav_writer_port_create 004067b0 f   pjmedia-i386-win32-vc14-release-dynamic:wav_writer.obj
 0001:00005bf0       _pjmedia_aud_dev_default_param 00406bf0 f   pjmedia-i386-win32-vc14-release-dynamic:audiodev.obj
 0001:00005c70       _pjmedia_aud_dev_get_info  00406c70 f   pjmedia-i386-win32-vc14-release-dynamic:audiodev.obj
 0001:00005cd0       _pjmedia_aud_driver_deinit 00406cd0 f   pjmedia-i386-win32-vc14-release-dynamic:audiodev.obj
 0001:00005d30       _pjmedia_aud_driver_init   00406d30 f   pjmedia-i386-win32-vc14-release-dynamic:audiodev.obj
 0001:00005fb0       _pjmedia_aud_stream_create 00406fb0 f   pjmedia-i386-win32-vc14-release-dynamic:audiodev.obj
 0001:00006160       _pjmedia_aud_stream_destroy 00407160 f   pjmedia-i386-win32-vc14-release-dynamic:audiodev.obj
 0001:00006180       _pjmedia_aud_stream_get_cap 00407180 f   pjmedia-i386-win32-vc14-release-dynamic:audiodev.obj
 0001:000061a0       _pjmedia_aud_stream_get_param 004071a0 f   pjmedia-i386-win32-vc14-release-dynamic:audiodev.obj
 0001:00006200       _pjmedia_aud_stream_set_cap 00407200 f   pjmedia-i386-win32-vc14-release-dynamic:audiodev.obj
 0001:00006220       _pjmedia_aud_stream_start  00407220 f   pjmedia-i386-win32-vc14-release-dynamic:audiodev.obj
 0001:00006240       _pjmedia_aud_stream_stop   00407240 f   pjmedia-i386-win32-vc14-release-dynamic:audiodev.obj
 0001:00006260       _pjmedia_get_aud_subsys    00407260 f   pjmedia-i386-win32-vc14-release-dynamic:audiodev.obj
 0001:00006410       _pjmedia_event_init        00407410 f   pjmedia-i386-win32-vc14-release-dynamic:event.obj
 0001:00006450       _pjmedia_event_publish     00407450 f   pjmedia-i386-win32-vc14-release-dynamic:event.obj
 0001:00006580       _pjmedia_event_subscribe   00407580 f   pjmedia-i386-win32-vc14-release-dynamic:event.obj
 0001:00006660       _pjmedia_event_unsubscribe 00407660 f   pjmedia-i386-win32-vc14-release-dynamic:event.obj
 0001:00006740       _pjmedia_format_get_audio_format_detail 00407740 f   pjmedia-i386-win32-vc14-release-dynamic:format.obj
 0001:00006880       _pjmedia_delay_buf_create  00407880 f   pjmedia-i386-win32-vc14-release-dynamic:delaybuf.obj
 0001:000069b0       _pjmedia_delay_buf_destroy 004079b0 f   pjmedia-i386-win32-vc14-release-dynamic:delaybuf.obj
 0001:00006a10       _pjmedia_delay_buf_get     00407a10 f   pjmedia-i386-win32-vc14-release-dynamic:delaybuf.obj
 0001:00006b50       _pjmedia_delay_buf_put     00407b50 f   pjmedia-i386-win32-vc14-release-dynamic:delaybuf.obj
 0001:00006c50       _pjmedia_delay_buf_reset   00407c50 f   pjmedia-i386-win32-vc14-release-dynamic:delaybuf.obj
 0001:00006e30       _pjmedia_resample_create   00407e30 f   pjmedia-i386-win32-vc14-release-dynamic:resample_resample.obj
 0001:00007060       _pjmedia_resample_run      00408060 f   pjmedia-i386-win32-vc14-release-dynamic:resample_resample.obj
 0001:00007250       _pjmedia_snd_port_connect  00408250 f   pjmedia-i386-win32-vc14-release-dynamic:sound_port.obj
 0001:00007310       _pjmedia_snd_port_create   00408310 f   pjmedia-i386-win32-vc14-release-dynamic:sound_port.obj
 0001:000073d0       _pjmedia_snd_port_create2  004083d0 f   pjmedia-i386-win32-vc14-release-dynamic:sound_port.obj
 0001:00007500       _pjmedia_snd_port_create_player 00408500 f   pjmedia-i386-win32-vc14-release-dynamic:sound_port.obj
 0001:000075b0       _pjmedia_snd_port_destroy  004085b0 f   pjmedia-i386-win32-vc14-release-dynamic:sound_port.obj
 0001:00007610       _pjmedia_snd_port_get_snd_stream 00408610 f   pjmedia-i386-win32-vc14-release-dynamic:sound_port.obj
 0001:00007630       _pjmedia_snd_port_set_ec   00408630 f   pjmedia-i386-win32-vc14-release-dynamic:sound_port.obj
 0001:00007ca0       _pjmedia_sdp_attr_create   00408ca0 f   pjmedia-i386-win32-vc14-release-dynamic:sdp.obj
 0001:00007d00       _pjmedia_sdp_attr_find     00408d00 f   pjmedia-i386-win32-vc14-release-dynamic:sdp.obj
 0001:00007d90       _pjmedia_sdp_media_deactivate 00408d90 f   pjmedia-i386-win32-vc14-release-dynamic:sdp.obj
 0001:00007dc0       _pjmedia_sdp_media_find_attr 00408dc0 f   pjmedia-i386-win32-vc14-release-dynamic:sdp.obj
 0001:00007df0       _pjmedia_sdp_transport_get_proto 00408df0 f   pjmedia-i386-win32-vc14-release-dynamic:sdp.obj
 0001:00007f40       _pjmedia_codec_mgr_destroy 00408f40 f   pjmedia-i386-win32-vc14-release-dynamic:codec.obj
 0001:00007fd0       _pjmedia_codec_mgr_init    00408fd0 f   pjmedia-i386-win32-vc14-release-dynamic:codec.obj
 0001:00008040       _pjmedia_strerror          00409040 f   pjmedia-i386-win32-vc14-release-dynamic:errno.obj
 0001:00008d40       _pjmedia_wsola_create      00409d40 f   pjmedia-i386-win32-vc14-release-dynamic:wsola.obj
 0001:00008f00       _pjmedia_wsola_discard     00409f00 f   pjmedia-i386-win32-vc14-release-dynamic:wsola.obj
 0001:00009160       _pjmedia_wsola_generate    0040a160 f   pjmedia-i386-win32-vc14-release-dynamic:wsola.obj
 0001:00009220       _pjmedia_wsola_reset       0040a220 f   pjmedia-i386-win32-vc14-release-dynamic:wsola.obj
 0001:00009280       _pjmedia_wsola_save        0040a280 f   pjmedia-i386-win32-vc14-release-dynamic:wsola.obj
 0001:00009650       _pjmedia_clock_src_init    0040a650 f   pjmedia-i386-win32-vc14-release-dynamic:clock_thread.obj
 0001:00009690       _pjmedia_clock_src_update  0040a690 f   pjmedia-i386-win32-vc14-release-dynamic:clock_thread.obj
 0001:000096d0       _pjmedia_echo_capture      0040a6d0 f   pjmedia-i386-win32-vc14-release-dynamic:echo_common.obj
 0001:00009780       _pjmedia_echo_create2      0040a780 f   pjmedia-i386-win32-vc14-release-dynamic:echo_common.obj
 0001:00009960       _pjmedia_echo_destroy      0040a960 f   pjmedia-i386-win32-vc14-release-dynamic:echo_common.obj
 0001:000099a0       _pjmedia_echo_playback     0040a9a0 f   pjmedia-i386-win32-vc14-release-dynamic:echo_common.obj
 0001:00009a50       _pjmedia_echo_stat_default 0040aa50 f   pjmedia-i386-win32-vc14-release-dynamic:echo_common.obj
 0001:0000b650       _get_libsrtp_errstr        0040c650 f   pjmedia-i386-win32-vc14-release-dynamic:transport_srtp.obj
 0001:0000b900       _pjmedia_transport_srtp_start 0040c900 f   pjmedia-i386-win32-vc14-release-dynamic:transport_srtp.obj
 0001:0000bfb0       _pjmedia_transport_srtp_stop 0040cfb0 f   pjmedia-i386-win32-vc14-release-dynamic:transport_srtp.obj
 0001:0000c670       _echo_supp_cancel_echo     0040d670 f   pjmedia-i386-win32-vc14-release-dynamic:echo_suppress.obj
 0001:0000c960       _echo_supp_create          0040d960 f   pjmedia-i386-win32-vc14-release-dynamic:echo_suppress.obj
 0001:0000ca90       _echo_supp_get_stat        0040da90 f   pjmedia-i386-win32-vc14-release-dynamic:echo_suppress.obj
 0001:0000cb60       _echo_supp_reset           0040db60 f   pjmedia-i386-win32-vc14-release-dynamic:echo_suppress.obj
 0001:0000cc20       _echo_supp_soft_reset      0040dc20 f   pjmedia-i386-win32-vc14-release-dynamic:echo_suppress.obj
 0001:0000d320       _speex_aec_cancel_echo     0040e320 f   pjmedia-i386-win32-vc14-release-dynamic:echo_speex.obj
 0001:0000d410       _speex_aec_capture         0040e410 f   pjmedia-i386-win32-vc14-release-dynamic:echo_speex.obj
 0001:0000d4e0       _speex_aec_create          0040e4e0 f   pjmedia-i386-win32-vc14-release-dynamic:echo_speex.obj
 0001:0000d640       _speex_aec_destroy         0040e640 f   pjmedia-i386-win32-vc14-release-dynamic:echo_speex.obj
 0001:0000d6c0       _speex_aec_playback        0040e6c0 f   pjmedia-i386-win32-vc14-release-dynamic:echo_speex.obj
 0001:0000d720       _speex_aec_reset           0040e720 f   pjmedia-i386-win32-vc14-release-dynamic:echo_speex.obj
 0001:0000d740       _pjmedia_calc_avg_signal   0040e740 f   pjmedia-i386-win32-vc14-release-dynamic:silencedet.obj
 0001:0000e050       _pj_getopt_long            0040f050 f   pjlib-util-i386-win32-vc14-release-dynamic:getopt.obj
 0001:0000e070       _pj_base64_decode          0040f070 f   pjlib-util-i386-win32-vc14-release-dynamic:base64.obj
 0001:0000e260       _pj_base64_encode          0040f260 f   pjlib-util-i386-win32-vc14-release-dynamic:base64.obj
 0001:0000e4a0       _pj_atexit                 0040f4a0 f   pjlib-i386-win32-vc14-release-dynamic:os_core_win32.obj
 0001:0000e4d0       _pj_atomic_dec_and_get     0040f4d0 f   pjlib-i386-win32-vc14-release-dynamic:os_core_win32.obj
 0001:0000e520       _pj_atomic_destroy         0040f520 f   pjlib-i386-win32-vc14-release-dynamic:os_core_win32.obj
 0001:0000e540       _pj_atomic_inc             0040f540 f   pjlib-i386-win32-vc14-release-dynamic:os_core_win32.obj
 0001:0000e590       _pj_enter_critical_section 0040f590 f   pjlib-i386-win32-vc14-release-dynamic:os_core_win32.obj
 0001:0000e5a0       _pj_init                   0040f5a0 f   pjlib-i386-win32-vc14-release-dynamic:os_core_win32.obj
 0001:0000e6e0       _pj_leave_critical_section 0040f6e0 f   pjlib-i386-win32-vc14-release-dynamic:os_core_win32.obj
 0001:0000e730       _pj_mutex_create           0040f730 f   pjlib-i386-win32-vc14-release-dynamic:os_core_win32.obj
 0001:0000e780       _pj_mutex_create_simple    0040f780 f   pjlib-i386-win32-vc14-release-dynamic:os_core_win32.obj
 0001:0000e780       _pj_mutex_create_recursive 0040f780 f   pjlib-i386-win32-vc14-release-dynamic:os_core_win32.obj
 0001:0000e7d0       _pj_mutex_destroy          0040f7d0 f   pjlib-i386-win32-vc14-release-dynamic:os_core_win32.obj
 0001:0000e830       _pj_mutex_lock             0040f830 f   pjlib-i386-win32-vc14-release-dynamic:os_core_win32.obj
 0001:0000e8a0       _pj_mutex_trylock          0040f8a0 f   pjlib-i386-win32-vc14-release-dynamic:os_core_win32.obj
 0001:0000e920       _pj_mutex_unlock           0040f920 f   pjlib-i386-win32-vc14-release-dynamic:os_core_win32.obj
 0001:0000e980       _pj_sem_destroy            0040f980 f   pjlib-i386-win32-vc14-release-dynamic:os_core_win32.obj
 0001:0000ea10       _pj_sem_post               0040fa10 f   pjlib-i386-win32-vc14-release-dynamic:os_core_win32.obj
 0001:0000eaa0       _pj_sem_trywait            0040faa0 f   pjlib-i386-win32-vc14-release-dynamic:os_core_win32.obj
 0001:0000eb00       _pj_sem_wait               0040fb00 f   pjlib-i386-win32-vc14-release-dynamic:os_core_win32.obj
 0001:0000ec10       _pj_shutdown               0040fc10 f   pjlib-i386-win32-vc14-release-dynamic:os_core_win32.obj
 0001:0000ed50       _pj_term_set_color         0040fd50 f   pjlib-i386-win32-vc14-release-dynamic:os_core_win32.obj
 0001:0000ee20       _pj_thread_check_stack     0040fe20 f   pjlib-i386-win32-vc14-release-dynamic:os_core_win32.obj
 0001:0000ee60       _pj_thread_create          0040fe60 f   pjlib-i386-win32-vc14-release-dynamic:os_core_win32.obj
 0001:0000efa0       _pj_thread_destroy         0040ffa0 f   pjlib-i386-win32-vc14-release-dynamic:os_core_win32.obj
 0001:0000f030       _pj_thread_get_name        00410030 f   pjlib-i386-win32-vc14-release-dynamic:os_core_win32.obj
 0001:0000f080       _pj_thread_init            00410080 f   pjlib-i386-win32-vc14-release-dynamic:os_core_win32.obj
 0001:0000f0e0       _pj_thread_join            004100e0 f   pjlib-i386-win32-vc14-release-dynamic:os_core_win32.obj
 0001:0000f1a0       _pj_thread_local_alloc     004101a0 f   pjlib-i386-win32-vc14-release-dynamic:os_core_win32.obj
 0001:0000f1f0       _pj_thread_local_free      004101f0 f   pjlib-i386-win32-vc14-release-dynamic:os_core_win32.obj
 0001:0000f240       _pj_thread_local_get       00410240 f   pjlib-i386-win32-vc14-release-dynamic:os_core_win32.obj
 0001:0000f250       _pj_thread_local_set       00410250 f   pjlib-i386-win32-vc14-release-dynamic:os_core_win32.obj
 0001:0000f290       _pj_thread_register        00410290 f   pjlib-i386-win32-vc14-release-dynamic:os_core_win32.obj
 0001:0000f350       _pj_thread_sleep           00410350 f   pjlib-i386-win32-vc14-release-dynamic:os_core_win32.obj
 0001:0000f3a0       _pj_thread_this            004103a0 f   pjlib-i386-win32-vc14-release-dynamic:os_core_win32.obj
 0001:0000f430       _pj_pool_alloc             00410430 f   pjlib-i386-win32-vc14-release-dynamic:pool.obj
 0001:0000f480       _pj_pool_allocate_find     00410480 f   pjlib-i386-win32-vc14-release-dynamic:pool.obj
 0001:0000f560       _pj_pool_calloc            00410560 f   pjlib-i386-win32-vc14-release-dynamic:pool.obj
 0001:0000f5c0       _pj_pool_create            004105c0 f   pjlib-i386-win32-vc14-release-dynamic:pool.obj
 0001:0000f650       _pj_pool_create_int        00410650 f   pjlib-i386-win32-vc14-release-dynamic:pool.obj
 0001:0000f700       _pj_pool_destroy_int       00410700 f   pjlib-i386-win32-vc14-release-dynamic:pool.obj
 0001:0000f740       _pj_pool_get_capacity      00410740 f   pjlib-i386-win32-vc14-release-dynamic:pool.obj
 0001:0000f750       _pj_pool_get_used_size     00410750 f   pjlib-i386-win32-vc14-release-dynamic:pool.obj
 0001:0000f780       _pj_pool_getobjname        00410780 f   pjlib-i386-win32-vc14-release-dynamic:pool.obj
 0001:0000f790       _pj_pool_init_int          00410790 f   pjlib-i386-win32-vc14-release-dynamic:pool.obj
 0001:0000f800       _pj_pool_release           00410800 f   pjlib-i386-win32-vc14-release-dynamic:pool.obj
 0001:0000f820       _pj_pool_reset             00410820 f   pjlib-i386-win32-vc14-release-dynamic:pool.obj
 0001:0000fc30       _pj_caching_pool_destroy   00410c30 f   pjlib-i386-win32-vc14-release-dynamic:pool_caching.obj
 0001:0000fd10       _pj_caching_pool_init      00410d10 f   pjlib-i386-win32-vc14-release-dynamic:pool_caching.obj
 0001:0000fdf0       _pj_errno_clear_handlers   00410df0 f   pjlib-i386-win32-vc14-release-dynamic:errno.obj
 0001:0000fe10       _pj_perror_3               00410e10 f   pjlib-i386-win32-vc14-release-dynamic:errno.obj
 0001:0000fe30       _pj_perror_4               00410e30 f   pjlib-i386-win32-vc14-release-dynamic:errno.obj
 0001:0000fe50       _pj_perror_5               00410e50 f   pjlib-i386-win32-vc14-release-dynamic:errno.obj
 0001:0000ff10       _pj_register_strerror      00410f10 f   pjlib-i386-win32-vc14-release-dynamic:errno.obj
 0001:0000fff0       _pj_strerror               00410ff0 f   pjlib-i386-win32-vc14-release-dynamic:errno.obj
 0001:00010180       _pj_log                    00411180 f   pjlib-i386-win32-vc14-release-dynamic:log.obj
 0001:00010680       _pj_log_1                  00411680 f   pjlib-i386-win32-vc14-release-dynamic:log.obj
 0001:000106a0       _pj_log_3                  004116a0 f   pjlib-i386-win32-vc14-release-dynamic:log.obj
 0001:000106c0       _pj_log_4                  004116c0 f   pjlib-i386-win32-vc14-release-dynamic:log.obj
 0001:000106e0       _pj_log_5                  004116e0 f   pjlib-i386-win32-vc14-release-dynamic:log.obj
 0001:00010700       _pj_log_get_color          00411700 f   pjlib-i386-win32-vc14-release-dynamic:log.obj
 0001:00010770       _pj_log_get_decor          00411770 f   pjlib-i386-win32-vc14-release-dynamic:log.obj
 0001:00010780       _pj_log_get_level          00411780 f   pjlib-i386-win32-vc14-release-dynamic:log.obj
 0001:00010790       _pj_log_init               00411790 f   pjlib-i386-win32-vc14-release-dynamic:log.obj
 0001:000108c0       _pj_str                    004118c0 f   pjlib-i386-win32-vc14-release-dynamic:string.obj
 0001:000108e0       _pj_strcmp                 004118e0 f   pjlib-i386-win32-vc14-release-dynamic:string.obj
 0001:00010940       _pj_strcspn                00411940 f   pjlib-i386-win32-vc14-release-dynamic:string.obj
 0001:00010990       _pj_strcspn2               00411990 f   pjlib-i386-win32-vc14-release-dynamic:string.obj
 0001:000109d0       _pj_strdup                 004119d0 f   pjlib-i386-win32-vc14-release-dynamic:string.obj
 0001:00010a10       _pj_strdup2                00411a10 f   pjlib-i386-win32-vc14-release-dynamic:string.obj
 0001:00010a70       _pj_strdup2_with_null      00411a70 f   pjlib-i386-win32-vc14-release-dynamic:string.obj
 0001:00010ad0       _pj_strdup_with_null       00411ad0 f   pjlib-i386-win32-vc14-release-dynamic:string.obj
 0001:00010b20       _pj_stricmp                00411b20 f   pjlib-i386-win32-vc14-release-dynamic:string.obj
 0001:00010b90       _pj_stricmp2               00411b90 f   pjlib-i386-win32-vc14-release-dynamic:string.obj
 0001:00010bf0       _pj_strncpy_with_null      00411bf0 f   pjlib-i386-win32-vc14-release-dynamic:string.obj
 0001:00010c30       _pj_strspn                 00411c30 f   pjlib-i386-win32-vc14-release-dynamic:string.obj
 0001:00010cb0       _pj_strspn2                00411cb0 f   pjlib-i386-win32-vc14-release-dynamic:string.obj
 0001:00010d10       _pj_strtok                 00411d10 f   pjlib-i386-win32-vc14-release-dynamic:string.obj
 0001:00010d80       _pj_strtok2                00411d80 f   pjlib-i386-win32-vc14-release-dynamic:string.obj
 0001:00010df0       _pj_strtoul                00411df0 f   pjlib-i386-win32-vc14-release-dynamic:string.obj
 0001:00010e50       _pj_strtoul2               00411e50 f   pjlib-i386-win32-vc14-release-dynamic:string.obj
 0001:00010f00       _pj_utoa                   00411f00 f   pjlib-i386-win32-vc14-release-dynamic:string.obj
 0001:00010f20       _pj_utoa_pad               00411f20 f   pjlib-i386-win32-vc14-release-dynamic:string.obj
 0001:00010fc0       _pj_get_netos_error        00411fc0 f   pjlib-i386-win32-vc14-release-dynamic:os_error_win32.obj
 0001:00010fe0       _pj_get_os_error           00411fe0 f   pjlib-i386-win32-vc14-release-dynamic:os_error_win32.obj
 0001:00011000       _platform_strerror         00412000 f   pjlib-i386-win32-vc14-release-dynamic:os_error_win32.obj
 0001:000110e0       _pj_array_erase            004120e0 f   pjlib-i386-win32-vc14-release-dynamic:array.obj
 0001:00011190       _pj_sockaddr_cmp           00412190 f   pjlib-i386-win32-vc14-release-dynamic:sock_common.obj
 0001:000112b0       _pj_sockaddr_has_addr      004122b0 f   pjlib-i386-win32-vc14-release-dynamic:sock_common.obj
 0001:00011360       _pj_list_erase             00412360 f   pjlib-i386-win32-vc14-release-dynamic:list.obj
 0001:00011380       _pj_list_insert_after      00412380 f   pjlib-i386-win32-vc14-release-dynamic:list.obj
 0001:000113a0       _pj_list_insert_before     004123a0 f   pjlib-i386-win32-vc14-release-dynamic:list.obj
 0001:000113c0       _pj_gettimeofday           004123c0 f   pjlib-i386-win32-vc14-release-dynamic:os_time_win32.obj
 0001:00011470       _pj_time_decode            00412470 f   pjlib-i386-win32-vc14-release-dynamic:os_time_win32.obj
 0001:000115e0       _ioqueue_dispatch_exception_event 004125e0 f   pjlib-i386-win32-vc14-release-dynamic:ioqueue_select.obj
 0001:00011720       _ioqueue_dispatch_read_event 00412720 f   pjlib-i386-win32-vc14-release-dynamic:ioqueue_select.obj
 0001:00011940       _ioqueue_dispatch_write_event 00412940 f   pjlib-i386-win32-vc14-release-dynamic:ioqueue_select.obj
 0001:00011c00       _pj_ioqueue_create         00412c00 f   pjlib-i386-win32-vc14-release-dynamic:ioqueue_select.obj
 0001:00011da0       _pj_ioqueue_destroy        00412da0 f   pjlib-i386-win32-vc14-release-dynamic:ioqueue_select.obj
 0001:00011e60       _pj_ioqueue_poll           00412e60 f   pjlib-i386-win32-vc14-release-dynamic:ioqueue_select.obj
 0001:000121b0       _pj_ioqueue_set_lock       004131b0 f   pjlib-i386-win32-vc14-release-dynamic:ioqueue_select.obj
 0001:000121f0       _pj_ioqueue_unlock_key     004131f0 f   pjlib-i386-win32-vc14-release-dynamic:ioqueue_select.obj
 0001:000122b0       _pj_ntohl                  004132b0 f   pjlib-i386-win32-vc14-release-dynamic:sock_bsd.obj
 0001:000122c0       _pj_ntohs                  004132c0 f   pjlib-i386-win32-vc14-release-dynamic:sock_bsd.obj
 0001:000122d0       _pj_sock_accept            004132d0 f   pjlib-i386-win32-vc14-release-dynamic:sock_bsd.obj
 0001:00012340       _pj_sock_getsockname       00413340 f   pjlib-i386-win32-vc14-release-dynamic:sock_bsd.obj
 0001:000123a0       _pj_sock_getsockopt        004133a0 f   pjlib-i386-win32-vc14-release-dynamic:sock_bsd.obj
 0001:00012410       _pj_sock_recv              00413410 f   pjlib-i386-win32-vc14-release-dynamic:sock_bsd.obj
 0001:00012480       _pj_sock_recvfrom          00413480 f   pjlib-i386-win32-vc14-release-dynamic:sock_bsd.obj
 0001:000124f0       _pj_sock_send              004134f0 f   pjlib-i386-win32-vc14-release-dynamic:sock_bsd.obj
 0001:00012560       _pj_sock_sendto            00413560 f   pjlib-i386-win32-vc14-release-dynamic:sock_bsd.obj
 0001:00012630       _pj_file_exists            00413630 f   pjlib-i386-win32-vc14-release-dynamic:file_access_win32.obj
 0001:00012670       _pj_file_size              00413670 f   pjlib-i386-win32-vc14-release-dynamic:file_access_win32.obj
 0001:000126d0       _pj_file_close             004136d0 f   pjlib-i386-win32-vc14-release-dynamic:file_io_win32.obj
 0001:00012710       _pj_file_getpos            00413710 f   pjlib-i386-win32-vc14-release-dynamic:file_io_win32.obj
 0001:00012790       _pj_file_open              00413790 f   pjlib-i386-win32-vc14-release-dynamic:file_io_win32.obj
 0001:000128c0       _pj_file_read              004138c0 f   pjlib-i386-win32-vc14-release-dynamic:file_io_win32.obj
 0001:00012920       _pj_file_setpos            00413920 f   pjlib-i386-win32-vc14-release-dynamic:file_io_win32.obj
 0001:000129b0       _pj_file_write             004139b0 f   pjlib-i386-win32-vc14-release-dynamic:file_io_win32.obj
 0001:00012a10       _pjmedia_wsola_destroy     00413a10 f   pjmedia-i386-win32-vc14-release-dynamic:wsola.obj
 0001:00012a10       __get_startup_new_mode     00413a10 f   MSVCRT:new_mode.obj
 0001:00012a10       _echo_supp_destroy         00413a10 f   pjmedia-i386-win32-vc14-release-dynamic:echo_suppress.obj
 0001:00012a10       __matherr                  00413a10 f   MSVCRT:matherr.obj
 0001:00012a10       _srtp_ekt_stream_init_from_policy 00413a10 f   libsrtp-i386-win32-vc14-release-dynamic:ekt.obj
 0001:00012a10       __get_startup_thread_locale_mode 00413a10 f   MSVCRT:thread_locale.obj
 0001:00012a10       __get_startup_commit_mode  00413a10 f   MSVCRT:commit_mode.obj
 0001:00012a10       ___scrt_initialize_winrt   00413a10 f   MSVCRT:utility_desktop.obj
 0001:00012c60       _pj_grp_lock_add_ref       00413c60 f   pjlib-i386-win32-vc14-release-dynamic:lock.obj
 0001:00012c80       _pj_grp_lock_dec_ref       00413c80 f   pjlib-i386-win32-vc14-release-dynamic:lock.obj
 0001:00012cb0       _pj_grp_lock_release       00413cb0 f   pjlib-i386-win32-vc14-release-dynamic:lock.obj
 0001:00012cc0       _pj_grp_lock_tryacquire    00413cc0 f   pjlib-i386-win32-vc14-release-dynamic:lock.obj
 0001:00012cd0       _pj_lock_acquire           00413cd0 f   pjlib-i386-win32-vc14-release-dynamic:lock.obj
 0001:00012cf0       _pj_lock_create_null_mutex 00413cf0 f   pjlib-i386-win32-vc14-release-dynamic:lock.obj
 0001:00012d10       _pj_lock_create_recursive_mutex 00413d10 f   pjlib-i386-win32-vc14-release-dynamic:lock.obj
 0001:00012d30       _pj_lock_create_simple_mutex 00413d30 f   pjlib-i386-win32-vc14-release-dynamic:lock.obj
 0001:00012d50       _pj_lock_destroy           00413d50 f   pjlib-i386-win32-vc14-release-dynamic:lock.obj
 0001:00012d70       _pj_lock_release           00413d70 f   pjlib-i386-win32-vc14-release-dynamic:lock.obj
 0001:00012d90       _pj_lock_tryacquire        00413d90 f   pjlib-i386-win32-vc14-release-dynamic:lock.obj
 0001:00012db0       _pj_exception_id_alloc     00413db0 f   pjlib-i386-win32-vc14-release-dynamic:except.obj
 0001:00012e00       _pj_exception_id_free      00413e00 f   pjlib-i386-win32-vc14-release-dynamic:except.obj
 0001:00012e40       _pj_throw_exception_       00413e40 f   pjlib-i386-win32-vc14-release-dynamic:except.obj
 0001:00012ee0       _pj_get_timestamp          00413ee0 f   pjlib-i386-win32-vc14-release-dynamic:os_timestamp_win32.obj
 0001:00012f40       _pj_get_timestamp_freq     00413f40 f   pjlib-i386-win32-vc14-release-dynamic:os_timestamp_win32.obj
 0001:00012fb0       _pj_elapsed_time           00413fb0 f   pjlib-i386-win32-vc14-release-dynamic:os_timestamp_common.obj
 0001:00013060       _pj_gettickcount           00414060 f   pjlib-i386-win32-vc14-release-dynamic:os_timestamp_common.obj
 0001:000130a0       _pj_rand                   004140a0 f   pjlib-i386-win32-vc14-release-dynamic:rand.obj
 0001:00013150       _pj_generate_unique_string 00414150 f   pjlib-i386-win32-vc14-release-dynamic:guid_win32.obj
 0001:000131a0       _pj_pool_create_on_buf     004141a0 f   pjlib-i386-win32-vc14-release-dynamic:pool_buf.obj
 0001:000132b0       _pj_log_write              004142b0 f   pjlib-i386-win32-vc14-release-dynamic:log_writer_stdout.obj
 0001:00013310       _pj_time_val_normalize     00414310 f   pjlib-i386-win32-vc14-release-dynamic:types.obj
 0001:000133a0       _PJ_FD_CLR                 004143a0 f   pjlib-i386-win32-vc14-release-dynamic:sock_select.obj
 0001:00013420       _PJ_FD_ISSET               00414420 f   pjlib-i386-win32-vc14-release-dynamic:sock_select.obj
 0001:00013450       _PJ_FD_ZERO                00414450 f   pjlib-i386-win32-vc14-release-dynamic:sock_select.obj
 0001:00013480       _pj_sock_select            00414480 f   pjlib-i386-win32-vc14-release-dynamic:sock_select.obj
 0001:00013a90       _res_GetXOFF               00414a90 f   libresample-i386-win32-vc14-release-dynamic:resamplesubs.obj
 0001:00013ad0       _res_Resample              00414ad0 f   libresample-i386-win32-vc14-release-dynamic:resamplesubs.obj
 0001:00013bb0       _res_SrcLinear             00414bb0 f   libresample-i386-win32-vc14-release-dynamic:resamplesubs.obj
 0001:00014000       _speex_echo_cancellation   00415000 f   libspeex-i386-win32-vc14-release-dynamic:mdf.obj
 0001:00015ae0       _speex_echo_capture        00416ae0 f   libspeex-i386-win32-vc14-release-dynamic:mdf.obj
 0001:00015bd0       _speex_echo_ctl            00416bd0 f   libspeex-i386-win32-vc14-release-dynamic:mdf.obj
 0001:00015e70       _speex_echo_get_residual   00416e70 f   libspeex-i386-win32-vc14-release-dynamic:mdf.obj
 0001:000160c0       _speex_echo_playback       004170c0 f   libspeex-i386-win32-vc14-release-dynamic:mdf.obj
 0001:000161b0       _speex_echo_state_destroy  004171b0 f   libspeex-i386-win32-vc14-release-dynamic:mdf.obj
 0001:00016280       _speex_echo_state_init_mc  00417280 f   libspeex-i386-win32-vc14-release-dynamic:mdf.obj
 0001:00016830       _speex_echo_state_reset    00417830 f   libspeex-i386-win32-vc14-release-dynamic:mdf.obj
 0001:00017160       _speex_decorrelate         00418160 f   libspeex-i386-win32-vc14-release-dynamic:scal.obj
 0001:00017650       _speex_decorrelate_destroy 00418650 f   libspeex-i386-win32-vc14-release-dynamic:scal.obj
 0001:00017690       _speex_decorrelate_new     00418690 f   libspeex-i386-win32-vc14-release-dynamic:scal.obj
 0001:000182e0       _speex_preprocess_ctl      004192e0 f   libspeex-i386-win32-vc14-release-dynamic:preprocess.obj
 0001:00018970       _speex_preprocess_run      00419970 f   libspeex-i386-win32-vc14-release-dynamic:preprocess.obj
 0001:0001a200       _speex_preprocess_state_destroy 0041b200 f   libspeex-i386-win32-vc14-release-dynamic:preprocess.obj
 0001:0001a2c0       _speex_preprocess_state_init 0041b2c0 f   libspeex-i386-win32-vc14-release-dynamic:preprocess.obj
 0001:0001b210       _spx_fft                   0041c210 f   libspeex-i386-win32-vc14-release-dynamic:fftwrap.obj
 0001:0001b2e0       _spx_fft_destroy           0041c2e0 f   libspeex-i386-win32-vc14-release-dynamic:fftwrap.obj
 0001:0001b300       _spx_fft_init              0041c300 f   libspeex-i386-win32-vc14-release-dynamic:fftwrap.obj
 0001:0001b330       _spx_ifft                  0041c330 f   libspeex-i386-win32-vc14-release-dynamic:fftwrap.obj
 0001:0001b3a0       _filterbank_compute_bank32 0041c3a0 f   libspeex-i386-win32-vc14-release-dynamic:filterbank.obj
 0001:0001b420       _filterbank_compute_psd16  0041c420 f   libspeex-i386-win32-vc14-release-dynamic:filterbank.obj
 0001:0001b470       _filterbank_destroy        0041c470 f   libspeex-i386-win32-vc14-release-dynamic:filterbank.obj
 0001:0001b4a0       _filterbank_new            0041c4a0 f   libspeex-i386-win32-vc14-release-dynamic:filterbank.obj
 0001:0001eaf0       _spx_drft_backward         0041faf0 f   libspeex-i386-win32-vc14-release-dynamic:smallft.obj
 0001:0001eb20       _spx_drft_clear            0041fb20 f   libspeex-i386-win32-vc14-release-dynamic:smallft.obj
 0001:0001eb60       _spx_drft_forward          0041fb60 f   libspeex-i386-win32-vc14-release-dynamic:smallft.obj
 0001:0001eb90       _spx_drft_init             0041fb90 f   libspeex-i386-win32-vc14-release-dynamic:smallft.obj
 0001:0001ebe0       ___local_stdio_scanf_options 0041fbe0 f i libsrtp-i386-win32-vc14-release-dynamic:srtp.obj
 0001:0001ec70       _srtp_add_stream           0041fc70 f   libsrtp-i386-win32-vc14-release-dynamic:srtp.obj
 0001:0001ef30       _srtp_create               0041ff30 f   libsrtp-i386-win32-vc14-release-dynamic:srtp.obj
 0001:0001efb0       _srtp_crypto_policy_set_aes_cm_256_hmac_sha1_32 0041ffb0 f   libsrtp-i386-win32-vc14-release-dynamic:srtp.obj
 0001:0001eff0       _srtp_crypto_policy_set_aes_cm_256_hmac_sha1_80 0041fff0 f   libsrtp-i386-win32-vc14-release-dynamic:srtp.obj
 0001:0001f030       _srtp_dealloc              00420030 f   libsrtp-i386-win32-vc14-release-dynamic:srtp.obj
 0001:0001f2b0       _srtp_event_reporter       004202b0 f   libsrtp-i386-win32-vc14-release-dynamic:srtp.obj
 0001:0001f3d0       _srtp_get_session_keys     004203d0 f   libsrtp-i386-win32-vc14-release-dynamic:srtp.obj
 0001:0001f4d0       _srtp_inject_mki           004204d0 f   libsrtp-i386-win32-vc14-release-dynamic:srtp.obj
 0001:0001f820       _srtp_protect              00420820 f   libsrtp-i386-win32-vc14-release-dynamic:srtp.obj
 0001:0001fb50       _srtp_protect_mki          00420b50 f   libsrtp-i386-win32-vc14-release-dynamic:srtp.obj
 0001:00020100       _srtp_protect_rtcp         00421100 f   libsrtp-i386-win32-vc14-release-dynamic:srtp.obj
 0001:00020300       _srtp_protect_rtcp_mki     00421300 f   libsrtp-i386-win32-vc14-release-dynamic:srtp.obj
 0001:000206a0       _srtp_stream_alloc         004216a0 f   libsrtp-i386-win32-vc14-release-dynamic:srtp.obj
 0001:00020940       _srtp_stream_clone         00421940 f   libsrtp-i386-win32-vc14-release-dynamic:srtp.obj
 0001:00020b60       _srtp_stream_dealloc       00421b60 f   libsrtp-i386-win32-vc14-release-dynamic:srtp.obj
 0001:00020de0       _srtp_stream_init          00421de0 f   libsrtp-i386-win32-vc14-release-dynamic:srtp.obj
 0001:00020ef0       _srtp_stream_init_all_master_keys 00421ef0 f   libsrtp-i386-win32-vc14-release-dynamic:srtp.obj
 0001:00020f70       _srtp_stream_init_keys     00421f70 f   libsrtp-i386-win32-vc14-release-dynamic:srtp.obj
 0001:00021770       _srtp_unprotect            00422770 f   libsrtp-i386-win32-vc14-release-dynamic:srtp.obj
 0001:00021a90       _srtp_unprotect_mki        00422a90 f   libsrtp-i386-win32-vc14-release-dynamic:srtp.obj
 0001:000220e0       _srtp_unprotect_rtcp       004230e0 f   libsrtp-i386-win32-vc14-release-dynamic:srtp.obj
 0001:00022360       _srtp_unprotect_rtcp_mki   00423360 f   libsrtp-i386-win32-vc14-release-dynamic:srtp.obj
 0001:00022840       _srtp_validate_policy_master_keys 00423840 f   libsrtp-i386-win32-vc14-release-dynamic:srtp.obj
 0001:00022900       _srtp_crypto_alloc         00423900 f   libsrtp-i386-win32-vc14-release-dynamic:alloc.obj
 0001:00022960       _srtp_crypto_free          00423960 f   libsrtp-i386-win32-vc14-release-dynamic:alloc.obj
 0001:00022990       _bitvector_alloc           00423990 f   libsrtp-i386-win32-vc14-release-dynamic:datatypes.obj
 0001:000229f0       _bitvector_dealloc         004239f0 f   libsrtp-i386-win32-vc14-release-dynamic:datatypes.obj
 0001:00022a20       _bitvector_left_shift      00423a20 f   libsrtp-i386-win32-vc14-release-dynamic:datatypes.obj
 0001:00022b90       _bitvector_set_to_zero     00423b90 f   libsrtp-i386-win32-vc14-release-dynamic:datatypes.obj
 0001:00022bb0       _octet_string_is_eq        00423bb0 f   libsrtp-i386-win32-vc14-release-dynamic:datatypes.obj
 0001:00022c80       _octet_string_set_to_zero  00423c80 f   libsrtp-i386-win32-vc14-release-dynamic:datatypes.obj
 0001:00022ca0       _srtp_octet_string_hex_string 00423ca0 f   libsrtp-i386-win32-vc14-release-dynamic:datatypes.obj
 0001:00022d40       _v128_copy_octet_string    00423d40 f   libsrtp-i386-win32-vc14-release-dynamic:datatypes.obj
 0001:00022dc0       _v128_hex_string           00423dc0 f   libsrtp-i386-win32-vc14-release-dynamic:datatypes.obj
 0001:00022e50       _v128_left_shift           00423e50 f   libsrtp-i386-win32-vc14-release-dynamic:datatypes.obj
 0001:00022f30       _srtp_err_report           00423f30 f   libsrtp-i386-win32-vc14-release-dynamic:srtp_err.obj
 0001:00022f60       _srtp_index_guess          00423f60 f   libsrtp-i386-win32-vc14-release-dynamic:rdbx.obj
 0001:00022fe0       _srtp_rdbx_add_index       00423fe0 f   libsrtp-i386-win32-vc14-release-dynamic:rdbx.obj
 0001:00023050       _srtp_rdbx_check           00424050 f   libsrtp-i386-win32-vc14-release-dynamic:rdbx.obj
 0001:000230a0       _srtp_rdbx_dealloc         004240a0 f   libsrtp-i386-win32-vc14-release-dynamic:rdbx.obj
 0001:000230c0       _srtp_rdbx_estimate_index  004240c0 f   libsrtp-i386-win32-vc14-release-dynamic:rdbx.obj
 0001:00023100       _srtp_rdbx_get_packet_index 00424100 f   libsrtp-i386-win32-vc14-release-dynamic:rdbx.obj
 0001:00023110       _srtp_rdbx_init            00424110 f   libsrtp-i386-win32-vc14-release-dynamic:rdbx.obj
 0001:00023150       _srtp_rdbx_set_roc         00424150 f   libsrtp-i386-win32-vc14-release-dynamic:rdbx.obj
 0001:000231b0       _srtp_rdbx_set_roc_seq     004241b0 f   libsrtp-i386-win32-vc14-release-dynamic:rdbx.obj
 0001:00023210       _srtp_rdb_add_index        00424210 f   libsrtp-i386-win32-vc14-release-dynamic:rdb.obj
 0001:00023260       _srtp_rdb_check            00424260 f   libsrtp-i386-win32-vc14-release-dynamic:rdb.obj
 0001:000232b0       _PJ_FD_COUNT               004242b0 f   pjlib-i386-win32-vc14-release-dynamic:sock_select.obj
 0001:000232b0       _srtp_rdb_get_value        004242b0 f   libsrtp-i386-win32-vc14-release-dynamic:rdb.obj
 0001:000232c0       _srtp_rdb_increment        004242c0 f   libsrtp-i386-win32-vc14-release-dynamic:rdb.obj
 0001:000232e0       _srtp_rdb_init             004242e0 f   libsrtp-i386-win32-vc14-release-dynamic:rdb.obj
 0001:00023310       _srtp_cipher_dealloc       00424310 f   libsrtp-i386-win32-vc14-release-dynamic:cipher.obj
 0001:00023330       _srtp_cipher_decrypt       00424330 f   libsrtp-i386-win32-vc14-release-dynamic:cipher.obj
 0001:00023360       _srtp_cipher_encrypt       00424360 f   libsrtp-i386-win32-vc14-release-dynamic:cipher.obj
 0001:00023390       _srtp_cipher_get_tag       00424390 f   libsrtp-i386-win32-vc14-release-dynamic:cipher.obj
 0001:000233d0       _srtp_cipher_init          004243d0 f   libsrtp-i386-win32-vc14-release-dynamic:cipher.obj
 0001:00023400       _srtp_cipher_output        00424400 f   libsrtp-i386-win32-vc14-release-dynamic:cipher.obj
 0001:00023430       _srtp_cipher_set_aad       00424430 f   libsrtp-i386-win32-vc14-release-dynamic:cipher.obj
 0001:00023470       _srtp_cipher_set_iv        00424470 f   libsrtp-i386-win32-vc14-release-dynamic:cipher.obj
 0001:000234a0       _srtp_auth_get_key_length  004244a0 f   libsrtp-i386-win32-vc14-release-dynamic:auth.obj
 0001:000234b0       _srtp_auth_get_prefix_length 004244b0 f   libsrtp-i386-win32-vc14-release-dynamic:auth.obj
 0001:000234c0       _srtp_rdbx_get_window_size 004244c0 f   libsrtp-i386-win32-vc14-release-dynamic:rdbx.obj
 0001:000234c0       _srtp_cipher_get_key_length 004244c0 f   libsrtp-i386-win32-vc14-release-dynamic:cipher.obj
 0001:000234c0       _srtp_auth_get_tag_length  004244c0 f   libsrtp-i386-win32-vc14-release-dynamic:auth.obj
 0001:000234d0       _srtp_key_limit_clone      004244d0 f   libsrtp-i386-win32-vc14-release-dynamic:key.obj
 0001:000234f0       _srtp_key_limit_set        004244f0 f   libsrtp-i386-win32-vc14-release-dynamic:key.obj
 0001:00023530       _srtp_key_limit_update     00424530 f   libsrtp-i386-win32-vc14-release-dynamic:key.obj
 0001:00023580       _srtp_crypto_kernel_alloc_auth 00424580 f   libsrtp-i386-win32-vc14-release-dynamic:crypto_kernel.obj
 0001:000235d0       _srtp_crypto_kernel_alloc_cipher 004245d0 f   libsrtp-i386-win32-vc14-release-dynamic:crypto_kernel.obj
 0001:00023620       _srtp_ekt_alloc            00424620 f   libsrtp-i386-win32-vc14-release-dynamic:ekt.obj
 0001:00023630       _srtp_ekt_octets_after_base_tag 00424630 f   libsrtp-i386-win32-vc14-release-dynamic:ekt.obj
 0001:00023650       _srtp_ekt_write_data       00424650 f   libsrtp-i386-win32-vc14-release-dynamic:ekt.obj
 0001:000237a0       _srtp_stream_init_from_ekt 004247a0 f   libsrtp-i386-win32-vc14-release-dynamic:ekt.obj
 0001:00024d20       _srtp_aes_decrypt          00425d20 f   libsrtp-i386-win32-vc14-release-dynamic:aes.obj
 0001:00024e50       _srtp_aes_encrypt          00425e50 f   libsrtp-i386-win32-vc14-release-dynamic:aes.obj
 0001:00024f80       _srtp_aes_expand_decryption_key 00425f80 f   libsrtp-i386-win32-vc14-release-dynamic:aes.obj
 0001:00025190       _srtp_aes_expand_encryption_key 00426190 f   libsrtp-i386-win32-vc14-release-dynamic:aes.obj
 0001:000251d0       _srtp_sha1_core            004261d0 f   libsrtp-i386-win32-vc14-release-dynamic:sha1.obj
 0001:000256e0       _srtp_sha1_final           004266e0 f   libsrtp-i386-win32-vc14-release-dynamic:sha1.obj
 0001:00025cf0       _srtp_sha1_init            00426cf0 f   libsrtp-i386-win32-vc14-release-dynamic:sha1.obj
 0001:00025d30       _srtp_sha1_update          00426d30 f   libsrtp-i386-win32-vc14-release-dynamic:sha1.obj
 0001:00025e00       ___WSAFDIsSet@8            00426e00 f   ws2_32:WS2_32.dll
 0001:00025e06       @__security_check_cookie@4 00426e06 f   MSVCRT:_secchk_.obj
 0001:00026043       _mainCRTStartup            00427043 f   MSVCRT:exe_main.obj
 0001:00026050       __aulldiv                  00427050 f   MSVCRT:ulldiv.obj
 0001:000260c0       __allmul                   004270c0 f   MSVCRT:llmul.obj
 0001:00026100       __ftoui3                   00427100 f   MSVCRT:_ftol3_.obj
 0001:0002610f       __ftoul3                   0042710f f   MSVCRT:_ftol3_.obj
 0001:0002611e       __ftol3                    0042711e f   MSVCRT:_ftol3_.obj
 0001:0002612b       __ftol3_NaN                0042712b f   MSVCRT:_ftol3_.obj
 0001:00026143       __ftol3_work               00427143 f   MSVCRT:_ftol3_.obj
 0001:000261c9       __ftol3_common             004271c9 f   MSVCRT:_ftol3_.obj
 0001:0002628b       __ftol3_arg_error          0042728b f   MSVCRT:_ftol3_.obj
 0001:0002629d       __ftol3_except             0042729d f   MSVCRT:_ftol3_.obj
 0001:000262e1       __dtoui3                   004272e1 f   MSVCRT:_ftol3_.obj
 0001:000262f0       __dtoul3                   004272f0 f   MSVCRT:_ftol3_.obj
 0001:000262ff       __dtol3                    004272ff f   MSVCRT:_ftol3_.obj
 0001:0002630c       __dtol3_NaN                0042730c f   MSVCRT:_ftol3_.obj
 0001:00026329       __dtol3_work               00427329 f   MSVCRT:_ftol3_.obj
 0001:00026410       __ultod3                   00427410 f   MSVCRT:_ftol3_.obj
 0001:00026450       __ltod3                    00427450 f   MSVCRT:_ftol3_.obj
 0001:00026477       ___isa_available_init      00427477 f   MSVCRT:_cpu_disp_.obj
 0001:00026620       __alldiv                   00427620 f   MSVCRT:lldiv.obj
 0001:000266d0       ___vdecl_cos2              004276d0 f   MSVCRT:_svml_dcos2_dispatch_.obj
 0001:000266d5       ___raise_securityfailure   004276d5 f   MSVCRT:gs_report.obj
 0001:000266fd       ___report_gsfailure        004276fd f   MSVCRT:gs_report.obj
 0001:000267f8       ___report_rangecheckfailure 004277f8 f   MSVCRT:gs_report.obj
 0001:00026804       ___report_securityfailure  00427804 f   MSVCRT:gs_report.obj
 0001:000268e0       __allshl                   004278e0 f   MSVCRT:llshl.obj
 0001:00026900       ___vdecl_sin2              00427900 f   MSVCRT:_svml_dsin2_dispatch_.obj
 0001:00026910       __ftol2_sse                00427910 f   MSVCRT:_ftol2_.obj
 0001:00026919       __ftol2_pentium4           00427919 f   MSVCRT:_ftol2_.obj
 0001:0002692c       __ftol2_sse_excpt          0042792c f   MSVCRT:_ftol2_.obj
 0001:00026950       __ftol2                    00427950 f   MSVCRT:_ftol2_.obj
 0001:00026a09       ___scrt_acquire_startup_lock 00427a09 f   MSVCRT:utility.obj
 0001:00026a3e       ___scrt_initialize_crt     00427a3e f   MSVCRT:utility.obj
 0001:00026a77       ___scrt_initialize_onexit_tables 00427a77 f   MSVCRT:utility.obj
 0001:00026b0e       ___scrt_is_nonwritable_in_current_image 00427b0e f   MSVCRT:utility.obj
 0001:00026b98       ___scrt_release_startup_lock 00427b98 f   MSVCRT:utility.obj
 0001:00026bb5       ___scrt_uninitialize_crt   00427bb5 f   MSVCRT:utility.obj
 0001:00026bdd       __onexit                   00427bdd f   MSVCRT:utility.obj
 0001:00026c18       _atexit                    00427c18 f   MSVCRT:utility.obj
 0001:00026c2d       ___security_init_cookie    00427c2d f   MSVCRT:gs_support.obj
 0001:00026cc9       __get_startup_argv_mode    00427cc9 f   MSVCRT:argv_mode.obj
 0001:00026ccd       __get_startup_file_mode    00427ccd f   MSVCRT:file_mode.obj
 0001:00026cd3       ?__scrt_initialize_type_info@@YAXXZ 00427cd3 f   MSVCRT:tncleanup.obj
 0001:00026cdf       __initialize_default_precision 00427cdf f   MSVCRT:default_precision.obj
 0001:00026d00       ___scrt_initialize_default_local_stdio_options 00427d00 f   MSVCRT:default_local_stdio_options.obj
 0001:00026d1d       ___scrt_is_user_matherr_present 00427d1d f   MSVCRT:matherr_detection.obj
 0001:00026d29       ___scrt_get_dyn_tls_init_callback 00427d29 f   MSVCRT:dyn_tls_init.obj
 0001:00026d2f       ___scrt_get_dyn_tls_dtor_callback 00427d2f f   MSVCRT:dyn_tls_dtor.obj
 0001:00026d35       ___scrt_fastfail           00427d35 f   MSVCRT:utility_desktop.obj
 0001:00026e50       ___scrt_is_managed_app     00427e50 f   MSVCRT:utility_desktop.obj
 0001:00026e94       ___scrt_set_unhandled_exception_filter 00427e94 f   MSVCRT:utility_desktop.obj
 0001:00026ea0       ___scrt_unhandled_exception_filter@4 00427ea0 f   MSVCRT:utility_desktop.obj
 0001:00026ee1       __RTC_Initialize           00427ee1 f   MSVCRT:_initsect_.obj
 0001:00026f0c       __RTC_Terminate            00427f0c f   MSVCRT:_initsect_.obj
 0001:00026f37       @_guard_check_icall@4      00427f37 f i MSVCRT:checkcfg.obj
 0001:00026f40       __SEH_prolog4              00427f40 f   MSVCRT:_sehprolg4_.obj
 0001:00026f86       __SEH_epilog4              00427f86 f   MSVCRT:_sehprolg4_.obj
 0001:00026f9b       __except_handler4          00427f9b f   MSVCRT:_chandler4gs_.obj
 0001:00026fc0       ___sse2_cos2               00427fc0 f   MSVCRT:_svml_dcos2_sse2_.obj
 0001:00027160       ___sse2_sin2               00428160 f   MSVCRT:_svml_dsin2_sse2_.obj
 0001:00027320       ___scrt_is_ucrt_dll_in_use 00428320 f   MSVCRT:ucrt_detection.obj
 0001:00027330       __initialize_invalid_parameter_handler 00428330 f i MSVCRT:invalid_parameter_handler.obj
 0001:00027330       __initialize_denormal_control 00428330 f i MSVCRT:denormal_control.obj
 0001:00027330       _pjmedia_wave_hdr_file_to_host 00428330 f i pjmedia-i386-win32-vc14-release-dynamic:wave.obj
 0001:00027330       _pjmedia_resample_destroy  00428330 f i pjmedia-i386-win32-vc14-release-dynamic:resample_resample.obj
 0001:00027330       @_guard_check_icall_nop@4  00428330 f i MSVCRT:guard_support.obj
 0001:00027330       _pjmedia_wave_hdr_host_to_file 00428330 f i pjmedia-i386-win32-vc14-release-dynamic:wave.obj
 0001:00027340       ___common_sin_reduction_LA 00428340 f   MSVCRT:_svml_dtrig_.obj
 0001:00027690       ___common_cos_reduction_LA 00428690 f   MSVCRT:_svml_dtrig_.obj
 0001:00027980       ___common_pi04_reduction_LA 00428980 f   MSVCRT:_svml_dtrig_.obj
 0001:00027c90       _IsProcessorFeaturePresent@4 00428c90 f   kernel32:KERNEL32.dll
 0001:00027c96       _memcpy                    00428c96 f   vcruntime:VCRUNTIME140.dll
 0001:00027c9c       _memset                    00428c9c f   vcruntime:VCRUNTIME140.dll
 0001:00027ca2       _longjmp                   00428ca2 f   vcruntime:VCRUNTIME140.dll
 0001:00027ca8       __except_handler4_common   00428ca8 f   vcruntime:VCRUNTIME140.dll
 0001:00027cae       __libm_sse2_cos_precise    00428cae f   ucrt:api-ms-win-crt-math-l1-1-0.dll
 0001:00027cb4       __CIfmod                   00428cb4 f   ucrt:api-ms-win-crt-math-l1-1-0.dll
 0001:00027cba       __libm_sse2_exp_precise    00428cba f   ucrt:api-ms-win-crt-math-l1-1-0.dll
 0001:00027cc0       __libm_sse2_sqrt_precise   00428cc0 f   ucrt:api-ms-win-crt-math-l1-1-0.dll
 0001:00027cc6       _floor                     00428cc6 f   ucrt:api-ms-win-crt-math-l1-1-0.dll
 0001:00027ccc       __libm_sse2_pow_precise    00428ccc f   ucrt:api-ms-win-crt-math-l1-1-0.dll
 0001:00027cd2       __libm_sse2_sin_precise    00428cd2 f   ucrt:api-ms-win-crt-math-l1-1-0.dll
 0001:00027cd8       __libm_sse2_log_precise    00428cd8 f   ucrt:api-ms-win-crt-math-l1-1-0.dll
 0001:00027cde       __libm_sse2_atan_precise   00428cde f   ucrt:api-ms-win-crt-math-l1-1-0.dll
 0001:00027ce4       _exit                      00428ce4 f   ucrt:api-ms-win-crt-runtime-l1-1-0.dll
 0001:00027cea       __seh_filter_exe           00428cea f   ucrt:api-ms-win-crt-runtime-l1-1-0.dll
 0001:00027cf0       __set_app_type             00428cf0 f   ucrt:api-ms-win-crt-runtime-l1-1-0.dll
 0001:00027cf6       ___setusermatherr          00428cf6 f   ucrt:api-ms-win-crt-math-l1-1-0.dll
 0001:00027cfc       __configure_narrow_argv    00428cfc f   ucrt:api-ms-win-crt-runtime-l1-1-0.dll
 0001:00027d02       __initialize_narrow_environment 00428d02 f   ucrt:api-ms-win-crt-runtime-l1-1-0.dll
 0001:00027d08       __get_initial_narrow_environment 00428d08 f   ucrt:api-ms-win-crt-runtime-l1-1-0.dll
 0001:00027d0e       __initterm                 00428d0e f   ucrt:api-ms-win-crt-runtime-l1-1-0.dll
 0001:00027d14       __initterm_e               00428d14 f   ucrt:api-ms-win-crt-runtime-l1-1-0.dll
 0001:00027d1a       __exit                     00428d1a f   ucrt:api-ms-win-crt-runtime-l1-1-0.dll
 0001:00027d20       __set_fmode                00428d20 f   ucrt:api-ms-win-crt-stdio-l1-1-0.dll
 0001:00027d26       ___p___argc                00428d26 f   ucrt:api-ms-win-crt-runtime-l1-1-0.dll
 0001:00027d2c       ___p___argv                00428d2c f   ucrt:api-ms-win-crt-runtime-l1-1-0.dll
 0001:00027d32       __cexit                    00428d32 f   ucrt:api-ms-win-crt-runtime-l1-1-0.dll
 0001:00027d38       __c_exit                   00428d38 f   ucrt:api-ms-win-crt-runtime-l1-1-0.dll
 0001:00027d3e       __register_thread_local_exe_atexit_callback 00428d3e f   ucrt:api-ms-win-crt-runtime-l1-1-0.dll
 0001:00027d44       __configthreadlocale       00428d44 f   ucrt:api-ms-win-crt-locale-l1-1-0.dll
 0001:00027d4a       __set_new_mode             00428d4a f   ucrt:api-ms-win-crt-heap-l1-1-0.dll
 0001:00027d50       ___p__commode              00428d50 f   ucrt:api-ms-win-crt-stdio-l1-1-0.dll
 0001:00027d56       __except1                  00428d56 f   ucrt:api-ms-win-crt-math-l1-1-0.dll
 0001:00027d5c       __initialize_onexit_table  00428d5c f   ucrt:api-ms-win-crt-runtime-l1-1-0.dll
 0001:00027d62       __register_onexit_function 00428d62 f   ucrt:api-ms-win-crt-runtime-l1-1-0.dll
 0001:00027d68       __crt_atexit               00428d68 f   ucrt:api-ms-win-crt-runtime-l1-1-0.dll
 0001:00027d6e       __controlfp_s              00428d6e f   ucrt:api-ms-win-crt-runtime-l1-1-0.dll
 0001:00027d74       _terminate                 00428d74 f   ucrt:api-ms-win-crt-runtime-l1-1-0.dll
 0001:00027d7a       ___vcrt_uninitialize       00428d7a f   MSVCRT:ucrt_stubs.obj
 0001:00027d7a       ___scrt_stub_for_acrt_initialize 00428d7a f   MSVCRT:ucrt_stubs.obj
 0001:00027d7a       ___vcrt_initialize         00428d7a f   MSVCRT:ucrt_stubs.obj
 0001:00027d7a       ___scrt_stub_for_acrt_uninitialize 00428d7a f   MSVCRT:ucrt_stubs.obj
 0001:00027d7a       ___acrt_initialize         00428d7a f   MSVCRT:ucrt_stubs.obj
 0001:00027d7a       __should_initialize_environment 00428d7a f   MSVCRT:env_mode.obj
 0001:00027d7a       ___acrt_uninitialize       00428d7a f   MSVCRT:ucrt_stubs.obj
 0002:00000000       __imp__GetFileSize@8       00429000     kernel32:KERNEL32.dll
 0002:00000004       __imp__GetModuleHandleW@4  00429004     kernel32:KERNEL32.dll
 0002:00000008       __imp__IsDebuggerPresent@0 00429008     kernel32:KERNEL32.dll
 0002:0000000c       __imp__InitializeSListHead@4 0042900c     kernel32:KERNEL32.dll
 0002:00000010       __imp__GetSystemTimeAsFileTime@4 00429010     kernel32:KERNEL32.dll
 0002:00000014       __imp__TerminateProcess@8  00429014     kernel32:KERNEL32.dll
 0002:00000018       __imp__GetCurrentProcess@0 00429018     kernel32:KERNEL32.dll
 0002:0000001c       __imp__SetUnhandledExceptionFilter@4 0042901c     kernel32:KERNEL32.dll
 0002:00000020       __imp__UnhandledExceptionFilter@4 00429020     kernel32:KERNEL32.dll
 0002:00000024       __imp__IsProcessorFeaturePresent@4 00429024     kernel32:KERNEL32.dll
 0002:00000028       __imp__QueryPerformanceFrequency@4 00429028     kernel32:KERNEL32.dll
 0002:0000002c       __imp__QueryPerformanceCounter@4 0042902c     kernel32:KERNEL32.dll
 0002:00000030       __imp__WriteFile@20        00429030     kernel32:KERNEL32.dll
 0002:00000034       __imp__SetFilePointer@16   00429034     kernel32:KERNEL32.dll
 0002:00000038       __imp__ReadFile@20         00429038     kernel32:KERNEL32.dll
 0002:0000003c       __imp__CreateFileA@28      0042903c     kernel32:KERNEL32.dll
 0002:00000040       __imp__SystemTimeToFileTime@8 00429040     kernel32:KERNEL32.dll
 0002:00000044       __imp__FileTimeToSystemTime@8 00429044     kernel32:KERNEL32.dll
 0002:00000048       __imp__GetLocalTime@4      00429048     kernel32:KERNEL32.dll
 0002:0000004c       __imp__FormatMessageA@28   0042904c     kernel32:KERNEL32.dll
 0002:00000050       __imp__SetConsoleTextAttribute@8 00429050     kernel32:KERNEL32.dll
 0002:00000054       __imp__TlsFree@4           00429054     kernel32:KERNEL32.dll
 0002:00000058       __imp__TlsSetValue@8       00429058     kernel32:KERNEL32.dll
 0002:0000005c       __imp__TlsGetValue@4       0042905c     kernel32:KERNEL32.dll
 0002:00000060       __imp__TlsAlloc@0          00429060     kernel32:KERNEL32.dll
 0002:00000064       __imp__GetCurrentThreadId@0 00429064     kernel32:KERNEL32.dll
 0002:00000068       __imp__CreateThread@24     00429068     kernel32:KERNEL32.dll
 0002:0000006c       __imp__GetCurrentProcessId@0 0042906c     kernel32:KERNEL32.dll
 0002:00000070       __imp__Sleep@4             00429070     kernel32:KERNEL32.dll
 0002:00000074       __imp__WaitForSingleObject@8 00429074     kernel32:KERNEL32.dll
 0002:00000078       __imp__ReleaseSemaphore@12 00429078     kernel32:KERNEL32.dll
 0002:0000007c       __imp__DeleteCriticalSection@4 0042907c     kernel32:KERNEL32.dll
 0002:00000080       __imp__TryEnterCriticalSection@4 00429080     kernel32:KERNEL32.dll
 0002:00000084       __imp__LeaveCriticalSection@4 00429084     kernel32:KERNEL32.dll
 0002:00000088       __imp__EnterCriticalSection@4 00429088     kernel32:KERNEL32.dll
 0002:0000008c       __imp__InitializeCriticalSection@4 0042908c     kernel32:KERNEL32.dll
 0002:00000090       __imp__GetLastError@0      00429090     kernel32:KERNEL32.dll
 0002:00000094       __imp__GetStdHandle@4      00429094     kernel32:KERNEL32.dll
 0002:00000098       __imp__WaitForMultipleObjects@16 00429098     kernel32:KERNEL32.dll
 0002:0000009c       __imp__SetThreadPriority@8 0042909c     kernel32:KERNEL32.dll
 0002:000000a0       __imp__GetCurrentThread@0  004290a0     kernel32:KERNEL32.dll
 0002:000000a4       __imp__CreateEventA@16     004290a4     kernel32:KERNEL32.dll
 0002:000000a8       __imp__SetEvent@4          004290a8     kernel32:KERNEL32.dll
 0002:000000ac       __imp__CloseHandle@4       004290ac     kernel32:KERNEL32.dll
 0002:000000b0       \177KERNEL32_NULL_THUNK_DATA 004290b0     kernel32:KERNEL32.dll
 0002:000000b4       __imp___except_handler4_common 004290b4     vcruntime:VCRUNTIME140.dll
 0002:000000b8       __imp__memcpy              004290b8     vcruntime:VCRUNTIME140.dll
 0002:000000bc       __imp__memset              004290bc     vcruntime:VCRUNTIME140.dll
 0002:000000c0       __imp__memmove             004290c0     vcruntime:VCRUNTIME140.dll
 0002:000000c4       __imp__strchr              004290c4     vcruntime:VCRUNTIME140.dll
 0002:000000c8       __imp__longjmp             004290c8     vcruntime:VCRUNTIME140.dll
 0002:000000cc       \177VCRUNTIME140_NULL_THUNK_DATA 004290cc     vcruntime:VCRUNTIME140.dll
 0002:000000d0       __imp__waveInGetNumDevs@0  004290d0     winmm:WINMM.dll
 0002:000000d4       __imp__waveOutReset@4      004290d4     winmm:WINMM.dll
 0002:000000d8       __imp__waveOutRestart@4    004290d8     winmm:WINMM.dll
 0002:000000dc       __imp__waveOutPause@4      004290dc     winmm:WINMM.dll
 0002:000000e0       __imp__waveOutWrite@12     004290e0     winmm:WINMM.dll
 0002:000000e4       __imp__waveOutUnprepareHeader@12 004290e4     winmm:WINMM.dll
 0002:000000e8       __imp__waveOutPrepareHeader@12 004290e8     winmm:WINMM.dll
 0002:000000ec       __imp__waveInGetDevCapsA@12 004290ec     winmm:WINMM.dll
 0002:000000f0       __imp__waveOutOpen@24      004290f0     winmm:WINMM.dll
 0002:000000f4       __imp__waveOutSetVolume@8  004290f4     winmm:WINMM.dll
 0002:000000f8       __imp__waveOutGetVolume@8  004290f8     winmm:WINMM.dll
 0002:000000fc       __imp__waveOutGetDevCapsA@12 004290fc     winmm:WINMM.dll
 0002:00000100       __imp__waveOutGetNumDevs@0 00429100     winmm:WINMM.dll
 0002:00000104       __imp__waveInGetErrorTextA@12 00429104     winmm:WINMM.dll
 0002:00000108       __imp__waveOutGetErrorTextA@12 00429108     winmm:WINMM.dll
 0002:0000010c       __imp__waveInOpen@24       0042910c     winmm:WINMM.dll
 0002:00000110       __imp__waveInClose@4       00429110     winmm:WINMM.dll
 0002:00000114       __imp__waveInPrepareHeader@12 00429114     winmm:WINMM.dll
 0002:00000118       __imp__waveInUnprepareHeader@12 00429118     winmm:WINMM.dll
 0002:0000011c       __imp__waveInAddBuffer@12  0042911c     winmm:WINMM.dll
 0002:00000120       __imp__waveInStart@4       00429120     winmm:WINMM.dll
 0002:00000124       __imp__waveInStop@4        00429124     winmm:WINMM.dll
 0002:00000128       __imp__waveInReset@4       00429128     winmm:WINMM.dll
 0002:0000012c       __imp__waveOutClose@4      0042912c     winmm:WINMM.dll
 0002:00000130       \177WINMM_NULL_THUNK_DATA  00429130     winmm:WINMM.dll
 0002:00000134       __imp__sendto@24           00429134     ws2_32:WS2_32.dll
 0002:00000138       __imp__send@16             00429138     ws2_32:WS2_32.dll
 0002:0000013c       __imp__recvfrom@24         0042913c     ws2_32:WS2_32.dll
 0002:00000140       __imp__recv@16             00429140     ws2_32:WS2_32.dll
 0002:00000144       __imp__ntohs@4             00429144     ws2_32:WS2_32.dll
 0002:00000148       __imp__ntohl@4             00429148     ws2_32:WS2_32.dll
 0002:0000014c       __imp__htons@4             0042914c     ws2_32:WS2_32.dll
 0002:00000150       __imp__htonl@4             00429150     ws2_32:WS2_32.dll
 0002:00000154       __imp__getsockopt@20       00429154     ws2_32:WS2_32.dll
 0002:00000158       __imp__getsockname@12      00429158     ws2_32:WS2_32.dll
 0002:0000015c       __imp__accept@12           0042915c     ws2_32:WS2_32.dll
 0002:00000160       __imp__WSAGetLastError@0   00429160     ws2_32:WS2_32.dll
 0002:00000164       __imp__WSACleanup@0        00429164     ws2_32:WS2_32.dll
 0002:00000168       __imp__WSAStartup@8        00429168     ws2_32:WS2_32.dll
 0002:0000016c       __imp____WSAFDIsSet@8      0042916c     ws2_32:WS2_32.dll
 0002:00000170       __imp__select@20           00429170     ws2_32:WS2_32.dll
 0002:00000174       \177WS2_32_NULL_THUNK_DATA 00429174     ws2_32:WS2_32.dll
 0002:00000178       __imp__strtol              00429178     ucrt:api-ms-win-crt-convert-l1-1-0.dll
 0002:0000017c       \177api-ms-win-crt-convert-l1-1-0_NULL_THUNK_DATA 0042917c     ucrt:api-ms-win-crt-convert-l1-1-0.dll
 0002:00000180       __imp__free                00429180     ucrt:api-ms-win-crt-heap-l1-1-0.dll
 0002:00000184       __imp___set_new_mode       00429184     ucrt:api-ms-win-crt-heap-l1-1-0.dll
 0002:00000188       __imp__calloc              00429188     ucrt:api-ms-win-crt-heap-l1-1-0.dll
 0002:0000018c       __imp__malloc              0042918c     ucrt:api-ms-win-crt-heap-l1-1-0.dll
 0002:00000190       \177api-ms-win-crt-heap-l1-1-0_NULL_THUNK_DATA 00429190     ucrt:api-ms-win-crt-heap-l1-1-0.dll
 0002:00000194       __imp___configthreadlocale 00429194     ucrt:api-ms-win-crt-locale-l1-1-0.dll
 0002:00000198       \177api-ms-win-crt-locale-l1-1-0_NULL_THUNK_DATA 00429198     ucrt:api-ms-win-crt-locale-l1-1-0.dll
 0002:0000019c       __imp____setusermatherr    0042919c     ucrt:api-ms-win-crt-math-l1-1-0.dll
 0002:000001a0       __imp___libm_sse2_log_precise 004291a0     ucrt:api-ms-win-crt-math-l1-1-0.dll
 0002:000001a4       __imp___libm_sse2_sin_precise 004291a4     ucrt:api-ms-win-crt-math-l1-1-0.dll
 0002:000001a8       __imp___libm_sse2_cos_precise 004291a8     ucrt:api-ms-win-crt-math-l1-1-0.dll
 0002:000001ac       __imp___libm_sse2_pow_precise 004291ac     ucrt:api-ms-win-crt-math-l1-1-0.dll
 0002:000001b0       __imp__floor               004291b0     ucrt:api-ms-win-crt-math-l1-1-0.dll
 0002:000001b4       __imp___libm_sse2_sqrt_precise 004291b4     ucrt:api-ms-win-crt-math-l1-1-0.dll
 0002:000001b8       __imp___libm_sse2_exp_precise 004291b8     ucrt:api-ms-win-crt-math-l1-1-0.dll
 0002:000001bc       __imp___except1            004291bc     ucrt:api-ms-win-crt-math-l1-1-0.dll
 0002:000001c0       __imp___CIfmod             004291c0     ucrt:api-ms-win-crt-math-l1-1-0.dll
 0002:000001c4       __imp___libm_sse2_atan_precise 004291c4     ucrt:api-ms-win-crt-math-l1-1-0.dll
 0002:000001c8       \177api-ms-win-crt-math-l1-1-0_NULL_THUNK_DATA 004291c8     ucrt:api-ms-win-crt-math-l1-1-0.dll
 0002:000001cc       __imp___initialize_onexit_table 004291cc     ucrt:api-ms-win-crt-runtime-l1-1-0.dll
 0002:000001d0       __imp___register_onexit_function 004291d0     ucrt:api-ms-win-crt-runtime-l1-1-0.dll
 0002:000001d4       __imp___crt_atexit         004291d4     ucrt:api-ms-win-crt-runtime-l1-1-0.dll
 0002:000001d8       __imp___controlfp_s        004291d8     ucrt:api-ms-win-crt-runtime-l1-1-0.dll
 0002:000001dc       __imp__terminate           004291dc     ucrt:api-ms-win-crt-runtime-l1-1-0.dll
 0002:000001e0       __imp___register_thread_local_exe_atexit_callback 004291e0     ucrt:api-ms-win-crt-runtime-l1-1-0.dll
 0002:000001e4       __imp___c_exit             004291e4     ucrt:api-ms-win-crt-runtime-l1-1-0.dll
 0002:000001e8       __imp__exit                004291e8     ucrt:api-ms-win-crt-runtime-l1-1-0.dll
 0002:000001ec       __imp___seh_filter_exe     004291ec     ucrt:api-ms-win-crt-runtime-l1-1-0.dll
 0002:000001f0       __imp___set_app_type       004291f0     ucrt:api-ms-win-crt-runtime-l1-1-0.dll
 0002:000001f4       __imp___initterm           004291f4     ucrt:api-ms-win-crt-runtime-l1-1-0.dll
 0002:000001f8       __imp___configure_narrow_argv 004291f8     ucrt:api-ms-win-crt-runtime-l1-1-0.dll
 0002:000001fc       __imp___initialize_narrow_environment 004291fc     ucrt:api-ms-win-crt-runtime-l1-1-0.dll
 0002:00000200       __imp___get_initial_narrow_environment 00429200     ucrt:api-ms-win-crt-runtime-l1-1-0.dll
 0002:00000204       __imp___cexit              00429204     ucrt:api-ms-win-crt-runtime-l1-1-0.dll
 0002:00000208       __imp___initterm_e         00429208     ucrt:api-ms-win-crt-runtime-l1-1-0.dll
 0002:0000020c       __imp___exit               0042920c     ucrt:api-ms-win-crt-runtime-l1-1-0.dll
 0002:00000210       __imp____p___argv          00429210     ucrt:api-ms-win-crt-runtime-l1-1-0.dll
 0002:00000214       __imp____p___argc          00429214     ucrt:api-ms-win-crt-runtime-l1-1-0.dll
 0002:00000218       \177api-ms-win-crt-runtime-l1-1-0_NULL_THUNK_DATA 00429218     ucrt:api-ms-win-crt-runtime-l1-1-0.dll
 0002:0000021c       __imp___set_fmode          0042921c     ucrt:api-ms-win-crt-stdio-l1-1-0.dll
 0002:00000220       __imp____stdio_common_vsprintf 00429220     ucrt:api-ms-win-crt-stdio-l1-1-0.dll
 0002:00000224       __imp__fgets               00429224     ucrt:api-ms-win-crt-stdio-l1-1-0.dll
 0002:00000228       __imp__fflush              00429228     ucrt:api-ms-win-crt-stdio-l1-1-0.dll
 0002:0000022c       __imp____p__commode        0042922c     ucrt:api-ms-win-crt-stdio-l1-1-0.dll
 0002:00000230       __imp__puts                00429230     ucrt:api-ms-win-crt-stdio-l1-1-0.dll
 0002:00000234       __imp____stdio_common_vfprintf 00429234     ucrt:api-ms-win-crt-stdio-l1-1-0.dll
 0002:00000238       __imp____acrt_iob_func     00429238     ucrt:api-ms-win-crt-stdio-l1-1-0.dll
 0002:0000023c       \177api-ms-win-crt-stdio-l1-1-0_NULL_THUNK_DATA 0042923c     ucrt:api-ms-win-crt-stdio-l1-1-0.dll
 0002:00000240       __imp___strnicmp           00429240     ucrt:api-ms-win-crt-string-l1-1-0.dll
 0002:00000244       __imp__isxdigit            00429244     ucrt:api-ms-win-crt-string-l1-1-0.dll
 0002:00000248       __imp__strncmp             00429248     ucrt:api-ms-win-crt-string-l1-1-0.dll
 0002:0000024c       __imp__isdigit             0042924c     ucrt:api-ms-win-crt-string-l1-1-0.dll
 0002:00000250       __imp__strncpy             00429250     ucrt:api-ms-win-crt-string-l1-1-0.dll
 0002:00000254       \177api-ms-win-crt-string-l1-1-0_NULL_THUNK_DATA 00429254     ucrt:api-ms-win-crt-string-l1-1-0.dll
 0002:00000258       __imp__rand                00429258     ucrt:api-ms-win-crt-utility-l1-1-0.dll
 0002:0000025c       \177api-ms-win-crt-utility-l1-1-0_NULL_THUNK_DATA 0042925c     ucrt:api-ms-win-crt-utility-l1-1-0.dll
 0002:00000260       __imp__CoCreateGuid@4      00429260     ole32:ole32.dll
 0002:00000264       \177ole32_NULL_THUNK_DATA  00429264     ole32:ole32.dll
 0002:00000268       ___guard_check_icall_fptr  00429268     MSVCRT:guard_support.obj
 0002:0000026c       ___xc_a                    0042926c     MSVCRT:initializers.obj
 0002:00000274       ___xc_z                    00429274     MSVCRT:initializers.obj
 0002:00000278       ___xi_a                    00429278     MSVCRT:initializers.obj
 0002:00000284       ___xi_z                    00429284     MSVCRT:initializers.obj
 0002:00000288       ___xp_a                    00429288     MSVCRT:initializers.obj
 0002:0000028c       ___xp_z                    0042928c     MSVCRT:initializers.obj
 0002:00000290       ___xt_a                    00429290     MSVCRT:initializers.obj
 0002:00000294       ___xt_z                    00429294     MSVCRT:initializers.obj
 0002:000002a0       __xmm@00000000000000620000000000000001 004292a0     confsample.obj
 0002:00000310       ??_C@_0DC@MHBBCDGM@Unspecified?5audio?5device?5error?5?$CI@ 00429310     pjmedia-audiodev-i386-win32-vc14-release-dynamic:errno.obj
 0002:00000344       ??_C@_0DG@FEDKLOFB@Unknown?5error?5from?5audio?5driver?5@ 00429344     pjmedia-audiodev-i386-win32-vc14-release-dynamic:errno.obj
 0002:0000037c       ??_C@_0DE@DOHCBKFK@Audio?5subsystem?5not?5initialized?5@ 0042937c     pjmedia-audiodev-i386-win32-vc14-release-dynamic:errno.obj
 0002:000003b0       ??_C@_0CL@NCBJPCNF@Invalid?5audio?5device?5?$CIPJMEDIA_EA@ 004293b0     pjmedia-audiodev-i386-win32-vc14-release-dynamic:errno.obj
 0002:000003dc       ??_C@_0CM@LOPLLMHO@Found?5no?5audio?5devices?5?$CIPJMEDIA_@ 004293dc     pjmedia-audiodev-i386-win32-vc14-release-dynamic:errno.obj
 0002:00000408       ??_C@_0DM@DPDKGMIE@Unable?5to?5find?5default?5audio?5dev@ 00429408     pjmedia-audiodev-i386-win32-vc14-release-dynamic:errno.obj
 0002:00000444       ??_C@_0CP@JIPJOIMB@Audio?5device?5not?5ready?5?$CIPJMEDIA_@ 00429444     pjmedia-audiodev-i386-win32-vc14-release-dynamic:errno.obj
 0002:00000474       ??_C@_0DO@NMIGLFFA@Invalid?5or?5unsupported?5audio?5cap@ 00429474     pjmedia-audiodev-i386-win32-vc14-release-dynamic:errno.obj
 0002:000004b8       ??_C@_0ED@PLJALPOA@Invalid?5or?5unsupported?5audio?5dev@ 004294b8     pjmedia-audiodev-i386-win32-vc14-release-dynamic:errno.obj
 0002:000004fc       ??_C@_0DM@JKDJGBNG@Bad?5or?5invalid?5audio?5device?5form@ 004294fc     pjmedia-audiodev-i386-win32-vc14-release-dynamic:errno.obj
 0002:00000538       ??_C@_0DN@BLAJILEA@Invalid?5audio?5device?5sample?5form@ 00429538     pjmedia-audiodev-i386-win32-vc14-release-dynamic:errno.obj
 0002:00000578       ??_C@_0DE@LJJGJIEF@Bad?5audio?5latency?5setting?5?$CIPJMED@ 00429578     pjmedia-audiodev-i386-win32-vc14-release-dynamic:errno.obj
 0002:000005ac       ??_C@_0BJ@GMHLEOAL@MMSYSTEM?5native?5error?5?$CFd?$AA@ 004295ac     pjmedia-audiodev-i386-win32-vc14-release-dynamic:errno.obj
 0002:000005c8       ??_C@_0CC@MFOJNIAN@Unknown?5pjmedia?9audiodev?5error?5?$CF@ 004295c8     pjmedia-audiodev-i386-win32-vc14-release-dynamic:errno.obj
 0002:000005ec       ??_C@_0M@KBHHDDLP@Wave?5mapper?$AA@ 004295ec     pjmedia-audiodev-i386-win32-vc14-release-dynamic:wmme_dev.obj
 0002:000005f8       ??_C@_04CPNMDOAK@WMME?$AA@ 004295f8     pjmedia-audiodev-i386-win32-vc14-release-dynamic:wmme_dev.obj
 0002:00000600       ??_C@_0BB@EOKKHGLD@WMME?5initialized?$AA@ 00429600     pjmedia-audiodev-i386-win32-vc14-release-dynamic:wmme_dev.obj
 0002:00000614       ??_C@_0L@HHCCMOGO@wmme_dev?4c?$AA@ 00429614     pjmedia-audiodev-i386-win32-vc14-release-dynamic:wmme_dev.obj
 0002:00000620       ??_C@_0BM@OMJMEAMB@WMME?5found?5no?5sound?5devices?$AA@ 00429620     pjmedia-audiodev-i386-win32-vc14-release-dynamic:wmme_dev.obj
 0002:0000063c       ??_C@_11LOCGONAA@?$AA?$AA@ 0042963c     pjmedia-audiodev-i386-win32-vc14-release-dynamic:wmme_dev.obj
 0002:00000640       ??_C@_0BH@GEMAAOCL@WMME?5found?5?$CFd?5devices?3?$AA@ 00429640     pjmedia-audiodev-i386-win32-vc14-release-dynamic:wmme_dev.obj
 0002:00000658       ??_C@_0CA@NLJGEGOG@?5dev_id?5?$CFd?3?5?$CFs?5?5?$CIin?$DN?$CFd?0?5out?$DN?$CFd?$CJ?$AA@ 00429658     pjmedia-audiodev-i386-win32-vc14-release-dynamic:wmme_dev.obj
 0002:00000678       ??_C@_03CCLNCNJA@PCM?$AA@  00429678     pjmedia-audiodev-i386-win32-vc14-release-dynamic:wmme_dev.obj
 0002:00000680       ??_C@_0HB@MKIBCFPJ@?5WaveAPI?5Sound?5player?5?$CC?$CFs?$CC?5initi@ 00429680     pjmedia-audiodev-i386-win32-vc14-release-dynamic:wmme_dev.obj
 0002:000006f8       ??_C@_0HD@PIICIPL@?5WaveAPI?5Sound?5recorder?5?$CC?$CFs?$CC?5ini@ 004296f8     pjmedia-audiodev-i386-win32-vc14-release-dynamic:wmme_dev.obj
 0002:0000076c       ??_C@_0CJ@BMOAEONK@Failed?5to?5write?5audio?5frame?5for?5@ 0042976c     pjmedia-audiodev-i386-win32-vc14-release-dynamic:wmme_dev.obj
 0002:00000798       ??_C@_0BP@EAOBDJJO@Failed?5to?5add?5recording?5buffer?$AA@ 00429798     pjmedia-audiodev-i386-win32-vc14-release-dynamic:wmme_dev.obj
 0002:000007b8       ??_C@_0BI@BEJPJEBJ@WMME?3?5thread?5stopping?4?4?$AA@ 004297b8     pjmedia-audiodev-i386-win32-vc14-release-dynamic:wmme_dev.obj
 0002:000007d0       ??_C@_0CB@JKFANBEJ@WMME?5thread?5stopped?5due?5to?5error@ 004297d0     pjmedia-audiodev-i386-win32-vc14-release-dynamic:wmme_dev.obj
 0002:000007f4       ??_C@_08MOOOBPLB@wmme?9dev?$AA@ 004297f4     pjmedia-audiodev-i386-win32-vc14-release-dynamic:wmme_dev.obj
 0002:00000800       ??_C@_04ODOGNMHC@wmme?$AA@ 00429800     pjmedia-audiodev-i386-win32-vc14-release-dynamic:wmme_dev.obj
 0002:00000808       ??_C@_0BN@MNACKNIN@WMME?5playback?5stream?5started?$AA@ 00429808     pjmedia-audiodev-i386-win32-vc14-release-dynamic:wmme_dev.obj
 0002:00000828       ??_C@_0BM@NKDLICNM@WMME?5capture?5stream?5started?$AA@ 00429828     pjmedia-audiodev-i386-win32-vc14-release-dynamic:wmme_dev.obj
 0002:00000844       ??_C@_0BN@FMJNHCPG@Stopped?5WMME?5playback?5stream?$AA@ 00429844     pjmedia-audiodev-i386-win32-vc14-release-dynamic:wmme_dev.obj
 0002:00000864       ??_C@_0BM@KCHDOGNE@Stopped?5WMME?5capture?5stream?$AA@ 00429864     pjmedia-audiodev-i386-win32-vc14-release-dynamic:wmme_dev.obj
 0002:00000880       ??_C@_09OFDCJLJM@WMME?5base?$AA@ 00429880     pjmedia-audiodev-i386-win32-vc14-release-dynamic:wmme_dev.obj
 0002:0000088c       ??_C@_0N@GJCGOFHI@Master?1sound?$AA@ 0042988c     pjmedia-i386-win32-vc14-release-dynamic:conference.obj
 0002:0000089c       ??_C@_0CN@NGHGIGLE@Sound?5device?5successfully?5create@ 0042989c     pjmedia-i386-win32-vc14-release-dynamic:conference.obj
 0002:000008cc       ??_C@_0N@HKLHDDNB@conference?4c?$AA@ 004298cc     pjmedia-i386-win32-vc14-release-dynamic:conference.obj
 0002:000008dc       ??_C@_04DECFOHCF@Conf?$AA@ 004298dc     pjmedia-i386-win32-vc14-release-dynamic:conference.obj
 0002:000008e4       ??_C@_0CJ@CCNOOKCI@Creating?5conference?5bridge?5with?5@ 004298e4     pjmedia-i386-win32-vc14-release-dynamic:conference.obj
 0002:00000910       ??_C@_04PFOEMICB@conf?$AA@ 00429910     pjmedia-i386-win32-vc14-release-dynamic:conference.obj
 0002:00000918       ??_C@_0CO@BCCAEBCC@Port?5?$CFd?5?$CI?$CF?4?$CKs?$CJ?5transmitting?5to?5p@ 00429918     pjmedia-i386-win32-vc14-release-dynamic:conference.obj
 0002:00000948       ??_C@_0DD@HEHPDBFJ@Port?5?$CFd?5?$CI?$CF?4?$CKs?$CJ?5stop?5transmitting@ 00429948     pjmedia-i386-win32-vc14-release-dynamic:conference.obj
 0002:00000980       __real@3fe0000000000000    00429980     pjmedia-i386-win32-vc14-release-dynamic:conference.obj
 0002:00000990       __xmm@41f00000000000000000000000000000 00429990     pjmedia-i386-win32-vc14-release-dynamic:conference.obj
 0002:000009d0       ??_C@_07OEHJJJKF@RTP?1AVP?$AA@ 004299d0     pjmedia-i386-win32-vc14-release-dynamic:endpoint.obj
 0002:000009d8       ??_C@_02BBAPPCCJ@IN?$AA@   004299d8     pjmedia-i386-win32-vc14-release-dynamic:endpoint.obj
 0002:000009dc       ??_C@_03OPDBOKBD@IP4?$AA@  004299dc     pjmedia-i386-win32-vc14-release-dynamic:endpoint.obj
 0002:000009e0       ??_C@_03NNAHIIJB@IP6?$AA@  004299e0     pjmedia-i386-win32-vc14-release-dynamic:endpoint.obj
 0002:000009e4       ??_C@_07HDFHIMAJ@pjmedia?$AA@ 004299e4     pjmedia-i386-win32-vc14-release-dynamic:endpoint.obj
 0002:000009ec       ??_C@_08LMCBNPPN@sendrecv?$AA@ 004299ec     pjmedia-i386-win32-vc14-release-dynamic:endpoint.obj
 0002:000009f8       ??_C@_07LBNDIDNE@med?9ept?$AA@ 004299f8     pjmedia-i386-win32-vc14-release-dynamic:endpoint.obj
 0002:00000a00       ??_C@_0EL@BIFHLACC@Warning?3?5no?5worker?5thread?5is?5cre@ 00429a00     pjmedia-i386-win32-vc14-release-dynamic:endpoint.obj
 0002:00000a4c       ??_C@_0L@DLFDMOGF@endpoint?4c?$AA@ 00429a4c     pjmedia-i386-win32-vc14-release-dynamic:endpoint.obj
 0002:00000a58       ??_C@_05CECBHAPI@media?$AA@ 00429a58     pjmedia-i386-win32-vc14-release-dynamic:endpoint.obj
 0002:00000a5e       ??_C@_00CNPNBAHC@?$AA@     00429a5e     pjmedia-i386-win32-vc14-release-dynamic:endpoint.obj
 0002:00000a60       ??_C@_01CLKCMJKC@?5?$AA@   00429a60     pjmedia-i386-win32-vc14-release-dynamic:endpoint.obj
 0002:00000a64       ??_C@_04DAMGJPCA@file?$AA@ 00429a64     pjmedia-i386-win32-vc14-release-dynamic:wav_player.obj
 0002:00000a6c       ??_C@_0DH@CJCCJAOK@actual?5value?$HMexpected?5riff?$DN?$CFx?$HM?$CFx@ 00429a6c     pjmedia-i386-win32-vc14-release-dynamic:wav_player.obj
 0002:00000aa4       ??_C@_0N@EAJPAIGO@wav_player?4c?$AA@ 00429aa4     pjmedia-i386-win32-vc14-release-dynamic:wav_player.obj
 0002:00000ab8       ??_C@_0EO@KJDBHFL@File?5player?5?8?$CF?4?$CKs?8?5created?3?5samp@ 00429ab8     pjmedia-i386-win32-vc14-release-dynamic:wav_player.obj
 0002:00000b08       ??_C@_0BD@LPPPNKOC@File?5port?5?$CF?4?$CKs?5EOF?$AA@ 00429b08     pjmedia-i386-win32-vc14-release-dynamic:wav_player.obj
 0002:00000b1c       ??_C@_0BL@OHCCHMIC@File?5port?5?$CF?4?$CKs?5rewinding?4?4?$AA@ 00429b1c     pjmedia-i386-win32-vc14-release-dynamic:wav_player.obj
 0002:00000b38       ??_C@_0DH@EDIEAILI@File?5writer?5?8?$CF?4?$CKs?8?5created?3?5samp@ 00429b38     pjmedia-i386-win32-vc14-release-dynamic:wav_writer.obj
 0002:00000b70       ??_C@_0N@MCLOBLAH@wav_writer?4c?$AA@ 00429b70     pjmedia-i386-win32-vc14-release-dynamic:wav_writer.obj
 0002:00000b80       ??_C@_07GBKCPIDJ@ext?9fmt?$AA@ 00429b80     pjmedia-i386-win32-vc14-release-dynamic:audiodev.obj
 0002:00000b88       ??_C@_0BI@GGHCECPI@Extended?1non?9PCM?5format?$AA@ 00429b88     pjmedia-i386-win32-vc14-release-dynamic:audiodev.obj
 0002:00000ba0       ??_C@_0L@IKNMBADD@latency?9in?$AA@ 00429ba0     pjmedia-i386-win32-vc14-release-dynamic:audiodev.obj
 0002:00000bac       ??_C@_0CC@LIGOHOJN@Input?5latency?1buffer?5size?5settin@ 00429bac     pjmedia-i386-win32-vc14-release-dynamic:audiodev.obj
 0002:00000bd0       ??_C@_0M@MBBBBCLJ@latency?9out?$AA@ 00429bd0     pjmedia-i386-win32-vc14-release-dynamic:audiodev.obj
 0002:00000bdc       ??_C@_0CD@GAINMBC@Output?5latency?1buffer?5size?5setti@ 00429bdc     pjmedia-i386-win32-vc14-release-dynamic:audiodev.obj
 0002:00000c00       ??_C@_06KGGLCDDG@vol?9in?$AA@ 00429c00     pjmedia-i386-win32-vc14-release-dynamic:audiodev.obj
 0002:00000c08       ??_C@_0BF@CCEKOJAN@Input?5volume?5setting?$AA@ 00429c08     pjmedia-i386-win32-vc14-release-dynamic:audiodev.obj
 0002:00000c20       ??_C@_07LBFHFBAF@vol?9out?$AA@ 00429c20     pjmedia-i386-win32-vc14-release-dynamic:audiodev.obj
 0002:00000c28       ??_C@_0BG@IBEHJHAD@Output?5volume?5setting?$AA@ 00429c28     pjmedia-i386-win32-vc14-release-dynamic:audiodev.obj
 0002:00000c40       ??_C@_08BPNDLGG@meter?9in?$AA@ 00429c40     pjmedia-i386-win32-vc14-release-dynamic:audiodev.obj
 0002:00000c4c       ??_C@_0M@NCGIGNPG@Input?5meter?$AA@ 00429c4c     pjmedia-i386-win32-vc14-release-dynamic:audiodev.obj
 0002:00000c58       ??_C@_09NKJLJGOJ@meter?9out?$AA@ 00429c58     pjmedia-i386-win32-vc14-release-dynamic:audiodev.obj
 0002:00000c64       ??_C@_0N@GBEOEOEP@Output?5meter?$AA@ 00429c64     pjmedia-i386-win32-vc14-release-dynamic:audiodev.obj
[...]
 0002:0001b6a6       .idata$6                   004446a6     ucrt:api-ms-win-crt-utility-l1-1-0.dll
 0002:0001b6c8       .idata$6                   004446c8     ucrt:api-ms-win-crt-runtime-l1-1-0.dll
 0002:0001b6ea       .idata$6                   004446ea     ucrt:api-ms-win-crt-locale-l1-1-0.dll
 0003:00000000       $SG15777                   00445000     confsample.obj
 0003:00000010       $SG22007                   00445010     confsample.obj
 0003:00000024       $SG22054                   00445024     confsample.obj
 0003:00000028       $SG22055                   00445028     confsample.obj
 0003:0000002c       $SG22056                   0044502c     confsample.obj
 0003:00000034       $SG22057                   00445034     confsample.obj
 0003:0000003c       $SG22058                   0044503c     confsample.obj
 0003:00000044       $SG22059                   00445044     confsample.obj
 0003:0000004c       $SG22060                   0044504c     confsample.obj
 0003:00000054       $SG22061                   00445054     confsample.obj
 0003:0000005c       $SG22062                   0044505c     confsample.obj
 0003:00000060       $SG22063                   00445060     confsample.obj
 0003:00000064       $SG22064                   00445064     confsample.obj
 0003:00000070       $SG22068                   00445070     confsample.obj
 0003:00000094       $SG22072                   00445094     confsample.obj
 0003:000000b8       $SG22076                   004450b8     confsample.obj
 0003:000000d8       $SG22080                   004450d8     confsample.obj
 0003:000000fc       $SG22084                   004450fc     confsample.obj
 0003:00000124       $SG22087                   00445124     confsample.obj
 0003:00000140       $SG22106                   00445140     confsample.obj
 0003:00000170       _desc                      00445170     confsample.obj
 0003:00000174       $SG22218                   00445174     confsample.obj
 0003:00000178       $SG22108                   00445178     confsample.obj
 0003:000006cc       $SG22141                   004456cc     confsample.obj
 0003:000006e4       $SG22216                   004456e4     confsample.obj
 0003:000006f4       $SG22220                   004456f4     confsample.obj
 0003:00000718       $SG22221                   00445718     confsample.obj
 0003:00000728       $SG22222                   00445728     confsample.obj
 0003:00000738       $SG22224                   00445738     confsample.obj
 0003:00000754       $SG22225                   00445754     confsample.obj
 0003:00000764       $SG22227                   00445764     confsample.obj
 0003:00000778       $SG22228                   00445778     confsample.obj
 0003:00000788       $SG22230                   00445788     confsample.obj
 0003:000007a8       $SG22231                   004457a8     confsample.obj
 0003:000007b8       $SG22232                   004457b8     confsample.obj
 0003:000007c8       $SG22235                   004457c8     confsample.obj
 0003:000007d0       $SG22236                   004457d0     confsample.obj
 0003:000007ec       $SG22237                   004457ec     confsample.obj
 0003:00000810       $SG22238                   00445810     confsample.obj
 0003:00000834       $SG22239                   00445834     confsample.obj
 0003:0000086c       $SG22240                   0044586c     confsample.obj
 0003:000008a4       $SG22241                   004458a4     confsample.obj
 0003:000008d4       $SG22242                   004458d4     confsample.obj
 0003:000008e0       $SG22244                   004458e0     confsample.obj
 0003:000008f4       $SG22250                   004458f4     confsample.obj
 0003:0000091c       $SG22252                   0044591c     confsample.obj
 0003:00000938       $SG22255                   00445938     confsample.obj
 0003:0000094c       $SG22257                   0044594c     confsample.obj
 0003:0000096c       $SG22260                   0044596c     confsample.obj
 0003:00000980       $SG22262                   00445980     confsample.obj
 0003:00000998       $SG22263                   00445998     confsample.obj
 0003:000009a8       $SG22266                   004459a8     confsample.obj
 0003:000009c4       $SG22268                   004459c4     confsample.obj
 0003:000009e0       $SG22271                   004459e0     confsample.obj
 0003:000009f4       $SG22273                   004459f4     confsample.obj
 0003:00000a14       $SG22276                   00445a14     confsample.obj
 0003:00000a28       $SG22278                   00445a28     confsample.obj
 0003:00000a40       $SG22279                   00445a40     confsample.obj
 0003:00000a50       $SG22282                   00445a50     confsample.obj
 0003:00000a70       $SG22284                   00445a70     confsample.obj
 0003:00000a84       $SG22287                   00445a84     confsample.obj
 0003:00000a98       $SG22289                   00445a98     confsample.obj
 0003:00000ac4       $SG22292                   00445ac4     confsample.obj
 0003:00000ad4       $SG22294                   00445ad4     confsample.obj
 0003:00000aec       $SG22295                   00445aec     confsample.obj
 0003:00000afc       $SG22298                   00445afc     confsample.obj
 0003:00000b1c       $SG22300                   00445b1c     confsample.obj
 0003:00000b30       $SG22303                   00445b30     confsample.obj
 0003:00000b44       $SG22305                   00445b44     confsample.obj
 0003:00000b70       $SG22308                   00445b70     confsample.obj
 0003:00000b80       $SG22310                   00445b80     confsample.obj
 0003:00000b98       $SG22311                   00445b98     confsample.obj
 0003:00000ba8       $SG22314                   00445ba8     confsample.obj
 0003:00000bbc       $SG22316                   00445bbc     confsample.obj
 0003:00000bdc       $SG22319                   00445bdc     confsample.obj
 0003:00000bf0       $SG22321                   00445bf0     confsample.obj
 0003:00000c18       $SG22323                   00445c18     confsample.obj
 0003:00000c28       $SG22325                   00445c28     confsample.obj
 0003:00000c4c       $SG22327                   00445c4c     confsample.obj
 0003:00000c64       $SG22330                   00445c64     confsample.obj
 0003:00000c84       $SG22360                   00445c84     confsample.obj
 0003:00000c98       $SG22361                   00445c98     confsample.obj
 0003:00000ca0       $SG22365                   00445ca0     confsample.obj
 0003:00000ccc       $SG22401                   00445ccc     confsample.obj
 0003:00000d04       $SG22406                   00445d04     confsample.obj
 0003:00000d28       $SG22366                   00445d28     confsample.obj
 0003:00000e2c       $SG22403                   00445e2c     confsample.obj
 0003:00000e44       $SG22404                   00445e44     confsample.obj
 0003:00000e54       $SG21420                   00445e54     confsample.obj
 0003:00000e68       $SG21421                   00445e68     confsample.obj
 0003:00000e7c       _factory_op                00445e7c     pjmedia-audiodev-i386-win32-vc14-release-dynamic:wmme_dev.obj
 0003:00000e98       _stream_op                 00445e98     pjmedia-audiodev-i386-win32-vc14-release-dynamic:wmme_dev.obj
 0003:00000eb8       _cap_infos                 00445eb8     pjmedia-i386-win32-vc14-release-dynamic:audiodev.obj
 0003:00000f28       _echo_supp_op              00445f28     pjmedia-i386-win32-vc14-release-dynamic:echo_common.obj
 0003:00000f48       _speex_aec_op              00445f48     pjmedia-i386-win32-vc14-release-dynamic:echo_common.obj
 0003:00000f68       _crypto_suites             00445f68     pjmedia-i386-win32-vc14-release-dynamic:transport_srtp.obj
 0003:00001044       _transport_srtp_op         00446044     pjmedia-i386-win32-vc14-release-dynamic:transport_srtp.obj
 0003:00001078       _sdes_op                   00446078     pjmedia-i386-win32-vc14-release-dynamic:transport_srtp.obj
 0003:000010b0       ?liberr@?1??get_libsrtp_errstr@@9@9 004460b0     pjmedia-i386-win32-vc14-release-dynamic:transport_srtp.obj
 0003:0000111c       _thread_tls_id             0044611c     pjlib-i386-win32-vc14-release-dynamic:os_core_win32.obj
 0003:00001120       _pool_sizes                00446120     pjlib-i386-win32-vc14-release-dynamic:pool_caching.obj
 0003:00001160       _thread_suspended_tls_id   00446160     pjlib-i386-win32-vc14-release-dynamic:log.obj
 0003:00001164       _thread_indent_tls_id      00446164     pjlib-i386-win32-vc14-release-dynamic:log.obj
 0003:00001168       _pj_log_max_level          00446168     pjlib-i386-win32-vc14-release-dynamic:log.obj
 0003:0000116c       _log_writer                0044616c     pjlib-i386-win32-vc14-release-dynamic:log.obj
 0003:00001170       _log_decor                 00446170     pjlib-i386-win32-vc14-release-dynamic:log.obj
 0003:00001174       _PJ_LOG_COLOR_0            00446174     pjlib-i386-win32-vc14-release-dynamic:log.obj
 0003:00001178       _PJ_LOG_COLOR_1            00446178     pjlib-i386-win32-vc14-release-dynamic:log.obj
 0003:0000117c       _PJ_LOG_COLOR_2            0044617c     pjlib-i386-win32-vc14-release-dynamic:log.obj
 0003:00001180       _PJ_LOG_COLOR_3            00446180     pjlib-i386-win32-vc14-release-dynamic:log.obj
 0003:00001184       _PJ_LOG_COLOR_4            00446184     pjlib-i386-win32-vc14-release-dynamic:log.obj
 0003:00001188       _PJ_LOG_COLOR_5            00446188     pjlib-i386-win32-vc14-release-dynamic:log.obj
 0003:0000118c       _PJ_LOG_COLOR_6            0044618c     pjlib-i386-win32-vc14-release-dynamic:log.obj
 0003:00001190       _PJ_LOG_COLOR_77           00446190     pjlib-i386-win32-vc14-release-dynamic:log.obj
 0003:00001194       ?ltexts@?2??pj_log@@9@9    00446194     pjlib-i386-win32-vc14-release-dynamic:log.obj
 0003:000011b0       ?wdays@?3??pj_log@@9@9     004461b0     pjlib-i386-win32-vc14-release-dynamic:log.obj
 0003:000011dc       _mutex_lock_template       004461dc     pjlib-i386-win32-vc14-release-dynamic:lock.obj
 0003:000011f0       _null_lock_template        004461f0     pjlib-i386-win32-vc14-release-dynamic:lock.obj
 0003:00001204       _sem_lock_template         00446204     pjlib-i386-win32-vc14-release-dynamic:lock.obj
 0003:00001218       _thread_local_id           00446218     pjlib-i386-win32-vc14-release-dynamic:except.obj
 0003:0000121c       ?hex@?1??hex2digit@@9@9    0044621c     pjlib-i386-win32-vc14-release-dynamic:guid_win32.obj
 0003:00001230       _id                        00446230     pjlib-i386-win32-vc14-release-dynamic:config.obj
 0003:00001234       _tls                       00446234     pjlib-i386-win32-vc14-release-dynamic:pool_buf.obj
 0003:00001238       ?ntryh@?1??drfti1@@9@9     00446238     libspeex-i386-win32-vc14-release-dynamic:smallft.obj
 0003:00001248       ?tpi@?1??drfti1@@9@9       00446248     libspeex-i386-win32-vc14-release-dynamic:smallft.obj
 0003:0000124c       ?hsqt2@?1??dradf4@@9@9     0044624c     libspeex-i386-win32-vc14-release-dynamic:smallft.obj
 0003:00001250       ?tpi@?1??dradfg@@9@9       00446250     libspeex-i386-win32-vc14-release-dynamic:smallft.obj
 0003:00001254       ?taur@?1??dradb3@@9@9      00446254     libspeex-i386-win32-vc14-release-dynamic:smallft.obj
 0003:00001258       ?taui@?1??dradb3@@9@9      00446258     libspeex-i386-win32-vc14-release-dynamic:smallft.obj
 0003:0000125c       ?sqrt2@?1??dradb4@@9@9     0044625c     libspeex-i386-win32-vc14-release-dynamic:smallft.obj
 0003:00001260       ?tpi@?1??dradbg@@9@9       00446260     libspeex-i386-win32-vc14-release-dynamic:smallft.obj
 0003:0000126c       _srtp_event_handler        0044626c     libsrtp-i386-win32-vc14-release-dynamic:srtp.obj
 0003:00001700       $SG22126                   00446700     confsample.obj
 0003:00001701       $SG22233                   00446701     confsample.obj
 0003:00001702       $SG22234                   00446702     confsample.obj
 0003:00001703       $SG22243                   00446703     confsample.obj
 0003:00001704       $SG22247                   00446704     confsample.obj
 0003:00001705       $SG22249                   00446705     confsample.obj
 0003:00001706       $SG22265                   00446706     confsample.obj
 0003:00001707       $SG22281                   00446707     confsample.obj
 0003:00001708       $SG22297                   00446708     confsample.obj
 0003:00001709       $SG22313                   00446709     confsample.obj
 0003:0000170a       $SG22367                   0044670a     confsample.obj
 0003:0000170b       $SG22400                   0044670b     confsample.obj
 0003:0000170c       $SG22407                   0044670c     confsample.obj
 0003:00001710       ?name@?1??get_fmt_name@@9@9 00446710     pjmedia-audiodev-i386-win32-vc14-release-dynamic:wmme_dev.obj
 0003:00001718       ?rec_cnt@?1??wmme_dev_thread@@9@9 00446718     pjmedia-audiodev-i386-win32-vc14-release-dynamic:wmme_dev.obj
 0003:0000171c       ?play_cnt@?1??wmme_dev_thread@@9@9 0044671c     pjmedia-audiodev-i386-win32-vc14-release-dynamic:wmme_dev.obj
 0003:00001720       _aud_subsys                00446720     pjmedia-i386-win32-vc14-release-dynamic:audiodev.obj
 0003:00001bf0       _event_manager_instance    00446bf0     pjmedia-i386-win32-vc14-release-dynamic:event.obj
 0003:00001bf8       ?ev_queue@?9??pjmedia_event_publish@@9@9 00446bf8     pjmedia-i386-win32-vc14-release-dynamic:event.obj
 0003:00002088       _is_initialized            00447088     pjmedia-i386-win32-vc14-release-dynamic:sdp.obj
 0003:00002090       _cis_buf                   00447090     pjmedia-i386-win32-vc14-release-dynamic:sdp.obj
 0003:00002494       _cs_digit                  00447494     pjmedia-i386-win32-vc14-release-dynamic:sdp.obj
 0003:0000249c       _cs_token                  0044749c     pjmedia-i386-win32-vc14-release-dynamic:sdp.obj
 0003:000024a4       ?msg@?3??get_libsrtp_errstr@@9@9 004474a4     pjmedia-i386-win32-vc14-release-dynamic:transport_srtp.obj
 0003:000024c4       _libsrtp_initialized       004474c4     pjmedia-i386-win32-vc14-release-dynamic:transport_srtp.obj
 0003:000024cc       ___getopt_initialized      004474cc     pjlib-util-i386-win32-vc14-release-dynamic:getopt.obj
 0003:000024d0       _nextchar                  004474d0     pjlib-util-i386-win32-vc14-release-dynamic:getopt.obj
 0003:000024d4       _ordering                  004474d4     pjlib-util-i386-win32-vc14-release-dynamic:getopt.obj
 0003:000024d8       _posixly_correct           004474d8     pjlib-util-i386-win32-vc14-release-dynamic:getopt.obj
 0003:000024dc       _first_nonopt              004474dc     pjlib-util-i386-win32-vc14-release-dynamic:getopt.obj
 0003:000024e0       _last_nonopt               004474e0     pjlib-util-i386-win32-vc14-release-dynamic:getopt.obj
 0003:000024e8       _initialized               004474e8     pjlib-i386-win32-vc14-release-dynamic:os_core_win32.obj
 0003:000024ec       _atexit_count              004474ec     pjlib-i386-win32-vc14-release-dynamic:os_core_win32.obj
 0003:000024f0       _main_thread               004474f0     pjlib-i386-win32-vc14-release-dynamic:os_core_win32.obj
 0003:000025f0       _critical_section_mutex    004475f0     pjlib-i386-win32-vc14-release-dynamic:os_core_win32.obj
 0003:00002628       _atexit_func               00447628     pjlib-i386-win32-vc14-release-dynamic:os_core_win32.obj
 0003:000026a8       _err_msg_hnd_cnt           004476a8     pjlib-i386-win32-vc14-release-dynamic:errno.obj
 0003:000026b0       _err_msg_hnd               004476b0     pjlib-i386-win32-vc14-release-dynamic:errno.obj
 0003:00002728       _g_last_thread             00447728     pjlib-i386-win32-vc14-release-dynamic:log.obj
 0003:00002730       _base_time                 00447730     pjlib-i386-win32-vc14-release-dynamic:os_time_win32.obj
 0003:00002738       ?buf@?1??pj_gethostname@@9@9 00447738     pjlib-i386-win32-vc14-release-dynamic:sock_bsd.obj
 0003:000027b8       ?hostname@?1??pj_gethostname@@9@9 004477b8     pjlib-i386-win32-vc14-release-dynamic:sock_bsd.obj
 0003:000027c0       _exception_id_names        004477c0     pjlib-i386-win32-vc14-release-dynamic:except.obj
 0003:00002800       ?unknown_name@?1??pj_exception_id_name@@9@9 00447800     pjlib-i386-win32-vc14-release-dynamic:except.obj
 0003:00002820       _stack_based_factory       00447820     pjlib-i386-win32-vc14-release-dynamic:pool_buf.obj
 0003:00002844       _is_initialized            00447844     pjlib-i386-win32-vc14-release-dynamic:pool_buf.obj
 0003:00002848       _s_hDLL                    00447848     pjlib-i386-win32-vc14-release-dynamic:ip_helper_win32.obj
 0003:0000284c       _s_pfnGetIpAddrTable       0044784c     pjlib-i386-win32-vc14-release-dynamic:ip_helper_win32.obj
 0003:00002850       _s_pfnGetAdapterAddresses  00447850     pjlib-i386-win32-vc14-release-dynamic:ip_helper_win32.obj
 0003:00002854       _s_pfnGetIpForwardTable    00447854     pjlib-i386-win32-vc14-release-dynamic:ip_helper_win32.obj
 0003:00002858       _s_pfnGetIfEntry           00447858     pjlib-i386-win32-vc14-release-dynamic:ip_helper_win32.obj
 0003:0000285c       _srtp_log_handler          0044785c     libsrtp-i386-win32-vc14-release-dynamic:srtp.obj
 0003:00002860       _srtp_log_handler_data     00447860     libsrtp-i386-win32-vc14-release-dynamic:srtp.obj
 0003:00002878       _srtp_aes_icm_128_test_case_0_nonce 00447878     libsrtp-i386-win32-vc14-release-dynamic:aes_icm.obj
 0003:00002888       _srtp_aes_icm_256_test_case_0_nonce 00447888     libsrtp-i386-win32-vc14-release-dynamic:aes_icm.obj
 0003:000028a0       _GS_ExceptionRecord        004478a0     MSVCRT:gs_report.obj
 0003:000028f0       _GS_ContextRecord          004478f0     MSVCRT:gs_report.obj
 0003:00002bc4       ?module_local_atexit_table@@3U_onexit_table_t@@A 00447bc4     MSVCRT:utility.obj
 0003:00002bd0       ?module_local_at_quick_exit_table@@3U_onexit_table_t@@A 00447bd0     MSVCRT:utility.obj
 0003:00002bdc       ?is_initialized_as_dll@@3_NA 00447bdc     MSVCRT:utility.obj
 0004:00000000       __guard_fids__             00449000     MSVCRT:exe_main.obj
 0004:00000004       __guard_fids__             00449004     MSVCRT:exe_main.obj
 0004:00000008       __guard_fids__             00449008     MSVCRT:exe_main.obj
 0004:0000000c       __guard_fids_?pre_c_initialization@@YAHXZ 0044900c     MSVCRT:exe_main.obj
 0004:00000014       __guard_fids____scrt_set_unhandled_exception_filter 00449014     MSVCRT:utility_desktop.obj
 0004:00000018       __guard_fids___except_handler4 00449018     MSVCRT:_chandler4gs_.obj
 0004:0000001c       __guard_fids__             0044901c     MSVCRT:guard_support.obj
 0005:00000000       _static_const_table        0044a000     MSVCRT:_svml_dcos2_sse2_.obj
 0005:00000200       _static_const_table        0044a200     MSVCRT:_svml_dsin2_sse2_.obj
 0005:00000400       __e02PI                    0044a400     MSVCRT:_svml_dtrig_.obj
 0005:000005a0       __e04PI                    0044a5a0     MSVCRT:_svml_dtrig_.obj
 0005:00000730       _2il0floatpacket_2         0044a730     MSVCRT:_svml_dtrig_.obj
 0005:00000740       _2il0floatpacket_9         0044a740     MSVCRT:_svml_dtrig_.obj
 0005:00000750       _2il0floatpacket_12        0044a750     MSVCRT:_svml_dtrig_.obj
 0005:00000760       __dPI02                    0044a760     MSVCRT:_svml_dtrig_.obj
 0005:00000770       __d02PI                    0044a770     MSVCRT:_svml_dtrig_.obj
 0005:00000780       __DP4                      0044a780     MSVCRT:_svml_dtrig_.obj
 0005:000007a0       __dPI04                    0044a7a0     MSVCRT:_svml_dtrig_.obj
 0005:000007b0       __d04PI                    0044a7b0     MSVCRT:_svml_dtrig_.obj
 0005:000007c0       __QP4                      0044a7c0     MSVCRT:_svml_dtrig_.obj
