 pcaputil

 Timestamp is 5e5eb1b3 (Tue Mar  3 15:36:19 2020)

 Preferred load address is 00400000

 Start         Length     Name                   Class
 0001:00000000 0003d8faH .text$mn                CODE
 0002:00000000 00000270H .idata$5                DATA
 0002:00000270 00000004H .00cfg                  DATA
 0002:00000274 00000004H .CRT$XCA                DATA
 0002:00000278 00000004H .CRT$XCAA               DATA
 0002:0000027c 00000004H .CRT$XCZ                DATA
 0002:00000280 00000004H .CRT$XIA                DATA
 0002:00000284 00000004H .CRT$XIAA               DATA
 0002:00000288 00000004H .CRT$XIAC               DATA
 0002:0000028c 00000004H .CRT$XIZ                DATA
 0002:00000290 00000004H .CRT$XPA                DATA
 0002:00000294 00000004H .CRT$XPZ                DATA
 0002:00000298 00000004H .CRT$XTA                DATA
 0002:0000029c 00000004H .CRT$XTZ                DATA
 0002:000002a0 000151e0H .rdata                  DATA
 0002:00015480 00000004H .rdata$sxdata           DATA
 0002:00015484 00000250H .rdata$zzzdbg           DATA
 0002:000156d4 00000004H .rtc$IAA                DATA
 0002:000156d8 00000004H .rtc$IZZ                DATA
 0002:000156dc 00000004H .rtc$TAA                DATA
 0002:000156e0 00000008H .rtc$TZZ                DATA
 0002:000156e8 0000003cH .xdata$x                DATA
 0002:00015724 00000000H .edata                  DATA
 0002:00015724 00000104H .idata$2                DATA
 0002:00015828 00000014H .idata$3                DATA
 0002:0001583c 00000270H .idata$4                DATA
 0002:00015aac 00000a34H .idata$6                DATA
 0003:00000000 00003600H .data                   DATA
 0003:00003600 00001cd0H .bss                    DATA
 0004:00000000 00000020H .gfids$y                DATA
 0005:00000000 000005e0H _RDATA                  DATA

  Address         Publics by Value              Rva+Base       Lib:Object

 0000:00000000       ___guard_fids_table        00000000     <absolute>
 0000:00000000       ___guard_longjmp_table     00000000     <absolute>
 0000:00000000       ___guard_iat_table         00000000     <absolute>
 0000:00000000       ___guard_fids_count        00000000     <absolute>
 0000:00000000       ___guard_iat_count         00000000     <absolute>
 0000:00000000       ___dynamic_value_reloc_table 00000000     <absolute>
 0000:00000000       ___guard_longjmp_count     00000000     <absolute>
 0000:00000001       ___safe_se_handler_count   00000001     <absolute>
 0000:00000100       ___guard_flags             00000100     <absolute>
 0000:00000000       ___ImageBase               00400000     <linker-defined>
 0001:00000c10       _main                      00401c10 f   pcaputil.obj
 0001:00001170       ___local_stdio_printf_options 00402170 f i pcaputil.obj
 0001:00001180       _printf                    00402180 f i pcaputil.obj
 0001:000011b0       _pjmedia_codec_register_audio_codecs 004021b0 f   pjmedia-codec-i386-win32-vc14-release-dynamic:audio_codecs.obj
 0001:000019c0       _pjmedia_codec_g722_deinit 004029c0 f   pjmedia-codec-i386-win32-vc14-release-dynamic:g722.obj
 0001:00001a40       _pjmedia_codec_g722_init   00402a40 f   pjmedia-codec-i386-win32-vc14-release-dynamic:g722.obj
 0001:00002160       _pjmedia_codec_gsm_deinit  00403160 f   pjmedia-codec-i386-win32-vc14-release-dynamic:gsm.obj
 0001:000021e0       _pjmedia_codec_gsm_init    004031e0 f   pjmedia-codec-i386-win32-vc14-release-dynamic:gsm.obj
 0001:00002970       _pjmedia_codec_ilbc_deinit 00403970 f   pjmedia-codec-i386-win32-vc14-release-dynamic:ilbc.obj
 0001:00002b00       __snprintf                 00403b00 f i pjmedia-codec-i386-win32-vc14-release-dynamic:ilbc.obj
 0001:00002b40       _pjmedia_codec_ilbc_init   00403b40 f   pjmedia-codec-i386-win32-vc14-release-dynamic:ilbc.obj
 0001:00003160       _pjmedia_codec_l16_deinit  00404160 f   pjmedia-codec-i386-win32-vc14-release-dynamic:l16.obj
 0001:00003200       _pjmedia_codec_l16_init    00404200 f   pjmedia-codec-i386-win32-vc14-release-dynamic:l16.obj
 0001:00003340       _pjmedia_codec_speex_deinit 00404340 f   pjmedia-codec-i386-win32-vc14-release-dynamic:speex_codec.obj
 0001:00003db0       _pjmedia_codec_speex_init  00404db0 f   pjmedia-codec-i386-win32-vc14-release-dynamic:speex_codec.obj
 0001:000045f0       _g722_enc_encode           004055f0 f   pjmedia-codec-i386-win32-vc14-release-dynamic:g722_enc.obj
 0001:000051d0       _g722_dec_decode           004061d0 f   pjmedia-codec-i386-win32-vc14-release-dynamic:g722_dec.obj
 0001:00005360       _g722_dec_init             00406360 f   pjmedia-codec-i386-win32-vc14-release-dynamic:g722_dec.obj
 0001:00005360       _g722_enc_init             00406360 f   pjmedia-codec-i386-win32-vc14-release-dynamic:g722_enc.obj
 0001:00005540       _pjmedia_aud_subsys_init   00406540 f   pjmedia-audiodev-i386-win32-vc14-release-dynamic:audiodev.obj
 0001:000055e0       _pjmedia_aud_subsys_shutdown 004065e0 f   pjmedia-audiodev-i386-win32-vc14-release-dynamic:audiodev.obj
 0001:00005620       _pjmedia_audiodev_strerror 00406620 f   pjmedia-audiodev-i386-win32-vc14-release-dynamic:errno.obj
 0001:00006a40       _pjmedia_wmme_factory      00407a40 f   pjmedia-audiodev-i386-win32-vc14-release-dynamic:wmme_dev.obj
 0001:00007130       _pjmedia_aud_dev_default_param 00408130 f   pjmedia-i386-win32-vc14-release-dynamic:audiodev.obj
 0001:000071b0       _pjmedia_aud_driver_deinit 004081b0 f   pjmedia-i386-win32-vc14-release-dynamic:audiodev.obj
 0001:00007210       _pjmedia_aud_driver_init   00408210 f   pjmedia-i386-win32-vc14-release-dynamic:audiodev.obj
 0001:00007490       _pjmedia_aud_stream_create 00408490 f   pjmedia-i386-win32-vc14-release-dynamic:audiodev.obj
 0001:00007640       _pjmedia_aud_stream_destroy 00408640 f   pjmedia-i386-win32-vc14-release-dynamic:audiodev.obj
 0001:00007660       _pjmedia_aud_stream_get_param 00408660 f   pjmedia-i386-win32-vc14-release-dynamic:audiodev.obj
 0001:000076c0       _pjmedia_aud_stream_start  004086c0 f   pjmedia-i386-win32-vc14-release-dynamic:audiodev.obj
 0001:000076e0       _pjmedia_aud_stream_stop   004086e0 f   pjmedia-i386-win32-vc14-release-dynamic:audiodev.obj
 0001:00007700       _pjmedia_get_aud_subsys    00408700 f   pjmedia-i386-win32-vc14-release-dynamic:audiodev.obj
 0001:00007710       _pjmedia_rtp_decode_rtp    00408710 f   pjmedia-i386-win32-vc14-release-dynamic:rtp.obj
 0001:00007740       _pjmedia_rtp_decode_rtp2   00408740 f   pjmedia-i386-win32-vc14-release-dynamic:rtp.obj
 0001:00007800       _pjmedia_rtp_seq_update    00408800 f   pjmedia-i386-win32-vc14-release-dynamic:rtp.obj
 0001:00007900       _pjmedia_rtp_session_init  00408900 f   pjmedia-i386-win32-vc14-release-dynamic:rtp.obj
 0001:000079b0       _pjmedia_rtp_session_update2 004089b0 f   pjmedia-i386-win32-vc14-release-dynamic:rtp.obj
 0001:00007ac0       _pjmedia_port_destroy      00408ac0 f   pjmedia-i386-win32-vc14-release-dynamic:port.obj
 0001:00007af0       _pjmedia_port_info_init    00408af0 f   pjmedia-i386-win32-vc14-release-dynamic:port.obj
 0001:00007ba0       _pjmedia_port_put_frame    00408ba0 f   pjmedia-i386-win32-vc14-release-dynamic:port.obj
 0001:00007bd0       _pjmedia_codec_mgr_alloc_codec 00408bd0 f   pjmedia-i386-win32-vc14-release-dynamic:codec.obj
 0001:00007c70       _pjmedia_codec_mgr_dealloc_codec 00408c70 f   pjmedia-i386-win32-vc14-release-dynamic:codec.obj
 0001:00007ca0       _pjmedia_codec_mgr_destroy 00408ca0 f   pjmedia-i386-win32-vc14-release-dynamic:codec.obj
 0001:00007d30       _pjmedia_codec_mgr_find_codecs_by_id 00408d30 f   pjmedia-i386-win32-vc14-release-dynamic:codec.obj
 0001:00007e10       _pjmedia_codec_mgr_get_codec_info 00408e10 f   pjmedia-i386-win32-vc14-release-dynamic:codec.obj
 0001:00007e90       _pjmedia_codec_mgr_get_default_param 00408e90 f   pjmedia-i386-win32-vc14-release-dynamic:codec.obj
 0001:00008000       _pjmedia_codec_mgr_init    00409000 f   pjmedia-i386-win32-vc14-release-dynamic:codec.obj
 0001:00008070       _pjmedia_codec_mgr_register_factory 00409070 f   pjmedia-i386-win32-vc14-release-dynamic:codec.obj
 0001:00008230       _pjmedia_codec_mgr_unregister_factory 00409230 f   pjmedia-i386-win32-vc14-release-dynamic:codec.obj
 0001:000083e0       _pjmedia_endpt_atexit      004093e0 f   pjmedia-i386-win32-vc14-release-dynamic:endpoint.obj
 0001:00008440       _pjmedia_endpt_create2     00409440 f   pjmedia-i386-win32-vc14-release-dynamic:endpoint.obj
 0001:00008610       _pjmedia_endpt_create_pool 00409610 f   pjmedia-i386-win32-vc14-release-dynamic:endpoint.obj
 0001:00008630       _pjmedia_endpt_destroy2    00409630 f   pjmedia-i386-win32-vc14-release-dynamic:endpoint.obj
 0001:000086c0       _pjmedia_endpt_stop_threads 004096c0 f   pjmedia-i386-win32-vc14-release-dynamic:endpoint.obj
 0001:00008720       _sprintf                   00409720 f i pjmedia-i386-win32-vc14-release-dynamic:endpoint.obj
 0001:00008a20       _srtp_ekt_stream_init_from_policy 00409a20 f   libsrtp-i386-win32-vc14-release-dynamic:ekt.obj
 0001:00008a20       __get_startup_thread_locale_mode 00409a20 f   MSVCRT:thread_locale.obj
 0001:00008a20       ___scrt_initialize_winrt   00409a20 f   MSVCRT:utility_desktop.obj
 0001:00008a20       _srtp_err_reporting_init   00409a20 f   libsrtp-i386-win32-vc14-release-dynamic:srtp_err.obj
 0001:00008a20       __matherr                  00409a20 f   MSVCRT:matherr.obj
 0001:00008a20       __get_startup_new_mode     00409a20 f   MSVCRT:new_mode.obj
 0001:00008a20       __get_startup_commit_mode  00409a20 f   MSVCRT:commit_mode.obj
 0001:00008a90       _pjmedia_transport_loop_create 00409a90 f   pjmedia-i386-win32-vc14-release-dynamic:transport_loop.obj
 0001:00008ad0       _pjmedia_transport_loop_create2 00409ad0 f   pjmedia-i386-win32-vc14-release-dynamic:transport_loop.obj
 0001:0000a860       _get_libsrtp_errstr        0040b860 f   pjmedia-i386-win32-vc14-release-dynamic:transport_srtp.obj
 0001:0000ab70       _pjmedia_srtp_enum_crypto  0040bb70 f   pjmedia-i386-win32-vc14-release-dynamic:transport_srtp.obj
 0001:0000abe0       _pjmedia_srtp_init_lib     0040bbe0 f   pjmedia-i386-win32-vc14-release-dynamic:transport_srtp.obj
 0001:0000ac80       _pjmedia_transport_srtp_create 0040bc80 f   pjmedia-i386-win32-vc14-release-dynamic:transport_srtp.obj
 0001:0000af60       _pjmedia_transport_srtp_decrypt_pkt 0040bf60 f   pjmedia-i386-win32-vc14-release-dynamic:transport_srtp.obj
 0001:0000b040       _pjmedia_transport_srtp_start 0040c040 f   pjmedia-i386-win32-vc14-release-dynamic:transport_srtp.obj
 0001:0000b6e0       _pjmedia_transport_srtp_stop 0040c6e0 f   pjmedia-i386-win32-vc14-release-dynamic:transport_srtp.obj
 0001:0000c160       _pjmedia_wav_writer_port_create 0040d160 f   pjmedia-i386-win32-vc14-release-dynamic:wav_writer.obj
 0001:0000c460       _pjmedia_wav_writer_port_get_pos 0040d460 f   pjmedia-i386-win32-vc14-release-dynamic:wav_writer.obj
 0001:0000cad0       _pjmedia_codec_g711_deinit 0040dad0 f   pjmedia-i386-win32-vc14-release-dynamic:g711.obj
 0001:0000cb70       _pjmedia_codec_g711_init   0040db70 f   pjmedia-i386-win32-vc14-release-dynamic:g711.obj
 0001:0000ccf0       _pjmedia_plc_create        0040dcf0 f   pjmedia-i386-win32-vc14-release-dynamic:plc_common.obj
 0001:0000cd50       _pjmedia_plc_generate      0040dd50 f   pjmedia-i386-win32-vc14-release-dynamic:plc_common.obj
 0001:0000cd80       _pjmedia_plc_save          0040dd80 f   pjmedia-i386-win32-vc14-release-dynamic:plc_common.obj
 0001:0000cdb0       _pjmedia_silence_det_apply 0040ddb0 f   pjmedia-i386-win32-vc14-release-dynamic:silencedet.obj
 0001:0000cf80       _pjmedia_silence_det_create 0040df80 f   pjmedia-i386-win32-vc14-release-dynamic:silencedet.obj
 0001:0000d000       _pjmedia_silence_det_detect 0040e000 f   pjmedia-i386-win32-vc14-release-dynamic:silencedet.obj
 0001:0000d200       _pjmedia_event_init        0040e200 f   pjmedia-i386-win32-vc14-release-dynamic:event.obj
 0001:0000d240       _pjmedia_event_publish     0040e240 f   pjmedia-i386-win32-vc14-release-dynamic:event.obj
 0001:0000d370       _pjmedia_event_subscribe   0040e370 f   pjmedia-i386-win32-vc14-release-dynamic:event.obj
 0001:0000d450       _pjmedia_event_unsubscribe 0040e450 f   pjmedia-i386-win32-vc14-release-dynamic:event.obj
 0001:0000d530       _pjmedia_sdp_attr_create   0040e530 f   pjmedia-i386-win32-vc14-release-dynamic:sdp.obj
 0001:0000d590       _pjmedia_sdp_attr_find     0040e590 f   pjmedia-i386-win32-vc14-release-dynamic:sdp.obj
 0001:0000d620       _pjmedia_sdp_media_deactivate 0040e620 f   pjmedia-i386-win32-vc14-release-dynamic:sdp.obj
 0001:0000d650       _pjmedia_sdp_media_find_attr 0040e650 f   pjmedia-i386-win32-vc14-release-dynamic:sdp.obj
 0001:0000d680       _pjmedia_sdp_transport_get_proto 0040e680 f   pjmedia-i386-win32-vc14-release-dynamic:sdp.obj
 0001:0000d7d0       _pjmedia_strerror          0040e7d0 f   pjmedia-i386-win32-vc14-release-dynamic:errno.obj
 0001:0000d8f0       __initialize_invalid_parameter_handler 0040e8f0 f   MSVCRT:invalid_parameter_handler.obj
 0001:0000d8f0       __initialize_denormal_control 0040e8f0 f   MSVCRT:denormal_control.obj
 0001:0000d8f0       _pjmedia_wave_hdr_host_to_file 0040e8f0 f   pjmedia-i386-win32-vc14-release-dynamic:wave.obj
 0001:0000d8f0       _vbr_destroy               0040e8f0 f   libspeex-i386-win32-vc14-release-dynamic:vbr.obj
 0001:0000d8f0       @_guard_check_icall_nop@4  0040e8f0 f   MSVCRT:guard_support.obj
 0001:0000e3c0       _pjmedia_wsola_create      0040f3c0 f   pjmedia-i386-win32-vc14-release-dynamic:wsola.obj
 0001:0000e580       _pjmedia_wsola_generate    0040f580 f   pjmedia-i386-win32-vc14-release-dynamic:wsola.obj
 0001:0000e640       _pjmedia_wsola_save        0040f640 f   pjmedia-i386-win32-vc14-release-dynamic:wsola.obj
 0001:0000ea10       _pjlib_util_init           0040fa10 f   pjlib-util-i386-win32-vc14-release-dynamic:errno.obj
 0001:0000ea30       _pjlib_util_strerror       0040fa30 f   pjlib-util-i386-win32-vc14-release-dynamic:errno.obj
 0001:0000f3d0       _pj_getopt_long            004103d0 f   pjlib-util-i386-win32-vc14-release-dynamic:getopt.obj
 0001:0000f3f0       _pj_base64_decode          004103f0 f   pjlib-util-i386-win32-vc14-release-dynamic:base64.obj
 0001:0000f5e0       _pj_base64_encode          004105e0 f   pjlib-util-i386-win32-vc14-release-dynamic:base64.obj
 0001:0000f780       _pj_pcap_close             00410780 f   pjlib-util-i386-win32-vc14-release-dynamic:pcap.obj
 0001:0000f7a0       _pj_pcap_filter_default    004107a0 f   pjlib-util-i386-win32-vc14-release-dynamic:pcap.obj
 0001:0000f7c0       _pj_pcap_open              004107c0 f   pjlib-util-i386-win32-vc14-release-dynamic:pcap.obj
 0001:0000f8b0       _pj_pcap_read_udp          004108b0 f   pjlib-util-i386-win32-vc14-release-dynamic:pcap.obj
 0001:0000fb80       _pj_pcap_set_filter        00410b80 f   pjlib-util-i386-win32-vc14-release-dynamic:pcap.obj
 0001:0000fca0       _pj_atexit                 00410ca0 f   pjlib-i386-win32-vc14-release-dynamic:os_core_win32.obj
 0001:0000fcd0       _pj_atomic_dec_and_get     00410cd0 f   pjlib-i386-win32-vc14-release-dynamic:os_core_win32.obj
 0001:0000fd20       _pj_atomic_destroy         00410d20 f   pjlib-i386-win32-vc14-release-dynamic:os_core_win32.obj
 0001:0000fd40       _pj_atomic_inc             00410d40 f   pjlib-i386-win32-vc14-release-dynamic:os_core_win32.obj
 0001:0000fd90       _pj_enter_critical_section 00410d90 f   pjlib-i386-win32-vc14-release-dynamic:os_core_win32.obj
 0001:0000fda0       _pj_init                   00410da0 f   pjlib-i386-win32-vc14-release-dynamic:os_core_win32.obj
 0001:0000fee0       _pj_leave_critical_section 00410ee0 f   pjlib-i386-win32-vc14-release-dynamic:os_core_win32.obj
 0001:0000ff30       _pj_mutex_create           00410f30 f   pjlib-i386-win32-vc14-release-dynamic:os_core_win32.obj
 0001:0000ff80       _pj_mutex_create_simple    00410f80 f   pjlib-i386-win32-vc14-release-dynamic:os_core_win32.obj
 0001:0000ff80       _pj_mutex_create_recursive 00410f80 f   pjlib-i386-win32-vc14-release-dynamic:os_core_win32.obj
 0001:0000ffe0       _pj_mutex_destroy          00410fe0 f   pjlib-i386-win32-vc14-release-dynamic:os_core_win32.obj
 0001:00010040       _pj_mutex_lock             00411040 f   pjlib-i386-win32-vc14-release-dynamic:os_core_win32.obj
 0001:000100b0       _pj_mutex_trylock          004110b0 f   pjlib-i386-win32-vc14-release-dynamic:os_core_win32.obj
 0001:00010130       _pj_mutex_unlock           00411130 f   pjlib-i386-win32-vc14-release-dynamic:os_core_win32.obj
 0001:00010190       _pj_sem_destroy            00411190 f   pjlib-i386-win32-vc14-release-dynamic:os_core_win32.obj
 0001:00010220       _pj_sem_post               00411220 f   pjlib-i386-win32-vc14-release-dynamic:os_core_win32.obj
 0001:000102b0       _pj_sem_trywait            004112b0 f   pjlib-i386-win32-vc14-release-dynamic:os_core_win32.obj
 0001:00010310       _pj_sem_wait               00411310 f   pjlib-i386-win32-vc14-release-dynamic:os_core_win32.obj
 0001:00010420       _pj_shutdown               00411420 f   pjlib-i386-win32-vc14-release-dynamic:os_core_win32.obj
 0001:00010560       _pj_term_set_color         00411560 f   pjlib-i386-win32-vc14-release-dynamic:os_core_win32.obj
 0001:00010630       _pj_thread_check_stack     00411630 f   pjlib-i386-win32-vc14-release-dynamic:os_core_win32.obj
 0001:00010670       _pj_thread_create          00411670 f   pjlib-i386-win32-vc14-release-dynamic:os_core_win32.obj
 0001:000107b0       _pj_thread_destroy         004117b0 f   pjlib-i386-win32-vc14-release-dynamic:os_core_win32.obj
 0001:00010840       _pj_thread_get_name        00411840 f   pjlib-i386-win32-vc14-release-dynamic:os_core_win32.obj
 0001:00010890       _pj_thread_init            00411890 f   pjlib-i386-win32-vc14-release-dynamic:os_core_win32.obj
 0001:000108f0       _pj_thread_join            004118f0 f   pjlib-i386-win32-vc14-release-dynamic:os_core_win32.obj
 0001:000109b0       _pj_thread_local_alloc     004119b0 f   pjlib-i386-win32-vc14-release-dynamic:os_core_win32.obj
 0001:00010a00       _pj_thread_local_free      00411a00 f   pjlib-i386-win32-vc14-release-dynamic:os_core_win32.obj
 0001:00010a50       _pj_thread_local_get       00411a50 f   pjlib-i386-win32-vc14-release-dynamic:os_core_win32.obj
 0001:00010a60       _pj_thread_local_set       00411a60 f   pjlib-i386-win32-vc14-release-dynamic:os_core_win32.obj
 0001:00010aa0       _pj_thread_register        00411aa0 f   pjlib-i386-win32-vc14-release-dynamic:os_core_win32.obj
 0001:00010b60       _pj_thread_sleep           00411b60 f   pjlib-i386-win32-vc14-release-dynamic:os_core_win32.obj
 0001:00010bb0       _pj_thread_this            00411bb0 f   pjlib-i386-win32-vc14-release-dynamic:os_core_win32.obj
 0001:00010c40       _pj_htonl                  00411c40 f   pjlib-i386-win32-vc14-release-dynamic:sock_bsd.obj
 0001:00010c50       _pj_htons                  00411c50 f   pjlib-i386-win32-vc14-release-dynamic:sock_bsd.obj
 0001:00010c60       _pj_inet_aton              00411c60 f   pjlib-i386-win32-vc14-release-dynamic:sock_bsd.obj
 0001:00010cf0       _pj_inet_pton              00411cf0 f   pjlib-i386-win32-vc14-release-dynamic:sock_bsd.obj
 0001:00010e50       _pj_ntohl                  00411e50 f   pjlib-i386-win32-vc14-release-dynamic:sock_bsd.obj
 0001:00010e60       _pj_ntohs                  00411e60 f   pjlib-i386-win32-vc14-release-dynamic:sock_bsd.obj
 0001:00010e70       _pj_sock_accept            00411e70 f   pjlib-i386-win32-vc14-release-dynamic:sock_bsd.obj
 0001:00010ee0       _pj_sock_getsockname       00411ee0 f   pjlib-i386-win32-vc14-release-dynamic:sock_bsd.obj
 0001:00010f40       _pj_sock_getsockopt        00411f40 f   pjlib-i386-win32-vc14-release-dynamic:sock_bsd.obj
 0001:00010fb0       _pj_sock_recv              00411fb0 f   pjlib-i386-win32-vc14-release-dynamic:sock_bsd.obj
 0001:00011020       _pj_sock_recvfrom          00412020 f   pjlib-i386-win32-vc14-release-dynamic:sock_bsd.obj
 0001:00011090       _pj_sock_send              00412090 f   pjlib-i386-win32-vc14-release-dynamic:sock_bsd.obj
 0001:00011100       _pj_sock_sendto            00412100 f   pjlib-i386-win32-vc14-release-dynamic:sock_bsd.obj
 0001:00011170       _pj_inet_addr              00412170 f   pjlib-i386-win32-vc14-release-dynamic:sock_common.obj
 0001:00011200       _pj_sockaddr_cmp           00412200 f   pjlib-i386-win32-vc14-release-dynamic:sock_common.obj
 0001:00011320       _pj_sockaddr_has_addr      00412320 f   pjlib-i386-win32-vc14-release-dynamic:sock_common.obj
 0001:000113d0       _pj_sockaddr_in_set_str_addr 004123d0 f   pjlib-i386-win32-vc14-release-dynamic:sock_common.obj
 0001:000114c0       _pj_sockaddr_init          004124c0 f   pjlib-i386-win32-vc14-release-dynamic:sock_common.obj
 0001:00011570       _pj_sockaddr_set_str_addr  00412570 f   pjlib-i386-win32-vc14-release-dynamic:sock_common.obj
 0001:00011690       _pj_errno_clear_handlers   00412690 f   pjlib-i386-win32-vc14-release-dynamic:errno.obj
 0001:000116b0       _pj_perror_3               004126b0 f   pjlib-i386-win32-vc14-release-dynamic:errno.obj
 0001:000116d0       _pj_perror_4               004126d0 f   pjlib-i386-win32-vc14-release-dynamic:errno.obj
 0001:00011790       _pj_register_strerror      00412790 f   pjlib-i386-win32-vc14-release-dynamic:errno.obj
 0001:00011870       _pj_strerror               00412870 f   pjlib-i386-win32-vc14-release-dynamic:errno.obj
 0001:00011a00       _pj_log                    00412a00 f   pjlib-i386-win32-vc14-release-dynamic:log.obj
 0001:00011f00       _pj_log_1                  00412f00 f   pjlib-i386-win32-vc14-release-dynamic:log.obj
 0001:00011f20       _pj_log_3                  00412f20 f   pjlib-i386-win32-vc14-release-dynamic:log.obj
 0001:00011f40       _pj_log_4                  00412f40 f   pjlib-i386-win32-vc14-release-dynamic:log.obj
 0001:00011f60       _pj_log_5                  00412f60 f   pjlib-i386-win32-vc14-release-dynamic:log.obj
 0001:00011f80       _pj_log_get_color          00412f80 f   pjlib-i386-win32-vc14-release-dynamic:log.obj
 0001:00011ff0       _pj_log_get_decor          00412ff0 f   pjlib-i386-win32-vc14-release-dynamic:log.obj
 0001:00012000       _pj_log_get_level          00413000 f   pjlib-i386-win32-vc14-release-dynamic:log.obj
 0001:00012010       _pj_log_init               00413010 f   pjlib-i386-win32-vc14-release-dynamic:log.obj
 0001:00012080       _pj_str                    00413080 f   pjlib-i386-win32-vc14-release-dynamic:string.obj
 0001:000120a0       _pj_strcmp                 004130a0 f   pjlib-i386-win32-vc14-release-dynamic:string.obj
 0001:00012100       _pj_strcmp2                00413100 f   pjlib-i386-win32-vc14-release-dynamic:string.obj
 0001:00012170       _pj_strcspn                00413170 f   pjlib-i386-win32-vc14-release-dynamic:string.obj
 0001:000121c0       _pj_strcspn2               004131c0 f   pjlib-i386-win32-vc14-release-dynamic:string.obj
 0001:00012200       _pj_strdup                 00413200 f   pjlib-i386-win32-vc14-release-dynamic:string.obj
 0001:00012240       _pj_strdup2                00413240 f   pjlib-i386-win32-vc14-release-dynamic:string.obj
 0001:000122a0       _pj_strdup_with_null       004132a0 f   pjlib-i386-win32-vc14-release-dynamic:string.obj
 0001:000122f0       _pj_stricmp                004132f0 f   pjlib-i386-win32-vc14-release-dynamic:string.obj
 0001:00012360       _pj_stricmp2               00413360 f   pjlib-i386-win32-vc14-release-dynamic:string.obj
 0001:000123c0       _pj_stristr                004133c0 f   pjlib-i386-win32-vc14-release-dynamic:string.obj
 0001:00012410       _pj_strncpy_with_null      00413410 f   pjlib-i386-win32-vc14-release-dynamic:string.obj
 0001:00012450       _pj_strnicmp2              00413450 f   pjlib-i386-win32-vc14-release-dynamic:string.obj
 0001:000124b0       _pj_strspn                 004134b0 f   pjlib-i386-win32-vc14-release-dynamic:string.obj
 0001:00012530       _pj_strspn2                00413530 f   pjlib-i386-win32-vc14-release-dynamic:string.obj
 0001:00012590       _pj_strtok                 00413590 f   pjlib-i386-win32-vc14-release-dynamic:string.obj
 0001:00012600       _pj_strtok2                00413600 f   pjlib-i386-win32-vc14-release-dynamic:string.obj
 0001:00012670       _pj_strtoul                00413670 f   pjlib-i386-win32-vc14-release-dynamic:string.obj
 0001:000126d0       _pj_strtoul2               004136d0 f   pjlib-i386-win32-vc14-release-dynamic:string.obj
 0001:00012780       _pj_utoa                   00413780 f   pjlib-i386-win32-vc14-release-dynamic:string.obj
 0001:000127a0       _pj_utoa_pad               004137a0 f   pjlib-i386-win32-vc14-release-dynamic:string.obj
 0001:00012840       _pj_pool_alloc             00413840 f   pjlib-i386-win32-vc14-release-dynamic:pool.obj
 0001:00012890       _pj_pool_allocate_find     00413890 f   pjlib-i386-win32-vc14-release-dynamic:pool.obj
 0001:00012970       _pj_pool_calloc            00413970 f   pjlib-i386-win32-vc14-release-dynamic:pool.obj
 0001:000129d0       _pj_pool_create            004139d0 f   pjlib-i386-win32-vc14-release-dynamic:pool.obj
 0001:00012a60       _pj_pool_create_int        00413a60 f   pjlib-i386-win32-vc14-release-dynamic:pool.obj
 0001:00012b10       _pj_pool_destroy_int       00413b10 f   pjlib-i386-win32-vc14-release-dynamic:pool.obj
 0001:00012b50       _pj_pool_get_capacity      00413b50 f   pjlib-i386-win32-vc14-release-dynamic:pool.obj
 0001:00012b60       _pj_pool_get_used_size     00413b60 f   pjlib-i386-win32-vc14-release-dynamic:pool.obj
 0001:00012b90       _pj_pool_getobjname        00413b90 f   pjlib-i386-win32-vc14-release-dynamic:pool.obj
 0001:00012b90       _pjmedia_endpt_get_codec_mgr 00413b90 f   pjmedia-i386-win32-vc14-release-dynamic:endpoint.obj
 0001:00012ba0       _pj_pool_init_int          00413ba0 f   pjlib-i386-win32-vc14-release-dynamic:pool.obj
 0001:00012c10       _pj_pool_release           00413c10 f   pjlib-i386-win32-vc14-release-dynamic:pool.obj
 0001:00012c30       _pj_pool_reset             00413c30 f   pjlib-i386-win32-vc14-release-dynamic:pool.obj
 0001:00013040       _pj_caching_pool_destroy   00414040 f   pjlib-i386-win32-vc14-release-dynamic:pool_caching.obj
 0001:00013120       _pj_caching_pool_init      00414120 f   pjlib-i386-win32-vc14-release-dynamic:pool_caching.obj
 0001:000131e0       _pj_list_erase             004141e0 f   pjlib-i386-win32-vc14-release-dynamic:list.obj
 0001:00013200       _pj_list_find_node         00414200 f   pjlib-i386-win32-vc14-release-dynamic:list.obj
 0001:00013230       _pj_list_insert_after      00414230 f   pjlib-i386-win32-vc14-release-dynamic:list.obj
 0001:00013250       _pj_list_insert_before     00414250 f   pjlib-i386-win32-vc14-release-dynamic:list.obj
 0001:00013270       _pj_get_netos_error        00414270 f   pjlib-i386-win32-vc14-release-dynamic:os_error_win32.obj
 0001:00013290       _pj_get_os_error           00414290 f   pjlib-i386-win32-vc14-release-dynamic:os_error_win32.obj
 0001:000132b0       _platform_strerror         004142b0 f   pjlib-i386-win32-vc14-release-dynamic:os_error_win32.obj
 0001:00013390       _pj_rand                   00414390 f   pjlib-i386-win32-vc14-release-dynamic:rand.obj
 0001:000133c0       _pj_array_erase            004143c0 f   pjlib-i386-win32-vc14-release-dynamic:array.obj
 0001:00013400       _pj_gettimeofday           00414400 f   pjlib-i386-win32-vc14-release-dynamic:os_time_win32.obj
 0001:000134b0       _pj_time_decode            004144b0 f   pjlib-i386-win32-vc14-release-dynamic:os_time_win32.obj
 0001:00013620       _ioqueue_dispatch_exception_event 00414620 f   pjlib-i386-win32-vc14-release-dynamic:ioqueue_select.obj
 0001:00013760       _ioqueue_dispatch_read_event 00414760 f   pjlib-i386-win32-vc14-release-dynamic:ioqueue_select.obj
 0001:00013980       _ioqueue_dispatch_write_event 00414980 f   pjlib-i386-win32-vc14-release-dynamic:ioqueue_select.obj
 0001:00013c40       _pj_ioqueue_create         00414c40 f   pjlib-i386-win32-vc14-release-dynamic:ioqueue_select.obj
 0001:00013de0       _pj_ioqueue_destroy        00414de0 f   pjlib-i386-win32-vc14-release-dynamic:ioqueue_select.obj
 0001:00013ea0       _pj_ioqueue_poll           00414ea0 f   pjlib-i386-win32-vc14-release-dynamic:ioqueue_select.obj
 0001:000141f0       _pj_ioqueue_set_lock       004151f0 f   pjlib-i386-win32-vc14-release-dynamic:ioqueue_select.obj
 0001:00014230       _pj_ioqueue_unlock_key     00415230 f   pjlib-i386-win32-vc14-release-dynamic:ioqueue_select.obj
 0001:000142f0       _pj_get_timestamp          004152f0 f   pjlib-i386-win32-vc14-release-dynamic:os_timestamp_win32.obj
 0001:00014350       _pj_get_timestamp_freq     00415350 f   pjlib-i386-win32-vc14-release-dynamic:os_timestamp_win32.obj
 0001:000145f0       _pj_grp_lock_add_ref       004155f0 f   pjlib-i386-win32-vc14-release-dynamic:lock.obj
 0001:00014610       _pj_grp_lock_dec_ref       00415610 f   pjlib-i386-win32-vc14-release-dynamic:lock.obj
 0001:00014640       _pj_grp_lock_release       00415640 f   pjlib-i386-win32-vc14-release-dynamic:lock.obj
 0001:00014650       _pj_grp_lock_tryacquire    00415650 f   pjlib-i386-win32-vc14-release-dynamic:lock.obj
 0001:00014660       _pj_lock_acquire           00415660 f   pjlib-i386-win32-vc14-release-dynamic:lock.obj
 0001:00014680       _pj_lock_create_null_mutex 00415680 f   pjlib-i386-win32-vc14-release-dynamic:lock.obj
 0001:000146a0       _pj_lock_create_recursive_mutex 004156a0 f   pjlib-i386-win32-vc14-release-dynamic:lock.obj
 0001:000146c0       _pj_lock_create_simple_mutex 004156c0 f   pjlib-i386-win32-vc14-release-dynamic:lock.obj
 0001:000146e0       _pj_lock_destroy           004156e0 f   pjlib-i386-win32-vc14-release-dynamic:lock.obj
 0001:00014700       _pj_lock_release           00415700 f   pjlib-i386-win32-vc14-release-dynamic:lock.obj
 0001:00014720       _pj_lock_tryacquire        00415720 f   pjlib-i386-win32-vc14-release-dynamic:lock.obj
 0001:00014740       _pj_file_close             00415740 f   pjlib-i386-win32-vc14-release-dynamic:file_io_win32.obj
 0001:00014780       _pj_file_getpos            00415780 f   pjlib-i386-win32-vc14-release-dynamic:file_io_win32.obj
 0001:00014800       _pj_file_open              00415800 f   pjlib-i386-win32-vc14-release-dynamic:file_io_win32.obj
 0001:00014930       _pj_file_read              00415930 f   pjlib-i386-win32-vc14-release-dynamic:file_io_win32.obj
 0001:00014990       _pj_file_setpos            00415990 f   pjlib-i386-win32-vc14-release-dynamic:file_io_win32.obj
 0001:00014a20       _pj_file_write             00415a20 f   pjlib-i386-win32-vc14-release-dynamic:file_io_win32.obj
 0001:00014a80       _pj_exception_id_alloc     00415a80 f   pjlib-i386-win32-vc14-release-dynamic:except.obj
 0001:00014ad0       _pj_exception_id_free      00415ad0 f   pjlib-i386-win32-vc14-release-dynamic:except.obj
 0001:00014b10       _pj_throw_exception_       00415b10 f   pjlib-i386-win32-vc14-release-dynamic:except.obj
 0001:00014c30       _pj_generate_unique_string 00415c30 f   pjlib-i386-win32-vc14-release-dynamic:guid_win32.obj
 0001:00014c80       _pj_getaddrinfo            00415c80 f   pjlib-i386-win32-vc14-release-dynamic:addr_resolv_sock.obj
 0001:00014da0       _pj_gethostbyname          00415da0 f   pjlib-i386-win32-vc14-release-dynamic:addr_resolv_sock.obj
 0001:00014e60       _pj_log_write              00415e60 f   pjlib-i386-win32-vc14-release-dynamic:log_writer_stdout.obj
 0001:00014ec0       _pj_pool_create_on_buf     00415ec0 f   pjlib-i386-win32-vc14-release-dynamic:pool_buf.obj
 0001:00015090       _pj_time_val_normalize     00416090 f   pjlib-i386-win32-vc14-release-dynamic:types.obj
 0001:00015120       _pj_elapsed_time           00416120 f   pjlib-i386-win32-vc14-release-dynamic:os_timestamp_common.obj
 0001:000151d0       _pj_gettickcount           004161d0 f   pjlib-i386-win32-vc14-release-dynamic:os_timestamp_common.obj
 0001:00015210       _PJ_FD_CLR                 00416210 f   pjlib-i386-win32-vc14-release-dynamic:sock_select.obj
 0001:00015290       _PJ_FD_COUNT               00416290 f   pjlib-i386-win32-vc14-release-dynamic:sock_select.obj
 0001:00015290       _srtp_rdb_get_value        00416290 f   libsrtp-i386-win32-vc14-release-dynamic:rdb.obj
 0001:000152a0       _PJ_FD_ISSET               004162a0 f   pjlib-i386-win32-vc14-release-dynamic:sock_select.obj
 0001:000152d0       _PJ_FD_ZERO                004162d0 f   pjlib-i386-win32-vc14-release-dynamic:sock_select.obj
 0001:00015300       _pj_sock_select            00416300 f   pjlib-i386-win32-vc14-release-dynamic:sock_select.obj
 0001:00015370       _gsm_create                00416370 f   libgsmcodec-i386-win32-vc14-release-dynamic:gsm_create.obj
 0001:000153b0       _gsm_destroy               004163b0 f   libgsmcodec-i386-win32-vc14-release-dynamic:gsm_destroy.obj
 0001:000153d0       _gsm_encode                004163d0 f   libgsmcodec-i386-win32-vc14-release-dynamic:gsm_encode.obj
 0001:00015820       _gsm_decode                00416820 f   libgsmcodec-i386-win32-vc14-release-dynamic:gsm_decode.obj
 0001:00015e00       _Gsm_Coder                 00416e00 f   libgsmcodec-i386-win32-vc14-release-dynamic:code.obj
 0001:00016000       _Gsm_Decoder               00417000 f   libgsmcodec-i386-win32-vc14-release-dynamic:decode.obj
 0001:00016750       _Gsm_Long_Term_Predictor   00417750 f   libgsmcodec-i386-win32-vc14-release-dynamic:long_term.obj
 0001:00016790       _Gsm_Long_Term_Synthesis_Filtering 00417790 f   libgsmcodec-i386-win32-vc14-release-dynamic:long_term.obj
 0001:000171c0       _Gsm_LPC_Analysis          004181c0 f   libgsmcodec-i386-win32-vc14-release-dynamic:lpc.obj
 0001:00017b30       _Gsm_Preprocess            00418b30 f   libgsmcodec-i386-win32-vc14-release-dynamic:preprocess.obj
 0001:00018370       _Gsm_Short_Term_Analysis_Filter 00419370 f   libgsmcodec-i386-win32-vc14-release-dynamic:short_term.obj
 0001:00018470       _Gsm_Short_Term_Synthesis_Filter 00419470 f   libgsmcodec-i386-win32-vc14-release-dynamic:short_term.obj
 0001:00018cf0       _Gsm_RPE_Decoding          00419cf0 f   libgsmcodec-i386-win32-vc14-release-dynamic:rpe.obj
 0001:00018d50       _Gsm_RPE_Encoding          00419d50 f   libgsmcodec-i386-win32-vc14-release-dynamic:rpe.obj
 0001:00019420       _gsm_add                   0041a420 f   libgsmcodec-i386-win32-vc14-release-dynamic:add.obj
 0001:00019450       _gsm_asl                   0041a450 f   libgsmcodec-i386-win32-vc14-release-dynamic:add.obj
 0001:00019490       _gsm_asr                   0041a490 f   libgsmcodec-i386-win32-vc14-release-dynamic:add.obj
 0001:000194d0       _gsm_div                   0041a4d0 f   libgsmcodec-i386-win32-vc14-release-dynamic:add.obj
 0001:00019510       _gsm_mult                  0041a510 f   libgsmcodec-i386-win32-vc14-release-dynamic:add.obj
 0001:00019550       _gsm_norm                  0041a550 f   libgsmcodec-i386-win32-vc14-release-dynamic:add.obj
 0001:000195c0       _gsm_sub                   0041a5c0 f   libgsmcodec-i386-win32-vc14-release-dynamic:add.obj
 0001:000195f0       _iLBC_encode               0041a5f0 f   libilbccodec-i386-win32-vc14-release-dynamic:iLBC_encode.obj
 0001:0001a540       _initEncode                0041b540 f   libilbccodec-i386-win32-vc14-release-dynamic:iLBC_encode.obj
 0001:0001a650       _Decode                    0041b650 f   libilbccodec-i386-win32-vc14-release-dynamic:iLBC_decode.obj
 0001:0001acd0       _iLBC_decode               0041bcd0 f   libilbccodec-i386-win32-vc14-release-dynamic:iLBC_decode.obj
 0001:0001b5d0       _initDecode                0041c5d0 f   libilbccodec-i386-win32-vc14-release-dynamic:iLBC_decode.obj
 0001:0001b7c0       _LPCencode                 0041c7c0 f   libilbccodec-i386-win32-vc14-release-dynamic:LPCencode.obj
 0001:0001b8a0       _SimpleAnalysis            0041c8a0 f   libilbccodec-i386-win32-vc14-release-dynamic:LPCencode.obj
 0001:0001b9d0       _SimpleInterpolateLSF      0041c9d0 f   libilbccodec-i386-win32-vc14-release-dynamic:LPCencode.obj
 0001:0001bca0       _FrameClassify             0041cca0 f   libilbccodec-i386-win32-vc14-release-dynamic:FrameClassify.obj
 0001:0001c050       _AbsQuantW                 0041d050 f   libilbccodec-i386-win32-vc14-release-dynamic:StateSearchW.obj
 0001:0001c1a0       _StateSearchW              0041d1a0 f   libilbccodec-i386-win32-vc14-release-dynamic:StateSearchW.obj
 0001:0001c5d0       _StateConstructW           0041d5d0 f   libilbccodec-i386-win32-vc14-release-dynamic:StateConstructW.obj
 0001:0001c8a0       _dopack                    0041d8a0 f   libilbccodec-i386-win32-vc14-release-dynamic:packing.obj
 0001:0001c910       _packcombine               0041d910 f   libilbccodec-i386-win32-vc14-release-dynamic:packing.obj
 0001:0001c930       _packsplit                 0041d930 f   libilbccodec-i386-win32-vc14-release-dynamic:packing.obj
 0001:0001c960       _unpack                    0041d960 f   libilbccodec-i386-win32-vc14-release-dynamic:packing.obj
 0001:0001ca00       _iCBSearch                 0041da00 f   libilbccodec-i386-win32-vc14-release-dynamic:iCBSearch.obj
 0001:0001d880       _iCBConstruct              0041e880 f   libilbccodec-i386-win32-vc14-release-dynamic:iCBConstruct.obj
 0001:0001dd20       _index_conv_dec            0041ed20 f   libilbccodec-i386-win32-vc14-release-dynamic:iCBConstruct.obj
 0001:0001dd80       _index_conv_enc            0041ed80 f   libilbccodec-i386-win32-vc14-release-dynamic:iCBConstruct.obj
 0001:0001ddd0       _hpInput                   0041edd0 f   libilbccodec-i386-win32-vc14-release-dynamic:hpInput.obj
 0001:0001dea0       _anaFilter                 0041eea0 f   libilbccodec-i386-win32-vc14-release-dynamic:anaFilter.obj
 0001:0001e170       _DecoderInterpolateLSF     0041f170 f   libilbccodec-i386-win32-vc14-release-dynamic:LPCdecode.obj
 0001:0001e350       _SimplelsfDEQ              0041f350 f   libilbccodec-i386-win32-vc14-release-dynamic:LPCdecode.obj
 0001:0001e460       _compCorr                  0041f460 f   libilbccodec-i386-win32-vc14-release-dynamic:doCPLC.obj
 0001:0001e590       _doThePLC                  0041f590 f   libilbccodec-i386-win32-vc14-release-dynamic:doCPLC.obj
 0001:0001e9d0       _LSF_check                 0041f9d0 f   libilbccodec-i386-win32-vc14-release-dynamic:helpfun.obj
 0001:0001eac0       _SplitVQ                   0041fac0 f   libilbccodec-i386-win32-vc14-release-dynamic:helpfun.obj
 0001:0001ecd0       _autocorr                  0041fcd0 f   libilbccodec-i386-win32-vc14-release-dynamic:helpfun.obj
 0001:0001edb0       _bwexpand                  0041fdb0 f   libilbccodec-i386-win32-vc14-release-dynamic:helpfun.obj
 0001:0001eea0       _interpolate               0041fea0 f   libilbccodec-i386-win32-vc14-release-dynamic:helpfun.obj
 0001:0001f0b0       _levdurb                   004200b0 f   libilbccodec-i386-win32-vc14-release-dynamic:helpfun.obj
 0001:0001f300       _sort_sq                   00420300 f   libilbccodec-i386-win32-vc14-release-dynamic:helpfun.obj
 0001:0001f380       _window                    00420380 f   libilbccodec-i386-win32-vc14-release-dynamic:helpfun.obj
 0001:0001f520       _NearestNeighbor           00420520 f   libilbccodec-i386-win32-vc14-release-dynamic:enhancer.obj
 0001:0001f600       _enh_upsample              00420600 f   libilbccodec-i386-win32-vc14-release-dynamic:enhancer.obj
 0001:0001f980       _enhancerInterface         00420980 f   libilbccodec-i386-win32-vc14-release-dynamic:enhancer.obj
 0001:000201f0       _getsseq                   004211f0 f   libilbccodec-i386-win32-vc14-release-dynamic:enhancer.obj
 0001:00020630       _refiner                   00421630 f   libilbccodec-i386-win32-vc14-release-dynamic:enhancer.obj
 0001:00020a40       _smath                     00421a40 f   libilbccodec-i386-win32-vc14-release-dynamic:enhancer.obj
 0001:00021270       _xCorrCoef                 00422270 f   libilbccodec-i386-win32-vc14-release-dynamic:enhancer.obj
 0001:000212e0       _hpOutput                  004222e0 f   libilbccodec-i386-win32-vc14-release-dynamic:hpOutput.obj
 0001:000213b0       _syntFilter                004223b0 f   libilbccodec-i386-win32-vc14-release-dynamic:syntFilter.obj
 0001:00021660       _a2lsf                     00422660 f   libilbccodec-i386-win32-vc14-release-dynamic:lsf.obj
 0001:00021970       _lsf2a                     00422970 f   libilbccodec-i386-win32-vc14-release-dynamic:lsf.obj
 0001:00021de0       _AllPoleFilter             00422de0 f   libilbccodec-i386-win32-vc14-release-dynamic:filter.obj
 0001:00021f00       _AllZeroFilter             00422f00 f   libilbccodec-i386-win32-vc14-release-dynamic:filter.obj
 0001:00021ff0       _DownSample                00422ff0 f   libilbccodec-i386-win32-vc14-release-dynamic:filter.obj
 0001:000222f0       _ZeroPoleFilter            004232f0 f   libilbccodec-i386-win32-vc14-release-dynamic:filter.obj
 0001:00022320       _gaindequant               00423320 f   libilbccodec-i386-win32-vc14-release-dynamic:gainquant.obj
 0001:000223a0       _gainquant                 004233a0 f   libilbccodec-i386-win32-vc14-release-dynamic:gainquant.obj
 0001:00022440       _createAugmentedVec        00423440 f   libilbccodec-i386-win32-vc14-release-dynamic:createCB.obj
 0001:000224e0       _filteredCBvecs            004234e0 f   libilbccodec-i386-win32-vc14-release-dynamic:createCB.obj
 0001:00022630       _searchAugmentedCB         00423630 f   libilbccodec-i386-win32-vc14-release-dynamic:createCB.obj
 0001:00022940       _getCBvec                  00423940 f   libilbccodec-i386-win32-vc14-release-dynamic:getCBvec.obj
 0001:00022e00       _speex_mode_query          00423e00 f   libspeex-i386-win32-vc14-release-dynamic:modes.obj
 0001:00022e20       _fprintf                   00423e20 f i libspeex-i386-win32-vc14-release-dynamic:bits.obj
 0001:00022e50       _speex_bits_advance        00423e50 f   libspeex-i386-win32-vc14-release-dynamic:bits.obj
 0001:00022ea0       _speex_bits_destroy        00423ea0 f   libspeex-i386-win32-vc14-release-dynamic:bits.obj
 0001:00022ec0       _speex_bits_init           00423ec0 f   libspeex-i386-win32-vc14-release-dynamic:bits.obj
 0001:00022f10       _speex_bits_insert_terminator 00423f10 f   libspeex-i386-win32-vc14-release-dynamic:bits.obj
 0001:00023010       _speex_bits_pack           00424010 f   libspeex-i386-win32-vc14-release-dynamic:bits.obj
 0001:00023120       _speex_bits_peek           00424120 f   libspeex-i386-win32-vc14-release-dynamic:bits.obj
 0001:00023160       _speex_bits_read_from      00424160 f   libspeex-i386-win32-vc14-release-dynamic:bits.obj
 0001:00023240       _speex_bits_remaining      00424240 f   libspeex-i386-win32-vc14-release-dynamic:bits.obj
 0001:00023270       _speex_bits_reset          00424270 f   libspeex-i386-win32-vc14-release-dynamic:bits.obj
 0001:000232a0       _speex_bits_unpack_unsigned 004242a0 f   libspeex-i386-win32-vc14-release-dynamic:bits.obj
 0001:00023320       _speex_bits_write          00424320 f   libspeex-i386-win32-vc14-release-dynamic:bits.obj
 0001:00023380       _nb_mode_query             00424380 f   libspeex-i386-win32-vc14-release-dynamic:speex.obj
 0001:00023400       _speex_decode_int          00424400 f   libspeex-i386-win32-vc14-release-dynamic:speex.obj
 0001:000234f0       _speex_decode_native       004244f0 f   libspeex-i386-win32-vc14-release-dynamic:speex.obj
 0001:00023510       _speex_decoder_ctl         00424510 f   libspeex-i386-win32-vc14-release-dynamic:speex.obj
 0001:00023530       _speex_decoder_destroy     00424530 f   libspeex-i386-win32-vc14-release-dynamic:speex.obj
 0001:00023550       _speex_decoder_init        00424550 f   libspeex-i386-win32-vc14-release-dynamic:speex.obj
 0001:00023560       _speex_encode_int          00424560 f   libspeex-i386-win32-vc14-release-dynamic:speex.obj
 0001:000235e0       _speex_encode_native       004245e0 f   libspeex-i386-win32-vc14-release-dynamic:speex.obj
 0001:00023600       _speex_encoder_ctl         00424600 f   libspeex-i386-win32-vc14-release-dynamic:speex.obj
 0001:00023620       _speex_encoder_destroy     00424620 f   libspeex-i386-win32-vc14-release-dynamic:speex.obj
 0001:00023640       _speex_encoder_init        00424640 f   libspeex-i386-win32-vc14-release-dynamic:speex.obj
 0001:00023650       _wb_mode_query             00424650 f   libspeex-i386-win32-vc14-release-dynamic:modes_wb.obj
 0001:000236d0       _speex_lib_get_mode        004246d0 f   libspeex-i386-win32-vc14-release-dynamic:modes_wb.obj
 0001:00023730       _nb_decode                 00424730 f   libspeex-i386-win32-vc14-release-dynamic:nb_celp.obj
 0001:00024740       _nb_decoder_ctl            00425740 f   libspeex-i386-win32-vc14-release-dynamic:nb_celp.obj
 0001:00024b60       _nb_decoder_destroy        00425b60 f   libspeex-i386-win32-vc14-release-dynamic:nb_celp.obj
 0001:00024ba0       _nb_decoder_init           00425ba0 f   libspeex-i386-win32-vc14-release-dynamic:nb_celp.obj
 0001:00024d40       _nb_encode                 00425d40 f   libspeex-i386-win32-vc14-release-dynamic:nb_celp.obj
 0001:00026110       _nb_encoder_ctl            00427110 f   libspeex-i386-win32-vc14-release-dynamic:nb_celp.obj
 0001:000267c0       _nb_encoder_destroy        004277c0 f   libspeex-i386-win32-vc14-release-dynamic:nb_celp.obj
 0001:00026830       _nb_encoder_init           00427830 f   libspeex-i386-win32-vc14-release-dynamic:nb_celp.obj
 0001:00026ad0       _forced_pitch_quant        00427ad0 f   libspeex-i386-win32-vc14-release-dynamic:ltp.obj
 0001:00026e80       _forced_pitch_unquant      00427e80 f   libspeex-i386-win32-vc14-release-dynamic:ltp.obj
 0001:00026fc0       _inner_prod                00427fc0 f   libspeex-i386-win32-vc14-release-dynamic:ltp.obj
 0001:00027040       _open_loop_nbest_pitch     00428040 f   libspeex-i386-win32-vc14-release-dynamic:ltp.obj
 0001:00028320       _pitch_search_3tap         00429320 f   libspeex-i386-win32-vc14-release-dynamic:ltp.obj
 0001:00028580       _pitch_unquant_3tap        00429580 f   libspeex-i386-win32-vc14-release-dynamic:ltp.obj
 0001:00028ba0       _lsp_quant_high            00429ba0 f   libspeex-i386-win32-vc14-release-dynamic:quant_lsp.obj
 0001:000291a0       _lsp_quant_lbr             0042a1a0 f   libspeex-i386-win32-vc14-release-dynamic:quant_lsp.obj
 0001:00029900       _lsp_quant_nb              0042a900 f   libspeex-i386-win32-vc14-release-dynamic:quant_lsp.obj
 0001:0002a2c0       _lsp_unquant_high          0042b2c0 f   libspeex-i386-win32-vc14-release-dynamic:quant_lsp.obj
 0001:0002a5e0       _lsp_unquant_lbr           0042b5e0 f   libspeex-i386-win32-vc14-release-dynamic:quant_lsp.obj
 0001:0002aa20       _lsp_unquant_nb            0042ba20 f   libspeex-i386-win32-vc14-release-dynamic:quant_lsp.obj
 0001:0002b350       _noise_codebook_quant      0042c350 f   libspeex-i386-win32-vc14-release-dynamic:cb_search.obj
 0001:0002b4e0       _noise_codebook_unquant    0042c4e0 f   libspeex-i386-win32-vc14-release-dynamic:cb_search.obj
 0001:0002b560       _split_cb_search_shape_sign 0042c560 f   libspeex-i386-win32-vc14-release-dynamic:cb_search.obj
 0001:0002cd50       _split_cb_shape_sign_unquant 0042dd50 f   libspeex-i386-win32-vc14-release-dynamic:cb_search.obj
 0001:0002d030       _vbr_analysis              0042e030 f   libspeex-i386-win32-vc14-release-dynamic:vbr.obj
 0001:0002d820       _vbr_init                  0042e820 f   libspeex-i386-win32-vc14-release-dynamic:vbr.obj
 0001:0002d8d0       _sb_decode                 0042e8d0 f   libspeex-i386-win32-vc14-release-dynamic:sb_celp.obj
 0001:0002e090       _sb_decoder_ctl            0042f090 f   libspeex-i386-win32-vc14-release-dynamic:sb_celp.obj
 0001:0002e5d0       _sb_decoder_destroy        0042f5d0 f   libspeex-i386-win32-vc14-release-dynamic:sb_celp.obj
 0001:0002e620       _sb_decoder_init           0042f620 f   libspeex-i386-win32-vc14-release-dynamic:sb_celp.obj
 0001:0002e760       _sb_encode                 0042f760 f   libspeex-i386-win32-vc14-release-dynamic:sb_celp.obj
 0001:0002f480       _sb_encoder_ctl            00430480 f   libspeex-i386-win32-vc14-release-dynamic:sb_celp.obj
 0001:0002fd70       _sb_encoder_destroy        00430d70 f   libspeex-i386-win32-vc14-release-dynamic:sb_celp.obj
 0001:0002fdd0       _sb_encoder_init           00430dd0 f   libspeex-i386-win32-vc14-release-dynamic:sb_celp.obj
 0001:00030000       _speex_default_user_handler 00431000 f   libspeex-i386-win32-vc14-release-dynamic:speex_callbacks.obj
 0001:00030030       _speex_inband_handler      00431030 f   libspeex-i386-win32-vc14-release-dynamic:speex_callbacks.obj
 0001:000300f0       _bw_lpc                    004310f0 f   libspeex-i386-win32-vc14-release-dynamic:filters.obj
 0001:000301b0       _compute_impulse_response  004311b0 f   libspeex-i386-win32-vc14-release-dynamic:filters.obj
 0001:000305a0       _compute_rms               004315a0 f   libspeex-i386-win32-vc14-release-dynamic:filters.obj
 0001:000305a0       _compute_rms16             004315a0 f   libspeex-i386-win32-vc14-release-dynamic:filters.obj
 0001:00030660       _filter_mem16              00431660 f   libspeex-i386-win32-vc14-release-dynamic:filters.obj
 0001:00030810       _fir_mem16                 00431810 f   libspeex-i386-win32-vc14-release-dynamic:filters.obj
 0001:000309d0       _highpass                  004319d0 f   libspeex-i386-win32-vc14-release-dynamic:filters.obj
 0001:00030b00       _iir_mem16                 00431b00 f   libspeex-i386-win32-vc14-release-dynamic:filters.obj
 0001:00030cd0       _interp_pitch              00431cd0 f   libspeex-i386-win32-vc14-release-dynamic:filters.obj
 0001:00031000       _multicomb                 00432000 f   libspeex-i386-win32-vc14-release-dynamic:filters.obj
 0001:000314a0       _qmf_decomp                004324a0 f   libspeex-i386-win32-vc14-release-dynamic:filters.obj
 0001:00031790       _qmf_synth                 00432790 f   libspeex-i386-win32-vc14-release-dynamic:filters.obj
 0001:00031c30       _residue_percep_zero16     00432c30 f   libspeex-i386-win32-vc14-release-dynamic:filters.obj
 0001:00031cd0       _sanitize_values32         00432cd0 f   libspeex-i386-win32-vc14-release-dynamic:filters.obj
 0001:00031d30       _signal_div                00432d30 f   libspeex-i386-win32-vc14-release-dynamic:filters.obj
 0001:00031e70       _signal_mul                00432e70 f   libspeex-i386-win32-vc14-release-dynamic:filters.obj
 0001:00031fb0       _syn_percep_zero16         00432fb0 f   libspeex-i386-win32-vc14-release-dynamic:filters.obj
 0001:00032050       __spx_autocorr             00433050 f   libspeex-i386-win32-vc14-release-dynamic:lpc.obj
 0001:00032150       __spx_lpc                  00433150 f   libspeex-i386-win32-vc14-release-dynamic:lpc.obj
 0001:00032310       _lpc_to_lsp                00433310 f   libspeex-i386-win32-vc14-release-dynamic:lsp.obj
 0001:00032a50       _lsp_enforce_margin        00433a50 f   libspeex-i386-win32-vc14-release-dynamic:lsp.obj
 0001:00032af0       _lsp_interpolate           00433af0 f   libspeex-i386-win32-vc14-release-dynamic:lsp.obj
 0001:00032d20       _lsp_to_lpc                00433d20 f   libspeex-i386-win32-vc14-release-dynamic:lsp.obj
 0001:00032f30       _scal_quant                00433f30 f   libspeex-i386-win32-vc14-release-dynamic:vq.obj
 0001:00032fa0       _vq_nbest                  00433fa0 f   libspeex-i386-win32-vc14-release-dynamic:vq.obj
 0001:000330f0       _vq_nbest_sign             004340f0 f   libspeex-i386-win32-vc14-release-dynamic:vq.obj
 0001:00033280       ___local_stdio_scanf_options 00434280 f i libsrtp-i386-win32-vc14-release-dynamic:srtp.obj
 0001:00033310       _srtp_add_stream           00434310 f   libsrtp-i386-win32-vc14-release-dynamic:srtp.obj
 0001:000335d0       _srtp_create               004345d0 f   libsrtp-i386-win32-vc14-release-dynamic:srtp.obj
 0001:00033650       _srtp_crypto_policy_set_aes_cm_256_hmac_sha1_32 00434650 f   libsrtp-i386-win32-vc14-release-dynamic:srtp.obj
 0001:00033690       _srtp_crypto_policy_set_aes_cm_256_hmac_sha1_80 00434690 f   libsrtp-i386-win32-vc14-release-dynamic:srtp.obj
 0001:000336d0       _srtp_dealloc              004346d0 f   libsrtp-i386-win32-vc14-release-dynamic:srtp.obj
 0001:00033950       _srtp_event_reporter       00434950 f   libsrtp-i386-win32-vc14-release-dynamic:srtp.obj
 0001:00033a70       _srtp_get_session_keys     00434a70 f   libsrtp-i386-win32-vc14-release-dynamic:srtp.obj
 0001:00033b70       _srtp_init                 00434b70 f   libsrtp-i386-win32-vc14-release-dynamic:srtp.obj
 0001:00033b90       _srtp_inject_mki           00434b90 f   libsrtp-i386-win32-vc14-release-dynamic:srtp.obj
 0001:00033ee0       _srtp_protect              00434ee0 f   libsrtp-i386-win32-vc14-release-dynamic:srtp.obj
 0001:00034200       _srtp_protect_mki          00435200 f   libsrtp-i386-win32-vc14-release-dynamic:srtp.obj
 0001:000347b0       _srtp_protect_rtcp         004357b0 f   libsrtp-i386-win32-vc14-release-dynamic:srtp.obj
 0001:000349b0       _srtp_protect_rtcp_mki     004359b0 f   libsrtp-i386-win32-vc14-release-dynamic:srtp.obj
 0001:00034d50       _srtp_shutdown             00435d50 f   libsrtp-i386-win32-vc14-release-dynamic:srtp.obj
 0001:00034d60       _srtp_stream_alloc         00435d60 f   libsrtp-i386-win32-vc14-release-dynamic:srtp.obj
 0001:00035000       _srtp_stream_clone         00436000 f   libsrtp-i386-win32-vc14-release-dynamic:srtp.obj
 0001:00035220       _srtp_stream_dealloc       00436220 f   libsrtp-i386-win32-vc14-release-dynamic:srtp.obj
 0001:000354a0       _srtp_stream_init          004364a0 f   libsrtp-i386-win32-vc14-release-dynamic:srtp.obj
 0001:000355b0       _srtp_stream_init_all_master_keys 004365b0 f   libsrtp-i386-win32-vc14-release-dynamic:srtp.obj
 0001:00035630       _srtp_stream_init_keys     00436630 f   libsrtp-i386-win32-vc14-release-dynamic:srtp.obj
 0001:00035e30       _srtp_unprotect            00436e30 f   libsrtp-i386-win32-vc14-release-dynamic:srtp.obj
 0001:00036150       _srtp_unprotect_mki        00437150 f   libsrtp-i386-win32-vc14-release-dynamic:srtp.obj
 0001:000367a0       _srtp_unprotect_rtcp       004377a0 f   libsrtp-i386-win32-vc14-release-dynamic:srtp.obj
 0001:00036a20       _srtp_unprotect_rtcp_mki   00437a20 f   libsrtp-i386-win32-vc14-release-dynamic:srtp.obj
 0001:00036f00       _srtp_validate_policy_master_keys 00437f00 f   libsrtp-i386-win32-vc14-release-dynamic:srtp.obj
 0001:00036fc0       _srtp_crypto_alloc         00437fc0 f   libsrtp-i386-win32-vc14-release-dynamic:alloc.obj
 0001:00037020       _srtp_crypto_free          00438020 f   libsrtp-i386-win32-vc14-release-dynamic:alloc.obj
 0001:00037050       _bitvector_alloc           00438050 f   libsrtp-i386-win32-vc14-release-dynamic:datatypes.obj
 0001:000370b0       _bitvector_dealloc         004380b0 f   libsrtp-i386-win32-vc14-release-dynamic:datatypes.obj
 0001:000370e0       _bitvector_left_shift      004380e0 f   libsrtp-i386-win32-vc14-release-dynamic:datatypes.obj
 0001:00037250       _bitvector_set_to_zero     00438250 f   libsrtp-i386-win32-vc14-release-dynamic:datatypes.obj
 0001:00037270       _octet_string_is_eq        00438270 f   libsrtp-i386-win32-vc14-release-dynamic:datatypes.obj
 0001:00037340       _octet_string_set_to_zero  00438340 f   libsrtp-i386-win32-vc14-release-dynamic:datatypes.obj
 0001:00037360       _srtp_octet_string_hex_string 00438360 f   libsrtp-i386-win32-vc14-release-dynamic:datatypes.obj
 0001:00037400       _v128_copy_octet_string    00438400 f   libsrtp-i386-win32-vc14-release-dynamic:datatypes.obj
 0001:00037480       _v128_hex_string           00438480 f   libsrtp-i386-win32-vc14-release-dynamic:datatypes.obj
 0001:00037510       _v128_left_shift           00438510 f   libsrtp-i386-win32-vc14-release-dynamic:datatypes.obj
 0001:000375f0       _srtp_err_report           004385f0 f   libsrtp-i386-win32-vc14-release-dynamic:srtp_err.obj
 0001:00037620       _srtp_index_guess          00438620 f   libsrtp-i386-win32-vc14-release-dynamic:rdbx.obj
 0001:000376a0       _srtp_rdbx_add_index       004386a0 f   libsrtp-i386-win32-vc14-release-dynamic:rdbx.obj
 0001:00037710       _srtp_rdbx_check           00438710 f   libsrtp-i386-win32-vc14-release-dynamic:rdbx.obj
 0001:00037760       _srtp_rdbx_dealloc         00438760 f   libsrtp-i386-win32-vc14-release-dynamic:rdbx.obj
 0001:00037780       _srtp_rdbx_estimate_index  00438780 f   libsrtp-i386-win32-vc14-release-dynamic:rdbx.obj
 0001:000377c0       _srtp_rdbx_get_packet_index 004387c0 f   libsrtp-i386-win32-vc14-release-dynamic:rdbx.obj
 0001:000377d0       _srtp_rdbx_init            004387d0 f   libsrtp-i386-win32-vc14-release-dynamic:rdbx.obj
 0001:00037810       _srtp_rdbx_set_roc         00438810 f   libsrtp-i386-win32-vc14-release-dynamic:rdbx.obj
 0001:00037870       _srtp_rdbx_set_roc_seq     00438870 f   libsrtp-i386-win32-vc14-release-dynamic:rdbx.obj
 0001:000378d0       _srtp_rdb_add_index        004388d0 f   libsrtp-i386-win32-vc14-release-dynamic:rdb.obj
 0001:00037920       _srtp_rdb_check            00438920 f   libsrtp-i386-win32-vc14-release-dynamic:rdb.obj
 0001:00037970       _srtp_rdb_increment        00438970 f   libsrtp-i386-win32-vc14-release-dynamic:rdb.obj
 0001:00037990       _srtp_rdb_init             00438990 f   libsrtp-i386-win32-vc14-release-dynamic:rdb.obj
 0001:000379c0       _srtp_cipher_dealloc       004389c0 f   libsrtp-i386-win32-vc14-release-dynamic:cipher.obj
 0001:000379e0       _srtp_cipher_decrypt       004389e0 f   libsrtp-i386-win32-vc14-release-dynamic:cipher.obj
 0001:00037a10       _srtp_cipher_encrypt       00438a10 f   libsrtp-i386-win32-vc14-release-dynamic:cipher.obj
 0001:00037a40       _srtp_cipher_get_tag       00438a40 f   libsrtp-i386-win32-vc14-release-dynamic:cipher.obj
 0001:00037a80       _srtp_cipher_init          00438a80 f   libsrtp-i386-win32-vc14-release-dynamic:cipher.obj
 0001:00037ab0       _srtp_cipher_output        00438ab0 f   libsrtp-i386-win32-vc14-release-dynamic:cipher.obj
 0001:00037ae0       _srtp_cipher_set_aad       00438ae0 f   libsrtp-i386-win32-vc14-release-dynamic:cipher.obj
 0001:00037b20       _srtp_cipher_set_iv        00438b20 f   libsrtp-i386-win32-vc14-release-dynamic:cipher.obj
 0001:00037b50       _srtp_cipher_type_self_test 00438b50 f   libsrtp-i386-win32-vc14-release-dynamic:cipher.obj
 0001:00037b70       _srtp_cipher_type_test     00438b70 f   libsrtp-i386-win32-vc14-release-dynamic:cipher.obj
 0001:000389b0       _srtp_auth_get_key_length  004399b0 f   libsrtp-i386-win32-vc14-release-dynamic:auth.obj
 0001:000389c0       _srtp_auth_get_prefix_length 004399c0 f   libsrtp-i386-win32-vc14-release-dynamic:auth.obj
 0001:000389d0       _srtp_rdbx_get_window_size 004399d0 f   libsrtp-i386-win32-vc14-release-dynamic:rdbx.obj
 0001:000389d0       _srtp_auth_get_tag_length  004399d0 f   libsrtp-i386-win32-vc14-release-dynamic:auth.obj
 0001:000389d0       _srtp_cipher_get_key_length 004399d0 f   libsrtp-i386-win32-vc14-release-dynamic:cipher.obj
 0001:000389e0       _srtp_auth_type_self_test  004399e0 f   libsrtp-i386-win32-vc14-release-dynamic:auth.obj
 0001:00038a00       _srtp_auth_type_test       00439a00 f   libsrtp-i386-win32-vc14-release-dynamic:auth.obj
 0001:00038c80       _srtp_key_limit_clone      00439c80 f   libsrtp-i386-win32-vc14-release-dynamic:key.obj
 0001:00038ca0       _srtp_key_limit_set        00439ca0 f   libsrtp-i386-win32-vc14-release-dynamic:key.obj
 0001:00038ce0       _srtp_key_limit_update     00439ce0 f   libsrtp-i386-win32-vc14-release-dynamic:key.obj
 0001:00038d30       _srtp_crypto_kernel_alloc_auth 00439d30 f   libsrtp-i386-win32-vc14-release-dynamic:crypto_kernel.obj
 0001:00038d80       _srtp_crypto_kernel_alloc_cipher 00439d80 f   libsrtp-i386-win32-vc14-release-dynamic:crypto_kernel.obj
 0001:00038dd0       _srtp_crypto_kernel_do_load_auth_type 00439dd0 f   libsrtp-i386-win32-vc14-release-dynamic:crypto_kernel.obj
 0001:00038f30       _srtp_crypto_kernel_init   00439f30 f   libsrtp-i386-win32-vc14-release-dynamic:crypto_kernel.obj
 0001:00039050       _srtp_crypto_kernel_list_debug_modules 0043a050 f   libsrtp-i386-win32-vc14-release-dynamic:crypto_kernel.obj
 0001:000390b0       _srtp_crypto_kernel_load_debug_module 0043a0b0 f   libsrtp-i386-win32-vc14-release-dynamic:crypto_kernel.obj
 0001:00039130       _srtp_crypto_kernel_shutdown 0043a130 f   libsrtp-i386-win32-vc14-release-dynamic:crypto_kernel.obj
 0001:00039230       _srtp_crypto_kernel_status 0043a230 f   libsrtp-i386-win32-vc14-release-dynamic:crypto_kernel.obj
 0001:00039310       _srtp_ekt_alloc            0043a310 f   libsrtp-i386-win32-vc14-release-dynamic:ekt.obj
 0001:00039320       _srtp_ekt_octets_after_base_tag 0043a320 f   libsrtp-i386-win32-vc14-release-dynamic:ekt.obj
 0001:00039340       _srtp_ekt_write_data       0043a340 f   libsrtp-i386-win32-vc14-release-dynamic:ekt.obj
 0001:00039490       _srtp_stream_init_from_ekt 0043a490 f   libsrtp-i386-win32-vc14-release-dynamic:ekt.obj
 0001:0003aa10       _srtp_aes_decrypt          0043ba10 f   libsrtp-i386-win32-vc14-release-dynamic:aes.obj
 0001:0003ab40       _srtp_aes_encrypt          0043bb40 f   libsrtp-i386-win32-vc14-release-dynamic:aes.obj
 0001:0003ac70       _srtp_aes_expand_decryption_key 0043bc70 f   libsrtp-i386-win32-vc14-release-dynamic:aes.obj
 0001:0003ae80       _srtp_aes_expand_encryption_key 0043be80 f   libsrtp-i386-win32-vc14-release-dynamic:aes.obj
 0001:0003aec0       _srtp_sha1_core            0043bec0 f   libsrtp-i386-win32-vc14-release-dynamic:sha1.obj
 0001:0003b3d0       _srtp_sha1_final           0043c3d0 f   libsrtp-i386-win32-vc14-release-dynamic:sha1.obj
 0001:0003b9e0       _srtp_sha1_init            0043c9e0 f   libsrtp-i386-win32-vc14-release-dynamic:sha1.obj
 0001:0003ba20       _srtp_sha1_update          0043ca20 f   libsrtp-i386-win32-vc14-release-dynamic:sha1.obj
 0001:0003baf0       ___WSAFDIsSet@8            0043caf0 f   ws2_32:WS2_32.dll
 0001:0003baf6       @__security_check_cookie@4 0043caf6 f   MSVCRT:_secchk_.obj
 0001:0003bd33       _mainCRTStartup            0043cd33 f   MSVCRT:exe_main.obj
 0001:0003bd40       __aulldiv                  0043cd40 f   MSVCRT:ulldiv.obj
 0001:0003bda8       ___raise_securityfailure   0043cda8 f   MSVCRT:gs_report.obj
 0001:0003bdd0       ___report_gsfailure        0043cdd0 f   MSVCRT:gs_report.obj
 0001:0003becb       ___report_rangecheckfailure 0043cecb f   MSVCRT:gs_report.obj
 0001:0003bed7       ___report_securityfailure  0043ced7 f   MSVCRT:gs_report.obj
 0001:0003bfb0       ___vdecl_cos2              0043cfb0 f   MSVCRT:_svml_dcos2_dispatch_.obj
 0001:0003bfc0       __alldiv                   0043cfc0 f   MSVCRT:lldiv.obj
 0001:0003c070       __allmul                   0043d070 f   MSVCRT:llmul.obj
 0001:0003c0b0       __allshl                   0043d0b0 f   MSVCRT:llshl.obj
 0001:0003c0d0       __ftoui3                   0043d0d0 f   MSVCRT:_ftol3_.obj
 0001:0003c0df       __ftoul3                   0043d0df f   MSVCRT:_ftol3_.obj
 0001:0003c0ee       __ftol3                    0043d0ee f   MSVCRT:_ftol3_.obj
 0001:0003c0fb       __ftol3_NaN                0043d0fb f   MSVCRT:_ftol3_.obj
 0001:0003c113       __ftol3_work               0043d113 f   MSVCRT:_ftol3_.obj
 0001:0003c199       __ftol3_common             0043d199 f   MSVCRT:_ftol3_.obj
 0001:0003c25b       __ftol3_arg_error          0043d25b f   MSVCRT:_ftol3_.obj
 0001:0003c26d       __ftol3_except             0043d26d f   MSVCRT:_ftol3_.obj
 0001:0003c2b1       __dtoui3                   0043d2b1 f   MSVCRT:_ftol3_.obj
 0001:0003c2c0       __dtoul3                   0043d2c0 f   MSVCRT:_ftol3_.obj
 0001:0003c2cf       __dtol3                    0043d2cf f   MSVCRT:_ftol3_.obj
 0001:0003c2dc       __dtol3_NaN                0043d2dc f   MSVCRT:_ftol3_.obj
 0001:0003c2f9       __dtol3_work               0043d2f9 f   MSVCRT:_ftol3_.obj
 0001:0003c3e0       __ultod3                   0043d3e0 f   MSVCRT:_ftol3_.obj
 0001:0003c420       __ltod3                    0043d420 f   MSVCRT:_ftol3_.obj
 0001:0003c450       __chkstk                   0043d450 f   MSVCRT:chkstk.obj
 0001:0003c450       __alloca_probe             0043d450 f   MSVCRT:chkstk.obj
 0001:0003c480       __ftol2_sse                0043d480 f   MSVCRT:_ftol2_.obj
 0001:0003c489       __ftol2_pentium4           0043d489 f   MSVCRT:_ftol2_.obj
 0001:0003c49c       __ftol2_sse_excpt          0043d49c f   MSVCRT:_ftol2_.obj
 0001:0003c4c0       __ftol2                    0043d4c0 f   MSVCRT:_ftol2_.obj
 0001:0003c540       __alloca_probe_16          0043d540 f   MSVCRT:alloca16.obj
 0001:0003c556       __alloca_probe_8           0043d556     MSVCRT:alloca16.obj
 0001:0003c56c       ___isa_available_init      0043d56c f   MSVCRT:_cpu_disp_.obj
 0001:0003c754       ___scrt_acquire_startup_lock 0043d754 f   MSVCRT:utility.obj
 0001:0003c789       ___scrt_initialize_crt     0043d789 f   MSVCRT:utility.obj
 0001:0003c7c2       ___scrt_initialize_onexit_tables 0043d7c2 f   MSVCRT:utility.obj
 0001:0003c859       ___scrt_is_nonwritable_in_current_image 0043d859 f   MSVCRT:utility.obj
 0001:0003c8e3       ___scrt_release_startup_lock 0043d8e3 f   MSVCRT:utility.obj
 0001:0003c900       ___scrt_uninitialize_crt   0043d900 f   MSVCRT:utility.obj
 0001:0003c928       __onexit                   0043d928 f   MSVCRT:utility.obj
 0001:0003c963       _atexit                    0043d963 f   MSVCRT:utility.obj
 0001:0003c978       ___security_init_cookie    0043d978 f   MSVCRT:gs_support.obj
 0001:0003ca14       __get_startup_argv_mode    0043da14 f   MSVCRT:argv_mode.obj
 0001:0003ca18       __get_startup_file_mode    0043da18 f   MSVCRT:file_mode.obj
 0001:0003ca1e       ?__scrt_initialize_type_info@@YAXXZ 0043da1e f   MSVCRT:tncleanup.obj
 0001:0003ca2a       ___scrt_stub_for_acrt_uninitialize 0043da2a f   MSVCRT:ucrt_stubs.obj
 0001:0003ca2a       ___vcrt_initialize         0043da2a f   MSVCRT:ucrt_stubs.obj
 0001:0003ca2a       ___scrt_stub_for_acrt_initialize 0043da2a f   MSVCRT:ucrt_stubs.obj
 0001:0003ca2a       __should_initialize_environment 0043da2a f   MSVCRT:env_mode.obj
 0001:0003ca2a       ___vcrt_uninitialize       0043da2a f   MSVCRT:ucrt_stubs.obj
 0001:0003ca2a       ___acrt_initialize         0043da2a f   MSVCRT:ucrt_stubs.obj
 0001:0003ca2a       ___acrt_uninitialize       0043da2a f   MSVCRT:ucrt_stubs.obj
 0001:0003ca2d       __initialize_default_precision 0043da2d f   MSVCRT:default_precision.obj
 0001:0003ca4e       ___scrt_initialize_default_local_stdio_options 0043da4e f   MSVCRT:default_local_stdio_options.obj
 0001:0003ca6b       ___scrt_is_user_matherr_present 0043da6b f   MSVCRT:matherr_detection.obj
 0001:0003ca77       ___scrt_get_dyn_tls_init_callback 0043da77 f   MSVCRT:dyn_tls_init.obj
 0001:0003ca7d       ___scrt_get_dyn_tls_dtor_callback 0043da7d f   MSVCRT:dyn_tls_dtor.obj
 0001:0003ca83       ___scrt_fastfail           0043da83 f   MSVCRT:utility_desktop.obj
 0001:0003cb9e       ___scrt_is_managed_app     0043db9e f   MSVCRT:utility_desktop.obj
 0001:0003cbe2       ___scrt_set_unhandled_exception_filter 0043dbe2 f   MSVCRT:utility_desktop.obj
 0001:0003cbee       ___scrt_unhandled_exception_filter@4 0043dbee f   MSVCRT:utility_desktop.obj
 0001:0003cc2f       __RTC_Initialize           0043dc2f f   MSVCRT:_initsect_.obj
 0001:0003cc5a       __RTC_Terminate            0043dc5a f   MSVCRT:_initsect_.obj
 0001:0003cc85       @_guard_check_icall@4      0043dc85 f i MSVCRT:checkcfg.obj
 0001:0003cc90       __SEH_prolog4              0043dc90 f   MSVCRT:_sehprolg4_.obj
 0001:0003ccd6       __SEH_epilog4              0043dcd6 f   MSVCRT:_sehprolg4_.obj
 0001:0003cceb       __except_handler4          0043dceb f   MSVCRT:_chandler4gs_.obj
 0001:0003cd10       ___sse2_cos2               0043dd10 f   MSVCRT:_svml_dcos2_sse2_.obj
 0001:0003ceb0       ___scrt_is_ucrt_dll_in_use 0043deb0 f   MSVCRT:ucrt_detection.obj
 0001:0003cec0       ___common_sin_reduction_LA 0043dec0 f   MSVCRT:_svml_dtrig_.obj
 0001:0003d210       ___common_cos_reduction_LA 0043e210 f   MSVCRT:_svml_dtrig_.obj
 0001:0003d500       ___common_pi04_reduction_LA 0043e500 f   MSVCRT:_svml_dtrig_.obj
 0001:0003d810       _IsProcessorFeaturePresent@4 0043e810 f   kernel32:KERNEL32.dll
 0001:0003d816       _memcpy                    0043e816 f   vcruntime:VCRUNTIME140.dll
 0001:0003d81c       _memset                    0043e81c f   vcruntime:VCRUNTIME140.dll
 0001:0003d822       _longjmp                   0043e822 f   vcruntime:VCRUNTIME140.dll
 0001:0003d828       __except_handler4_common   0043e828 f   vcruntime:VCRUNTIME140.dll
 0001:0003d82e       _exit                      0043e82e f   ucrt:api-ms-win-crt-runtime-l1-1-0.dll
 0001:0003d834       __libm_sse2_cos_precise    0043e834 f   ucrt:api-ms-win-crt-math-l1-1-0.dll
 0001:0003d83a       __CIfmod                   0043e83a f   ucrt:api-ms-win-crt-math-l1-1-0.dll
 0001:0003d840       __libm_sse2_log10_precise  0043e840 f   ucrt:api-ms-win-crt-math-l1-1-0.dll
 0001:0003d846       __libm_sse2_pow_precise    0043e846 f   ucrt:api-ms-win-crt-math-l1-1-0.dll
 0001:0003d84c       __libm_sse2_sqrt_precise   0043e84c f   ucrt:api-ms-win-crt-math-l1-1-0.dll
 0001:0003d852       _floor                     0043e852 f   ucrt:api-ms-win-crt-math-l1-1-0.dll
 0001:0003d858       __libm_sse2_exp_precise    0043e858 f   ucrt:api-ms-win-crt-math-l1-1-0.dll
 0001:0003d85e       __libm_sse2_log_precise    0043e85e f   ucrt:api-ms-win-crt-math-l1-1-0.dll
 0001:0003d864       __libm_sse2_acos_precise   0043e864 f   ucrt:api-ms-win-crt-math-l1-1-0.dll
 0001:0003d86a       __seh_filter_exe           0043e86a f   ucrt:api-ms-win-crt-runtime-l1-1-0.dll
 0001:0003d870       __set_app_type             0043e870 f   ucrt:api-ms-win-crt-runtime-l1-1-0.dll
 0001:0003d876       ___setusermatherr          0043e876 f   ucrt:api-ms-win-crt-math-l1-1-0.dll
 0001:0003d87c       __configure_narrow_argv    0043e87c f   ucrt:api-ms-win-crt-runtime-l1-1-0.dll
 0001:0003d882       __initialize_narrow_environment 0043e882 f   ucrt:api-ms-win-crt-runtime-l1-1-0.dll
 0001:0003d888       __get_initial_narrow_environment 0043e888 f   ucrt:api-ms-win-crt-runtime-l1-1-0.dll
 0001:0003d88e       __initterm                 0043e88e f   ucrt:api-ms-win-crt-runtime-l1-1-0.dll
 0001:0003d894       __initterm_e               0043e894 f   ucrt:api-ms-win-crt-runtime-l1-1-0.dll
 0001:0003d89a       __exit                     0043e89a f   ucrt:api-ms-win-crt-runtime-l1-1-0.dll
 0001:0003d8a0       __set_fmode                0043e8a0 f   ucrt:api-ms-win-crt-stdio-l1-1-0.dll
 0001:0003d8a6       ___p___argc                0043e8a6 f   ucrt:api-ms-win-crt-runtime-l1-1-0.dll
 0001:0003d8ac       ___p___argv                0043e8ac f   ucrt:api-ms-win-crt-runtime-l1-1-0.dll
 0001:0003d8b2       __cexit                    0043e8b2 f   ucrt:api-ms-win-crt-runtime-l1-1-0.dll
 0001:0003d8b8       __c_exit                   0043e8b8 f   ucrt:api-ms-win-crt-runtime-l1-1-0.dll
 0001:0003d8be       __register_thread_local_exe_atexit_callback 0043e8be f   ucrt:api-ms-win-crt-runtime-l1-1-0.dll
 0001:0003d8c4       __configthreadlocale       0043e8c4 f   ucrt:api-ms-win-crt-locale-l1-1-0.dll
 0001:0003d8ca       __set_new_mode             0043e8ca f   ucrt:api-ms-win-crt-heap-l1-1-0.dll
 0001:0003d8d0       ___p__commode              0043e8d0 f   ucrt:api-ms-win-crt-stdio-l1-1-0.dll
 0001:0003d8d6       __except1                  0043e8d6 f   ucrt:api-ms-win-crt-math-l1-1-0.dll
 0001:0003d8dc       __initialize_onexit_table  0043e8dc f   ucrt:api-ms-win-crt-runtime-l1-1-0.dll
 0001:0003d8e2       __register_onexit_function 0043e8e2 f   ucrt:api-ms-win-crt-runtime-l1-1-0.dll
 0001:0003d8e8       __crt_atexit               0043e8e8 f   ucrt:api-ms-win-crt-runtime-l1-1-0.dll
 0001:0003d8ee       __controlfp_s              0043e8ee f   ucrt:api-ms-win-crt-runtime-l1-1-0.dll
 0001:0003d8f4       _terminate                 0043e8f4 f   ucrt:api-ms-win-crt-runtime-l1-1-0.dll
 0002:00000000       __imp__QueryPerformanceCounter@4 0043f000     kernel32:KERNEL32.dll
 0002:00000004       __imp__GetModuleHandleW@4  0043f004     kernel32:KERNEL32.dll
 0002:00000008       __imp__IsDebuggerPresent@0 0043f008     kernel32:KERNEL32.dll
 0002:0000000c       __imp__InitializeSListHead@4 0043f00c     kernel32:KERNEL32.dll
 0002:00000010       __imp__GetSystemTimeAsFileTime@4 0043f010     kernel32:KERNEL32.dll
 0002:00000014       __imp__IsProcessorFeaturePresent@4 0043f014     kernel32:KERNEL32.dll
 0002:00000018       __imp__TerminateProcess@8  0043f018     kernel32:KERNEL32.dll
 0002:0000001c       __imp__GetCurrentProcess@0 0043f01c     kernel32:KERNEL32.dll
 0002:00000020       __imp__SetUnhandledExceptionFilter@4 0043f020     kernel32:KERNEL32.dll
 0002:00000024       __imp__UnhandledExceptionFilter@4 0043f024     kernel32:KERNEL32.dll
 0002:00000028       __imp__WriteFile@20        0043f028     kernel32:KERNEL32.dll
 0002:0000002c       __imp__SetFilePointer@16   0043f02c     kernel32:KERNEL32.dll
 0002:00000030       __imp__ReadFile@20         0043f030     kernel32:KERNEL32.dll
 0002:00000034       __imp__CreateFileA@28      0043f034     kernel32:KERNEL32.dll
 0002:00000038       __imp__QueryPerformanceFrequency@4 0043f038     kernel32:KERNEL32.dll
 0002:0000003c       __imp__SystemTimeToFileTime@8 0043f03c     kernel32:KERNEL32.dll
 0002:00000040       __imp__FileTimeToSystemTime@8 0043f040     kernel32:KERNEL32.dll
 0002:00000044       __imp__GetLocalTime@4      0043f044     kernel32:KERNEL32.dll
 0002:00000048       __imp__FormatMessageA@28   0043f048     kernel32:KERNEL32.dll
 0002:0000004c       __imp__SetConsoleTextAttribute@8 0043f04c     kernel32:KERNEL32.dll
 0002:00000050       __imp__TlsFree@4           0043f050     kernel32:KERNEL32.dll
 0002:00000054       __imp__TlsSetValue@8       0043f054     kernel32:KERNEL32.dll
 0002:00000058       __imp__TlsGetValue@4       0043f058     kernel32:KERNEL32.dll
 0002:0000005c       __imp__TlsAlloc@0          0043f05c     kernel32:KERNEL32.dll
 0002:00000060       __imp__GetCurrentThreadId@0 0043f060     kernel32:KERNEL32.dll
 0002:00000064       __imp__CreateThread@24     0043f064     kernel32:KERNEL32.dll
 0002:00000068       __imp__GetCurrentProcessId@0 0043f068     kernel32:KERNEL32.dll
 0002:0000006c       __imp__Sleep@4             0043f06c     kernel32:KERNEL32.dll
 0002:00000070       __imp__WaitForSingleObject@8 0043f070     kernel32:KERNEL32.dll
 0002:00000074       __imp__ReleaseSemaphore@12 0043f074     kernel32:KERNEL32.dll
 0002:00000078       __imp__DeleteCriticalSection@4 0043f078     kernel32:KERNEL32.dll
 0002:0000007c       __imp__TryEnterCriticalSection@4 0043f07c     kernel32:KERNEL32.dll
 0002:00000080       __imp__LeaveCriticalSection@4 0043f080     kernel32:KERNEL32.dll
 0002:00000084       __imp__EnterCriticalSection@4 0043f084     kernel32:KERNEL32.dll
 0002:00000088       __imp__InitializeCriticalSection@4 0043f088     kernel32:KERNEL32.dll
 0002:0000008c       __imp__GetLastError@0      0043f08c     kernel32:KERNEL32.dll
 0002:00000090       __imp__GetStdHandle@4      0043f090     kernel32:KERNEL32.dll
 0002:00000094       __imp__WaitForMultipleObjects@16 0043f094     kernel32:KERNEL32.dll
 0002:00000098       __imp__SetThreadPriority@8 0043f098     kernel32:KERNEL32.dll
 0002:0000009c       __imp__GetCurrentThread@0  0043f09c     kernel32:KERNEL32.dll
 0002:000000a0       __imp__CreateEventA@16     0043f0a0     kernel32:KERNEL32.dll
 0002:000000a4       __imp__SetEvent@4          0043f0a4     kernel32:KERNEL32.dll
 0002:000000a8       __imp__CloseHandle@4       0043f0a8     kernel32:KERNEL32.dll
 0002:000000ac       \177KERNEL32_NULL_THUNK_DATA 0043f0ac     kernel32:KERNEL32.dll
 0002:000000b0       __imp___except_handler4_common 0043f0b0     vcruntime:VCRUNTIME140.dll
 0002:000000b4       __imp__memcpy              0043f0b4     vcruntime:VCRUNTIME140.dll
 0002:000000b8       __imp__memset              0043f0b8     vcruntime:VCRUNTIME140.dll
 0002:000000bc       __imp__memmove             0043f0bc     vcruntime:VCRUNTIME140.dll
 0002:000000c0       __imp__strchr              0043f0c0     vcruntime:VCRUNTIME140.dll
 0002:000000c4       __imp__longjmp             0043f0c4     vcruntime:VCRUNTIME140.dll
 0002:000000c8       \177VCRUNTIME140_NULL_THUNK_DATA 0043f0c8     vcruntime:VCRUNTIME140.dll
 0002:000000cc       __imp__waveInGetNumDevs@0  0043f0cc     winmm:WINMM.dll
 0002:000000d0       __imp__waveOutReset@4      0043f0d0     winmm:WINMM.dll
 0002:000000d4       __imp__waveOutRestart@4    0043f0d4     winmm:WINMM.dll
 0002:000000d8       __imp__waveOutPause@4      0043f0d8     winmm:WINMM.dll
 0002:000000dc       __imp__waveOutWrite@12     0043f0dc     winmm:WINMM.dll
 0002:000000e0       __imp__waveOutUnprepareHeader@12 0043f0e0     winmm:WINMM.dll
 0002:000000e4       __imp__waveOutPrepareHeader@12 0043f0e4     winmm:WINMM.dll
 0002:000000e8       __imp__waveInGetDevCapsA@12 0043f0e8     winmm:WINMM.dll
 0002:000000ec       __imp__waveOutOpen@24      0043f0ec     winmm:WINMM.dll
 0002:000000f0       __imp__waveOutSetVolume@8  0043f0f0     winmm:WINMM.dll
 0002:000000f4       __imp__waveOutGetVolume@8  0043f0f4     winmm:WINMM.dll
 0002:000000f8       __imp__waveOutGetDevCapsA@12 0043f0f8     winmm:WINMM.dll
 0002:000000fc       __imp__waveOutGetNumDevs@0 0043f0fc     winmm:WINMM.dll
 0002:00000100       __imp__waveInGetErrorTextA@12 0043f100     winmm:WINMM.dll
 0002:00000104       __imp__waveOutGetErrorTextA@12 0043f104     winmm:WINMM.dll
 0002:00000108       __imp__waveInOpen@24       0043f108     winmm:WINMM.dll
 0002:0000010c       __imp__waveInClose@4       0043f10c     winmm:WINMM.dll
 0002:00000110       __imp__waveInPrepareHeader@12 0043f110     winmm:WINMM.dll
 0002:00000114       __imp__waveInUnprepareHeader@12 0043f114     winmm:WINMM.dll
 0002:00000118       __imp__waveInReset@4       0043f118     winmm:WINMM.dll
 0002:0000011c       __imp__waveInStop@4        0043f11c     winmm:WINMM.dll
 0002:00000120       __imp__waveInStart@4       0043f120     winmm:WINMM.dll
 0002:00000124       __imp__waveOutClose@4      0043f124     winmm:WINMM.dll
 0002:00000128       __imp__waveInAddBuffer@12  0043f128     winmm:WINMM.dll
 0002:0000012c       \177WINMM_NULL_THUNK_DATA  0043f12c     winmm:WINMM.dll
 0002:00000130       __imp__sendto@24           0043f130     ws2_32:WS2_32.dll
 0002:00000134       __imp__send@16             0043f134     ws2_32:WS2_32.dll
 0002:00000138       __imp__recvfrom@24         0043f138     ws2_32:WS2_32.dll
 0002:0000013c       __imp__recv@16             0043f13c     ws2_32:WS2_32.dll
 0002:00000140       __imp__ntohs@4             0043f140     ws2_32:WS2_32.dll
 0002:00000144       __imp__ntohl@4             0043f144     ws2_32:WS2_32.dll
 0002:00000148       __imp__inet_addr@4         0043f148     ws2_32:WS2_32.dll
 0002:0000014c       __imp__htons@4             0043f14c     ws2_32:WS2_32.dll
 0002:00000150       __imp__htonl@4             0043f150     ws2_32:WS2_32.dll
 0002:00000154       __imp__getsockopt@20       0043f154     ws2_32:WS2_32.dll
 0002:00000158       __imp__getsockname@12      0043f158     ws2_32:WS2_32.dll
 0002:0000015c       __imp__accept@12           0043f15c     ws2_32:WS2_32.dll
 0002:00000160       __imp__WSAGetLastError@0   0043f160     ws2_32:WS2_32.dll
 0002:00000164       __imp__WSACleanup@0        0043f164     ws2_32:WS2_32.dll
 0002:00000168       __imp__WSAStartup@8        0043f168     ws2_32:WS2_32.dll
 0002:0000016c       __imp__WSAStringToAddressA@20 0043f16c     ws2_32:WS2_32.dll
 0002:00000170       __imp__gethostbyname@4     0043f170     ws2_32:WS2_32.dll
 0002:00000174       __imp____WSAFDIsSet@8      0043f174     ws2_32:WS2_32.dll
 0002:00000178       __imp__select@20           0043f178     ws2_32:WS2_32.dll
[...]
 0002:00015adc       .idata$6                   00454adc     ws2_32:WS2_32.dll
 0002:00015ca8       .idata$6                   00454ca8     winmm:WINMM.dll
 0002:0001600c       .idata$6                   0045500c     kernel32:KERNEL32.dll
 0002:00016066       .idata$6                   00455066     vcruntime:VCRUNTIME140.dll
 0002:000163d6       .idata$6                   004553d6     ucrt:api-ms-win-crt-stdio-l1-1-0.dll
 0002:000163f6       .idata$6                   004553f6     ucrt:api-ms-win-crt-runtime-l1-1-0.dll
 0002:00016418       .idata$6                   00455418     ucrt:api-ms-win-crt-convert-l1-1-0.dll
 0002:0001643a       .idata$6                   0045543a     ucrt:api-ms-win-crt-string-l1-1-0.dll
 0002:0001645c       .idata$6                   0045545c     ucrt:api-ms-win-crt-math-l1-1-0.dll
 0002:0001647c       .idata$6                   0045547c     ucrt:api-ms-win-crt-utility-l1-1-0.dll
 0002:0001649e       .idata$6                   0045549e     ucrt:api-ms-win-crt-heap-l1-1-0.dll
 0002:000164be       .idata$6                   004554be     ucrt:api-ms-win-crt-locale-l1-1-0.dll
 0003:00000000       $SG22572                   00456000     pcaputil.obj
 0003:0000000c       $SG22573                   0045600c     pcaputil.obj
 0003:00000018       $SG22574                   00456018     pcaputil.obj
 0003:00000024       $SG22575                   00456024     pcaputil.obj
 0003:00000030       $SG22576                   00456030     pcaputil.obj
 0003:00000038       $SG22577                   00456038     pcaputil.obj
 0003:00000040       $SG22578                   00456040     pcaputil.obj
 0003:00000048       $SG22579                   00456048     pcaputil.obj
 0003:00000050       $SG22580                   00456050     pcaputil.obj
 0003:0000005c       $SG22581                   0045605c     pcaputil.obj
 0003:00000068       $SG22582                   00456068     pcaputil.obj
 0003:00000074       $SG22583                   00456074     pcaputil.obj
 0003:00000080       $SG22584                   00456080     pcaputil.obj
 0003:00000088       $SG22585                   00456088     pcaputil.obj
 0003:00000090       $SG22586                   00456090     pcaputil.obj
 0003:0000009c       $SG22587                   0045609c     pcaputil.obj
 0003:000000a8       $SG22588                   004560a8     pcaputil.obj
 0003:000000b0       $SG22592                   004560b0     pcaputil.obj
 0003:000000c4       $SG22600                   004560c4     pcaputil.obj
 0003:000000dc       $SG22603                   004560dc     pcaputil.obj
 0003:00000110       $SG22605                   00456110     pcaputil.obj
 0003:0000011c       $SG22606                   0045611c     pcaputil.obj
 0003:00000128       $SG22608                   00456128     pcaputil.obj
 0003:0000013c       $SG22610                   0045613c     pcaputil.obj
 0003:00000178       $SG22612                   00456178     pcaputil.obj
 0003:000001a8       $SG22614                   004561a8     pcaputil.obj
 0003:000001d0       $SG19728                   004561d0     pcaputil.obj
 0003:000001e0       _USAGE                     004561e0     pcaputil.obj
 0003:000001e4       $SG22243                   004561e4     pcaputil.obj
 0003:00000200       $SG22220                   00456200     pcaputil.obj
 0003:00000874       $SG22258                   00456874     pcaputil.obj
 0003:00000884       $SG22259                   00456884     pcaputil.obj
 0003:00000890       $SG22297                   00456890     pcaputil.obj
 0003:000008c0       $SG22299                   004568c0     pcaputil.obj
 0003:000008d8       $SG22301                   004568d8     pcaputil.obj
 0003:00000900       $SG22304                   00456900     pcaputil.obj
 0003:00000934       $SG22306                   00456934     pcaputil.obj
 0003:0000095c       $SG22308                   0045695c     pcaputil.obj
 0003:0000097c       $SG22310                   0045697c     pcaputil.obj
 0003:000009a8       $SG22312                   004569a8     pcaputil.obj
 0003:000009bc       $SG22334                   004569bc     pcaputil.obj
 0003:000009dc       $SG22335                   004569dc     pcaputil.obj
 0003:000009e8       $SG2912                    004569e8     pcaputil.obj
 0003:000009fc       $SG2913                    004569fc     pcaputil.obj
 0003:00000a10       $SG22455                   00456a10     pcaputil.obj
 0003:00000a18       $SG22456                   00456a18     pcaputil.obj
 0003:00000a20       $SG22458                   00456a20     pcaputil.obj
 0003:00000a54       $SG22461                   00456a54     pcaputil.obj
 0003:00000a84       $SG22463                   00456a84     pcaputil.obj
 0003:00000ac4       $SG22465                   00456ac4     pcaputil.obj
 0003:00000b00       $SG22469                   00456b00     pcaputil.obj
 0003:00000b3c       $SG22473                   00456b3c     pcaputil.obj
 0003:00000b64       $SG22477                   00456b64     pcaputil.obj
 0003:00000b98       $SG22471                   00456b98     pcaputil.obj
 0003:00000bdc       $SG22475                   00456bdc     pcaputil.obj
 0003:00000c14       $SG22479                   00456c14     pcaputil.obj
 0003:00000c3c       $SG22481                   00456c3c     pcaputil.obj
 0003:00000c64       $SG22484                   00456c64     pcaputil.obj
 0003:00000c68       $SG22486                   00456c68     pcaputil.obj
 0003:00000c9c       $SG22490                   00456c9c     pcaputil.obj
 0003:00000cc4       $SG22495                   00456cc4     pcaputil.obj
 0003:00000cd8       $SG22488                   00456cd8     pcaputil.obj
 0003:00000d24       $SG22502                   00456d24     pcaputil.obj
 0003:00000d50       $SG22494                   00456d50     pcaputil.obj
 0003:00000df0       $SG22497                   00456df0     pcaputil.obj
 0003:00000e48       $SG22499                   00456e48     pcaputil.obj
 0003:00000e9c       $SG22505                   00456e9c     pcaputil.obj
 0003:00000eb4       $SG22512                   00456eb4     pcaputil.obj
 0003:00000ee0       $SG22509                   00456ee0     pcaputil.obj
 0003:00000f28       $SG22515                   00456f28     pcaputil.obj
 0003:00000f40       _g722_op                   00456f40     pjmedia-codec-i386-win32-vc14-release-dynamic:g722.obj
 0003:00000f60       _g722_factory_op           00456f60     pjmedia-codec-i386-win32-vc14-release-dynamic:g722.obj
 0003:00000f78       _gsm_op                    00456f78     pjmedia-codec-i386-win32-vc14-release-dynamic:gsm.obj
 0003:00000f98       _gsm_factory_op            00456f98     pjmedia-codec-i386-win32-vc14-release-dynamic:gsm.obj
 0003:00000fb0       _ilbc_op                   00456fb0     pjmedia-codec-i386-win32-vc14-release-dynamic:ilbc.obj
 0003:00000fd0       _ilbc_factory_op           00456fd0     pjmedia-codec-i386-win32-vc14-release-dynamic:ilbc.obj
 0003:00000fe8       _STR_MODE                  00456fe8     pjmedia-codec-i386-win32-vc14-release-dynamic:ilbc.obj
 0003:00000ff0       _l16_op                    00456ff0     pjmedia-codec-i386-win32-vc14-release-dynamic:l16.obj
 0003:00001010       _l16_factory_op            00457010     pjmedia-codec-i386-win32-vc14-release-dynamic:l16.obj
 0003:00001028       _spx_op                    00457028     pjmedia-codec-i386-win32-vc14-release-dynamic:speex_codec.obj
 0003:00001048       _spx_factory_op            00457048     pjmedia-codec-i386-win32-vc14-release-dynamic:speex_codec.obj
 0003:00001060       _factory_op                00457060     pjmedia-audiodev-i386-win32-vc14-release-dynamic:wmme_dev.obj
 0003:0000107c       _stream_op                 0045707c     pjmedia-audiodev-i386-win32-vc14-release-dynamic:wmme_dev.obj
 0003:00001098       _cap_infos                 00457098     pjmedia-i386-win32-vc14-release-dynamic:audiodev.obj
 0003:00001110       _transport_udp_op          00457110     pjmedia-i386-win32-vc14-release-dynamic:transport_loop.obj
 0003:00001148       _crypto_suites             00457148     pjmedia-i386-win32-vc14-release-dynamic:transport_srtp.obj
 0003:00001224       _transport_srtp_op         00457224     pjmedia-i386-win32-vc14-release-dynamic:transport_srtp.obj
 0003:00001258       _sdes_op                   00457258     pjmedia-i386-win32-vc14-release-dynamic:transport_srtp.obj
 0003:00001290       ?liberr@?1??get_libsrtp_errstr@@9@9 00457290     pjmedia-i386-win32-vc14-release-dynamic:transport_srtp.obj
 0003:000012f4       _g711_op                   004572f4     pjmedia-i386-win32-vc14-release-dynamic:g711.obj
 0003:00001314       _g711_factory_op           00457314     pjmedia-i386-win32-vc14-release-dynamic:g711.obj
 0003:0000132c       _plc_wsola                 0045732c     pjmedia-i386-win32-vc14-release-dynamic:plc_common.obj
 0003:00001340       _thread_tls_id             00457340     pjlib-i386-win32-vc14-release-dynamic:os_core_win32.obj
 0003:00001344       _thread_suspended_tls_id   00457344     pjlib-i386-win32-vc14-release-dynamic:log.obj
 0003:00001348       _thread_indent_tls_id      00457348     pjlib-i386-win32-vc14-release-dynamic:log.obj
 0003:0000134c       _pj_log_max_level          0045734c     pjlib-i386-win32-vc14-release-dynamic:log.obj
 0003:00001350       _log_writer                00457350     pjlib-i386-win32-vc14-release-dynamic:log.obj
 0003:00001354       _log_decor                 00457354     pjlib-i386-win32-vc14-release-dynamic:log.obj
 0003:00001358       _PJ_LOG_COLOR_0            00457358     pjlib-i386-win32-vc14-release-dynamic:log.obj
 0003:0000135c       _PJ_LOG_COLOR_1            0045735c     pjlib-i386-win32-vc14-release-dynamic:log.obj
 0003:00001360       _PJ_LOG_COLOR_2            00457360     pjlib-i386-win32-vc14-release-dynamic:log.obj
 0003:00001364       _PJ_LOG_COLOR_3            00457364     pjlib-i386-win32-vc14-release-dynamic:log.obj
 0003:00001368       _PJ_LOG_COLOR_4            00457368     pjlib-i386-win32-vc14-release-dynamic:log.obj
 0003:0000136c       _PJ_LOG_COLOR_5            0045736c     pjlib-i386-win32-vc14-release-dynamic:log.obj
 0003:00001370       _PJ_LOG_COLOR_6            00457370     pjlib-i386-win32-vc14-release-dynamic:log.obj
 0003:00001374       _PJ_LOG_COLOR_77           00457374     pjlib-i386-win32-vc14-release-dynamic:log.obj
 0003:00001378       ?ltexts@?2??pj_log@@9@9    00457378     pjlib-i386-win32-vc14-release-dynamic:log.obj
 0003:00001394       ?wdays@?3??pj_log@@9@9     00457394     pjlib-i386-win32-vc14-release-dynamic:log.obj
 0003:000013b0       _pool_sizes                004573b0     pjlib-i386-win32-vc14-release-dynamic:pool_caching.obj
 0003:000013f0       _mutex_lock_template       004573f0     pjlib-i386-win32-vc14-release-dynamic:lock.obj
 0003:00001404       _null_lock_template        00457404     pjlib-i386-win32-vc14-release-dynamic:lock.obj
 0003:00001418       _sem_lock_template         00457418     pjlib-i386-win32-vc14-release-dynamic:lock.obj
 0003:0000142c       _thread_local_id           0045742c     pjlib-i386-win32-vc14-release-dynamic:except.obj
 0003:00001430       ?hex@?1??hex2digit@@9@9    00457430     pjlib-i386-win32-vc14-release-dynamic:guid_win32.obj
 0003:00001444       _id                        00457444     pjlib-i386-win32-vc14-release-dynamic:config.obj
 0003:00001448       _tls                       00457448     pjlib-i386-win32-vc14-release-dynamic:pool_buf.obj
 0003:00003158       ?eps@?1??LSF_check@@9@9    00459158     libilbccodec-i386-win32-vc14-release-dynamic:helpfun.obj
 0003:0000315c       ?eps2@?1??LSF_check@@9@9   0045915c     libilbccodec-i386-win32-vc14-release-dynamic:helpfun.obj
 0003:00003160       ?maxlsf@?1??LSF_check@@9@9 00459160     libilbccodec-i386-win32-vc14-release-dynamic:helpfun.obj
 0003:00003164       ?minlsf@?1??LSF_check@@9@9 00459164     libilbccodec-i386-win32-vc14-release-dynamic:helpfun.obj
 0003:00003170       _srtp_event_handler        00459170     libsrtp-i386-win32-vc14-release-dynamic:srtp.obj
 0003:00003600       _app                       00459600     pcaputil.obj
 0003:0000381c       _play_frm_copied           0045981c     pcaputil.obj
 0003:00003820       _play_frm_ready            00459820     pcaputil.obj
 0003:00003824       _g722_codec_factory        00459824     pjmedia-codec-i386-win32-vc14-release-dynamic:g722.obj
 0003:00003858       _gsm_codec_factory         00459858     pjmedia-codec-i386-win32-vc14-release-dynamic:gsm.obj
 0003:00003888       _ilbc_factory              00459888     pjmedia-codec-i386-win32-vc14-release-dynamic:ilbc.obj
 0003:000038a4       _l16_factory               004598a4     pjmedia-codec-i386-win32-vc14-release-dynamic:l16.obj
 0003:000038c0       _spx_factory               004598c0     pjmedia-codec-i386-win32-vc14-release-dynamic:speex_codec.obj
 0003:00003968       ?name@?1??get_fmt_name@@9@9 00459968     pjmedia-audiodev-i386-win32-vc14-release-dynamic:wmme_dev.obj
 0003:00003970       ?rec_cnt@?1??wmme_dev_thread@@9@9 00459970     pjmedia-audiodev-i386-win32-vc14-release-dynamic:wmme_dev.obj
 0003:00003974       ?play_cnt@?1??wmme_dev_thread@@9@9 00459974     pjmedia-audiodev-i386-win32-vc14-release-dynamic:wmme_dev.obj
 0003:00003978       _aud_subsys                00459978     pjmedia-i386-win32-vc14-release-dynamic:audiodev.obj
 0003:00003e48       ?msg@?3??get_libsrtp_errstr@@9@9 00459e48     pjmedia-i386-win32-vc14-release-dynamic:transport_srtp.obj
 0003:00003e68       _libsrtp_initialized       00459e68     pjmedia-i386-win32-vc14-release-dynamic:transport_srtp.obj
 0003:00003e6c       _g711_factory              00459e6c     pjmedia-i386-win32-vc14-release-dynamic:g711.obj
 0003:00003ea0       _event_manager_instance    00459ea0     pjmedia-i386-win32-vc14-release-dynamic:event.obj
 0003:00003ea8       ?ev_queue@?9??pjmedia_event_publish@@9@9 00459ea8     pjmedia-i386-win32-vc14-release-dynamic:event.obj
 0003:00004338       _is_initialized            0045a338     pjmedia-i386-win32-vc14-release-dynamic:sdp.obj
 0003:00004340       _cis_buf                   0045a340     pjmedia-i386-win32-vc14-release-dynamic:sdp.obj
 0003:00004744       _cs_digit                  0045a744     pjmedia-i386-win32-vc14-release-dynamic:sdp.obj
 0003:0000474c       _cs_token                  0045a74c     pjmedia-i386-win32-vc14-release-dynamic:sdp.obj
 0003:00004758       ___getopt_initialized      0045a758     pjlib-util-i386-win32-vc14-release-dynamic:getopt.obj
 0003:0000475c       _nextchar                  0045a75c     pjlib-util-i386-win32-vc14-release-dynamic:getopt.obj
 0003:00004760       _ordering                  0045a760     pjlib-util-i386-win32-vc14-release-dynamic:getopt.obj
 0003:00004764       _posixly_correct           0045a764     pjlib-util-i386-win32-vc14-release-dynamic:getopt.obj
 0003:00004768       _first_nonopt              0045a768     pjlib-util-i386-win32-vc14-release-dynamic:getopt.obj
 0003:0000476c       _last_nonopt               0045a76c     pjlib-util-i386-win32-vc14-release-dynamic:getopt.obj
 0003:00004770       _initialized               0045a770     pjlib-i386-win32-vc14-release-dynamic:os_core_win32.obj
 0003:00004774       _atexit_count              0045a774     pjlib-i386-win32-vc14-release-dynamic:os_core_win32.obj
 0003:00004778       _main_thread               0045a778     pjlib-i386-win32-vc14-release-dynamic:os_core_win32.obj
 0003:00004878       _critical_section_mutex    0045a878     pjlib-i386-win32-vc14-release-dynamic:os_core_win32.obj
 0003:000048b0       _atexit_func               0045a8b0     pjlib-i386-win32-vc14-release-dynamic:os_core_win32.obj
 0003:00004930       ?buf@?1??pj_gethostname@@9@9 0045a930     pjlib-i386-win32-vc14-release-dynamic:sock_bsd.obj
 0003:000049b0       ?hostname@?1??pj_gethostname@@9@9 0045a9b0     pjlib-i386-win32-vc14-release-dynamic:sock_bsd.obj
 0003:000049b8       _err_msg_hnd_cnt           0045a9b8     pjlib-i386-win32-vc14-release-dynamic:errno.obj
 0003:000049c0       _err_msg_hnd               0045a9c0     pjlib-i386-win32-vc14-release-dynamic:errno.obj
 0003:00004a38       _g_last_thread             0045aa38     pjlib-i386-win32-vc14-release-dynamic:log.obj
 0003:00004a40       _base_time                 0045aa40     pjlib-i386-win32-vc14-release-dynamic:os_time_win32.obj
 0003:00004a48       _exception_id_names        0045aa48     pjlib-i386-win32-vc14-release-dynamic:except.obj
 0003:00004a88       ?unknown_name@?1??pj_exception_id_name@@9@9 0045aa88     pjlib-i386-win32-vc14-release-dynamic:except.obj
 0003:00004aa8       _s_hDLL                    0045aaa8     pjlib-i386-win32-vc14-release-dynamic:ip_helper_win32.obj
 0003:00004aac       _s_pfnGetIpAddrTable       0045aaac     pjlib-i386-win32-vc14-release-dynamic:ip_helper_win32.obj
 0003:00004ab0       _s_pfnGetAdapterAddresses  0045aab0     pjlib-i386-win32-vc14-release-dynamic:ip_helper_win32.obj
 0003:00004ab4       _s_pfnGetIpForwardTable    0045aab4     pjlib-i386-win32-vc14-release-dynamic:ip_helper_win32.obj
 0003:00004ab8       _s_pfnGetIfEntry           0045aab8     pjlib-i386-win32-vc14-release-dynamic:ip_helper_win32.obj
 0003:00004abc       _stack_based_factory       0045aabc     pjlib-i386-win32-vc14-release-dynamic:pool_buf.obj
 0003:00004ae0       _is_initialized            0045aae0     pjlib-i386-win32-vc14-release-dynamic:pool_buf.obj
 0003:00004ae4       _srtp_log_handler          0045aae4     libsrtp-i386-win32-vc14-release-dynamic:srtp.obj
 0003:00004ae8       _srtp_log_handler_data     0045aae8     libsrtp-i386-win32-vc14-release-dynamic:srtp.obj
 0003:00004b00       _srtp_aes_icm_128_test_case_0_nonce 0045ab00     libsrtp-i386-win32-vc14-release-dynamic:aes_icm.obj
 0003:00004b10       _srtp_aes_icm_256_test_case_0_nonce 0045ab10     libsrtp-i386-win32-vc14-release-dynamic:aes_icm.obj
 0003:00004b20       _GS_ExceptionRecord        0045ab20     MSVCRT:gs_report.obj
 0003:00004b70       _GS_ContextRecord          0045ab70     MSVCRT:gs_report.obj
 0003:00004e4c       ?module_local_atexit_table@@3U_onexit_table_t@@A 0045ae4c     MSVCRT:utility.obj
 0003:00004e58       ?module_local_at_quick_exit_table@@3U_onexit_table_t@@A 0045ae58     MSVCRT:utility.obj
 0003:00004e64       ?is_initialized_as_dll@@3_NA 0045ae64     MSVCRT:utility.obj
 0004:00000000       __guard_fids__             0045c000     MSVCRT:exe_main.obj
 0004:00000004       __guard_fids__             0045c004     MSVCRT:exe_main.obj
 0004:00000008       __guard_fids__             0045c008     MSVCRT:exe_main.obj
 0004:0000000c       __guard_fids_?pre_c_initialization@@YAHXZ 0045c00c     MSVCRT:exe_main.obj
 0004:00000014       __guard_fids____scrt_set_unhandled_exception_filter 0045c014     MSVCRT:utility_desktop.obj
 0004:00000018       __guard_fids___except_handler4 0045c018     MSVCRT:_chandler4gs_.obj
 0004:0000001c       __guard_fids__             0045c01c     MSVCRT:guard_support.obj
 0005:00000000       _static_const_table        0045d000     MSVCRT:_svml_dcos2_sse2_.obj
 0005:00000200       __e02PI                    0045d200     MSVCRT:_svml_dtrig_.obj
 0005:000003a0       __e04PI                    0045d3a0     MSVCRT:_svml_dtrig_.obj
 0005:00000530       _2il0floatpacket_2         0045d530     MSVCRT:_svml_dtrig_.obj
 0005:00000540       _2il0floatpacket_9         0045d540     MSVCRT:_svml_dtrig_.obj
 0005:00000550       _2il0floatpacket_12        0045d550     MSVCRT:_svml_dtrig_.obj
 0005:00000560       __dPI02                    0045d560     MSVCRT:_svml_dtrig_.obj
 0005:00000570       __d02PI                    0045d570     MSVCRT:_svml_dtrig_.obj
 0005:00000580       __DP4                      0045d580     MSVCRT:_svml_dtrig_.obj
 0005:000005a0       __dPI04                    0045d5a0     MSVCRT:_svml_dtrig_.obj
 0005:000005b0       __d04PI                    0045d5b0     MSVCRT:_svml_dtrig_.obj
 0005:000005c0       __QP4                      0045d5c0     MSVCRT:_svml_dtrig_.obj
