 sipecho

 Timestamp is 5e5eb1ba (Tue Mar  3 15:36:26 2020)

 Preferred load address is 00400000

 Start         Length     Name                   Class
 0001:00000000 0003527aH .text$mn                CODE
 0002:00000000 00000210H .idata$5                DATA
 0002:00000210 00000004H .00cfg                  DATA
 0002:00000214 00000004H .CRT$XCA                DATA
 0002:00000218 00000004H .CRT$XCAA               DATA
 0002:0000021c 00000004H .CRT$XCZ                DATA
 0002:00000220 00000004H .CRT$XIA                DATA
 0002:00000224 00000004H .CRT$XIAA               DATA
 0002:00000228 00000004H .CRT$XIAC               DATA
 0002:0000022c 00000004H .CRT$XIZ                DATA
 0002:00000230 00000004H .CRT$XPA                DATA
 0002:00000234 00000004H .CRT$XPZ                DATA
 0002:00000238 00000004H .CRT$XTA                DATA
 0002:0000023c 00000004H .CRT$XTZ                DATA
 0002:00000240 000073a0H .rdata                  DATA
 0002:000075e0 00000004H .rdata$sxdata           DATA
 0002:000075e4 00000240H .rdata$zzzdbg           DATA
 0002:00007824 00000004H .rtc$IAA                DATA
 0002:00007828 00000004H .rtc$IZZ                DATA
 0002:0000782c 00000004H .rtc$TAA                DATA
 0002:00007830 00000008H .rtc$TZZ                DATA
 0002:00007838 0000003cH .xdata$x                DATA
 0002:00007874 00000000H .edata                  DATA
 0002:00007874 000000f0H .idata$2                DATA
 0002:00007964 00000014H .idata$3                DATA
 0002:00007978 00000210H .idata$4                DATA
 0002:00007b88 000007c2H .idata$6                DATA
 0003:00000000 000011c8H .data                   DATA
 0003:000011c8 000042f8H .bss                    DATA
 0004:00000000 00000020H .gfids$y                DATA

  Address         Publics by Value              Rva+Base       Lib:Object

 0000:00000000       ___guard_fids_count        00000000     <absolute>
 0000:00000000       ___guard_longjmp_count     00000000     <absolute>
 0000:00000000       ___guard_fids_table        00000000     <absolute>
 0000:00000000       ___dynamic_value_reloc_table 00000000     <absolute>
 0000:00000000       ___guard_longjmp_table     00000000     <absolute>
 0000:00000000       ___guard_iat_table         00000000     <absolute>
 0000:00000000       ___guard_iat_count         00000000     <absolute>
 0000:00000001       ___safe_se_handler_count   00000001     <absolute>
 0000:00000100       ___guard_flags             00000100     <absolute>
 0000:00000000       ___ImageBase               00400000     <linker-defined>
 0001:000000d0       _get_snd_options           004010d0 f   sipecho.obj
 0001:000004c0       _dump_pool_usage           004014c0 f   sipecho.obj
 0001:000011b0       _main                      004021b0 f   sipecho.obj
 0001:000015e0       ___local_stdio_printf_options 004025e0 f i sipecho.obj
 0001:000015f0       _printf                    004025f0 f i sipecho.obj
 0001:00001620       _sprintf                   00402620 f i sipecho.obj
 0001:00001710       __matherr                  00402710 f   MSVCRT:matherr.obj
 0001:00001710       __get_startup_commit_mode  00402710 f   MSVCRT:commit_mode.obj
 0001:00001710       __get_startup_new_mode     00402710 f   MSVCRT:new_mode.obj
 0001:00001710       ___scrt_initialize_winrt   00402710 f   MSVCRT:utility_desktop.obj
 0001:00001710       __get_startup_thread_locale_mode 00402710 f   MSVCRT:thread_locale.obj
 0001:00002f20       __snprintf                 00403f20 f i pjsip-ua-i386-win32-vc14-release-dynamic:sip_inv.obj
 0001:000049b0       _pjsip_create_sdp_body     004059b0 f   pjsip-ua-i386-win32-vc14-release-dynamic:sip_inv.obj
 0001:00004a30       _pjsip_inv_add_ref         00405a30 f   pjsip-ua-i386-win32-vc14-release-dynamic:sip_inv.obj
 0001:00004a60       _pjsip_inv_answer          00405a60 f   pjsip-ua-i386-win32-vc14-release-dynamic:sip_inv.obj
 0001:00004b70       _pjsip_inv_cancel_reinvite 00405b70 f   pjsip-ua-i386-win32-vc14-release-dynamic:sip_inv.obj
 0001:00004c30       _pjsip_inv_create_ack      00405c30 f   pjsip-ua-i386-win32-vc14-release-dynamic:sip_inv.obj
 0001:00004d00       _pjsip_inv_create_uac      00405d00 f   pjsip-ua-i386-win32-vc14-release-dynamic:sip_inv.obj
 0001:00004ea0       _pjsip_inv_create_uas      00405ea0 f   pjsip-ua-i386-win32-vc14-release-dynamic:sip_inv.obj
 0001:000050f0       _pjsip_inv_end_session     004060f0 f   pjsip-ua-i386-win32-vc14-release-dynamic:sip_inv.obj
 0001:00005270       _pjsip_inv_initial_answer  00406270 f   pjsip-ua-i386-win32-vc14-release-dynamic:sip_inv.obj
 0001:000053b0       _pjsip_inv_invite          004063b0 f   pjsip-ua-i386-win32-vc14-release-dynamic:sip_inv.obj
 0001:00005610       _pjsip_inv_process_redirect 00406610 f   pjsip-ua-i386-win32-vc14-release-dynamic:sip_inv.obj
 0001:00005940       _pjsip_inv_send_msg        00406940 f   pjsip-ua-i386-win32-vc14-release-dynamic:sip_inv.obj
 0001:00005ae0       _pjsip_inv_set_sdp_answer  00406ae0 f   pjsip-ua-i386-win32-vc14-release-dynamic:sip_inv.obj
 0001:00005b30       _pjsip_inv_state_name      00406b30 f   pjsip-ua-i386-win32-vc14-release-dynamic:sip_inv.obj
 0001:00005b50       _pjsip_inv_uac_restart     00406b50 f   pjsip-ua-i386-win32-vc14-release-dynamic:sip_inv.obj
 0001:00005bc0       _pjsip_inv_update          00406bc0 f   pjsip-ua-i386-win32-vc14-release-dynamic:sip_inv.obj
 0001:00005dd0       _pjsip_inv_usage_init      00406dd0 f   pjsip-ua-i386-win32-vc14-release-dynamic:sip_inv.obj
 0001:00005e30       _pjsip_rdata_get_sdp_info  00406e30 f   pjsip-ua-i386-win32-vc14-release-dynamic:sip_inv.obj
 0001:00006600       _pjsip_100rel_attach       00407600 f   pjsip-ua-i386-win32-vc14-release-dynamic:sip_100rel.obj
 0001:00006670       _pjsip_100rel_create_prack 00407670 f   pjsip-ua-i386-win32-vc14-release-dynamic:sip_100rel.obj
 0001:00006960       _pjsip_100rel_end_session  00407960 f   pjsip-ua-i386-win32-vc14-release-dynamic:sip_100rel.obj
 0001:000069c0       _pjsip_100rel_init_module  004079c0 f   pjsip-ua-i386-win32-vc14-release-dynamic:sip_100rel.obj
 0001:000069f0       _pjsip_100rel_is_reliable  004079f0 f   pjsip-ua-i386-win32-vc14-release-dynamic:sip_100rel.obj
 0001:00006a40       _pjsip_100rel_on_rx_prack  00407a40 f   pjsip-ua-i386-win32-vc14-release-dynamic:sip_100rel.obj
 0001:00006c20       _pjsip_100rel_send_prack   00407c20 f   pjsip-ua-i386-win32-vc14-release-dynamic:sip_100rel.obj
 0001:00006c60       _pjsip_100rel_tx_response  00407c60 f   pjsip-ua-i386-win32-vc14-release-dynamic:sip_100rel.obj
 0001:00007440       _pjsip_sess_expires_hdr_create 00408440 f   pjsip-ua-i386-win32-vc14-release-dynamic:sip_timer.obj
 0001:000074a0       _pjsip_timer_end_session   004084a0 f   pjsip-ua-i386-win32-vc14-release-dynamic:sip_timer.obj
 0001:000074d0       _pjsip_timer_handle_refresh_error 004084d0 f   pjsip-ua-i386-win32-vc14-release-dynamic:sip_timer.obj
 0001:00007660       _pjsip_timer_init_session  00408660 f   pjsip-ua-i386-win32-vc14-release-dynamic:sip_timer.obj
 0001:000076f0       _pjsip_timer_process_req   004086f0 f   pjsip-ua-i386-win32-vc14-release-dynamic:sip_timer.obj
 0001:00007900       _pjsip_timer_process_resp  00408900 f   pjsip-ua-i386-win32-vc14-release-dynamic:sip_timer.obj
 0001:00007ce0       _pjsip_timer_update_req    00408ce0 f   pjsip-ua-i386-win32-vc14-release-dynamic:sip_timer.obj
 0001:00007d70       _pjsip_timer_update_resp   00408d70 f   pjsip-ua-i386-win32-vc14-release-dynamic:sip_timer.obj
 0001:000099c0       _pjsip_accept_hdr_create   0040a9c0 f   pjsip-core-i386-win32-vc14-release-dynamic:sip_msg.obj
 0001:00009a10       _pjsip_allow_hdr_create    0040aa10 f   pjsip-core-i386-win32-vc14-release-dynamic:sip_msg.obj
 0001:00009a60       _pjsip_cid_hdr_create      0040aa60 f   pjsip-core-i386-win32-vc14-release-dynamic:sip_msg.obj
 0001:00009ad0       _pjsip_clen_hdr_create     0040aad0 f   pjsip-core-i386-win32-vc14-release-dynamic:sip_msg.obj
 0001:00009b30       _pjsip_clone_text_data     0040ab30 f   pjsip-core-i386-win32-vc14-release-dynamic:sip_msg.obj
 0001:00009b70       _pjsip_contact_hdr_create  0040ab70 f   pjsip-core-i386-win32-vc14-release-dynamic:sip_msg.obj
 0001:00009b90       _pjsip_contact_hdr_init    0040ab90 f   pjsip-core-i386-win32-vc14-release-dynamic:sip_msg.obj
 0001:00009c00       _pjsip_cseq_hdr_create     0040ac00 f   pjsip-core-i386-win32-vc14-release-dynamic:sip_msg.obj
 0001:00009c60       _pjsip_ctype_hdr_create    0040ac60 f   pjsip-core-i386-win32-vc14-release-dynamic:sip_msg.obj
 0001:00009c80       _pjsip_ctype_hdr_init      0040ac80 f   pjsip-core-i386-win32-vc14-release-dynamic:sip_msg.obj
 0001:00009cf0       _pjsip_expires_hdr_create  0040acf0 f   pjsip-core-i386-win32-vc14-release-dynamic:sip_msg.obj
 0001:00009d40       _pjsip_from_hdr_create     0040ad40 f   pjsip-core-i386-win32-vc14-release-dynamic:sip_msg.obj
 0001:00009d60       _pjsip_from_hdr_init       0040ad60 f   pjsip-core-i386-win32-vc14-release-dynamic:sip_msg.obj
 0001:00009dd0       _pjsip_fromto_hdr_set_from 0040add0 f   pjsip-core-i386-win32-vc14-release-dynamic:sip_msg.obj
 0001:00009e00       _pjsip_fromto_hdr_set_to   0040ae00 f   pjsip-core-i386-win32-vc14-release-dynamic:sip_msg.obj
 0001:00009e30       _pjsip_generic_array_hdr_init 0040ae30 f   pjsip-core-i386-win32-vc14-release-dynamic:sip_msg.obj
 0001:00009ea0       _pjsip_generic_string_hdr_create 0040aea0 f   pjsip-core-i386-win32-vc14-release-dynamic:sip_msg.obj
 0001:00009f10       _pjsip_generic_string_hdr_init2 0040af10 f   pjsip-core-i386-win32-vc14-release-dynamic:sip_msg.obj
 0001:00009f90       _pjsip_get_ack_method      0040af90 f   pjsip-core-i386-win32-vc14-release-dynamic:sip_msg.obj
 0001:00009fa0       _pjsip_get_bye_method      0040afa0 f   pjsip-core-i386-win32-vc14-release-dynamic:sip_msg.obj
 0001:00009fb0       _pjsip_get_cancel_method   0040afb0 f   pjsip-core-i386-win32-vc14-release-dynamic:sip_msg.obj
 0001:00009fc0       _pjsip_get_invite_method   0040afc0 f   pjsip-core-i386-win32-vc14-release-dynamic:sip_msg.obj
 0001:00009fd0       _pjsip_get_status_text     0040afd0 f   pjsip-core-i386-win32-vc14-release-dynamic:sip_msg.obj
 0001:0000a010       _pjsip_hdr_clone           0040b010 f   pjsip-core-i386-win32-vc14-release-dynamic:sip_msg.obj
 0001:0000a030       _pjsip_hdr_print_on        0040b030 f   pjsip-core-i386-win32-vc14-release-dynamic:sip_msg.obj
 0001:0000a050       _pjsip_hdr_shallow_clone   0040b050 f   pjsip-core-i386-win32-vc14-release-dynamic:sip_msg.obj
 0001:0000a070       _pjsip_max_fwd_hdr_create  0040b070 f   pjsip-core-i386-win32-vc14-release-dynamic:sip_msg.obj
 0001:0000a0c0       _pjsip_media_type_cmp      0040b0c0 f   pjsip-core-i386-win32-vc14-release-dynamic:sip_msg.obj
 0001:0000a120       _pjsip_media_type_cp       0040b120 f   pjsip-core-i386-win32-vc14-release-dynamic:sip_msg.obj
 0001:0000a170       _pjsip_media_type_init     0040b170 f   pjsip-core-i386-win32-vc14-release-dynamic:sip_msg.obj
 0001:0000a1c0       _pjsip_media_type_init2    0040b1c0 f   pjsip-core-i386-win32-vc14-release-dynamic:sip_msg.obj
 0001:0000a230       _pjsip_media_type_print    0040b230 f   pjsip-core-i386-win32-vc14-release-dynamic:sip_msg.obj
 0001:0000a240       _pjsip_method_cmp          0040b240 f   pjsip-core-i386-win32-vc14-release-dynamic:sip_msg.obj
 0001:0000a280       _pjsip_method_copy         0040b280 f   pjsip-core-i386-win32-vc14-release-dynamic:sip_msg.obj
 0001:0000a2c0       _pjsip_method_init_np      0040b2c0 f   pjsip-core-i386-win32-vc14-release-dynamic:sip_msg.obj
 0001:0000a330       _pjsip_min_expires_hdr_create 0040b330 f   pjsip-core-i386-win32-vc14-release-dynamic:sip_msg.obj
 0001:0000a380       _pjsip_msg_body_clone      0040b380 f   pjsip-core-i386-win32-vc14-release-dynamic:sip_msg.obj
 0001:0000a3c0       _pjsip_msg_body_copy       0040b3c0 f   pjsip-core-i386-win32-vc14-release-dynamic:sip_msg.obj
 0001:0000a440       _pjsip_msg_create          0040b440 f   pjsip-core-i386-win32-vc14-release-dynamic:sip_msg.obj
 0001:0000a470       _pjsip_msg_find_hdr        0040b470 f   pjsip-core-i386-win32-vc14-release-dynamic:sip_msg.obj
 0001:0000a4a0       _pjsip_msg_find_hdr_by_name 0040b4a0 f   pjsip-core-i386-win32-vc14-release-dynamic:sip_msg.obj
 0001:0000a4f0       _pjsip_msg_find_hdr_by_names 0040b4f0 f   pjsip-core-i386-win32-vc14-release-dynamic:sip_msg.obj
 0001:0000a550       _pjsip_msg_print           0040b550 f   pjsip-core-i386-win32-vc14-release-dynamic:sip_msg.obj
 0001:0000a860       _pjsip_print_text_body     0040b860 f   pjsip-core-i386-win32-vc14-release-dynamic:sip_msg.obj
 0001:0000a890       _pjsip_require_hdr_create  0040b890 f   pjsip-core-i386-win32-vc14-release-dynamic:sip_msg.obj
 0001:0000a8e0       _pjsip_retry_after_hdr_create 0040b8e0 f   pjsip-core-i386-win32-vc14-release-dynamic:sip_msg.obj
 0001:0000a940       _pjsip_route_hdr_create    0040b940 f   pjsip-core-i386-win32-vc14-release-dynamic:sip_msg.obj
 0001:0000a9a0       _pjsip_routing_hdr_set_route 0040b9a0 f   pjsip-core-i386-win32-vc14-release-dynamic:sip_msg.obj
 0001:0000a9d0       _pjsip_rr_hdr_create       0040b9d0 f   pjsip-core-i386-win32-vc14-release-dynamic:sip_msg.obj
 0001:0000aa30       _pjsip_supported_hdr_create 0040ba30 f   pjsip-core-i386-win32-vc14-release-dynamic:sip_msg.obj
 0001:0000aaa0       _pjsip_to_hdr_create       0040baa0 f   pjsip-core-i386-win32-vc14-release-dynamic:sip_msg.obj
 0001:0000aac0       _pjsip_to_hdr_init         0040bac0 f   pjsip-core-i386-win32-vc14-release-dynamic:sip_msg.obj
 0001:0000ab30       _pjsip_unsupported_hdr_create 0040bb30 f   pjsip-core-i386-win32-vc14-release-dynamic:sip_msg.obj
 0001:0000ab80       _pjsip_via_hdr_create      0040bb80 f   pjsip-core-i386-win32-vc14-release-dynamic:sip_msg.obj
 0001:0000aba0       _pjsip_via_hdr_init        0040bba0 f   pjsip-core-i386-win32-vc14-release-dynamic:sip_msg.obj
 0001:0000ac20       _pjsip_warning_hdr_create  0040bc20 f   pjsip-core-i386-win32-vc14-release-dynamic:sip_msg.obj
 0001:0000acc0       _pjsip_warning_hdr_create_from_status 0040bcc0 f   pjsip-core-i386-win32-vc14-release-dynamic:sip_msg.obj
 0001:0000afc0       _pjsip_rx_data_get_info    0040bfc0 f   pjsip-core-i386-win32-vc14-release-dynamic:sip_transport.obj
 0001:0000b050       _pjsip_tpmgr_acquire_transport2 0040c050 f   pjsip-core-i386-win32-vc14-release-dynamic:sip_transport.obj
 0001:0000b340       _pjsip_tpmgr_create        0040c340 f   pjsip-core-i386-win32-vc14-release-dynamic:sip_transport.obj
 0001:0000b490       _pjsip_tpmgr_destroy       0040c490 f   pjsip-core-i386-win32-vc14-release-dynamic:sip_transport.obj
 0001:0000b5b0       _pjsip_tpmgr_get_state_cb  0040c5b0 f   pjsip-core-i386-win32-vc14-release-dynamic:sip_transport.obj
 0001:0000b620       _pjsip_tpmgr_receive_packet 0040c620 f   pjsip-core-i386-win32-vc14-release-dynamic:sip_transport.obj
 0001:0000bbc0       _pjsip_tpmgr_register_tpfactory 0040cbc0 f   pjsip-core-i386-win32-vc14-release-dynamic:sip_transport.obj
 0001:0000bc20       _pjsip_tpmgr_unregister_tpfactory 0040cc20 f   pjsip-core-i386-win32-vc14-release-dynamic:sip_transport.obj
 0001:0000bc50       _pjsip_tpselector_add_ref  0040cc50 f   pjsip-core-i386-win32-vc14-release-dynamic:sip_transport.obj
 0001:0000bc70       _pjsip_tpselector_dec_ref  0040cc70 f   pjsip-core-i386-win32-vc14-release-dynamic:sip_transport.obj
 0001:0000bc90       _pjsip_transport_add_ref   0040cc90 f   pjsip-core-i386-win32-vc14-release-dynamic:sip_transport.obj
 0001:0000bd80       _pjsip_transport_add_state_listener 0040cd80 f   pjsip-core-i386-win32-vc14-release-dynamic:sip_transport.obj
 0001:0000be60       _pjsip_transport_dec_ref   0040ce60 f   pjsip-core-i386-win32-vc14-release-dynamic:sip_transport.obj
 0001:0000bfb0       _pjsip_transport_destroy   0040cfb0 f   pjsip-core-i386-win32-vc14-release-dynamic:sip_transport.obj
 0001:0000c020       _pjsip_transport_get_default_port_for_type 0040d020 f   pjsip-core-i386-win32-vc14-release-dynamic:sip_transport.obj
 0001:0000c060       _pjsip_transport_get_flag_from_type 0040d060 f   pjsip-core-i386-win32-vc14-release-dynamic:sip_transport.obj
 0001:0000c0a0       _pjsip_transport_get_type_desc 0040d0a0 f   pjsip-core-i386-win32-vc14-release-dynamic:sip_transport.obj
 0001:0000c0e0       _pjsip_transport_get_type_from_flag 0040d0e0 f   pjsip-core-i386-win32-vc14-release-dynamic:sip_transport.obj
 0001:0000c120       _pjsip_transport_get_type_from_name 0040d120 f   pjsip-core-i386-win32-vc14-release-dynamic:sip_transport.obj
 0001:0000c180       _pjsip_transport_get_type_name 0040d180 f   pjsip-core-i386-win32-vc14-release-dynamic:sip_transport.obj
 0001:0000c1c0       _pjsip_transport_register  0040d1c0 f   pjsip-core-i386-win32-vc14-release-dynamic:sip_transport.obj
 0001:0000c2d0       _pjsip_transport_remove_state_listener 0040d2d0 f   pjsip-core-i386-win32-vc14-release-dynamic:sip_transport.obj
 0001:0000c370       _pjsip_transport_send      0040d370 f   pjsip-core-i386-win32-vc14-release-dynamic:sip_transport.obj
 0001:0000c4d0       _pjsip_transport_shutdown  0040d4d0 f   pjsip-core-i386-win32-vc14-release-dynamic:sip_transport.obj
 0001:0000c4f0       _pjsip_transport_shutdown2 0040d4f0 f   pjsip-core-i386-win32-vc14-release-dynamic:sip_transport.obj
 0001:0000c600       _pjsip_transport_type_get_af 0040d600 f   pjsip-core-i386-win32-vc14-release-dynamic:sip_transport.obj
 0001:0000c620       _pjsip_tx_data_add_ref     0040d620 f   pjsip-core-i386-win32-vc14-release-dynamic:sip_transport.obj
 0001:0000c640       _pjsip_tx_data_clone       0040d640 f   pjsip-core-i386-win32-vc14-release-dynamic:sip_transport.obj
 0001:0000c780       _pjsip_tx_data_create      0040d780 f   pjsip-core-i386-win32-vc14-release-dynamic:sip_transport.obj
 0001:0000c890       _pjsip_tx_data_dec_ref     0040d890 f   pjsip-core-i386-win32-vc14-release-dynamic:sip_transport.obj
 0001:0000c8d0       _pjsip_tx_data_encode      0040d8d0 f   pjsip-core-i386-win32-vc14-release-dynamic:sip_transport.obj
 0001:0000c9c0       _pjsip_tx_data_get_info    0040d9c0 f   pjsip-core-i386-win32-vc14-release-dynamic:sip_transport.obj
 0001:0000ca20       _pjsip_tx_data_invalidate_msg 0040da20 f   pjsip-core-i386-win32-vc14-release-dynamic:sip_transport.obj
 0001:0000ca40       _pjsip_tx_data_set_transport 0040da40 f   pjsip-core-i386-win32-vc14-release-dynamic:sip_transport.obj
 0001:0000cf10       _pjsip_endpt_acquire_transport2 0040df10 f   pjsip-core-i386-win32-vc14-release-dynamic:sip_endpoint.obj
 0001:0000cf40       _pjsip_endpt_add_capability 0040df40 f   pjsip-core-i386-win32-vc14-release-dynamic:sip_endpoint.obj
 0001:0000d030       _pjsip_endpt_atexit        0040e030 f   pjsip-core-i386-win32-vc14-release-dynamic:sip_endpoint.obj
 0001:0000d090       _pjsip_endpt_cancel_timer  0040e090 f   pjsip-core-i386-win32-vc14-release-dynamic:sip_endpoint.obj
 0001:0000d0b0       _pjsip_endpt_create        0040e0b0 f   pjsip-core-i386-win32-vc14-release-dynamic:sip_endpoint.obj
 0001:0000d360       _pjsip_endpt_create_pool   0040e360 f   pjsip-core-i386-win32-vc14-release-dynamic:sip_endpoint.obj
 0001:0000d3b0       _pjsip_endpt_create_tdata  0040e3b0 f   pjsip-core-i386-win32-vc14-release-dynamic:sip_endpoint.obj
 0001:0000d3d0       _pjsip_endpt_destroy       0040e3d0 f   pjsip-core-i386-win32-vc14-release-dynamic:sip_endpoint.obj
 0001:0000d510       _pjsip_endpt_get_capability 0040e510 f   pjsip-core-i386-win32-vc14-release-dynamic:sip_endpoint.obj
 0001:0000d540       _pjsip_endpt_get_ioqueue   0040e540 f   pjsip-core-i386-win32-vc14-release-dynamic:sip_endpoint.obj
 0001:0000d550       _pjsip_endpt_get_request_headers 0040e550 f   pjsip-core-i386-win32-vc14-release-dynamic:sip_endpoint.obj
 0001:0000d560       _pjsip_endpt_get_timer_heap 0040e560 f   pjsip-core-i386-win32-vc14-release-dynamic:sip_endpoint.obj
 0001:0000d570       _pjsip_endpt_get_tpmgr     0040e570 f   pjsip-core-i386-win32-vc14-release-dynamic:sip_endpoint.obj
 0001:0000d580       _pjsip_endpt_handle_events 0040e580 f   pjsip-core-i386-win32-vc14-release-dynamic:sip_endpoint.obj
 0001:0000d5a0       _pjsip_endpt_handle_events2 0040e5a0 f   pjsip-core-i386-win32-vc14-release-dynamic:sip_endpoint.obj
 0001:0000d6a0       _pjsip_endpt_log_error     0040e6a0 f   pjsip-core-i386-win32-vc14-release-dynamic:sip_endpoint.obj
 0001:0000d780       _pjsip_endpt_name          0040e780 f   pjsip-core-i386-win32-vc14-release-dynamic:sip_endpoint.obj
 0001:0000d790       _pjsip_endpt_process_rx_data 0040e790 f   pjsip-core-i386-win32-vc14-release-dynamic:sip_endpoint.obj
 0001:0000d920       _pjsip_endpt_register_module 0040e920 f   pjsip-core-i386-win32-vc14-release-dynamic:sip_endpoint.obj
 0001:0000da40       _pjsip_endpt_release_pool  0040ea40 f   pjsip-core-i386-win32-vc14-release-dynamic:sip_endpoint.obj
 0001:0000da60       _pjsip_endpt_resolve       0040ea60 f   pjsip-core-i386-win32-vc14-release-dynamic:sip_endpoint.obj
 0001:0000da80       _pjsip_endpt_schedule_timer_dbg 0040ea80 f   pjsip-core-i386-win32-vc14-release-dynamic:sip_endpoint.obj
 0001:0000dab0       _pjsip_endpt_schedule_timer_w_grp_lock_dbg 0040eab0 f   pjsip-core-i386-win32-vc14-release-dynamic:sip_endpoint.obj
 0001:0000dae0       _pjsip_endpt_unregister_module 0040eae0 f   pjsip-core-i386-win32-vc14-release-dynamic:sip_endpoint.obj
 0001:0000de00       _pjsip_endpt_create_ack    0040ee00 f   pjsip-core-i386-win32-vc14-release-dynamic:sip_util.obj
 0001:0000dfb0       _pjsip_endpt_create_cancel 0040efb0 f   pjsip-core-i386-win32-vc14-release-dynamic:sip_util.obj
 0001:0000e1c0       _pjsip_endpt_create_request_from_hdr 0040f1c0 f   pjsip-core-i386-win32-vc14-release-dynamic:sip_util.obj
 0001:0000e3e0       _pjsip_endpt_create_response 0040f3e0 f   pjsip-core-i386-win32-vc14-release-dynamic:sip_util.obj
 0001:0000e640       _pjsip_endpt_respond_stateless 0040f640 f   pjsip-core-i386-win32-vc14-release-dynamic:sip_util.obj
 0001:0000e7c0       _pjsip_endpt_send_request_stateless 0040f7c0 f   pjsip-core-i386-win32-vc14-release-dynamic:sip_util.obj
 0001:0000e8a0       _pjsip_endpt_send_response 0040f8a0 f   pjsip-core-i386-win32-vc14-release-dynamic:sip_util.obj
 0001:0000e990       _pjsip_event_str           0040f990 f   pjsip-core-i386-win32-vc14-release-dynamic:sip_util.obj
 0001:0000e9a0       _pjsip_get_dest_info       0040f9a0 f   pjsip-core-i386-win32-vc14-release-dynamic:sip_util.obj
 0001:0000eb30       _pjsip_get_request_dest    0040fb30 f   pjsip-core-i386-win32-vc14-release-dynamic:sip_util.obj
 0001:0000eba0       _pjsip_get_response_addr   0040fba0 f   pjsip-core-i386-win32-vc14-release-dynamic:sip_util.obj
 0001:0000ece0       _pjsip_process_route_set   0040fce0 f   pjsip-core-i386-win32-vc14-release-dynamic:sip_util.obj
 0001:0000eed0       _pjsip_restore_strict_route_set 0040fed0 f   pjsip-core-i386-win32-vc14-release-dynamic:sip_util.obj
 0001:0000ef70       _pjsip_target_assign_status 0040ff70 f   pjsip-core-i386-win32-vc14-release-dynamic:sip_util.obj
 0001:0000efb0       _pjsip_target_set_add_from_msg 0040ffb0 f   pjsip-core-i386-win32-vc14-release-dynamic:sip_util.obj
 0001:0000f020       _pjsip_target_set_add_uri  00410020 f   pjsip-core-i386-win32-vc14-release-dynamic:sip_util.obj
 0001:0000f0f0       _pjsip_target_set_get_next 004100f0 f   pjsip-core-i386-win32-vc14-release-dynamic:sip_util.obj
 0001:0000f140       _pjsip_target_set_set_current 00410140 f   pjsip-core-i386-win32-vc14-release-dynamic:sip_util.obj
 0001:0000f7d0       _pjsip_endpt_respond       004107d0 f   pjsip-core-i386-win32-vc14-release-dynamic:sip_util_statefull.obj
 0001:0000fb80       _pjsip_udp_transport_restart2 00410b80 f   pjsip-core-i386-win32-vc14-release-dynamic:sip_transport_udp.obj
 0001:0000fd90       _pjsip_udp_transport_start 00410d90 f   pjsip-core-i386-win32-vc14-release-dynamic:sip_transport_udp.obj
 0001:0000fe50       _pjsip_udp_transport_start2 00410e50 f   pjsip-core-i386-win32-vc14-release-dynamic:sip_transport_udp.obj
 0001:0000ff90       _pjsip_udp_transport_start6 00410f90 f   pjsip-core-i386-win32-vc14-release-dynamic:sip_transport_udp.obj
 0001:00011880       _pjsip_tcp_transport_lis_start 00412880 f   pjsip-core-i386-win32-vc14-release-dynamic:sip_transport_tcp.obj
 0001:00011a70       _pjsip_tcp_transport_start 00412a70 f   pjsip-core-i386-win32-vc14-release-dynamic:sip_transport_tcp.obj
 0001:00011a90       _pjsip_tcp_transport_start2 00412a90 f   pjsip-core-i386-win32-vc14-release-dynamic:sip_transport_tcp.obj
 0001:00011b80       _pjsip_tcp_transport_start3 00412b80 f   pjsip-core-i386-win32-vc14-release-dynamic:sip_transport_tcp.obj
 0001:00013420       _pjsip_rdata_get_tsx       00414420 f   pjsip-core-i386-win32-vc14-release-dynamic:sip_transaction.obj
 0001:00013440       _pjsip_tsx_create_key      00414440 f   pjsip-core-i386-win32-vc14-release-dynamic:sip_transaction.obj
 0001:000134b0       _pjsip_tsx_create_uac      004144b0 f   pjsip-core-i386-win32-vc14-release-dynamic:sip_transaction.obj
 0001:000134d0       _pjsip_tsx_create_uac2     004144d0 f   pjsip-core-i386-win32-vc14-release-dynamic:sip_transaction.obj
 0001:00013730       _pjsip_tsx_create_uas      00414730 f   pjsip-core-i386-win32-vc14-release-dynamic:sip_transaction.obj
 0001:00013750       _pjsip_tsx_create_uas2     00414750 f   pjsip-core-i386-win32-vc14-release-dynamic:sip_transaction.obj
 0001:00013980       _pjsip_tsx_layer_find_tsx2 00414980 f   pjsip-core-i386-win32-vc14-release-dynamic:sip_transaction.obj
 0001:000139f0       _pjsip_tsx_layer_init_module 004149f0 f   pjsip-core-i386-win32-vc14-release-dynamic:sip_transaction.obj
 0001:00013b70       _pjsip_tsx_recv_msg        00414b70 f   pjsip-core-i386-win32-vc14-release-dynamic:sip_transaction.obj
 0001:00013bf0       _pjsip_tsx_retransmit_no_state 00414bf0 f   pjsip-core-i386-win32-vc14-release-dynamic:sip_transaction.obj
 0001:00013c50       _pjsip_tsx_send_msg        00414c50 f   pjsip-core-i386-win32-vc14-release-dynamic:sip_transaction.obj
 0001:00013d00       _pjsip_tsx_set_timeout     00414d00 f   pjsip-core-i386-win32-vc14-release-dynamic:sip_transaction.obj
 0001:00013dd0       _pjsip_tsx_set_transport   00414dd0 f   pjsip-core-i386-win32-vc14-release-dynamic:sip_transaction.obj
 0001:00013e30       _pjsip_tsx_state_str       00414e30 f   pjsip-core-i386-win32-vc14-release-dynamic:sip_transaction.obj
 0001:00013e40       _pjsip_tsx_terminate       00414e40 f   pjsip-core-i386-win32-vc14-release-dynamic:sip_transaction.obj
 0001:000169c0       _pjsip_rdata_get_dlg       004179c0 f   pjsip-core-i386-win32-vc14-release-dynamic:sip_ua_layer.obj
 0001:000169e0       _pjsip_tsx_get_dlg         004179e0 f   pjsip-core-i386-win32-vc14-release-dynamic:sip_ua_layer.obj
 0001:00016a00       _pjsip_ua_get_endpt        00417a00 f   pjsip-core-i386-win32-vc14-release-dynamic:sip_ua_layer.obj
 0001:00016a10       _pjsip_ua_init_module      00417a10 f   pjsip-core-i386-win32-vc14-release-dynamic:sip_ua_layer.obj
 0001:00016a40       _pjsip_ua_instance         00417a40 f   pjsip-core-i386-win32-vc14-release-dynamic:sip_ua_layer.obj
 0001:00016a50       _pjsip_ua_register_dlg     00417a50 f   pjsip-core-i386-win32-vc14-release-dynamic:sip_ua_layer.obj
 0001:00016b40       _pjsip_ua_unregister_dlg   00417b40 f   pjsip-core-i386-win32-vc14-release-dynamic:sip_ua_layer.obj
 0001:00016d50       _create_uas_dialog         00417d50 f   pjsip-core-i386-win32-vc14-release-dynamic:sip_dialog.obj
 0001:00017690       _pjsip_dlg_add_usage       00418690 f   pjsip-core-i386-win32-vc14-release-dynamic:sip_dialog.obj
 0001:000177c0       _pjsip_dlg_create_request  004187c0 f   pjsip-core-i386-win32-vc14-release-dynamic:sip_dialog.obj
 0001:000178d0       _pjsip_dlg_create_response 004188d0 f   pjsip-core-i386-win32-vc14-release-dynamic:sip_dialog.obj
 0001:00017990       _pjsip_dlg_create_uac      00418990 f   pjsip-core-i386-win32-vc14-release-dynamic:sip_dialog.obj
 0001:00017a20       _pjsip_dlg_create_uac2     00418a20 f   pjsip-core-i386-win32-vc14-release-dynamic:sip_dialog.obj
 0001:00017e30       _pjsip_dlg_create_uas_and_inc_lock 00418e30 f   pjsip-core-i386-win32-vc14-release-dynamic:sip_dialog.obj
 0001:00017e50       _pjsip_dlg_dec_lock        00418e50 f   pjsip-core-i386-win32-vc14-release-dynamic:sip_dialog.obj
 0001:00017eb0       _pjsip_dlg_dec_session     00418eb0 f   pjsip-core-i386-win32-vc14-release-dynamic:sip_dialog.obj
 0001:00017f30       _pjsip_dlg_get_remote_cap_hdr 00418f30 f   pjsip-core-i386-win32-vc14-release-dynamic:sip_dialog.obj
 0001:00017fe0       _pjsip_dlg_inc_lock        00418fe0 f   pjsip-core-i386-win32-vc14-release-dynamic:sip_dialog.obj
 0001:00018010       _pjsip_dlg_inc_session     00419010 f   pjsip-core-i386-win32-vc14-release-dynamic:sip_dialog.obj
 0001:00018090       _pjsip_dlg_modify_response 00419090 f   pjsip-core-i386-win32-vc14-release-dynamic:sip_dialog.obj
 0001:00018190       _pjsip_dlg_on_rx_request   00419190 f   pjsip-core-i386-win32-vc14-release-dynamic:sip_dialog.obj
 0001:000184f0       _pjsip_dlg_on_rx_response  004194f0 f   pjsip-core-i386-win32-vc14-release-dynamic:sip_dialog.obj
 0001:00018900       _pjsip_dlg_on_tsx_state    00419900 f   pjsip-core-i386-win32-vc14-release-dynamic:sip_dialog.obj
 0001:00018a80       _pjsip_dlg_remote_has_cap  00419a80 f   pjsip-core-i386-win32-vc14-release-dynamic:sip_dialog.obj
 0001:00018b70       _pjsip_dlg_send_request    00419b70 f   pjsip-core-i386-win32-vc14-release-dynamic:sip_dialog.obj
 0001:00018d60       _pjsip_dlg_send_response   00419d60 f   pjsip-core-i386-win32-vc14-release-dynamic:sip_dialog.obj
 0001:00018e70       _pjsip_dlg_set_remote_cap_hdr 00419e70 f   pjsip-core-i386-win32-vc14-release-dynamic:sip_dialog.obj
 0001:00018f80       _pjsip_dlg_try_inc_lock    00419f80 f   pjsip-core-i386-win32-vc14-release-dynamic:sip_dialog.obj
 0001:00018fc0       _pjsip_dlg_update_remote_cap 00419fc0 f   pjsip-core-i386-win32-vc14-release-dynamic:sip_dialog.obj
 0001:000192b0       _pjsip_method_creates_dialog 0041a2b0 f   pjsip-core-i386-win32-vc14-release-dynamic:sip_dialog.obj
 0001:00019820       _pjsip_auth_clt_deinit     0041a820 f   pjsip-core-i386-win32-vc14-release-dynamic:sip_auth_client.obj
 0001:00019870       _pjsip_auth_clt_init       0041a870 f   pjsip-core-i386-win32-vc14-release-dynamic:sip_auth_client.obj
 0001:000198c0       _pjsip_auth_clt_init_req   0041a8c0 f   pjsip-core-i386-win32-vc14-release-dynamic:sip_auth_client.obj
 0001:00019b00       _pjsip_auth_clt_reinit_req 0041ab00 f   pjsip-core-i386-win32-vc14-release-dynamic:sip_auth_client.obj
 0001:00019d20       _pjsip_auth_create_digest  0041ad20 f   pjsip-core-i386-win32-vc14-release-dynamic:sip_auth_client.obj
 0001:0001a560       _deinit_sip_parser         0041b560 f   pjsip-core-i386-win32-vc14-release-dynamic:sip_parser.obj
 0001:0001ae40       _init_sip_parser           0041be40 f   pjsip-core-i386-win32-vc14-release-dynamic:sip_parser.obj
 0001:0001d5b0       _pjsip_find_msg            0041e5b0 f   pjsip-core-i386-win32-vc14-release-dynamic:sip_parser.obj
 0001:0001d8b0       _pjsip_parse_end_hdr_imp   0041e8b0 f   pjsip-core-i386-win32-vc14-release-dynamic:sip_parser.obj
 0001:0001d8e0       _pjsip_parse_hdr           0041e8e0 f   pjsip-core-i386-win32-vc14-release-dynamic:sip_parser.obj
 0001:0001d9e0       _pjsip_parse_headers       0041e9e0 f   pjsip-core-i386-win32-vc14-release-dynamic:sip_parser.obj
 0001:0001dce0       _pjsip_parse_param_imp     0041ece0 f   pjsip-core-i386-win32-vc14-release-dynamic:sip_parser.obj
 0001:0001dd10       _pjsip_parse_rdata         0041ed10 f   pjsip-core-i386-win32-vc14-release-dynamic:sip_parser.obj
 0001:0001dd70       _pjsip_parse_uri           0041ed70 f   pjsip-core-i386-win32-vc14-release-dynamic:sip_parser.obj
 0001:0001de30       _pjsip_parser_const        0041ee30 f   pjsip-core-i386-win32-vc14-release-dynamic:sip_parser.obj
 0001:0001de40       _pjsip_register_hdr_parser 0041ee40 f   pjsip-core-i386-win32-vc14-release-dynamic:sip_parser.obj
 0001:0001df30       _pjsip_register_uri_parser 0041ef30 f   pjsip-core-i386-win32-vc14-release-dynamic:sip_parser.obj
 0001:0001e510       _pjsip_multipart_add_part  0041f510 f   pjsip-core-i386-win32-vc14-release-dynamic:sip_multipart.obj
 0001:0001e560       _pjsip_multipart_create    0041f560 f   pjsip-core-i386-win32-vc14-release-dynamic:sip_multipart.obj
 0001:0001e680       _pjsip_multipart_find_part 0041f680 f   pjsip-core-i386-win32-vc14-release-dynamic:sip_multipart.obj
 0001:0001e6f0       _pjsip_multipart_parse     0041f6f0 f   pjsip-core-i386-win32-vc14-release-dynamic:sip_multipart.obj
 0001:0001f380       _pjsip_name_addr_assign    00420380 f   pjsip-core-i386-win32-vc14-release-dynamic:sip_uri.obj
 0001:0001f3c0       _pjsip_name_addr_create    004203c0 f   pjsip-core-i386-win32-vc14-release-dynamic:sip_uri.obj
 0001:0001f3f0       _pjsip_name_addr_init      004203f0 f   pjsip-core-i386-win32-vc14-release-dynamic:sip_uri.obj
 0001:0001f420       _pjsip_other_uri_create    00420420 f   pjsip-core-i386-win32-vc14-release-dynamic:sip_uri.obj
 0001:0001f440       _pjsip_param_clone         00420440 f   pjsip-core-i386-win32-vc14-release-dynamic:sip_uri.obj
 0001:0001f4b0       _pjsip_param_cmp           004204b0 f   pjsip-core-i386-win32-vc14-release-dynamic:sip_uri.obj
 0001:0001f560       _pjsip_param_find          00420560 f   pjsip-core-i386-win32-vc14-release-dynamic:sip_uri.obj
 0001:0001f5a0       _pjsip_param_print_on      004205a0 f   pjsip-core-i386-win32-vc14-release-dynamic:sip_uri.obj
 0001:0001f680       _pjsip_param_shallow_clone 00420680 f   pjsip-core-i386-win32-vc14-release-dynamic:sip_uri.obj
 0001:0001f6e0       _pjsip_sip_uri_assign      004206e0 f   pjsip-core-i386-win32-vc14-release-dynamic:sip_uri.obj
 0001:0001f790       _pjsip_sip_uri_create      00420790 f   pjsip-core-i386-win32-vc14-release-dynamic:sip_uri.obj
 0001:0001fa90       _pjsip_resolve             00420a90 f   pjsip-core-i386-win32-vc14-release-dynamic:sip_resolve.obj
 0001:00020110       _pjsip_resolver_create     00421110 f   pjsip-core-i386-win32-vc14-release-dynamic:sip_resolve.obj
 0001:00020140       _pjsip_resolver_destroy    00421140 f   pjsip-core-i386-win32-vc14-release-dynamic:sip_resolve.obj
 0001:00020340       _pjsip_strerror            00421340 f   pjsip-core-i386-win32-vc14-release-dynamic:sip_errno.obj
 0001:000207b0       _pjsip_tel_nb_cmp          004217b0 f   pjsip-core-i386-win32-vc14-release-dynamic:sip_tel_uri.obj
 0001:000208b0       _pjsip_tel_uri_subsys_init 004218b0 f   pjsip-core-i386-win32-vc14-release-dynamic:sip_tel_uri.obj
 0001:000210c0       _pjsip_authorization_hdr_create 004220c0 f   pjsip-core-i386-win32-vc14-release-dynamic:sip_auth_msg.obj
 0001:00021130       _pjsip_proxy_authenticate_hdr_create 00422130 f   pjsip-core-i386-win32-vc14-release-dynamic:sip_auth_msg.obj
 0001:000211a0       _pjsip_proxy_authorization_hdr_create 004221a0 f   pjsip-core-i386-win32-vc14-release-dynamic:sip_auth_msg.obj
 0001:00021210       _pjsip_www_authenticate_hdr_create 00422210 f   pjsip-core-i386-win32-vc14-release-dynamic:sip_auth_msg.obj
 0001:00022290       _pjsip_auth_init_parser    00423290 f   pjsip-core-i386-win32-vc14-release-dynamic:sip_auth_parser.obj
 0001:000229e0       _pjmedia_sdp_attr_create   004239e0 f   pjmedia-i386-win32-vc14-release-dynamic:sdp.obj
 0001:00022a40       _pjmedia_sdp_attr_find     00423a40 f   pjmedia-i386-win32-vc14-release-dynamic:sdp.obj
 0001:00022ad0       _pjmedia_sdp_attr_get_rtpmap 00423ad0 f   pjmedia-i386-win32-vc14-release-dynamic:sdp.obj
 0001:00022c80       _pjmedia_sdp_attr_remove   00423c80 f   pjmedia-i386-win32-vc14-release-dynamic:sdp.obj
 0001:00022d10       _pjmedia_sdp_attr_remove_all 00423d10 f   pjmedia-i386-win32-vc14-release-dynamic:sdp.obj
 0001:00022da0       _pjmedia_sdp_conn_clone    00423da0 f   pjmedia-i386-win32-vc14-release-dynamic:sdp.obj
 0001:00022e10       _pjmedia_sdp_media_add_attr 00423e10 f   pjmedia-i386-win32-vc14-release-dynamic:sdp.obj
 0001:00022e50       _pjmedia_sdp_media_clone   00423e50 f   pjmedia-i386-win32-vc14-release-dynamic:sdp.obj
 0001:00023040       _pjmedia_sdp_media_clone_deactivate 00424040 f   pjmedia-i386-win32-vc14-release-dynamic:sdp.obj
 0001:000231a0       _pjmedia_sdp_media_deactivate 004241a0 f   pjmedia-i386-win32-vc14-release-dynamic:sdp.obj
 0001:000231d0       _pjmedia_sdp_media_find_attr 004241d0 f   pjmedia-i386-win32-vc14-release-dynamic:sdp.obj
 0001:00023200       _pjmedia_sdp_media_find_attr2 00424200 f   pjmedia-i386-win32-vc14-release-dynamic:sdp.obj
 0001:00023260       _pjmedia_sdp_media_remove_all_attr 00424260 f   pjmedia-i386-win32-vc14-release-dynamic:sdp.obj
 0001:00023290       _pjmedia_sdp_media_remove_attr 00424290 f   pjmedia-i386-win32-vc14-release-dynamic:sdp.obj
 0001:000232c0       _pjmedia_sdp_parse         004242c0 f   pjmedia-i386-win32-vc14-release-dynamic:sdp.obj
 0001:00023700       _pjmedia_sdp_print         00424700 f   pjmedia-i386-win32-vc14-release-dynamic:sdp.obj
 0001:00023710       _pjmedia_sdp_session_add_attr 00424710 f   pjmedia-i386-win32-vc14-release-dynamic:sdp.obj
 0001:00023750       _pjmedia_sdp_session_clone 00424750 f   pjmedia-i386-win32-vc14-release-dynamic:sdp.obj
 0001:00023950       _pjmedia_sdp_transport_cmp 00424950 f   pjmedia-i386-win32-vc14-release-dynamic:sdp.obj
 0001:000239a0       _pjmedia_sdp_transport_get_proto 004249a0 f   pjmedia-i386-win32-vc14-release-dynamic:sdp.obj
 0001:00023af0       _pjmedia_sdp_validate      00424af0 f   pjmedia-i386-win32-vc14-release-dynamic:sdp.obj
 0001:00023b10       _pjmedia_sdp_validate2     00424b10 f   pjmedia-i386-win32-vc14-release-dynamic:sdp.obj
 0001:00024f20       _pjmedia_sdp_neg_cancel_offer 00425f20 f   pjmedia-i386-win32-vc14-release-dynamic:sdp_neg.obj
 0001:00024f80       _pjmedia_sdp_neg_create_w_local_offer 00425f80 f   pjmedia-i386-win32-vc14-release-dynamic:sdp_neg.obj
 0001:00025010       _pjmedia_sdp_neg_create_w_remote_offer 00426010 f   pjmedia-i386-win32-vc14-release-dynamic:sdp_neg.obj
 0001:000250e0       _pjmedia_sdp_neg_get_active_local 004260e0 f   pjmedia-i386-win32-vc14-release-dynamic:sdp_neg.obj
 0001:00025110       _pjmedia_sdp_neg_get_neg_local 00426110 f   pjmedia-i386-win32-vc14-release-dynamic:sdp_neg.obj
 0001:00025140       _pjmedia_sdp_neg_get_state 00426140 f   pjmedia-i386-win32-vc14-release-dynamic:sdp_neg.obj
 0001:00025150       _pjmedia_sdp_neg_has_local_answer 00426150 f   pjmedia-i386-win32-vc14-release-dynamic:sdp_neg.obj
 0001:00025160       _pjmedia_sdp_neg_modify_local_offer2 00426160 f   pjmedia-i386-win32-vc14-release-dynamic:sdp_neg.obj
 0001:00025380       _pjmedia_sdp_neg_negotiate 00426380 f   pjmedia-i386-win32-vc14-release-dynamic:sdp_neg.obj
 0001:00025460       _pjmedia_sdp_neg_send_local_offer 00426460 f   pjmedia-i386-win32-vc14-release-dynamic:sdp_neg.obj
 0001:000254f0       _pjmedia_sdp_neg_set_local_answer 004264f0 f   pjmedia-i386-win32-vc14-release-dynamic:sdp_neg.obj
 0001:00025580       _pjmedia_sdp_neg_set_remote_answer 00426580 f   pjmedia-i386-win32-vc14-release-dynamic:sdp_neg.obj
 0001:000255d0       _pjmedia_sdp_neg_set_remote_offer 004265d0 f   pjmedia-i386-win32-vc14-release-dynamic:sdp_neg.obj
 0001:00025620       _pjmedia_sdp_neg_state_str 00426620 f   pjmedia-i386-win32-vc14-release-dynamic:sdp_neg.obj
 0001:00025f20       _pjlib_util_init           00426f20 f   pjlib-util-i386-win32-vc14-release-dynamic:errno.obj
 0001:00025f40       _pjlib_util_strerror       00426f40 f   pjlib-util-i386-win32-vc14-release-dynamic:errno.obj
 0001:000268e0       _pj_getopt_long            004278e0 f   pjlib-util-i386-win32-vc14-release-dynamic:getopt.obj
 0001:00026900       _pj_cis_add_alpha          00427900 f   pjlib-util-i386-win32-vc14-release-dynamic:scanner.obj
 0001:00026950       _pj_cis_add_cis            00427950 f   pjlib-util-i386-win32-vc14-release-dynamic:scanner.obj
 0001:00026990       _pj_cis_add_num            00427990 f   pjlib-util-i386-win32-vc14-release-dynamic:scanner.obj
 0001:000269c0       _pj_cis_add_str            004279c0 f   pjlib-util-i386-win32-vc14-release-dynamic:scanner.obj
 0001:000269f0       _pj_cis_buf_init           004279f0 f   pjlib-util-i386-win32-vc14-release-dynamic:scanner.obj
 0001:00026a20       _pj_cis_del_str            00427a20 f   pjlib-util-i386-win32-vc14-release-dynamic:scanner.obj
 0001:00026a50       _pj_cis_dup                00427a50 f   pjlib-util-i386-win32-vc14-release-dynamic:scanner.obj
 0001:00026ab0       _pj_cis_init               00427ab0 f   pjlib-util-i386-win32-vc14-release-dynamic:scanner.obj
 0001:00026b00       _pj_cis_invert             00427b00 f   pjlib-util-i386-win32-vc14-release-dynamic:scanner.obj
 0001:00026b40       _pj_scan_advance_n         00427b40 f   pjlib-util-i386-win32-vc14-release-dynamic:scanner.obj
 0001:00026b80       _pj_scan_fini              00427b80 f   pjlib-util-i386-win32-vc14-release-dynamic:scanner.obj
 0001:00026ba0       _pj_scan_get               00427ba0 f   pjlib-util-i386-win32-vc14-release-dynamic:scanner.obj
 0001:00026c10       _pj_scan_get_char          00427c10 f   pjlib-util-i386-win32-vc14-release-dynamic:scanner.obj
 0001:00026c50       _pj_scan_get_n             00427c50 f   pjlib-util-i386-win32-vc14-release-dynamic:scanner.obj
 0001:00026ca0       _pj_scan_get_newline       00427ca0 f   pjlib-util-i386-win32-vc14-release-dynamic:scanner.obj
 0001:00026ce0       _pj_scan_get_quote         00427ce0 f   pjlib-util-i386-win32-vc14-release-dynamic:scanner.obj
 0001:00026d10       _pj_scan_get_quotes        00427d10 f   pjlib-util-i386-win32-vc14-release-dynamic:scanner.obj
 0001:00026dd0       _pj_scan_get_until_ch      00427dd0 f   pjlib-util-i386-win32-vc14-release-dynamic:scanner.obj
 0001:00026e30       _pj_scan_get_until_chr     00427e30 f   pjlib-util-i386-win32-vc14-release-dynamic:scanner.obj
 0001:00026eb0       _pj_scan_init              00427eb0 f   pjlib-util-i386-win32-vc14-release-dynamic:scanner.obj
 0001:00026f00       _pj_scan_peek              00427f00 f   pjlib-util-i386-win32-vc14-release-dynamic:scanner.obj
 0001:00026f60       _pj_scan_skip_line         00427f60 f   pjlib-util-i386-win32-vc14-release-dynamic:scanner.obj
 0001:00026f90       _pj_scan_skip_whitespace   00427f90 f   pjlib-util-i386-win32-vc14-release-dynamic:scanner.obj
 0001:00027070       _pj_str_unescape           00428070 f   pjlib-util-i386-win32-vc14-release-dynamic:string.obj
 0001:00027170       _pj_strncpy2_escape        00428170 f   pjlib-util-i386-win32-vc14-release-dynamic:string.obj
 0001:000274f0       _pj_dns_parse_addr_response 004284f0 f   pjlib-util-i386-win32-vc14-release-dynamic:resolver.obj
 0001:000277b0       _pj_dns_resolver_cancel_query 004287b0 f   pjlib-util-i386-win32-vc14-release-dynamic:resolver.obj
 0001:00027830       _pj_dns_resolver_destroy   00428830 f   pjlib-util-i386-win32-vc14-release-dynamic:resolver.obj
 0001:000279a0       _pj_dns_resolver_start_query 004289a0 f   pjlib-util-i386-win32-vc14-release-dynamic:resolver.obj
 0001:000288c0       _pj_md5_final              004298c0 f   pjlib-util-i386-win32-vc14-release-dynamic:md5.obj
 0001:00028950       _pj_md5_init               00429950 f   pjlib-util-i386-win32-vc14-release-dynamic:md5.obj
 0001:00028990       _pj_md5_update             00429990 f   pjlib-util-i386-win32-vc14-release-dynamic:md5.obj
 0001:00028a50       _pj_dns_get_type_name      00429a50 f   pjlib-util-i386-win32-vc14-release-dynamic:dns.obj
 0001:00028b00       _pj_dns_make_query         00429b00 f   pjlib-util-i386-win32-vc14-release-dynamic:dns.obj
 0001:00029910       _pj_dns_srv_cancel_query   0042a910 f   pjlib-util-i386-win32-vc14-release-dynamic:srv_resolver.obj
 0001:000299e0       _pj_dns_srv_resolve        0042a9e0 f   pjlib-util-i386-win32-vc14-release-dynamic:srv_resolver.obj
 0001:00029d20       _pj_atexit                 0042ad20 f   pjlib-i386-win32-vc14-release-dynamic:os_core_win32.obj
 0001:00029d50       _pj_atomic_create          0042ad50 f   pjlib-i386-win32-vc14-release-dynamic:os_core_win32.obj
 0001:00029d80       _pj_atomic_dec_and_get     0042ad80 f   pjlib-i386-win32-vc14-release-dynamic:os_core_win32.obj
 0001:00029dd0       _pj_atomic_destroy         0042add0 f   pjlib-i386-win32-vc14-release-dynamic:os_core_win32.obj
 0001:00029df0       _pj_atomic_get             0042adf0 f   pjlib-i386-win32-vc14-release-dynamic:os_core_win32.obj
 0001:00029e40       _pj_atomic_inc             0042ae40 f   pjlib-i386-win32-vc14-release-dynamic:os_core_win32.obj
 0001:00029e90       _pj_atomic_inc_and_get     0042ae90 f   pjlib-i386-win32-vc14-release-dynamic:os_core_win32.obj
 0001:00029ee0       _pj_atomic_set             0042aee0 f   pjlib-i386-win32-vc14-release-dynamic:os_core_win32.obj
 0001:00029f30       _pj_enter_critical_section 0042af30 f   pjlib-i386-win32-vc14-release-dynamic:os_core_win32.obj
 0001:00029f40       _pj_init                   0042af40 f   pjlib-i386-win32-vc14-release-dynamic:os_core_win32.obj
 0001:0002a080       _pj_leave_critical_section 0042b080 f   pjlib-i386-win32-vc14-release-dynamic:os_core_win32.obj
 0001:0002a0d0       _pj_mutex_create           0042b0d0 f   pjlib-i386-win32-vc14-release-dynamic:os_core_win32.obj
 0001:0002a120       _pj_mutex_create_recursive 0042b120 f   pjlib-i386-win32-vc14-release-dynamic:os_core_win32.obj
 0001:0002a120       _pj_mutex_create_simple    0042b120 f   pjlib-i386-win32-vc14-release-dynamic:os_core_win32.obj
 0001:0002a170       _pj_mutex_destroy          0042b170 f   pjlib-i386-win32-vc14-release-dynamic:os_core_win32.obj
 0001:0002a1d0       _pj_mutex_lock             0042b1d0 f   pjlib-i386-win32-vc14-release-dynamic:os_core_win32.obj
 0001:0002a240       _pj_mutex_trylock          0042b240 f   pjlib-i386-win32-vc14-release-dynamic:os_core_win32.obj
 0001:0002a2c0       _pj_mutex_unlock           0042b2c0 f   pjlib-i386-win32-vc14-release-dynamic:os_core_win32.obj
 0001:0002a320       _pj_rwmutex_create         0042b320 f   pjlib-i386-win32-vc14-release-dynamic:os_core_win32.obj
 0001:0002a3e0       _pj_rwmutex_destroy        0042b3e0 f   pjlib-i386-win32-vc14-release-dynamic:os_core_win32.obj
 0001:0002a410       _pj_rwmutex_lock_read      0042b410 f   pjlib-i386-win32-vc14-release-dynamic:os_core_win32.obj
 0001:0002a460       _pj_rwmutex_lock_write     0042b460 f   pjlib-i386-win32-vc14-release-dynamic:os_core_win32.obj
 0001:0002a480       _pj_rwmutex_unlock_read    0042b480 f   pjlib-i386-win32-vc14-release-dynamic:os_core_win32.obj
 0001:0002a4c0       _pj_rwmutex_unlock_write   0042b4c0 f   pjlib-i386-win32-vc14-release-dynamic:os_core_win32.obj
 0001:0002a4e0       _pj_sem_create             0042b4e0 f   pjlib-i386-win32-vc14-release-dynamic:os_core_win32.obj
 0001:0002a5f0       _pj_sem_destroy            0042b5f0 f   pjlib-i386-win32-vc14-release-dynamic:os_core_win32.obj
 0001:0002a680       _pj_sem_post               0042b680 f   pjlib-i386-win32-vc14-release-dynamic:os_core_win32.obj
 0001:0002a710       _pj_sem_trywait            0042b710 f   pjlib-i386-win32-vc14-release-dynamic:os_core_win32.obj
 0001:0002a770       _pj_sem_wait               0042b770 f   pjlib-i386-win32-vc14-release-dynamic:os_core_win32.obj
 0001:0002a880       _pj_term_set_color         0042b880 f   pjlib-i386-win32-vc14-release-dynamic:os_core_win32.obj
 0001:0002a950       _pj_thread_check_stack     0042b950 f   pjlib-i386-win32-vc14-release-dynamic:os_core_win32.obj
 0001:0002a990       _pj_thread_create          0042b990 f   pjlib-i386-win32-vc14-release-dynamic:os_core_win32.obj
 0001:0002aad0       _pj_thread_get_name        0042bad0 f   pjlib-i386-win32-vc14-release-dynamic:os_core_win32.obj
 0001:0002ab20       _pj_thread_init            0042bb20 f   pjlib-i386-win32-vc14-release-dynamic:os_core_win32.obj
 0001:0002ab80       _pj_thread_join            0042bb80 f   pjlib-i386-win32-vc14-release-dynamic:os_core_win32.obj
 0001:0002ac40       _pj_thread_local_alloc     0042bc40 f   pjlib-i386-win32-vc14-release-dynamic:os_core_win32.obj
 0001:0002ac90       _pj_thread_local_free      0042bc90 f   pjlib-i386-win32-vc14-release-dynamic:os_core_win32.obj
 0001:0002ace0       _pj_thread_local_get       0042bce0 f   pjlib-i386-win32-vc14-release-dynamic:os_core_win32.obj
 0001:0002acf0       _pj_thread_local_set       0042bcf0 f   pjlib-i386-win32-vc14-release-dynamic:os_core_win32.obj
 0001:0002ad30       _pj_thread_register        0042bd30 f   pjlib-i386-win32-vc14-release-dynamic:os_core_win32.obj
 0001:0002adf0       _pj_thread_sleep           0042bdf0 f   pjlib-i386-win32-vc14-release-dynamic:os_core_win32.obj
 0001:0002ae40       _pj_thread_this            0042be40 f   pjlib-i386-win32-vc14-release-dynamic:os_core_win32.obj
 0001:0002aef0       _pj_perror                 0042bef0 f   pjlib-i386-win32-vc14-release-dynamic:errno.obj
 0001:0002af10       _pj_perror_1               0042bf10 f   pjlib-i386-win32-vc14-release-dynamic:errno.obj
 0001:0002af30       _pj_perror_2               0042bf30 f   pjlib-i386-win32-vc14-release-dynamic:errno.obj
 0001:0002af50       _pj_perror_3               0042bf50 f   pjlib-i386-win32-vc14-release-dynamic:errno.obj
 0001:0002af70       _pj_perror_4               0042bf70 f   pjlib-i386-win32-vc14-release-dynamic:errno.obj
 0001:0002b030       _pj_register_strerror      0042c030 f   pjlib-i386-win32-vc14-release-dynamic:errno.obj
 0001:0002b110       _pj_strerror               0042c110 f   pjlib-i386-win32-vc14-release-dynamic:errno.obj
 0001:0002b260       _pj_list_erase             0042c260 f   pjlib-i386-win32-vc14-release-dynamic:list.obj
 0001:0002b280       _pj_list_find_node         0042c280 f   pjlib-i386-win32-vc14-release-dynamic:list.obj
 0001:0002b2b0       _pj_list_insert_after      0042c2b0 f   pjlib-i386-win32-vc14-release-dynamic:list.obj
 0001:0002b2d0       _pj_list_insert_before     0042c2d0 f   pjlib-i386-win32-vc14-release-dynamic:list.obj
 0001:0002b2f0       _pj_list_insert_nodes_before 0042c2f0 f   pjlib-i386-win32-vc14-release-dynamic:list.obj
 0001:0002b310       _pj_list_search            0042c310 f   pjlib-i386-win32-vc14-release-dynamic:list.obj
 0001:0002b350       _pj_list_size              0042c350 f   pjlib-i386-win32-vc14-release-dynamic:list.obj
 0001:0002b370       _pj_addr_str_print         0042c370 f   pjlib-i386-win32-vc14-release-dynamic:sock_common.obj
 0001:0002b440       _pj_gethostip              0042c440 f   pjlib-i386-win32-vc14-release-dynamic:sock_common.obj
 0001:0002bde0       _pj_getipinterface         0042cde0 f   pjlib-i386-win32-vc14-release-dynamic:sock_common.obj
 0001:0002bfc0       _pj_sockaddr_cmp           0042cfc0 f   pjlib-i386-win32-vc14-release-dynamic:sock_common.obj
 0001:0002c0e0       _pj_sockaddr_copy_addr     0042d0e0 f   pjlib-i386-win32-vc14-release-dynamic:sock_common.obj
 0001:0002c160       _pj_sockaddr_cp            0042d160 f   pjlib-i386-win32-vc14-release-dynamic:sock_common.obj
 0001:0002c1c0       _pj_sockaddr_get_addr      0042d1c0 f   pjlib-i386-win32-vc14-release-dynamic:sock_common.obj
 0001:0002c200       _pj_sockaddr_get_addr_len  0042d200 f   pjlib-i386-win32-vc14-release-dynamic:sock_common.obj
 0001:0002c240       _pj_sockaddr_get_len       0042d240 f   pjlib-i386-win32-vc14-release-dynamic:sock_common.obj
 0001:0002c280       _pj_sockaddr_get_port      0042d280 f   pjlib-i386-win32-vc14-release-dynamic:sock_common.obj
 0001:0002c2b0       _pj_sockaddr_has_addr      0042d2b0 f   pjlib-i386-win32-vc14-release-dynamic:sock_common.obj
 0001:0002c360       _pj_sockaddr_in_init       0042d360 f   pjlib-i386-win32-vc14-release-dynamic:sock_common.obj
 0001:0002c3b0       _pj_sockaddr_in_set_str_addr 0042d3b0 f   pjlib-i386-win32-vc14-release-dynamic:sock_common.obj
 0001:0002c4a0       _pj_sockaddr_init          0042d4a0 f   pjlib-i386-win32-vc14-release-dynamic:sock_common.obj
 0001:0002c550       _pj_sockaddr_print         0042d550 f   pjlib-i386-win32-vc14-release-dynamic:sock_common.obj
 0001:0002c660       _pj_sockaddr_set_port      0042d660 f   pjlib-i386-win32-vc14-release-dynamic:sock_common.obj
 0001:0002c6b0       _pj_sockaddr_set_str_addr  0042d6b0 f   pjlib-i386-win32-vc14-release-dynamic:sock_common.obj
 0001:0002c7b0       _pj_NO_MEMORY_EXCEPTION    0042d7b0 f   pjlib-i386-win32-vc14-release-dynamic:pool.obj
 0001:0002c7c0       _pj_pool_alloc             0042d7c0 f   pjlib-i386-win32-vc14-release-dynamic:pool.obj
 0001:0002c810       _pj_pool_allocate_find     0042d810 f   pjlib-i386-win32-vc14-release-dynamic:pool.obj
 0001:0002c8f0       _pj_pool_calloc            0042d8f0 f   pjlib-i386-win32-vc14-release-dynamic:pool.obj
 0001:0002c950       _pj_pool_create            0042d950 f   pjlib-i386-win32-vc14-release-dynamic:pool.obj
 0001:0002c9e0       _pj_pool_create_int        0042d9e0 f   pjlib-i386-win32-vc14-release-dynamic:pool.obj
 0001:0002ca90       _pj_pool_destroy_int       0042da90 f   pjlib-i386-win32-vc14-release-dynamic:pool.obj
 0001:0002cad0       _pj_pool_get_capacity      0042dad0 f   pjlib-i386-win32-vc14-release-dynamic:pool.obj
 0001:0002cae0       _pj_pool_get_used_size     0042dae0 f   pjlib-i386-win32-vc14-release-dynamic:pool.obj
 0001:0002cb10       _pj_pool_getobjname        0042db10 f   pjlib-i386-win32-vc14-release-dynamic:pool.obj
 0001:0002cb20       _pj_pool_init_int          0042db20 f   pjlib-i386-win32-vc14-release-dynamic:pool.obj
 0001:0002cb90       _pj_pool_release           0042db90 f   pjlib-i386-win32-vc14-release-dynamic:pool.obj
 0001:0002cbb0       _pj_pool_reset             0042dbb0 f   pjlib-i386-win32-vc14-release-dynamic:pool.obj
 0001:0002cbc0       _pj_pool_safe_release      0042dbc0 f   pjlib-i386-win32-vc14-release-dynamic:pool.obj
 0001:0002cff0       _pj_caching_pool_destroy   0042dff0 f   pjlib-i386-win32-vc14-release-dynamic:pool_caching.obj
 0001:0002d0d0       _pj_caching_pool_init      0042e0d0 f   pjlib-i386-win32-vc14-release-dynamic:pool_caching.obj
 0001:0002d1b0       _pj_str                    0042e1b0 f   pjlib-i386-win32-vc14-release-dynamic:string.obj
 0001:0002d1d0       _pj_strassign              0042e1d0 f   pjlib-i386-win32-vc14-release-dynamic:string.obj
 0001:0002d1f0       _pj_strcat                 0042e1f0 f   pjlib-i386-win32-vc14-release-dynamic:string.obj
 0001:0002d220       _pj_strcat2                0042e220 f   pjlib-i386-win32-vc14-release-dynamic:string.obj
 0001:0002d260       _pj_strcmp                 0042e260 f   pjlib-i386-win32-vc14-release-dynamic:string.obj
 0001:0002d2c0       _pj_strcmp2                0042e2c0 f   pjlib-i386-win32-vc14-release-dynamic:string.obj
 0001:0002d330       _pj_strcpy                 0042e330 f   pjlib-i386-win32-vc14-release-dynamic:string.obj
 0001:0002d360       _pj_strcpy2                0042e360 f   pjlib-i386-win32-vc14-release-dynamic:string.obj
 0001:0002d3a0       _pj_strcspn2               0042e3a0 f   pjlib-i386-win32-vc14-release-dynamic:string.obj
 0001:0002d3e0       _pj_strdup                 0042e3e0 f   pjlib-i386-win32-vc14-release-dynamic:string.obj
 0001:0002d420       _pj_strdup2                0042e420 f   pjlib-i386-win32-vc14-release-dynamic:string.obj
 0001:0002d480       _pj_strdup2_with_null      0042e480 f   pjlib-i386-win32-vc14-release-dynamic:string.obj
 0001:0002d4e0       _pj_strdup_with_null       0042e4e0 f   pjlib-i386-win32-vc14-release-dynamic:string.obj
 0001:0002d530       _pj_stricmp                0042e530 f   pjlib-i386-win32-vc14-release-dynamic:string.obj
 0001:0002d5a0       _pj_stricmp2               0042e5a0 f   pjlib-i386-win32-vc14-release-dynamic:string.obj
 0001:0002d600       _pj_strltrim               0042e600 f   pjlib-i386-win32-vc14-release-dynamic:string.obj
 0001:0002d640       _pj_strncpy                0042e640 f   pjlib-i386-win32-vc14-release-dynamic:string.obj
 0001:0002d680       _pj_strncpy_with_null      0042e680 f   pjlib-i386-win32-vc14-release-dynamic:string.obj
 0001:0002d6c0       _pj_strnicmp               0042e6c0 f   pjlib-i386-win32-vc14-release-dynamic:string.obj
 0001:0002d700       _pj_strrtrim               0042e700 f   pjlib-i386-win32-vc14-release-dynamic:string.obj
 0001:0002d750       _pj_strspn2                0042e750 f   pjlib-i386-win32-vc14-release-dynamic:string.obj
 0001:0002d7b0       _pj_strstr                 0042e7b0 f   pjlib-i386-win32-vc14-release-dynamic:string.obj
 0001:0002d800       _pj_strtok2                0042e800 f   pjlib-i386-win32-vc14-release-dynamic:string.obj
 0001:0002d870       _pj_strtol                 0042e870 f   pjlib-i386-win32-vc14-release-dynamic:string.obj
 0001:0002d8e0       _pj_strtol2                0042e8e0 f   pjlib-i386-win32-vc14-release-dynamic:string.obj
 0001:0002d9f0       _pj_strtoul                0042e9f0 f   pjlib-i386-win32-vc14-release-dynamic:string.obj
 0001:0002da50       _pj_strtoul2               0042ea50 f   pjlib-i386-win32-vc14-release-dynamic:string.obj
 0001:0002db00       _pj_strtoul3               0042eb00 f   pjlib-i386-win32-vc14-release-dynamic:string.obj
 0001:0002dc80       _pj_strtrim                0042ec80 f   pjlib-i386-win32-vc14-release-dynamic:string.obj
 0001:0002dcd0       _pj_utoa                   0042ecd0 f   pjlib-i386-win32-vc14-release-dynamic:string.obj
 0001:0002dcf0       _pj_utoa_pad               0042ecf0 f   pjlib-i386-win32-vc14-release-dynamic:string.obj
 0001:0002dd90       _pj_array_erase            0042ed90 f   pjlib-i386-win32-vc14-release-dynamic:array.obj
 0001:0002ddd0       _pj_array_insert           0042edd0 f   pjlib-i386-win32-vc14-release-dynamic:array.obj
 0001:0002de70       _pj_log                    0042ee70 f   pjlib-i386-win32-vc14-release-dynamic:log.obj
 0001:0002e370       _pj_log_1                  0042f370 f   pjlib-i386-win32-vc14-release-dynamic:log.obj
 0001:0002e390       _pj_log_2                  0042f390 f   pjlib-i386-win32-vc14-release-dynamic:log.obj
 0001:0002e3b0       _pj_log_3                  0042f3b0 f   pjlib-i386-win32-vc14-release-dynamic:log.obj
 0001:0002e3d0       _pj_log_4                  0042f3d0 f   pjlib-i386-win32-vc14-release-dynamic:log.obj
 0001:0002e3f0       _pj_log_5                  0042f3f0 f   pjlib-i386-win32-vc14-release-dynamic:log.obj
 0001:0002e410       _pj_log_get_color          0042f410 f   pjlib-i386-win32-vc14-release-dynamic:log.obj
 0001:0002e480       _pj_log_get_decor          0042f480 f   pjlib-i386-win32-vc14-release-dynamic:log.obj
 0001:0002e490       _pj_log_get_level          0042f490 f   pjlib-i386-win32-vc14-release-dynamic:log.obj
 0001:0002e4a0       _pj_log_init               0042f4a0 f   pjlib-i386-win32-vc14-release-dynamic:log.obj
 0001:0002e510       _pj_log_pop_indent         0042f510 f   pjlib-i386-win32-vc14-release-dynamic:log.obj
 0001:0002e540       _pj_log_push_indent        0042f540 f   pjlib-i386-win32-vc14-release-dynamic:log.obj
 0001:0002e570       _pj_log_set_level          0042f570 f   pjlib-i386-win32-vc14-release-dynamic:log.obj
 0001:0002e580       _pj_gethostname            0042f580 f   pjlib-i386-win32-vc14-release-dynamic:sock_bsd.obj
 0001:0002e600       _pj_htonl                  0042f600 f   pjlib-i386-win32-vc14-release-dynamic:sock_bsd.obj
 0001:0002e610       _pj_htons                  0042f610 f   pjlib-i386-win32-vc14-release-dynamic:sock_bsd.obj
 0001:0002e620       _pj_inet_aton              0042f620 f   pjlib-i386-win32-vc14-release-dynamic:sock_bsd.obj
 0001:0002e6b0       _pj_inet_ntop              0042f6b0 f   pjlib-i386-win32-vc14-release-dynamic:sock_bsd.obj
 0001:0002e7c0       _pj_inet_pton              0042f7c0 f   pjlib-i386-win32-vc14-release-dynamic:sock_bsd.obj
 0001:0002e920       _pj_ntohl                  0042f920 f   pjlib-i386-win32-vc14-release-dynamic:sock_bsd.obj
 0001:0002e930       _pj_ntohs                  0042f930 f   pjlib-i386-win32-vc14-release-dynamic:sock_bsd.obj
 0001:0002e940       _pj_sock_accept            0042f940 f   pjlib-i386-win32-vc14-release-dynamic:sock_bsd.obj
 0001:0002e9b0       _pj_sock_bind              0042f9b0 f   pjlib-i386-win32-vc14-release-dynamic:sock_bsd.obj
 0001:0002ea20       _pj_sock_close             0042fa20 f   pjlib-i386-win32-vc14-release-dynamic:sock_bsd.obj
 0001:0002ea70       _pj_sock_connect           0042fa70 f   pjlib-i386-win32-vc14-release-dynamic:sock_bsd.obj
 0001:0002ead0       _pj_sock_getsockname       0042fad0 f   pjlib-i386-win32-vc14-release-dynamic:sock_bsd.obj
 0001:0002eb30       _pj_sock_getsockopt        0042fb30 f   pjlib-i386-win32-vc14-release-dynamic:sock_bsd.obj
 0001:0002eba0       _pj_sock_listen            0042fba0 f   pjlib-i386-win32-vc14-release-dynamic:sock_bsd.obj
 0001:0002ebf0       _pj_sock_recv              0042fbf0 f   pjlib-i386-win32-vc14-release-dynamic:sock_bsd.obj
 0001:0002ec60       _pj_sock_recvfrom          0042fc60 f   pjlib-i386-win32-vc14-release-dynamic:sock_bsd.obj
 0001:0002ecd0       _pj_sock_send              0042fcd0 f   pjlib-i386-win32-vc14-release-dynamic:sock_bsd.obj
 0001:0002ed40       _pj_sock_sendto            0042fd40 f   pjlib-i386-win32-vc14-release-dynamic:sock_bsd.obj
 0001:0002edb0       _pj_sock_setsockopt        0042fdb0 f   pjlib-i386-win32-vc14-release-dynamic:sock_bsd.obj
 0001:0002ee30       _pj_sock_setsockopt_params 0042fe30 f   pjlib-i386-win32-vc14-release-dynamic:sock_bsd.obj
 0001:0002ef30       _pj_sock_socket            0042ff30 f   pjlib-i386-win32-vc14-release-dynamic:sock_bsd.obj
 0001:0002f290       _pj_grp_lock_acquire       00430290 f   pjlib-i386-win32-vc14-release-dynamic:lock.obj
 0001:0002f2a0       _pj_grp_lock_add_handler   004302a0 f   pjlib-i386-win32-vc14-release-dynamic:lock.obj
 0001:0002f2f0       _pj_grp_lock_add_ref       004302f0 f   pjlib-i386-win32-vc14-release-dynamic:lock.obj
 0001:0002f310       _pj_grp_lock_create        00430310 f   pjlib-i386-win32-vc14-release-dynamic:lock.obj
 0001:0002f400       _pj_grp_lock_create_w_handler 00430400 f   pjlib-i386-win32-vc14-release-dynamic:lock.obj
 0001:0002f460       _pj_grp_lock_dec_ref       00430460 f   pjlib-i386-win32-vc14-release-dynamic:lock.obj
 0001:0002f490       _pj_grp_lock_get_ref       00430490 f   pjlib-i386-win32-vc14-release-dynamic:lock.obj
 0001:0002f4b0       _pj_grp_lock_release       004304b0 f   pjlib-i386-win32-vc14-release-dynamic:lock.obj
 0001:0002f4c0       _pj_grp_lock_tryacquire    004304c0 f   pjlib-i386-win32-vc14-release-dynamic:lock.obj
 0001:0002f4d0       _pj_lock_acquire           004304d0 f   pjlib-i386-win32-vc14-release-dynamic:lock.obj
 0001:0002f4f0       _pj_lock_create_null_mutex 004304f0 f   pjlib-i386-win32-vc14-release-dynamic:lock.obj
 0001:0002f510       _pj_lock_create_recursive_mutex 00430510 f   pjlib-i386-win32-vc14-release-dynamic:lock.obj
 0001:0002f530       _pj_lock_create_simple_mutex 00430530 f   pjlib-i386-win32-vc14-release-dynamic:lock.obj
 0001:0002f550       _pj_lock_destroy           00430550 f   pjlib-i386-win32-vc14-release-dynamic:lock.obj
 0001:0002f570       _pj_lock_release           00430570 f   pjlib-i386-win32-vc14-release-dynamic:lock.obj
 0001:0002f590       _pj_lock_tryacquire        00430590 f   pjlib-i386-win32-vc14-release-dynamic:lock.obj
 0001:0002f5b0       _pj_rand                   004305b0 f   pjlib-i386-win32-vc14-release-dynamic:rand.obj
 0001:0002f5e0       _pj_time_val_normalize     004305e0 f   pjlib-i386-win32-vc14-release-dynamic:types.obj
 0001:0002f870       _pj_timer_entry_init       00430870 f   pjlib-i386-win32-vc14-release-dynamic:timer.obj
 0001:0002f890       _pj_timer_entry_running    00430890 f   pjlib-i386-win32-vc14-release-dynamic:timer.obj
 0001:0002f8b0       _pj_timer_heap_cancel      004308b0 f   pjlib-i386-win32-vc14-release-dynamic:timer.obj
 0001:0002f920       _pj_timer_heap_cancel_if_active 00430920 f   pjlib-i386-win32-vc14-release-dynamic:timer.obj
 0001:0002f9a0       _pj_timer_heap_create      004309a0 f   pjlib-i386-win32-vc14-release-dynamic:timer.obj
 0001:0002faf0       _pj_timer_heap_destroy     00430af0 f   pjlib-i386-win32-vc14-release-dynamic:timer.obj
 0001:0002fb20       _pj_timer_heap_dump        00430b20 f   pjlib-i386-win32-vc14-release-dynamic:timer.obj
 0001:0002fc90       _pj_timer_heap_poll        00430c90 f   pjlib-i386-win32-vc14-release-dynamic:timer.obj
 0001:0002fe80       _pj_timer_heap_schedule_dbg 00430e80 f   pjlib-i386-win32-vc14-release-dynamic:timer.obj
 0001:0002feb0       _pj_timer_heap_schedule_w_grp_lock_dbg 00430eb0 f   pjlib-i386-win32-vc14-release-dynamic:timer.obj
 0001:0002fee0       _pj_timer_heap_set_lock    00430ee0 f   pjlib-i386-win32-vc14-release-dynamic:timer.obj
 0001:0002ff10       _pj_timer_heap_set_max_timed_out_per_poll 00430f10 f   pjlib-i386-win32-vc14-release-dynamic:timer.obj
 0001:000303a0       _pj_gettimeofday           004313a0 f   pjlib-i386-win32-vc14-release-dynamic:os_time_win32.obj
 0001:00030450       _pj_time_decode            00431450 f   pjlib-i386-win32-vc14-release-dynamic:os_time_win32.obj
 0001:000305c0       _ioqueue_dispatch_exception_event 004315c0 f   pjlib-i386-win32-vc14-release-dynamic:ioqueue_select.obj
 0001:00030700       _ioqueue_dispatch_read_event 00431700 f   pjlib-i386-win32-vc14-release-dynamic:ioqueue_select.obj
 0001:00030920       _ioqueue_dispatch_write_event 00431920 f   pjlib-i386-win32-vc14-release-dynamic:ioqueue_select.obj
 0001:00030c90       _pj_ioqueue_accept         00431c90 f   pjlib-i386-win32-vc14-release-dynamic:ioqueue_select.obj
 0001:00030dd0       _pj_ioqueue_connect        00431dd0 f   pjlib-i386-win32-vc14-release-dynamic:ioqueue_select.obj
 0001:00030eb0       _pj_ioqueue_create         00431eb0 f   pjlib-i386-win32-vc14-release-dynamic:ioqueue_select.obj
 0001:00031050       _pj_ioqueue_destroy        00432050 f   pjlib-i386-win32-vc14-release-dynamic:ioqueue_select.obj
 0001:00031110       _pj_ioqueue_get_user_data  00432110 f   pjlib-i386-win32-vc14-release-dynamic:ioqueue_select.obj
 0001:00031130       _pj_ioqueue_is_pending     00432130 f   pjlib-i386-win32-vc14-release-dynamic:ioqueue_select.obj
 0001:00031140       _pj_ioqueue_lock_key       00432140 f   pjlib-i386-win32-vc14-release-dynamic:ioqueue_select.obj
 0001:00031170       _pj_ioqueue_op_key_init    00432170 f   pjlib-i386-win32-vc14-release-dynamic:ioqueue_select.obj
 0001:00031190       _pj_ioqueue_poll           00432190 f   pjlib-i386-win32-vc14-release-dynamic:ioqueue_select.obj
 0001:000314e0       _pj_ioqueue_recv           004324e0 f   pjlib-i386-win32-vc14-release-dynamic:ioqueue_select.obj
 0001:00031610       _pj_ioqueue_recvfrom       00432610 f   pjlib-i386-win32-vc14-release-dynamic:ioqueue_select.obj
 0001:00031750       _pj_ioqueue_register_sock2 00432750 f   pjlib-i386-win32-vc14-release-dynamic:ioqueue_select.obj
 0001:00031870       _pj_ioqueue_send           00432870 f   pjlib-i386-win32-vc14-release-dynamic:ioqueue_select.obj
 0001:00031a10       _pj_ioqueue_sendto         00432a10 f   pjlib-i386-win32-vc14-release-dynamic:ioqueue_select.obj
 0001:00031bb0       _pj_ioqueue_set_concurrency 00432bb0 f   pjlib-i386-win32-vc14-release-dynamic:ioqueue_select.obj
 0001:00031bd0       _pj_ioqueue_set_lock       00432bd0 f   pjlib-i386-win32-vc14-release-dynamic:ioqueue_select.obj
 0001:00031c10       _pj_ioqueue_unlock_key     00432c10 f   pjlib-i386-win32-vc14-release-dynamic:ioqueue_select.obj
 0001:00031c40       _pj_ioqueue_unregister     00432c40 f   pjlib-i386-win32-vc14-release-dynamic:ioqueue_select.obj
 0001:00031e50       _pj_exception_id_alloc     00432e50 f   pjlib-i386-win32-vc14-release-dynamic:except.obj
 0001:00031ea0       _pj_exception_id_free      00432ea0 f   pjlib-i386-win32-vc14-release-dynamic:except.obj
 0001:00031ee0       _pj_exception_id_name      00432ee0 f   pjlib-i386-win32-vc14-release-dynamic:except.obj
 0001:00031f20       _pj_pop_exception_handler_ 00432f20 f   pjlib-i386-win32-vc14-release-dynamic:except.obj
 0001:00031f50       _pj_push_exception_handler_ 00432f50 f   pjlib-i386-win32-vc14-release-dynamic:except.obj
 0001:00031fa0       _pj_throw_exception_       00432fa0 f   pjlib-i386-win32-vc14-release-dynamic:except.obj
 0001:00032040       _pj_get_timestamp          00433040 f   pjlib-i386-win32-vc14-release-dynamic:os_timestamp_win32.obj
 0001:000320a0       _pj_get_timestamp_freq     004330a0 f   pjlib-i386-win32-vc14-release-dynamic:os_timestamp_win32.obj
 0001:00032320       _pj_hash_calc              00433320 f   pjlib-i386-win32-vc14-release-dynamic:hash.obj
 0001:000323b0       _pj_hash_calc_tolower      004333b0 f   pjlib-i386-win32-vc14-release-dynamic:hash.obj
 0001:00032400       _pj_hash_count             00433400 f   pjlib-i386-win32-vc14-release-dynamic:hash.obj
 0001:00032410       _pj_hash_create            00433410 f   pjlib-i386-win32-vc14-release-dynamic:hash.obj
 0001:00032460       _pj_hash_first             00433460 f   pjlib-i386-win32-vc14-release-dynamic:hash.obj
 0001:000324a0       _pj_hash_get               004334a0 f   pjlib-i386-win32-vc14-release-dynamic:hash.obj
 0001:000324d0       _pj_hash_get_lower         004334d0 f   pjlib-i386-win32-vc14-release-dynamic:hash.obj
 0001:00032500       _pj_hash_next              00433500 f   pjlib-i386-win32-vc14-release-dynamic:hash.obj
 0001:00032550       _pj_hash_set               00433550 f   pjlib-i386-win32-vc14-release-dynamic:hash.obj
 0001:000325b0       _pj_hash_set_lower         004335b0 f   pjlib-i386-win32-vc14-release-dynamic:hash.obj
 0001:00032610       _pj_hash_set_np            00433610 f   pjlib-i386-win32-vc14-release-dynamic:hash.obj
 0001:00032670       _pj_hash_set_np_lower      00433670 f   pjlib-i386-win32-vc14-release-dynamic:hash.obj
 0001:000326d0       _pj_hash_this              004336d0 f   pjlib-i386-win32-vc14-release-dynamic:hash.obj
 0001:000326f0       _pj_get_netos_error        004336f0 f   pjlib-i386-win32-vc14-release-dynamic:os_error_win32.obj
 0001:00032710       _platform_strerror         00433710 f   pjlib-i386-win32-vc14-release-dynamic:os_error_win32.obj
 0001:00032870       _pj_GUID_STRING_LENGTH     00433870 f   pjlib-i386-win32-vc14-release-dynamic:guid_win32.obj
 0001:00032880       _pj_generate_unique_string 00433880 f   pjlib-i386-win32-vc14-release-dynamic:guid_win32.obj
 0001:000328d0       _pj_create_unique_string   004338d0 f   pjlib-i386-win32-vc14-release-dynamic:guid.obj
 0001:00032900       _pj_qos_get_params         00433900 f   pjlib-i386-win32-vc14-release-dynamic:sock_qos_common.obj
 0001:00032930       _pj_sock_apply_qos         00433930 f   pjlib-i386-win32-vc14-release-dynamic:sock_qos_common.obj
 0001:000329f0       _pj_sock_apply_qos2        004339f0 f   pjlib-i386-win32-vc14-release-dynamic:sock_qos_common.obj
 0001:00032e30       _pj_activesock_cfg_default 00433e30 f   pjlib-i386-win32-vc14-release-dynamic:activesock.obj
 0001:00032e60       _pj_activesock_close       00433e60 f   pjlib-i386-win32-vc14-release-dynamic:activesock.obj
 0001:00032ec0       _pj_activesock_create      00433ec0 f   pjlib-i386-win32-vc14-release-dynamic:activesock.obj
 0001:00033040       _pj_activesock_get_user_data 00434040 f   pjlib-i386-win32-vc14-release-dynamic:activesock.obj
 0001:00033060       _pj_activesock_send        00434060 f   pjlib-i386-win32-vc14-release-dynamic:activesock.obj
 0001:00033130       _pj_activesock_start_accept 00434130 f   pjlib-i386-win32-vc14-release-dynamic:activesock.obj
 0001:00033200       _pj_activesock_start_connect 00434200 f   pjlib-i386-win32-vc14-release-dynamic:activesock.obj
 0001:00033230       _pj_activesock_start_read2 00434230 f   pjlib-i386-win32-vc14-release-dynamic:activesock.obj
 0001:00033370       _pj_elapsed_time           00434370 f   pjlib-i386-win32-vc14-release-dynamic:os_timestamp_common.obj
 0001:00033420       _pj_gettickcount           00434420 f   pjlib-i386-win32-vc14-release-dynamic:os_timestamp_common.obj
 0001:00033460       _pj_getaddrinfo            00434460 f   pjlib-i386-win32-vc14-release-dynamic:addr_resolv_sock.obj
 0001:00033580       _pj_gethostbyname          00434580 f   pjlib-i386-win32-vc14-release-dynamic:addr_resolv_sock.obj
 0001:00033640       _pj_pool_create_on_buf     00434640 f   pjlib-i386-win32-vc14-release-dynamic:pool_buf.obj
 0001:00033c50       _pj_enum_ip_interface      00434c50 f   pjlib-i386-win32-vc14-release-dynamic:ip_helper_win32.obj
 0001:00033dd0       _pj_log_write              00434dd0 f   pjlib-i386-win32-vc14-release-dynamic:log_writer_stdout.obj
 0001:00033e30       _PJ_FD_CLR                 00434e30 f   pjlib-i386-win32-vc14-release-dynamic:sock_select.obj
 0001:00033eb0       _PJ_FD_COUNT               00434eb0 f   pjlib-i386-win32-vc14-release-dynamic:sock_select.obj
 0001:00033ec0       _PJ_FD_ISSET               00434ec0 f   pjlib-i386-win32-vc14-release-dynamic:sock_select.obj
 0001:00033ef0       _PJ_FD_SET                 00434ef0 f   pjlib-i386-win32-vc14-release-dynamic:sock_select.obj
 0001:00033f60       _PJ_FD_ZERO                00434f60 f   pjlib-i386-win32-vc14-release-dynamic:sock_select.obj
 0001:00033f90       _pj_sock_select            00434f90 f   pjlib-i386-win32-vc14-release-dynamic:sock_select.obj
 0001:00034000       _pj_sock_set_qos_params    00435000 f   pjlib-i386-win32-vc14-release-dynamic:sock_qos_bsd.obj
 0001:00034120       _pj_sock_set_qos_type      00435120 f   pjlib-i386-win32-vc14-release-dynamic:sock_qos_bsd.obj
 0001:0003414c       ___WSAFDIsSet@8            0043514c f   ws2_32:WS2_32.dll
 0001:00034152       @__security_check_cookie@4 00435152 f   MSVCRT:_secchk_.obj
 0001:0003438f       _mainCRTStartup            0043538f f   MSVCRT:exe_main.obj
 0001:00034399       ___raise_securityfailure   00435399 f   MSVCRT:gs_report.obj
 0001:000343c1       ___report_gsfailure        004353c1 f   MSVCRT:gs_report.obj
 0001:000344bc       ___report_rangecheckfailure 004354bc f   MSVCRT:gs_report.obj
 0001:000344c8       ___report_securityfailure  004354c8 f   MSVCRT:gs_report.obj
 0001:00034598       ___isa_available_init      00435598 f   MSVCRT:_cpu_disp_.obj
 0001:00034740       __alldiv                   00435740 f   MSVCRT:lldiv.obj
 0001:000347f0       __allmul                   004357f0 f   MSVCRT:llmul.obj
 0001:00034830       __ftoui3                   00435830 f   MSVCRT:_ftol3_.obj
 0001:0003483f       __ftoul3                   0043583f f   MSVCRT:_ftol3_.obj
 0001:0003484e       __ftol3                    0043584e f   MSVCRT:_ftol3_.obj
 0001:0003485b       __ftol3_NaN                0043585b f   MSVCRT:_ftol3_.obj
 0001:00034873       __ftol3_work               00435873 f   MSVCRT:_ftol3_.obj
 0001:000348f9       __ftol3_common             004358f9 f   MSVCRT:_ftol3_.obj
 0001:000349bb       __ftol3_arg_error          004359bb f   MSVCRT:_ftol3_.obj
 0001:000349cd       __ftol3_except             004359cd f   MSVCRT:_ftol3_.obj
 0001:00034a11       __dtoui3                   00435a11 f   MSVCRT:_ftol3_.obj
 0001:00034a20       __dtoul3                   00435a20 f   MSVCRT:_ftol3_.obj
 0001:00034a2f       __dtol3                    00435a2f f   MSVCRT:_ftol3_.obj
 0001:00034a3c       __dtol3_NaN                00435a3c f   MSVCRT:_ftol3_.obj
 0001:00034a59       __dtol3_work               00435a59 f   MSVCRT:_ftol3_.obj
 0001:00034b40       __ultod3                   00435b40 f   MSVCRT:_ftol3_.obj
 0001:00034b80       __ltod3                    00435b80 f   MSVCRT:_ftol3_.obj
 0001:00034beb       ___scrt_acquire_startup_lock 00435beb f   MSVCRT:utility.obj
 0001:00034c20       ___scrt_initialize_crt     00435c20 f   MSVCRT:utility.obj
 0001:00034c59       ___scrt_initialize_onexit_tables 00435c59 f   MSVCRT:utility.obj
 0001:00034cf0       ___scrt_is_nonwritable_in_current_image 00435cf0 f   MSVCRT:utility.obj
 0001:00034d7a       ___scrt_release_startup_lock 00435d7a f   MSVCRT:utility.obj
 0001:00034d97       ___scrt_uninitialize_crt   00435d97 f   MSVCRT:utility.obj
 0001:00034dbf       __onexit                   00435dbf f   MSVCRT:utility.obj
 0001:00034dfa       _atexit                    00435dfa f   MSVCRT:utility.obj
 0001:00034e0f       ___security_init_cookie    00435e0f f   MSVCRT:gs_support.obj
 0001:00034eab       __get_startup_argv_mode    00435eab f   MSVCRT:argv_mode.obj
 0001:00034eaf       __get_startup_file_mode    00435eaf f   MSVCRT:file_mode.obj
 0001:00034eb5       ?__scrt_initialize_type_info@@YAXXZ 00435eb5 f   MSVCRT:tncleanup.obj
 0001:00034ec1       ___acrt_initialize         00435ec1 f   MSVCRT:ucrt_stubs.obj
 0001:00034ec1       ___scrt_stub_for_acrt_initialize 00435ec1 f   MSVCRT:ucrt_stubs.obj
 0001:00034ec1       __should_initialize_environment 00435ec1 f   MSVCRT:env_mode.obj
 0001:00034ec1       ___scrt_stub_for_acrt_uninitialize 00435ec1 f   MSVCRT:ucrt_stubs.obj
 0001:00034ec1       ___vcrt_uninitialize       00435ec1 f   MSVCRT:ucrt_stubs.obj
 0001:00034ec1       ___vcrt_initialize         00435ec1 f   MSVCRT:ucrt_stubs.obj
 0001:00034ec1       ___acrt_uninitialize       00435ec1 f   MSVCRT:ucrt_stubs.obj
 0001:00034ec4       __initialize_default_precision 00435ec4 f   MSVCRT:default_precision.obj
 0001:00034ee5       __initialize_invalid_parameter_handler 00435ee5 f   MSVCRT:invalid_parameter_handler.obj
 0001:00034ee5       __initialize_denormal_control 00435ee5 f   MSVCRT:denormal_control.obj
 0001:00034ee5       @_guard_check_icall_nop@4  00435ee5 f   MSVCRT:guard_support.obj
 0001:00034ee6       ___local_stdio_scanf_options 00435ee6 f i MSVCRT:default_local_stdio_options.obj
 0001:00034eec       ___scrt_initialize_default_local_stdio_options 00435eec f   MSVCRT:default_local_stdio_options.obj
 0001:00034f09       ___scrt_is_user_matherr_present 00435f09 f   MSVCRT:matherr_detection.obj
 0001:00034f15       ___scrt_get_dyn_tls_init_callback 00435f15 f   MSVCRT:dyn_tls_init.obj
 0001:00034f1b       ___scrt_get_dyn_tls_dtor_callback 00435f1b f   MSVCRT:dyn_tls_dtor.obj
 0001:00034f21       ___scrt_fastfail           00435f21 f   MSVCRT:utility_desktop.obj
 0001:0003503c       ___scrt_is_managed_app     0043603c f   MSVCRT:utility_desktop.obj
 0001:00035080       ___scrt_set_unhandled_exception_filter 00436080 f   MSVCRT:utility_desktop.obj
 0001:0003508c       ___scrt_unhandled_exception_filter@4 0043608c f   MSVCRT:utility_desktop.obj
 0001:000350cd       __RTC_Initialize           004360cd f   MSVCRT:_initsect_.obj
 0001:000350f8       __RTC_Terminate            004360f8 f   MSVCRT:_initsect_.obj
 0001:00035123       @_guard_check_icall@4      00436123 f i MSVCRT:checkcfg.obj
 0001:00035130       __SEH_prolog4              00436130 f   MSVCRT:_sehprolg4_.obj
 0001:00035176       __SEH_epilog4              00436176 f   MSVCRT:_sehprolg4_.obj
 0001:0003518b       __except_handler4          0043618b f   MSVCRT:_chandler4gs_.obj
 0001:000351ae       ___scrt_is_ucrt_dll_in_use 004361ae f   MSVCRT:ucrt_detection.obj
 0001:000351ba       _IsProcessorFeaturePresent@4 004361ba f   kernel32:KERNEL32.dll
 0001:000351c0       _memset                    004361c0 f   vcruntime:VCRUNTIME140.dll
 0001:000351c6       _memcpy                    004361c6 f   vcruntime:VCRUNTIME140.dll
 0001:000351cc       __setjmp3                  004361cc f   vcruntime:VCRUNTIME140.dll
 0001:000351d2       _longjmp                   004361d2 f   vcruntime:VCRUNTIME140.dll
 0001:000351d8       __except_handler4_common   004361d8 f   vcruntime:VCRUNTIME140.dll
 0001:000351de       __CIfmod                   004361de f   ucrt:api-ms-win-crt-math-l1-1-0.dll
 0001:000351e4       __seh_filter_exe           004361e4 f   ucrt:api-ms-win-crt-runtime-l1-1-0.dll
 0001:000351ea       __set_app_type             004361ea f   ucrt:api-ms-win-crt-runtime-l1-1-0.dll
 0001:000351f0       ___setusermatherr          004361f0 f   ucrt:api-ms-win-crt-math-l1-1-0.dll
 0001:000351f6       __configure_narrow_argv    004361f6 f   ucrt:api-ms-win-crt-runtime-l1-1-0.dll
[...]
 0003:00000360       $SG19141                   00440360     sipecho.obj
 0003:0000036c       $SG19143                   0044036c     sipecho.obj
 0003:00000388       $SG19144                   00440388     sipecho.obj
 0003:00000394       $SG19145                   00440394     sipecho.obj
 0003:0000039c       $SG19149                   0044039c     sipecho.obj
 0003:000003a8       $SG19150                   004403a8     sipecho.obj
 0003:000003b4       $SG19153                   004403b4     sipecho.obj
 0003:000003c0       $SG19154                   004403c0     sipecho.obj
 0003:000003cc       $SG19156                   004403cc     sipecho.obj
 0003:000003d8       $SG19157                   004403d8     sipecho.obj
 0003:000003e4       $SG19160                   004403e4     sipecho.obj
 0003:000003f0       $SG19161                   004403f0     sipecho.obj
 0003:00000414       $SG19162                   00440414     sipecho.obj
 0003:00000420       $SG19181                   00440420     sipecho.obj
 0003:00000448       $SG19182                   00440448     sipecho.obj
 0003:00000454       $SG19184                   00440454     sipecho.obj
 0003:00000474       $SG19185                   00440474     sipecho.obj
 0003:00000480       $SG19264                   00440480     sipecho.obj
 0003:00000490       $SG19265                   00440490     sipecho.obj
 0003:0000049c       $SG19269                   0044049c     sipecho.obj
 0003:000004a8       $SG19270                   004404a8     sipecho.obj
 0003:000004b4       $SG19275                   004404b4     sipecho.obj
 0003:000004bc       $SG19278                   004404bc     sipecho.obj
 0003:000004d0       $SG19281                   004404d0     sipecho.obj
 0003:000004dc       $SG19283                   004404dc     sipecho.obj
 0003:00000500       $SG19284                   00440500     sipecho.obj
 0003:0000050c       $SG19285                   0044050c     sipecho.obj
 0003:00000520       $SG19306                   00440520     sipecho.obj
 0003:0000053c       $SG19307                   0044053c     sipecho.obj
 0003:00000540       $SG19308                   00440540     sipecho.obj
 0003:00000550       $SG19309                   00440550     sipecho.obj
 0003:00000584       $SG19310                   00440584     sipecho.obj
 0003:000005bc       $SG19311                   004405bc     sipecho.obj
 0003:000005f0       $SG19312                   004405f0     sipecho.obj
 0003:00000628       $SG19350                   00440628     sipecho.obj
 0003:00000634       $SG19351                   00440634     sipecho.obj
 0003:00000640       $SG19352                   00440640     sipecho.obj
 0003:00000644       $SG19353                   00440644     sipecho.obj
 0003:00000648       $SG19354                   00440648     sipecho.obj
 0003:00000650       $SG19355                   00440650     sipecho.obj
 0003:00000658       $SG19356                   00440658     sipecho.obj
 0003:00000660       $SG19357                   00440660     sipecho.obj
 0003:00000668       $SG19358                   00440668     sipecho.obj
 0003:00000670       $SG19365                   00440670     sipecho.obj
 0003:000006a4       $SG19366                   004406a4     sipecho.obj
 0003:000006b0       $SG19372                   004406b0     sipecho.obj
 0003:000006d4       $SG19373                   004406d4     sipecho.obj
 0003:000006e0       $SG19374                   004406e0     sipecho.obj
 0003:000006f4       $SG19376                   004406f4     sipecho.obj
 0003:00000710       $SG19377                   00440710     sipecho.obj
 0003:0000071c       $SG19381                   0044071c     sipecho.obj
 0003:00000734       $SG19382                   00440734     sipecho.obj
 0003:00000768       $SG19383                   00440768     sipecho.obj
 0003:00000770       $SG19384                   00440770     sipecho.obj
 0003:00000778       $SG19385                   00440778     sipecho.obj
 0003:000007c0       $SG19390                   004407c0     sipecho.obj
 0003:000007cc       $SG19391                   004407cc     sipecho.obj
 0003:000007f8       _inv_state_handler         004407f8     pjsip-ua-i386-win32-vc14-release-dynamic:sip_inv.obj
 0003:00000818       _mod_inv                   00440818     pjsip-ua-i386-win32-vc14-release-dynamic:sip_inv.obj
 0003:00000880       _inv_state_names           00440880     pjsip-ua-i386-win32-vc14-release-dynamic:sip_inv.obj
 0003:000008a0       _mod_100rel                004408a0     pjsip-ua-i386-win32-vc14-release-dynamic:sip_100rel.obj
 0003:000008e0       _se_hdr_vptr               004408e0     pjsip-ua-i386-win32-vc14-release-dynamic:sip_timer.obj
 0003:000008ec       _min_se_hdr_vptr           004408ec     pjsip-ua-i386-win32-vc14-release-dynamic:sip_timer.obj
 0003:000008f8       _retry_after_hdr_vptr      004408f8     pjsip-core-i386-win32-vc14-release-dynamic:sip_msg.obj
 0003:00000904       _via_hdr_vptr              00440904     pjsip-core-i386-win32-vc14-release-dynamic:sip_msg.obj
 0003:00000910       _generic_hdr_vptr          00440910     pjsip-core-i386-win32-vc14-release-dynamic:sip_msg.obj
 0003:0000091c       _generic_int_hdr_vptr      0044091c     pjsip-core-i386-win32-vc14-release-dynamic:sip_msg.obj
 0003:00000928       _generic_array_hdr_vptr    00440928     pjsip-core-i386-win32-vc14-release-dynamic:sip_msg.obj
 0003:00000934       _clen_hdr_vptr             00440934     pjsip-core-i386-win32-vc14-release-dynamic:sip_msg.obj
 0003:00000940       _cseq_hdr_vptr             00440940     pjsip-core-i386-win32-vc14-release-dynamic:sip_msg.obj
 0003:0000094c       _contact_hdr_vptr          0044094c     pjsip-core-i386-win32-vc14-release-dynamic:sip_msg.obj
 0003:00000958       _ctype_hdr_vptr            00440958     pjsip-core-i386-win32-vc14-release-dynamic:sip_msg.obj
 0003:00000964       _fromto_hdr_vptr           00440964     pjsip-core-i386-win32-vc14-release-dynamic:sip_msg.obj
 0003:00000970       _routing_hdr_vptr          00440970     pjsip-core-i386-win32-vc14-release-dynamic:sip_msg.obj
 0003:0000097c       _method_names              0044097c     pjsip-core-i386-win32-vc14-release-dynamic:sip_msg.obj
 0003:00000998       _mod_msg_print             00440998     pjsip-core-i386-win32-vc14-release-dynamic:sip_transport.obj
 0003:000009d8       _transport_names           004409d8     pjsip-core-i386-win32-vc14-release-dynamic:sip_transport.obj
 0003:00000c58       _event_str                 00440c58     pjsip-core-i386-win32-vc14-release-dynamic:sip_util.obj
 0003:00000c74       _str_TEXT                  00440c74     pjsip-core-i386-win32-vc14-release-dynamic:sip_util.obj
 0003:00000c7c       _str_PLAIN                 00440c7c     pjsip-core-i386-win32-vc14-release-dynamic:sip_util.obj
 0003:00000cc0       _mod_tsx_layer             00440cc0     pjsip-core-i386-win32-vc14-release-dynamic:sip_transaction.obj
 0003:00000d0c       _t1_timer_val              00440d0c     pjsip-core-i386-win32-vc14-release-dynamic:sip_transaction.obj
 0003:00000d14       _t2_timer_val              00440d14     pjsip-core-i386-win32-vc14-release-dynamic:sip_transaction.obj
 0003:00000d1c       _timeout_timer_val         00440d1c     pjsip-core-i386-win32-vc14-release-dynamic:sip_transaction.obj
 0003:00000d24       _state_str                 00440d24     pjsip-core-i386-win32-vc14-release-dynamic:sip_transaction.obj
 0003:00000d44       _role_name                 00440d44     pjsip-core-i386-win32-vc14-release-dynamic:sip_transaction.obj
 0003:00000d4c       _t4_timer_val              00440d4c     pjsip-core-i386-win32-vc14-release-dynamic:sip_transaction.obj
 0003:00000d54       _td_timer_val              00440d54     pjsip-core-i386-win32-vc14-release-dynamic:sip_transaction.obj
 0003:00000d5c       _tsx_state_handler_uac     00440d5c     pjsip-core-i386-win32-vc14-release-dynamic:sip_transaction.obj
 0003:00000d7c       _tsx_state_handler_uas     00440d7c     pjsip-core-i386-win32-vc14-release-dynamic:sip_transaction.obj
 0003:00000da0       _mod_ua                    00440da0     pjsip-core-i386-win32-vc14-release-dynamic:sip_ua_layer.obj
 0003:00000e18       _pconst                    00440e18     pjsip-core-i386-win32-vc14-release-dynamic:sip_parser.obj
 0003:00000fac       _sip_str                   00440fac     pjsip-core-i386-win32-vc14-release-dynamic:sip_uri.obj
 0003:00000fb4       _sips_str                  00440fb4     pjsip-core-i386-win32-vc14-release-dynamic:sip_uri.obj
 0003:00000fbc       _sip_url_vptr              00440fbc     pjsip-core-i386-win32-vc14-release-dynamic:sip_uri.obj
 0003:00000fd0       _sips_url_vptr             00440fd0     pjsip-core-i386-win32-vc14-release-dynamic:sip_uri.obj
 0003:00000fe4       _name_addr_vptr            00440fe4     pjsip-core-i386-win32-vc14-release-dynamic:sip_uri.obj
 0003:00000ff8       _other_uri_vptr            00440ff8     pjsip-core-i386-win32-vc14-release-dynamic:sip_uri.obj
 0003:0000100c       _pjsip_ISUB_STR            0044100c     pjsip-core-i386-win32-vc14-release-dynamic:sip_tel_uri.obj
 0003:00001014       _pjsip_EXT_STR             00441014     pjsip-core-i386-win32-vc14-release-dynamic:sip_tel_uri.obj
 0003:0000101c       _pjsip_PH_CTX_STR          0044101c     pjsip-core-i386-win32-vc14-release-dynamic:sip_tel_uri.obj
 0003:00001024       _tel_uri_vptr              00441024     pjsip-core-i386-win32-vc14-release-dynamic:sip_tel_uri.obj
 0003:00001038       _authorization_hdr_vptr    00441038     pjsip-core-i386-win32-vc14-release-dynamic:sip_auth_msg.obj
 0003:00001044       _www_authenticate_hdr_vptr 00441044     pjsip-core-i386-win32-vc14-release-dynamic:sip_auth_msg.obj
 0003:00001050       _state_str                 00441050     pjmedia-i386-win32-vc14-release-dynamic:sdp_neg.obj
 0003:0000106c       _state_names               0044106c     pjlib-util-i386-win32-vc14-release-dynamic:resolver.obj
 0003:00001078       _thread_tls_id             00441078     pjlib-i386-win32-vc14-release-dynamic:os_core_win32.obj
 0003:00001080       _pool_sizes                00441080     pjlib-i386-win32-vc14-release-dynamic:pool_caching.obj
 0003:000010c0       _thread_suspended_tls_id   004410c0     pjlib-i386-win32-vc14-release-dynamic:log.obj
 0003:000010c4       _thread_indent_tls_id      004410c4     pjlib-i386-win32-vc14-release-dynamic:log.obj
 0003:000010c8       _pj_log_max_level          004410c8     pjlib-i386-win32-vc14-release-dynamic:log.obj
 0003:000010cc       _log_writer                004410cc     pjlib-i386-win32-vc14-release-dynamic:log.obj
 0003:000010d0       _log_decor                 004410d0     pjlib-i386-win32-vc14-release-dynamic:log.obj
 0003:000010d4       _PJ_LOG_COLOR_0            004410d4     pjlib-i386-win32-vc14-release-dynamic:log.obj
 0003:000010d8       _PJ_LOG_COLOR_1            004410d8     pjlib-i386-win32-vc14-release-dynamic:log.obj
 0003:000010dc       _PJ_LOG_COLOR_2            004410dc     pjlib-i386-win32-vc14-release-dynamic:log.obj
 0003:000010e0       _PJ_LOG_COLOR_3            004410e0     pjlib-i386-win32-vc14-release-dynamic:log.obj
 0003:000010e4       _PJ_LOG_COLOR_4            004410e4     pjlib-i386-win32-vc14-release-dynamic:log.obj
 0003:000010e8       _PJ_LOG_COLOR_5            004410e8     pjlib-i386-win32-vc14-release-dynamic:log.obj
 0003:000010ec       _PJ_LOG_COLOR_6            004410ec     pjlib-i386-win32-vc14-release-dynamic:log.obj
 0003:000010f0       _PJ_LOG_COLOR_77           004410f0     pjlib-i386-win32-vc14-release-dynamic:log.obj
 0003:000010f4       ?ltexts@?2??pj_log@@9@9    004410f4     pjlib-i386-win32-vc14-release-dynamic:log.obj
 0003:00001110       ?wdays@?3??pj_log@@9@9     00441110     pjlib-i386-win32-vc14-release-dynamic:log.obj
 0003:0000112c       _mutex_lock_template       0044112c     pjlib-i386-win32-vc14-release-dynamic:lock.obj
 0003:00001140       _null_lock_template        00441140     pjlib-i386-win32-vc14-release-dynamic:lock.obj
 0003:00001154       _sem_lock_template         00441154     pjlib-i386-win32-vc14-release-dynamic:lock.obj
 0003:00001168       _thread_local_id           00441168     pjlib-i386-win32-vc14-release-dynamic:except.obj
 0003:0000116c       ?hex@?1??hex2digit@@9@9    0044116c     pjlib-i386-win32-vc14-release-dynamic:guid_win32.obj
 0003:0000117c       _tls                       0044117c     pjlib-i386-win32-vc14-release-dynamic:pool_buf.obj
 0003:00001184       _id                        00441184     pjlib-i386-win32-vc14-release-dynamic:config.obj
 0003:000011c8       _app                       004411c8     sipecho.obj
 0003:000013c0       _sip_af                    004413c0     sipecho.obj
 0003:000013c4       _sip_tcp                   004413c4     sipecho.obj
 0003:000013c8       _is_initialized            004413c8     pjsip-ua-i386-win32-vc14-release-dynamic:sip_timer.obj
 0003:000013d0       _status_phrase             004413d0     pjsip-core-i386-win32-vc14-release-dynamic:sip_msg.obj
 0003:00002a00       ?is_initialized@?1??pjsip_get_status_text@@9@9 00442a00     pjsip-core-i386-win32-vc14-release-dynamic:sip_msg.obj
 0003:00002a08       _handler                   00442a08     pjsip-core-i386-win32-vc14-release-dynamic:sip_parser.obj
 0003:00004088       _handler_count             00444088     pjsip-core-i386-win32-vc14-release-dynamic:sip_parser.obj
 0003:0000408c       _parser_is_initialized     0044408c     pjsip-core-i386-win32-vc14-release-dynamic:sip_parser.obj
 0003:00004090       _uri_handler               00444090     pjsip-core-i386-win32-vc14-release-dynamic:sip_parser.obj
 0003:000040c0       _uri_handler_count         004440c0     pjsip-core-i386-win32-vc14-release-dynamic:sip_parser.obj
 0003:000040c8       _cis_buf                   004440c8     pjsip-core-i386-win32-vc14-release-dynamic:sip_parser.obj
 0003:000044d0       _pjsip_TEL_NUMBER_SPEC     004444d0     pjsip-core-i386-win32-vc14-release-dynamic:sip_tel_uri.obj
 0003:000044d8       _pjsip_TEL_EXT_VALUE_SPEC  004444d8     pjsip-core-i386-win32-vc14-release-dynamic:sip_tel_uri.obj
 0003:000044e0       _pjsip_TEL_PHONE_CONTEXT_SPEC 004444e0     pjsip-core-i386-win32-vc14-release-dynamic:sip_tel_uri.obj
 0003:000044e8       _pjsip_TEL_URIC_SPEC       004444e8     pjsip-core-i386-win32-vc14-release-dynamic:sip_tel_uri.obj
 0003:000044f0       _pjsip_TEL_PNAME_SPEC      004444f0     pjsip-core-i386-win32-vc14-release-dynamic:sip_tel_uri.obj
 0003:000044f8       _pjsip_TEL_PVALUE_SPEC     004444f8     pjsip-core-i386-win32-vc14-release-dynamic:sip_tel_uri.obj
 0003:00004500       _cis_buf                   00444500     pjsip-core-i386-win32-vc14-release-dynamic:sip_tel_uri.obj
 0003:00004904       _pjsip_TEL_VISUAL_SEP_SPEC 00444904     pjsip-core-i386-win32-vc14-release-dynamic:sip_tel_uri.obj
 0003:0000490c       _pjsip_TEL_PVALUE_SPEC_ESC 0044490c     pjsip-core-i386-win32-vc14-release-dynamic:sip_tel_uri.obj
 0003:00004914       _pjsip_TEL_PARSING_PVALUE_SPEC 00444914     pjsip-core-i386-win32-vc14-release-dynamic:sip_tel_uri.obj
 0003:0000491c       _pjsip_TEL_PARSING_PVALUE_SPEC_ESC 0044491c     pjsip-core-i386-win32-vc14-release-dynamic:sip_tel_uri.obj
 0003:00004928       _is_initialized            00444928     pjmedia-i386-win32-vc14-release-dynamic:sdp.obj
 0003:00004930       _cis_buf                   00444930     pjmedia-i386-win32-vc14-release-dynamic:sdp.obj
 0003:00004d34       _cs_digit                  00444d34     pjmedia-i386-win32-vc14-release-dynamic:sdp.obj
 0003:00004d3c       _cs_token                  00444d3c     pjmedia-i386-win32-vc14-release-dynamic:sdp.obj
 0003:00004d48       _fmt_match_cb_cnt          00444d48     pjmedia-i386-win32-vc14-release-dynamic:sdp_neg.obj
 0003:00004d50       _fmt_match_cb              00444d50     pjmedia-i386-win32-vc14-release-dynamic:sdp_neg.obj
 0003:00004db4       ___getopt_initialized      00444db4     pjlib-util-i386-win32-vc14-release-dynamic:getopt.obj
 0003:00004db8       _nextchar                  00444db8     pjlib-util-i386-win32-vc14-release-dynamic:getopt.obj
 0003:00004dbc       _ordering                  00444dbc     pjlib-util-i386-win32-vc14-release-dynamic:getopt.obj
 0003:00004dc0       _posixly_correct           00444dc0     pjlib-util-i386-win32-vc14-release-dynamic:getopt.obj
 0003:00004dc4       _first_nonopt              00444dc4     pjlib-util-i386-win32-vc14-release-dynamic:getopt.obj
 0003:00004dc8       _last_nonopt               00444dc8     pjlib-util-i386-win32-vc14-release-dynamic:getopt.obj
 0003:00004dd0       _initialized               00444dd0     pjlib-i386-win32-vc14-release-dynamic:os_core_win32.obj
 0003:00004dd4       _atexit_count              00444dd4     pjlib-i386-win32-vc14-release-dynamic:os_core_win32.obj
 0003:00004dd8       _main_thread               00444dd8     pjlib-i386-win32-vc14-release-dynamic:os_core_win32.obj
 0003:00004ed8       _critical_section_mutex    00444ed8     pjlib-i386-win32-vc14-release-dynamic:os_core_win32.obj
 0003:00004f10       _atexit_func               00444f10     pjlib-i386-win32-vc14-release-dynamic:os_core_win32.obj
 0003:00004f90       _err_msg_hnd_cnt           00444f90     pjlib-i386-win32-vc14-release-dynamic:errno.obj
 0003:00004f98       _err_msg_hnd               00444f98     pjlib-i386-win32-vc14-release-dynamic:errno.obj
 0003:00005010       _g_last_thread             00445010     pjlib-i386-win32-vc14-release-dynamic:log.obj
 0003:00005018       ?buf@?1??pj_gethostname@@9@9 00445018     pjlib-i386-win32-vc14-release-dynamic:sock_bsd.obj
 0003:00005098       ?hostname@?1??pj_gethostname@@9@9 00445098     pjlib-i386-win32-vc14-release-dynamic:sock_bsd.obj
 0003:000050a0       _base_time                 004450a0     pjlib-i386-win32-vc14-release-dynamic:os_time_win32.obj
 0003:000050a8       _exception_id_names        004450a8     pjlib-i386-win32-vc14-release-dynamic:except.obj
 0003:000050e8       ?unknown_name@?1??pj_exception_id_name@@9@9 004450e8     pjlib-i386-win32-vc14-release-dynamic:except.obj
 0003:00005108       _stack_based_factory       00445108     pjlib-i386-win32-vc14-release-dynamic:pool_buf.obj
 0003:0000512c       _is_initialized            0044512c     pjlib-i386-win32-vc14-release-dynamic:pool_buf.obj
 0003:00005130       _s_hDLL                    00445130     pjlib-i386-win32-vc14-release-dynamic:ip_helper_win32.obj
 0003:00005134       _s_pfnGetIpAddrTable       00445134     pjlib-i386-win32-vc14-release-dynamic:ip_helper_win32.obj
 0003:00005138       _s_pfnGetAdapterAddresses  00445138     pjlib-i386-win32-vc14-release-dynamic:ip_helper_win32.obj
 0003:0000513c       _s_pfnGetIpForwardTable    0044513c     pjlib-i386-win32-vc14-release-dynamic:ip_helper_win32.obj
 0003:00005140       _s_pfnGetIfEntry           00445140     pjlib-i386-win32-vc14-release-dynamic:ip_helper_win32.obj
 0003:00005148       _GS_ExceptionRecord        00445148     MSVCRT:gs_report.obj
 0003:00005198       _GS_ContextRecord          00445198     MSVCRT:gs_report.obj
 0003:00005474       ?module_local_atexit_table@@3U_onexit_table_t@@A 00445474     MSVCRT:utility.obj
 0003:00005480       ?module_local_at_quick_exit_table@@3U_onexit_table_t@@A 00445480     MSVCRT:utility.obj
 0003:0000548c       ?is_initialized_as_dll@@3_NA 0044548c     MSVCRT:utility.obj
 0004:00000000       __guard_fids__             00446000     MSVCRT:exe_main.obj
 0004:00000004       __guard_fids__             00446004     MSVCRT:exe_main.obj
 0004:00000008       __guard_fids__             00446008     MSVCRT:exe_main.obj
 0004:0000000c       __guard_fids_?pre_c_initialization@@YAHXZ 0044600c     MSVCRT:exe_main.obj
 0004:00000014       __guard_fids____scrt_set_unhandled_exception_filter 00446014     MSVCRT:utility_desktop.obj
 0004:00000018       __guard_fids___except_handler4 00446018     MSVCRT:_chandler4gs_.obj
 0004:0000001c       __guard_fids__             0044601c     MSVCRT:guard_support.obj
