 sipstateless

 Timestamp is 5e5eb1bb (Tue Mar  3 15:36:27 2020)

 Preferred load address is 00400000

 Start         Length     Name                   Class
 0001:00000000 0002227dH .text$mn                CODE
 0002:00000000 00000208H .idata$5                DATA
 0002:00000208 00000004H .00cfg                  DATA
 0002:0000020c 00000004H .CRT$XCA                DATA
 0002:00000210 00000004H .CRT$XCAA               DATA
 0002:00000214 00000004H .CRT$XCZ                DATA
 0002:00000218 00000004H .CRT$XIA                DATA
 0002:0000021c 00000004H .CRT$XIAA               DATA
 0002:00000220 00000004H .CRT$XIAC               DATA
 0002:00000224 00000004H .CRT$XIZ                DATA
 0002:00000228 00000004H .CRT$XPA                DATA
 0002:0000022c 00000004H .CRT$XPZ                DATA
 0002:00000230 00000004H .CRT$XTA                DATA
 0002:00000234 0000000cH .CRT$XTZ                DATA
 0002:00000240 00005e80H .rdata                  DATA
 0002:000060c0 00000004H .rdata$sxdata           DATA
 0002:000060c4 00000240H .rdata$zzzdbg           DATA
 0002:00006304 00000004H .rtc$IAA                DATA
 0002:00006308 00000004H .rtc$IZZ                DATA
 0002:0000630c 00000004H .rtc$TAA                DATA
 0002:00006310 00000008H .rtc$TZZ                DATA
 0002:00006318 0000003cH .xdata$x                DATA
 0002:00006354 00000000H .edata                  DATA
 0002:00006354 000000f0H .idata$2                DATA
 0002:00006444 00000014H .idata$3                DATA
 0002:00006458 00000208H .idata$4                DATA
 0002:00006660 000007aaH .idata$6                DATA
 0003:00000000 00000b40H .data                   DATA
 0003:00000b40 00003c94H .bss                    DATA
 0004:00000000 00000020H .gfids$y                DATA

  Address         Publics by Value              Rva+Base       Lib:Object

 0000:00000000       ___guard_longjmp_count     00000000     <absolute>
 0000:00000000       ___guard_fids_count        00000000     <absolute>
 0000:00000000       ___dynamic_value_reloc_table 00000000     <absolute>
 0000:00000000       ___guard_iat_count         00000000     <absolute>
 0000:00000000       ___guard_longjmp_table     00000000     <absolute>
 0000:00000000       ___guard_iat_table         00000000     <absolute>
 0000:00000000       ___guard_fids_table        00000000     <absolute>
 0000:00000001       ___safe_se_handler_count   00000001     <absolute>
 0000:00000100       ___guard_flags             00000100     <absolute>
 0000:00000000       ___ImageBase               00400000     <linker-defined>
 0001:000000b0       _main                      004010b0 f   sipstateless.obj
 0001:00001520       ___local_stdio_printf_options 00402520 f i pjsip-core-i386-win32-vc14-release-dynamic:sip_msg.obj
 0001:00001a50       _pjsip_accept_hdr_create   00402a50 f   pjsip-core-i386-win32-vc14-release-dynamic:sip_msg.obj
 0001:00001aa0       _pjsip_allow_hdr_create    00402aa0 f   pjsip-core-i386-win32-vc14-release-dynamic:sip_msg.obj
 0001:00001af0       _pjsip_cid_hdr_create      00402af0 f   pjsip-core-i386-win32-vc14-release-dynamic:sip_msg.obj
 0001:00001b60       _pjsip_clen_hdr_create     00402b60 f   pjsip-core-i386-win32-vc14-release-dynamic:sip_msg.obj
 0001:00001bc0       _pjsip_clone_text_data     00402bc0 f   pjsip-core-i386-win32-vc14-release-dynamic:sip_msg.obj
 0001:00001c00       _pjsip_contact_hdr_create  00402c00 f   pjsip-core-i386-win32-vc14-release-dynamic:sip_msg.obj
 0001:00001c20       _pjsip_contact_hdr_init    00402c20 f   pjsip-core-i386-win32-vc14-release-dynamic:sip_msg.obj
 0001:00001c90       _pjsip_cseq_hdr_create     00402c90 f   pjsip-core-i386-win32-vc14-release-dynamic:sip_msg.obj
 0001:00001cf0       _pjsip_ctype_hdr_create    00402cf0 f   pjsip-core-i386-win32-vc14-release-dynamic:sip_msg.obj
 0001:00001d10       _pjsip_ctype_hdr_init      00402d10 f   pjsip-core-i386-win32-vc14-release-dynamic:sip_msg.obj
 0001:00001d80       _pjsip_expires_hdr_create  00402d80 f   pjsip-core-i386-win32-vc14-release-dynamic:sip_msg.obj
 0001:00001dd0       _pjsip_from_hdr_create     00402dd0 f   pjsip-core-i386-win32-vc14-release-dynamic:sip_msg.obj
 0001:00001df0       _pjsip_from_hdr_init       00402df0 f   pjsip-core-i386-win32-vc14-release-dynamic:sip_msg.obj
 0001:00001e60       _pjsip_fromto_hdr_set_from 00402e60 f   pjsip-core-i386-win32-vc14-release-dynamic:sip_msg.obj
 0001:00001e90       _pjsip_fromto_hdr_set_to   00402e90 f   pjsip-core-i386-win32-vc14-release-dynamic:sip_msg.obj
 0001:00001ec0       _pjsip_generic_string_hdr_create 00402ec0 f   pjsip-core-i386-win32-vc14-release-dynamic:sip_msg.obj
 0001:00001f30       _pjsip_generic_string_hdr_init2 00402f30 f   pjsip-core-i386-win32-vc14-release-dynamic:sip_msg.obj
 0001:00001fb0       _pjsip_get_ack_method      00402fb0 f   pjsip-core-i386-win32-vc14-release-dynamic:sip_msg.obj
 0001:00001fc0       _pjsip_get_status_text     00402fc0 f   pjsip-core-i386-win32-vc14-release-dynamic:sip_msg.obj
 0001:00002000       _pjsip_hdr_clone           00403000 f   pjsip-core-i386-win32-vc14-release-dynamic:sip_msg.obj
 0001:00002020       _pjsip_hdr_print_on        00403020 f   pjsip-core-i386-win32-vc14-release-dynamic:sip_msg.obj
 0001:00002040       _pjsip_hdr_shallow_clone   00403040 f   pjsip-core-i386-win32-vc14-release-dynamic:sip_msg.obj
 0001:00002060       _pjsip_max_fwd_hdr_create  00403060 f   pjsip-core-i386-win32-vc14-release-dynamic:sip_msg.obj
 0001:000020b0       _pjsip_media_type_cp       004030b0 f   pjsip-core-i386-win32-vc14-release-dynamic:sip_msg.obj
 0001:00002100       _pjsip_media_type_init     00403100 f   pjsip-core-i386-win32-vc14-release-dynamic:sip_msg.obj
 0001:00002150       _pjsip_media_type_print    00403150 f   pjsip-core-i386-win32-vc14-release-dynamic:sip_msg.obj
 0001:00002160       _pjsip_method_copy         00403160 f   pjsip-core-i386-win32-vc14-release-dynamic:sip_msg.obj
 0001:000021a0       _pjsip_method_init_np      004031a0 f   pjsip-core-i386-win32-vc14-release-dynamic:sip_msg.obj
 0001:00002210       _pjsip_min_expires_hdr_create 00403210 f   pjsip-core-i386-win32-vc14-release-dynamic:sip_msg.obj
 0001:00002260       _pjsip_msg_body_clone      00403260 f   pjsip-core-i386-win32-vc14-release-dynamic:sip_msg.obj
 0001:000022a0       _pjsip_msg_body_copy       004032a0 f   pjsip-core-i386-win32-vc14-release-dynamic:sip_msg.obj
 0001:00002320       _pjsip_msg_create          00403320 f   pjsip-core-i386-win32-vc14-release-dynamic:sip_msg.obj
 0001:00002350       _pjsip_msg_find_hdr        00403350 f   pjsip-core-i386-win32-vc14-release-dynamic:sip_msg.obj
 0001:00002380       _pjsip_msg_print           00403380 f   pjsip-core-i386-win32-vc14-release-dynamic:sip_msg.obj
 0001:00002690       _pjsip_print_text_body     00403690 f   pjsip-core-i386-win32-vc14-release-dynamic:sip_msg.obj
 0001:000026c0       _pjsip_require_hdr_create  004036c0 f   pjsip-core-i386-win32-vc14-release-dynamic:sip_msg.obj
 0001:00002710       _pjsip_retry_after_hdr_create 00403710 f   pjsip-core-i386-win32-vc14-release-dynamic:sip_msg.obj
 0001:00002770       _pjsip_route_hdr_create    00403770 f   pjsip-core-i386-win32-vc14-release-dynamic:sip_msg.obj
 0001:000027d0       _pjsip_rr_hdr_create       004037d0 f   pjsip-core-i386-win32-vc14-release-dynamic:sip_msg.obj
 0001:00002830       _pjsip_supported_hdr_create 00403830 f   pjsip-core-i386-win32-vc14-release-dynamic:sip_msg.obj
 0001:000028a0       _pjsip_to_hdr_create       004038a0 f   pjsip-core-i386-win32-vc14-release-dynamic:sip_msg.obj
 0001:000028c0       _pjsip_to_hdr_init         004038c0 f   pjsip-core-i386-win32-vc14-release-dynamic:sip_msg.obj
 0001:00002930       _pjsip_unsupported_hdr_create 00403930 f   pjsip-core-i386-win32-vc14-release-dynamic:sip_msg.obj
 0001:00002980       _pjsip_via_hdr_create      00403980 f   pjsip-core-i386-win32-vc14-release-dynamic:sip_msg.obj
 0001:000029a0       _pjsip_via_hdr_init        004039a0 f   pjsip-core-i386-win32-vc14-release-dynamic:sip_msg.obj
 0001:00002a90       __snprintf                 00403a90 f i pjsip-core-i386-win32-vc14-release-dynamic:sip_endpoint.obj
 0001:00002d70       _pjsip_endpt_acquire_transport2 00403d70 f   pjsip-core-i386-win32-vc14-release-dynamic:sip_endpoint.obj
 0001:00002da0       _pjsip_endpt_atexit        00403da0 f   pjsip-core-i386-win32-vc14-release-dynamic:sip_endpoint.obj
 0001:00002e00       _pjsip_endpt_cancel_timer  00403e00 f   pjsip-core-i386-win32-vc14-release-dynamic:sip_endpoint.obj
 0001:00002e20       _pjsip_endpt_create        00403e20 f   pjsip-core-i386-win32-vc14-release-dynamic:sip_endpoint.obj
 0001:000030d0       _pjsip_endpt_create_pool   004040d0 f   pjsip-core-i386-win32-vc14-release-dynamic:sip_endpoint.obj
 0001:00003120       _pjsip_endpt_create_tdata  00404120 f   pjsip-core-i386-win32-vc14-release-dynamic:sip_endpoint.obj
 0001:00003140       _pjsip_endpt_get_ioqueue   00404140 f   pjsip-core-i386-win32-vc14-release-dynamic:sip_endpoint.obj
 0001:00003150       _pjsip_endpt_get_request_headers 00404150 f   pjsip-core-i386-win32-vc14-release-dynamic:sip_endpoint.obj
 0001:00003160       _pjsip_endpt_get_timer_heap 00404160 f   pjsip-core-i386-win32-vc14-release-dynamic:sip_endpoint.obj
 0001:00003170       _pjsip_endpt_get_tpmgr     00404170 f   pjsip-core-i386-win32-vc14-release-dynamic:sip_endpoint.obj
 0001:00003180       _pjsip_endpt_handle_events 00404180 f   pjsip-core-i386-win32-vc14-release-dynamic:sip_endpoint.obj
 0001:000031a0       _pjsip_endpt_handle_events2 004041a0 f   pjsip-core-i386-win32-vc14-release-dynamic:sip_endpoint.obj
 0001:000032a0       _pjsip_endpt_log_error     004042a0 f   pjsip-core-i386-win32-vc14-release-dynamic:sip_endpoint.obj
 0001:00003380       _pjsip_endpt_process_rx_data 00404380 f   pjsip-core-i386-win32-vc14-release-dynamic:sip_endpoint.obj
 0001:00003510       _pjsip_endpt_register_module 00404510 f   pjsip-core-i386-win32-vc14-release-dynamic:sip_endpoint.obj
 0001:00003630       _pjsip_endpt_release_pool  00404630 f   pjsip-core-i386-win32-vc14-release-dynamic:sip_endpoint.obj
 0001:00003650       _pjsip_endpt_resolve       00404650 f   pjsip-core-i386-win32-vc14-release-dynamic:sip_endpoint.obj
 0001:00003670       _pjsip_endpt_schedule_timer_dbg 00404670 f   pjsip-core-i386-win32-vc14-release-dynamic:sip_endpoint.obj
 0001:000036a0       _pjsip_endpt_schedule_timer_w_grp_lock_dbg 004046a0 f   pjsip-core-i386-win32-vc14-release-dynamic:sip_endpoint.obj
 0001:000036d0       _pjsip_endpt_unregister_module 004046d0 f   pjsip-core-i386-win32-vc14-release-dynamic:sip_endpoint.obj
 0001:000039f0       _pjsip_endpt_create_ack    004049f0 f   pjsip-core-i386-win32-vc14-release-dynamic:sip_util.obj
 0001:00003ba0       _pjsip_endpt_create_request_from_hdr 00404ba0 f   pjsip-core-i386-win32-vc14-release-dynamic:sip_util.obj
 0001:00003dc0       _pjsip_endpt_create_response 00404dc0 f   pjsip-core-i386-win32-vc14-release-dynamic:sip_util.obj
 0001:00004020       _pjsip_endpt_respond_stateless 00405020 f   pjsip-core-i386-win32-vc14-release-dynamic:sip_util.obj
 0001:000041a0       _pjsip_endpt_send_request_stateless 004051a0 f   pjsip-core-i386-win32-vc14-release-dynamic:sip_util.obj
 0001:00004280       _pjsip_endpt_send_response 00405280 f   pjsip-core-i386-win32-vc14-release-dynamic:sip_util.obj
 0001:00004370       _pjsip_event_str           00405370 f   pjsip-core-i386-win32-vc14-release-dynamic:sip_util.obj
 0001:00004380       _pjsip_get_dest_info       00405380 f   pjsip-core-i386-win32-vc14-release-dynamic:sip_util.obj
 0001:00004510       _pjsip_get_response_addr   00405510 f   pjsip-core-i386-win32-vc14-release-dynamic:sip_util.obj
 0001:00004650       _pjsip_process_route_set   00405650 f   pjsip-core-i386-win32-vc14-release-dynamic:sip_util.obj
 0001:00004840       _pjsip_restore_strict_route_set 00405840 f   pjsip-core-i386-win32-vc14-release-dynamic:sip_util.obj
 0001:00005150       _pjsip_udp_transport_restart2 00406150 f   pjsip-core-i386-win32-vc14-release-dynamic:sip_transport_udp.obj
 0001:00005360       _pjsip_udp_transport_start 00406360 f   pjsip-core-i386-win32-vc14-release-dynamic:sip_transport_udp.obj
 0001:00005420       _pjsip_udp_transport_start2 00406420 f   pjsip-core-i386-win32-vc14-release-dynamic:sip_transport_udp.obj
 0001:00006d90       _pjsip_tcp_transport_lis_start 00407d90 f   pjsip-core-i386-win32-vc14-release-dynamic:sip_transport_tcp.obj
 0001:00006f80       _pjsip_tcp_transport_start 00407f80 f   pjsip-core-i386-win32-vc14-release-dynamic:sip_transport_tcp.obj
 0001:00006fa0       _pjsip_tcp_transport_start2 00407fa0 f   pjsip-core-i386-win32-vc14-release-dynamic:sip_transport_tcp.obj
 0001:00007090       _pjsip_tcp_transport_start3 00408090 f   pjsip-core-i386-win32-vc14-release-dynamic:sip_transport_tcp.obj
 0001:00008c40       _pjsip_name_addr_assign    00409c40 f   pjsip-core-i386-win32-vc14-release-dynamic:sip_uri.obj
 0001:00008c80       _pjsip_name_addr_create    00409c80 f   pjsip-core-i386-win32-vc14-release-dynamic:sip_uri.obj
 0001:00008cb0       _pjsip_name_addr_init      00409cb0 f   pjsip-core-i386-win32-vc14-release-dynamic:sip_uri.obj
 0001:00008ce0       _pjsip_other_uri_create    00409ce0 f   pjsip-core-i386-win32-vc14-release-dynamic:sip_uri.obj
 0001:00008d00       _pjsip_param_clone         00409d00 f   pjsip-core-i386-win32-vc14-release-dynamic:sip_uri.obj
 0001:00008d70       _pjsip_param_cmp           00409d70 f   pjsip-core-i386-win32-vc14-release-dynamic:sip_uri.obj
 0001:00008e20       _pjsip_param_find          00409e20 f   pjsip-core-i386-win32-vc14-release-dynamic:sip_uri.obj
 0001:00008e60       _pjsip_param_print_on      00409e60 f   pjsip-core-i386-win32-vc14-release-dynamic:sip_uri.obj
 0001:00008f40       _pjsip_param_shallow_clone 00409f40 f   pjsip-core-i386-win32-vc14-release-dynamic:sip_uri.obj
 0001:00008fa0       _pjsip_sip_uri_assign      00409fa0 f   pjsip-core-i386-win32-vc14-release-dynamic:sip_uri.obj
 0001:00009050       _pjsip_sip_uri_create      0040a050 f   pjsip-core-i386-win32-vc14-release-dynamic:sip_uri.obj
 0001:000090a0       _deinit_sip_parser         0040a0a0 f   pjsip-core-i386-win32-vc14-release-dynamic:sip_parser.obj
 0001:00009900       _init_sip_parser           0040a900 f   pjsip-core-i386-win32-vc14-release-dynamic:sip_parser.obj
 0001:0000c070       _pjsip_find_msg            0040d070 f   pjsip-core-i386-win32-vc14-release-dynamic:sip_parser.obj
 0001:0000c370       _pjsip_parse_end_hdr_imp   0040d370 f   pjsip-core-i386-win32-vc14-release-dynamic:sip_parser.obj
 0001:0000c3a0       _pjsip_parse_headers       0040d3a0 f   pjsip-core-i386-win32-vc14-release-dynamic:sip_parser.obj
 0001:0000c6a0       _pjsip_parse_param_imp     0040d6a0 f   pjsip-core-i386-win32-vc14-release-dynamic:sip_parser.obj
 0001:0000c6d0       _pjsip_parse_rdata         0040d6d0 f   pjsip-core-i386-win32-vc14-release-dynamic:sip_parser.obj
 0001:0000c730       _pjsip_parser_const        0040d730 f   pjsip-core-i386-win32-vc14-release-dynamic:sip_parser.obj
 0001:0000c740       _pjsip_register_hdr_parser 0040d740 f   pjsip-core-i386-win32-vc14-release-dynamic:sip_parser.obj
 0001:0000c830       _pjsip_register_uri_parser 0040d830 f   pjsip-core-i386-win32-vc14-release-dynamic:sip_parser.obj
 0001:0000cba0       _pjsip_resolve             0040dba0 f   pjsip-core-i386-win32-vc14-release-dynamic:sip_resolve.obj
 0001:0000d220       _pjsip_resolver_create     0040e220 f   pjsip-core-i386-win32-vc14-release-dynamic:sip_resolve.obj
 0001:0000d660       _pjsip_rx_data_get_info    0040e660 f   pjsip-core-i386-win32-vc14-release-dynamic:sip_transport.obj
 0001:0000d6f0       _pjsip_tpmgr_acquire_transport2 0040e6f0 f   pjsip-core-i386-win32-vc14-release-dynamic:sip_transport.obj
 0001:0000d9e0       _pjsip_tpmgr_create        0040e9e0 f   pjsip-core-i386-win32-vc14-release-dynamic:sip_transport.obj
 0001:0000db30       _pjsip_tpmgr_destroy       0040eb30 f   pjsip-core-i386-win32-vc14-release-dynamic:sip_transport.obj
 0001:0000dc50       _pjsip_tpmgr_get_state_cb  0040ec50 f   pjsip-core-i386-win32-vc14-release-dynamic:sip_transport.obj
 0001:0000dcc0       _pjsip_tpmgr_receive_packet 0040ecc0 f   pjsip-core-i386-win32-vc14-release-dynamic:sip_transport.obj
 0001:0000e260       _pjsip_tpmgr_register_tpfactory 0040f260 f   pjsip-core-i386-win32-vc14-release-dynamic:sip_transport.obj
 0001:0000e2c0       _pjsip_tpmgr_unregister_tpfactory 0040f2c0 f   pjsip-core-i386-win32-vc14-release-dynamic:sip_transport.obj
 0001:0000e2f0       _pjsip_tpselector_dec_ref  0040f2f0 f   pjsip-core-i386-win32-vc14-release-dynamic:sip_transport.obj
 0001:0000e310       _pjsip_transport_add_ref   0040f310 f   pjsip-core-i386-win32-vc14-release-dynamic:sip_transport.obj
 0001:0000e400       _pjsip_transport_add_state_listener 0040f400 f   pjsip-core-i386-win32-vc14-release-dynamic:sip_transport.obj
 0001:0000e4e0       _pjsip_transport_dec_ref   0040f4e0 f   pjsip-core-i386-win32-vc14-release-dynamic:sip_transport.obj
 0001:0000e630       _pjsip_transport_destroy   0040f630 f   pjsip-core-i386-win32-vc14-release-dynamic:sip_transport.obj
 0001:0000e6a0       _pjsip_transport_get_default_port_for_type 0040f6a0 f   pjsip-core-i386-win32-vc14-release-dynamic:sip_transport.obj
 0001:0000e6e0       _pjsip_transport_get_flag_from_type 0040f6e0 f   pjsip-core-i386-win32-vc14-release-dynamic:sip_transport.obj
 0001:0000e720       _pjsip_transport_get_type_desc 0040f720 f   pjsip-core-i386-win32-vc14-release-dynamic:sip_transport.obj
 0001:0000e760       _pjsip_transport_get_type_from_flag 0040f760 f   pjsip-core-i386-win32-vc14-release-dynamic:sip_transport.obj
 0001:0000e7a0       _pjsip_transport_get_type_from_name 0040f7a0 f   pjsip-core-i386-win32-vc14-release-dynamic:sip_transport.obj
 0001:0000e800       _pjsip_transport_get_type_name 0040f800 f   pjsip-core-i386-win32-vc14-release-dynamic:sip_transport.obj
 0001:0000e840       _pjsip_transport_register  0040f840 f   pjsip-core-i386-win32-vc14-release-dynamic:sip_transport.obj
 0001:0000e950       _pjsip_transport_remove_state_listener 0040f950 f   pjsip-core-i386-win32-vc14-release-dynamic:sip_transport.obj
 0001:0000e9f0       _pjsip_transport_send      0040f9f0 f   pjsip-core-i386-win32-vc14-release-dynamic:sip_transport.obj
 0001:0000eb50       _pjsip_transport_shutdown  0040fb50 f   pjsip-core-i386-win32-vc14-release-dynamic:sip_transport.obj
 0001:0000eb70       _pjsip_transport_shutdown2 0040fb70 f   pjsip-core-i386-win32-vc14-release-dynamic:sip_transport.obj
 0001:0000ec80       _pjsip_transport_type_get_af 0040fc80 f   pjsip-core-i386-win32-vc14-release-dynamic:sip_transport.obj
 0001:0000eca0       _pjsip_tx_data_add_ref     0040fca0 f   pjsip-core-i386-win32-vc14-release-dynamic:sip_transport.obj
 0001:0000ecc0       _pjsip_tx_data_create      0040fcc0 f   pjsip-core-i386-win32-vc14-release-dynamic:sip_transport.obj
 0001:0000edd0       _pjsip_tx_data_dec_ref     0040fdd0 f   pjsip-core-i386-win32-vc14-release-dynamic:sip_transport.obj
 0001:0000ee10       _pjsip_tx_data_encode      0040fe10 f   pjsip-core-i386-win32-vc14-release-dynamic:sip_transport.obj
 0001:0000ef00       _pjsip_tx_data_get_info    0040ff00 f   pjsip-core-i386-win32-vc14-release-dynamic:sip_transport.obj
 0001:0000ef60       _pjsip_tx_data_invalidate_msg 0040ff60 f   pjsip-core-i386-win32-vc14-release-dynamic:sip_transport.obj
 0001:0000f120       _pjsip_strerror            00410120 f   pjsip-core-i386-win32-vc14-release-dynamic:sip_errno.obj
 0001:0000f5a0       _pjsip_tel_nb_cmp          004105a0 f   pjsip-core-i386-win32-vc14-release-dynamic:sip_tel_uri.obj
 0001:0000f6a0       _pjsip_tel_uri_subsys_init 004106a0 f   pjsip-core-i386-win32-vc14-release-dynamic:sip_tel_uri.obj
 0001:000100e0       _pjsip_rdata_get_tsx       004110e0 f   pjsip-core-i386-win32-vc14-release-dynamic:sip_transaction.obj
 0001:00010100       _pjsip_tsx_recv_msg        00411100 f   pjsip-core-i386-win32-vc14-release-dynamic:sip_transaction.obj
 0001:000127d0       _pjsip_multipart_add_part  004137d0 f   pjsip-core-i386-win32-vc14-release-dynamic:sip_multipart.obj
 0001:00012820       _pjsip_multipart_create    00413820 f   pjsip-core-i386-win32-vc14-release-dynamic:sip_multipart.obj
 0001:00012940       _pjsip_multipart_parse     00413940 f   pjsip-core-i386-win32-vc14-release-dynamic:sip_multipart.obj
 0001:00013140       _pjsip_auth_init_parser    00414140 f   pjsip-core-i386-win32-vc14-release-dynamic:sip_auth_parser.obj
 0001:00013610       _pjsip_authorization_hdr_create 00414610 f   pjsip-core-i386-win32-vc14-release-dynamic:sip_auth_msg.obj
 0001:00013680       _pjsip_proxy_authenticate_hdr_create 00414680 f   pjsip-core-i386-win32-vc14-release-dynamic:sip_auth_msg.obj
 0001:000136f0       _pjsip_proxy_authorization_hdr_create 004146f0 f   pjsip-core-i386-win32-vc14-release-dynamic:sip_auth_msg.obj
 0001:00013760       _pjsip_www_authenticate_hdr_create 00414760 f   pjsip-core-i386-win32-vc14-release-dynamic:sip_auth_msg.obj
 0001:00014270       _pjlib_util_init           00415270 f   pjlib-util-i386-win32-vc14-release-dynamic:errno.obj
 0001:00014290       _pjlib_util_strerror       00415290 f   pjlib-util-i386-win32-vc14-release-dynamic:errno.obj
 0001:00014c30       _pj_getopt                 00415c30 f   pjlib-util-i386-win32-vc14-release-dynamic:getopt.obj
 0001:00014c50       _pj_str_unescape           00415c50 f   pjlib-util-i386-win32-vc14-release-dynamic:string.obj
 0001:00014d50       _pj_strncpy2_escape        00415d50 f   pjlib-util-i386-win32-vc14-release-dynamic:string.obj
 0001:00015070       _pj_dns_parse_addr_response 00416070 f   pjlib-util-i386-win32-vc14-release-dynamic:resolver.obj
 0001:00015330       _pj_dns_resolver_cancel_query 00416330 f   pjlib-util-i386-win32-vc14-release-dynamic:resolver.obj
 0001:000153b0       _pj_dns_resolver_start_query 004163b0 f   pjlib-util-i386-win32-vc14-release-dynamic:resolver.obj
 0001:00015c50       _pj_cis_add_alpha          00416c50 f   pjlib-util-i386-win32-vc14-release-dynamic:scanner.obj
 0001:00015ca0       _pj_cis_add_cis            00416ca0 f   pjlib-util-i386-win32-vc14-release-dynamic:scanner.obj
 0001:00015ce0       _pj_cis_add_num            00416ce0 f   pjlib-util-i386-win32-vc14-release-dynamic:scanner.obj
 0001:00015d10       _pj_cis_add_str            00416d10 f   pjlib-util-i386-win32-vc14-release-dynamic:scanner.obj
 0001:00015d40       _pj_cis_buf_init           00416d40 f   pjlib-util-i386-win32-vc14-release-dynamic:scanner.obj
 0001:00015d70       _pj_cis_del_str            00416d70 f   pjlib-util-i386-win32-vc14-release-dynamic:scanner.obj
 0001:00015da0       _pj_cis_dup                00416da0 f   pjlib-util-i386-win32-vc14-release-dynamic:scanner.obj
 0001:00015e00       _pj_cis_init               00416e00 f   pjlib-util-i386-win32-vc14-release-dynamic:scanner.obj
 0001:00015e50       _pj_cis_invert             00416e50 f   pjlib-util-i386-win32-vc14-release-dynamic:scanner.obj
 0001:00015e90       _pj_scan_advance_n         00416e90 f   pjlib-util-i386-win32-vc14-release-dynamic:scanner.obj
 0001:00015ed0       _pj_scan_fini              00416ed0 f   pjlib-util-i386-win32-vc14-release-dynamic:scanner.obj
 0001:00015ef0       _pj_scan_get               00416ef0 f   pjlib-util-i386-win32-vc14-release-dynamic:scanner.obj
 0001:00015f60       _pj_scan_get_char          00416f60 f   pjlib-util-i386-win32-vc14-release-dynamic:scanner.obj
 0001:00015fa0       _pj_scan_get_n             00416fa0 f   pjlib-util-i386-win32-vc14-release-dynamic:scanner.obj
 0001:00015ff0       _pj_scan_get_newline       00416ff0 f   pjlib-util-i386-win32-vc14-release-dynamic:scanner.obj
 0001:00016030       _pj_scan_get_quote         00417030 f   pjlib-util-i386-win32-vc14-release-dynamic:scanner.obj
 0001:00016060       _pj_scan_get_quotes        00417060 f   pjlib-util-i386-win32-vc14-release-dynamic:scanner.obj
 0001:00016120       _pj_scan_get_until_ch      00417120 f   pjlib-util-i386-win32-vc14-release-dynamic:scanner.obj
 0001:00016180       _pj_scan_init              00417180 f   pjlib-util-i386-win32-vc14-release-dynamic:scanner.obj
 0001:000161d0       _pj_scan_peek              004171d0 f   pjlib-util-i386-win32-vc14-release-dynamic:scanner.obj
 0001:00016230       _pj_scan_skip_line         00417230 f   pjlib-util-i386-win32-vc14-release-dynamic:scanner.obj
 0001:00016260       _pj_scan_skip_whitespace   00417260 f   pjlib-util-i386-win32-vc14-release-dynamic:scanner.obj
 0001:00016340       _pj_dns_get_type_name      00417340 f   pjlib-util-i386-win32-vc14-release-dynamic:dns.obj
 0001:000163f0       _pj_dns_make_query         004173f0 f   pjlib-util-i386-win32-vc14-release-dynamic:dns.obj
 0001:00017200       _pj_dns_srv_cancel_query   00418200 f   pjlib-util-i386-win32-vc14-release-dynamic:srv_resolver.obj
 0001:000172d0       _pj_dns_srv_resolve        004182d0 f   pjlib-util-i386-win32-vc14-release-dynamic:srv_resolver.obj
 0001:00017610       _pj_atexit                 00418610 f   pjlib-i386-win32-vc14-release-dynamic:os_core_win32.obj
 0001:00017640       _pj_atomic_create          00418640 f   pjlib-i386-win32-vc14-release-dynamic:os_core_win32.obj
 0001:00017670       _pj_atomic_dec_and_get     00418670 f   pjlib-i386-win32-vc14-release-dynamic:os_core_win32.obj
 0001:000176c0       _pj_atomic_destroy         004186c0 f   pjlib-i386-win32-vc14-release-dynamic:os_core_win32.obj
 0001:000176e0       _pj_atomic_get             004186e0 f   pjlib-i386-win32-vc14-release-dynamic:os_core_win32.obj
 0001:00017730       _pj_atomic_inc             00418730 f   pjlib-i386-win32-vc14-release-dynamic:os_core_win32.obj
 0001:00017780       _pj_atomic_inc_and_get     00418780 f   pjlib-i386-win32-vc14-release-dynamic:os_core_win32.obj
 0001:000177d0       _pj_atomic_set             004187d0 f   pjlib-i386-win32-vc14-release-dynamic:os_core_win32.obj
 0001:00017820       _pj_enter_critical_section 00418820 f   pjlib-i386-win32-vc14-release-dynamic:os_core_win32.obj
 0001:00017830       _pj_init                   00418830 f   pjlib-i386-win32-vc14-release-dynamic:os_core_win32.obj
 0001:00017970       _pj_leave_critical_section 00418970 f   pjlib-i386-win32-vc14-release-dynamic:os_core_win32.obj
 0001:000179c0       _pj_mutex_create           004189c0 f   pjlib-i386-win32-vc14-release-dynamic:os_core_win32.obj
 0001:00017a10       _pj_mutex_create_simple    00418a10 f   pjlib-i386-win32-vc14-release-dynamic:os_core_win32.obj
 0001:00017a10       _pj_mutex_create_recursive 00418a10 f   pjlib-i386-win32-vc14-release-dynamic:os_core_win32.obj
 0001:00017a60       _pj_mutex_destroy          00418a60 f   pjlib-i386-win32-vc14-release-dynamic:os_core_win32.obj
 0001:00017ac0       _pj_mutex_lock             00418ac0 f   pjlib-i386-win32-vc14-release-dynamic:os_core_win32.obj
 0001:00017b30       _pj_mutex_trylock          00418b30 f   pjlib-i386-win32-vc14-release-dynamic:os_core_win32.obj
 0001:00017bb0       _pj_mutex_unlock           00418bb0 f   pjlib-i386-win32-vc14-release-dynamic:os_core_win32.obj
 0001:00017c10       _pj_rwmutex_create         00418c10 f   pjlib-i386-win32-vc14-release-dynamic:os_core_win32.obj
 0001:00017cd0       _pj_rwmutex_destroy        00418cd0 f   pjlib-i386-win32-vc14-release-dynamic:os_core_win32.obj
 0001:00017d00       _pj_rwmutex_lock_read      00418d00 f   pjlib-i386-win32-vc14-release-dynamic:os_core_win32.obj
 0001:00017d50       _pj_rwmutex_lock_write     00418d50 f   pjlib-i386-win32-vc14-release-dynamic:os_core_win32.obj
 0001:00017d70       _pj_rwmutex_unlock_read    00418d70 f   pjlib-i386-win32-vc14-release-dynamic:os_core_win32.obj
 0001:00017db0       _pj_rwmutex_unlock_write   00418db0 f   pjlib-i386-win32-vc14-release-dynamic:os_core_win32.obj
 0001:00017dd0       _pj_sem_create             00418dd0 f   pjlib-i386-win32-vc14-release-dynamic:os_core_win32.obj
 0001:00017ee0       _pj_sem_destroy            00418ee0 f   pjlib-i386-win32-vc14-release-dynamic:os_core_win32.obj
 0001:00017f70       _pj_sem_post               00418f70 f   pjlib-i386-win32-vc14-release-dynamic:os_core_win32.obj
 0001:00018000       _pj_sem_trywait            00419000 f   pjlib-i386-win32-vc14-release-dynamic:os_core_win32.obj
 0001:00018060       _pj_sem_wait               00419060 f   pjlib-i386-win32-vc14-release-dynamic:os_core_win32.obj
 0001:00018170       _pj_term_set_color         00419170 f   pjlib-i386-win32-vc14-release-dynamic:os_core_win32.obj
 0001:00018240       _pj_thread_check_stack     00419240 f   pjlib-i386-win32-vc14-release-dynamic:os_core_win32.obj
 0001:00018280       _pj_thread_get_name        00419280 f   pjlib-i386-win32-vc14-release-dynamic:os_core_win32.obj
 0001:000182d0       _pj_thread_init            004192d0 f   pjlib-i386-win32-vc14-release-dynamic:os_core_win32.obj
 0001:00018330       _pj_thread_local_alloc     00419330 f   pjlib-i386-win32-vc14-release-dynamic:os_core_win32.obj
 0001:00018380       _pj_thread_local_free      00419380 f   pjlib-i386-win32-vc14-release-dynamic:os_core_win32.obj
 0001:000183d0       _pj_thread_local_get       004193d0 f   pjlib-i386-win32-vc14-release-dynamic:os_core_win32.obj
 0001:000183e0       _pj_thread_local_set       004193e0 f   pjlib-i386-win32-vc14-release-dynamic:os_core_win32.obj
 0001:00018420       _pj_thread_register        00419420 f   pjlib-i386-win32-vc14-release-dynamic:os_core_win32.obj
 0001:000184e0       _pj_thread_sleep           004194e0 f   pjlib-i386-win32-vc14-release-dynamic:os_core_win32.obj
 0001:00018530       _pj_thread_this            00419530 f   pjlib-i386-win32-vc14-release-dynamic:os_core_win32.obj
 0001:00018540       _pj_list_erase             00419540 f   pjlib-i386-win32-vc14-release-dynamic:list.obj
 0001:00018560       _pj_list_find_node         00419560 f   pjlib-i386-win32-vc14-release-dynamic:list.obj
 0001:00018590       _pj_list_insert_after      00419590 f   pjlib-i386-win32-vc14-release-dynamic:list.obj
 0001:000185b0       _pj_list_insert_before     004195b0 f   pjlib-i386-win32-vc14-release-dynamic:list.obj
 0001:000185d0       _pj_list_insert_nodes_before 004195d0 f   pjlib-i386-win32-vc14-release-dynamic:list.obj
 0001:000185f0       _pj_list_search            004195f0 f   pjlib-i386-win32-vc14-release-dynamic:list.obj
 0001:00018630       _pj_list_size              00419630 f   pjlib-i386-win32-vc14-release-dynamic:list.obj
 0001:00018650       _pj_gethostname            00419650 f   pjlib-i386-win32-vc14-release-dynamic:sock_bsd.obj
 0001:000186d0       _pj_htonl                  004196d0 f   pjlib-i386-win32-vc14-release-dynamic:sock_bsd.obj
 0001:000186e0       _pj_htons                  004196e0 f   pjlib-i386-win32-vc14-release-dynamic:sock_bsd.obj
 0001:000186f0       _pj_inet_aton              004196f0 f   pjlib-i386-win32-vc14-release-dynamic:sock_bsd.obj
 0001:00018780       _pj_inet_ntop              00419780 f   pjlib-i386-win32-vc14-release-dynamic:sock_bsd.obj
 0001:00018890       _pj_inet_pton              00419890 f   pjlib-i386-win32-vc14-release-dynamic:sock_bsd.obj
 0001:000189f0       _pj_ntohl                  004199f0 f   pjlib-i386-win32-vc14-release-dynamic:sock_bsd.obj
 0001:00018a00       _pj_ntohs                  00419a00 f   pjlib-i386-win32-vc14-release-dynamic:sock_bsd.obj
 0001:00018a10       _pj_sock_accept            00419a10 f   pjlib-i386-win32-vc14-release-dynamic:sock_bsd.obj
 0001:00018a80       _pj_sock_bind              00419a80 f   pjlib-i386-win32-vc14-release-dynamic:sock_bsd.obj
 0001:00018af0       _pj_sock_close             00419af0 f   pjlib-i386-win32-vc14-release-dynamic:sock_bsd.obj
 0001:00018b40       _pj_sock_connect           00419b40 f   pjlib-i386-win32-vc14-release-dynamic:sock_bsd.obj
 0001:00018ba0       _pj_sock_getsockname       00419ba0 f   pjlib-i386-win32-vc14-release-dynamic:sock_bsd.obj
 0001:00018c00       _pj_sock_getsockopt        00419c00 f   pjlib-i386-win32-vc14-release-dynamic:sock_bsd.obj
 0001:00018c70       _pj_sock_listen            00419c70 f   pjlib-i386-win32-vc14-release-dynamic:sock_bsd.obj
 0001:00018cc0       _pj_sock_recv              00419cc0 f   pjlib-i386-win32-vc14-release-dynamic:sock_bsd.obj
 0001:00018d30       _pj_sock_recvfrom          00419d30 f   pjlib-i386-win32-vc14-release-dynamic:sock_bsd.obj
 0001:00018da0       _pj_sock_send              00419da0 f   pjlib-i386-win32-vc14-release-dynamic:sock_bsd.obj
 0001:00018e10       _pj_sock_sendto            00419e10 f   pjlib-i386-win32-vc14-release-dynamic:sock_bsd.obj
 0001:00018e80       _pj_sock_setsockopt        00419e80 f   pjlib-i386-win32-vc14-release-dynamic:sock_bsd.obj
 0001:00018f00       _pj_sock_setsockopt_params 00419f00 f   pjlib-i386-win32-vc14-release-dynamic:sock_bsd.obj
 0001:00019000       _pj_sock_socket            0041a000 f   pjlib-i386-win32-vc14-release-dynamic:sock_bsd.obj
 0001:000190b0       _pj_NO_MEMORY_EXCEPTION    0041a0b0 f   pjlib-i386-win32-vc14-release-dynamic:pool.obj
 0001:000190c0       _pj_pool_alloc             0041a0c0 f   pjlib-i386-win32-vc14-release-dynamic:pool.obj
 0001:00019110       _pj_pool_allocate_find     0041a110 f   pjlib-i386-win32-vc14-release-dynamic:pool.obj
 0001:000191f0       _pj_pool_calloc            0041a1f0 f   pjlib-i386-win32-vc14-release-dynamic:pool.obj
 0001:00019250       _pj_pool_create            0041a250 f   pjlib-i386-win32-vc14-release-dynamic:pool.obj
 0001:000192e0       _pj_pool_create_int        0041a2e0 f   pjlib-i386-win32-vc14-release-dynamic:pool.obj
 0001:00019390       _pj_pool_destroy_int       0041a390 f   pjlib-i386-win32-vc14-release-dynamic:pool.obj
 0001:000193d0       _pj_pool_get_capacity      0041a3d0 f   pjlib-i386-win32-vc14-release-dynamic:pool.obj
 0001:000193e0       _pj_pool_get_used_size     0041a3e0 f   pjlib-i386-win32-vc14-release-dynamic:pool.obj
 0001:00019410       _pj_pool_getobjname        0041a410 f   pjlib-i386-win32-vc14-release-dynamic:pool.obj
 0001:00019420       _pj_pool_init_int          0041a420 f   pjlib-i386-win32-vc14-release-dynamic:pool.obj
 0001:00019490       _pj_pool_release           0041a490 f   pjlib-i386-win32-vc14-release-dynamic:pool.obj
 0001:000194b0       _pj_pool_reset             0041a4b0 f   pjlib-i386-win32-vc14-release-dynamic:pool.obj
 0001:000194c0       _pj_pool_safe_release      0041a4c0 f   pjlib-i386-win32-vc14-release-dynamic:pool.obj
 0001:000198f0       _pj_caching_pool_init      0041a8f0 f   pjlib-i386-win32-vc14-release-dynamic:pool_caching.obj
 0001:000199d0       _pj_str                    0041a9d0 f   pjlib-i386-win32-vc14-release-dynamic:string.obj
 0001:000199f0       _pj_strcat                 0041a9f0 f   pjlib-i386-win32-vc14-release-dynamic:string.obj
 0001:00019a20       _pj_strcat2                0041aa20 f   pjlib-i386-win32-vc14-release-dynamic:string.obj
 0001:00019a60       _pj_strcmp                 0041aa60 f   pjlib-i386-win32-vc14-release-dynamic:string.obj
 0001:00019ac0       _pj_strcpy                 0041aac0 f   pjlib-i386-win32-vc14-release-dynamic:string.obj
 0001:00019af0       _pj_strcpy2                0041aaf0 f   pjlib-i386-win32-vc14-release-dynamic:string.obj
 0001:00019b30       _pj_strdup                 0041ab30 f   pjlib-i386-win32-vc14-release-dynamic:string.obj
 0001:00019b70       _pj_strdup2                0041ab70 f   pjlib-i386-win32-vc14-release-dynamic:string.obj
 0001:00019bd0       _pj_strdup_with_null       0041abd0 f   pjlib-i386-win32-vc14-release-dynamic:string.obj
 0001:00019c20       _pj_stricmp                0041ac20 f   pjlib-i386-win32-vc14-release-dynamic:string.obj
 0001:00019c90       _pj_stricmp2               0041ac90 f   pjlib-i386-win32-vc14-release-dynamic:string.obj
 0001:00019cf0       _pj_strltrim               0041acf0 f   pjlib-i386-win32-vc14-release-dynamic:string.obj
 0001:00019d30       _pj_strncpy                0041ad30 f   pjlib-i386-win32-vc14-release-dynamic:string.obj
 0001:00019d70       _pj_strncpy_with_null      0041ad70 f   pjlib-i386-win32-vc14-release-dynamic:string.obj
 0001:00019db0       _pj_strnicmp               0041adb0 f   pjlib-i386-win32-vc14-release-dynamic:string.obj
 0001:00019df0       _pj_strrtrim               0041adf0 f   pjlib-i386-win32-vc14-release-dynamic:string.obj
 0001:00019e40       _pj_strstr                 0041ae40 f   pjlib-i386-win32-vc14-release-dynamic:string.obj
 0001:00019e90       _pj_strtol2                0041ae90 f   pjlib-i386-win32-vc14-release-dynamic:string.obj
 0001:00019fa0       _pj_strtoul                0041afa0 f   pjlib-i386-win32-vc14-release-dynamic:string.obj
 0001:0001a000       _pj_strtoul3               0041b000 f   pjlib-i386-win32-vc14-release-dynamic:string.obj
 0001:0001a180       _pj_strtrim                0041b180 f   pjlib-i386-win32-vc14-release-dynamic:string.obj
 0001:0001a1d0       _pj_utoa                   0041b1d0 f   pjlib-i386-win32-vc14-release-dynamic:string.obj
 0001:0001a1f0       _pj_utoa_pad               0041b1f0 f   pjlib-i386-win32-vc14-release-dynamic:string.obj
 0001:0001a2d0       _pj_log                    0041b2d0 f   pjlib-i386-win32-vc14-release-dynamic:log.obj
 0001:0001a7d0       _pj_log_1                  0041b7d0 f   pjlib-i386-win32-vc14-release-dynamic:log.obj
 0001:0001a7f0       _pj_log_2                  0041b7f0 f   pjlib-i386-win32-vc14-release-dynamic:log.obj
 0001:0001a810       _pj_log_3                  0041b810 f   pjlib-i386-win32-vc14-release-dynamic:log.obj
 0001:0001a830       _pj_log_4                  0041b830 f   pjlib-i386-win32-vc14-release-dynamic:log.obj
 0001:0001a850       _pj_log_5                  0041b850 f   pjlib-i386-win32-vc14-release-dynamic:log.obj
 0001:0001a870       _pj_log_get_color          0041b870 f   pjlib-i386-win32-vc14-release-dynamic:log.obj
 0001:0001a8e0       _pj_log_get_decor          0041b8e0 f   pjlib-i386-win32-vc14-release-dynamic:log.obj
 0001:0001a8f0       _pj_log_get_level          0041b8f0 f   pjlib-i386-win32-vc14-release-dynamic:log.obj
 0001:0001a900       _pj_log_init               0041b900 f   pjlib-i386-win32-vc14-release-dynamic:log.obj
 0001:0001a970       _pj_log_pop_indent         0041b970 f   pjlib-i386-win32-vc14-release-dynamic:log.obj
 0001:0001a9a0       _pj_log_push_indent        0041b9a0 f   pjlib-i386-win32-vc14-release-dynamic:log.obj
 0001:0001aab0       _pj_perror                 0041bab0 f   pjlib-i386-win32-vc14-release-dynamic:errno.obj
 0001:0001aad0       _pj_perror_1               0041bad0 f   pjlib-i386-win32-vc14-release-dynamic:errno.obj
 0001:0001aaf0       _pj_perror_2               0041baf0 f   pjlib-i386-win32-vc14-release-dynamic:errno.obj
 0001:0001ab10       _pj_perror_3               0041bb10 f   pjlib-i386-win32-vc14-release-dynamic:errno.obj
 0001:0001ab30       _pj_perror_4               0041bb30 f   pjlib-i386-win32-vc14-release-dynamic:errno.obj
 0001:0001abf0       _pj_register_strerror      0041bbf0 f   pjlib-i386-win32-vc14-release-dynamic:errno.obj
 0001:0001acd0       _pj_strerror               0041bcd0 f   pjlib-i386-win32-vc14-release-dynamic:errno.obj
 0001:0001aee0       _ioqueue_dispatch_exception_event 0041bee0 f   pjlib-i386-win32-vc14-release-dynamic:ioqueue_select.obj
 0001:0001b020       _ioqueue_dispatch_read_event 0041c020 f   pjlib-i386-win32-vc14-release-dynamic:ioqueue_select.obj
 0001:0001b240       _ioqueue_dispatch_write_event 0041c240 f   pjlib-i386-win32-vc14-release-dynamic:ioqueue_select.obj
 0001:0001b5b0       _pj_ioqueue_accept         0041c5b0 f   pjlib-i386-win32-vc14-release-dynamic:ioqueue_select.obj
 0001:0001b6f0       _pj_ioqueue_connect        0041c6f0 f   pjlib-i386-win32-vc14-release-dynamic:ioqueue_select.obj
 0001:0001b7d0       _pj_ioqueue_create         0041c7d0 f   pjlib-i386-win32-vc14-release-dynamic:ioqueue_select.obj
 0001:0001b970       _pj_ioqueue_destroy        0041c970 f   pjlib-i386-win32-vc14-release-dynamic:ioqueue_select.obj
 0001:0001ba30       _pj_ioqueue_get_user_data  0041ca30 f   pjlib-i386-win32-vc14-release-dynamic:ioqueue_select.obj
 0001:0001ba50       _pj_ioqueue_is_pending     0041ca50 f   pjlib-i386-win32-vc14-release-dynamic:ioqueue_select.obj
 0001:0001ba60       _pj_ioqueue_lock_key       0041ca60 f   pjlib-i386-win32-vc14-release-dynamic:ioqueue_select.obj
 0001:0001ba90       _pj_ioqueue_op_key_init    0041ca90 f   pjlib-i386-win32-vc14-release-dynamic:ioqueue_select.obj
 0001:0001bab0       _pj_ioqueue_poll           0041cab0 f   pjlib-i386-win32-vc14-release-dynamic:ioqueue_select.obj
 0001:0001be00       _pj_ioqueue_recv           0041ce00 f   pjlib-i386-win32-vc14-release-dynamic:ioqueue_select.obj
 0001:0001bf30       _pj_ioqueue_recvfrom       0041cf30 f   pjlib-i386-win32-vc14-release-dynamic:ioqueue_select.obj
 0001:0001c070       _pj_ioqueue_register_sock2 0041d070 f   pjlib-i386-win32-vc14-release-dynamic:ioqueue_select.obj
 0001:0001c190       _pj_ioqueue_send           0041d190 f   pjlib-i386-win32-vc14-release-dynamic:ioqueue_select.obj
 0001:0001c330       _pj_ioqueue_sendto         0041d330 f   pjlib-i386-win32-vc14-release-dynamic:ioqueue_select.obj
 0001:0001c4d0       _pj_ioqueue_set_concurrency 0041d4d0 f   pjlib-i386-win32-vc14-release-dynamic:ioqueue_select.obj
 0001:0001c4f0       _pj_ioqueue_set_lock       0041d4f0 f   pjlib-i386-win32-vc14-release-dynamic:ioqueue_select.obj
 0001:0001c530       _pj_ioqueue_unlock_key     0041d530 f   pjlib-i386-win32-vc14-release-dynamic:ioqueue_select.obj
 0001:0001c560       _pj_ioqueue_unregister     0041d560 f   pjlib-i386-win32-vc14-release-dynamic:ioqueue_select.obj
 0001:0001c9e0       _pj_grp_lock_acquire       0041d9e0 f   pjlib-i386-win32-vc14-release-dynamic:lock.obj
 0001:0001c9f0       _pj_grp_lock_add_handler   0041d9f0 f   pjlib-i386-win32-vc14-release-dynamic:lock.obj
 0001:0001ca40       _pj_grp_lock_add_ref       0041da40 f   pjlib-i386-win32-vc14-release-dynamic:lock.obj
 0001:0001ca60       _pj_grp_lock_create        0041da60 f   pjlib-i386-win32-vc14-release-dynamic:lock.obj
 0001:0001cb50       _pj_grp_lock_create_w_handler 0041db50 f   pjlib-i386-win32-vc14-release-dynamic:lock.obj
 0001:0001cbb0       _pj_grp_lock_dec_ref       0041dbb0 f   pjlib-i386-win32-vc14-release-dynamic:lock.obj
 0001:0001cbe0       _pj_grp_lock_get_ref       0041dbe0 f   pjlib-i386-win32-vc14-release-dynamic:lock.obj
 0001:0001cc00       _pj_grp_lock_release       0041dc00 f   pjlib-i386-win32-vc14-release-dynamic:lock.obj
 0001:0001cc10       _pj_grp_lock_tryacquire    0041dc10 f   pjlib-i386-win32-vc14-release-dynamic:lock.obj
 0001:0001cc20       _pj_lock_acquire           0041dc20 f   pjlib-i386-win32-vc14-release-dynamic:lock.obj
 0001:0001cc40       _pj_lock_create_null_mutex 0041dc40 f   pjlib-i386-win32-vc14-release-dynamic:lock.obj
 0001:0001cc60       _pj_lock_create_recursive_mutex 0041dc60 f   pjlib-i386-win32-vc14-release-dynamic:lock.obj
 0001:0001cc80       _pj_lock_create_simple_mutex 0041dc80 f   pjlib-i386-win32-vc14-release-dynamic:lock.obj
 0001:0001cca0       _pj_lock_destroy           0041dca0 f   pjlib-i386-win32-vc14-release-dynamic:lock.obj
 0001:0001ccc0       _pj_lock_release           0041dcc0 f   pjlib-i386-win32-vc14-release-dynamic:lock.obj
 0001:0001cce0       _pj_lock_tryacquire        0041dce0 f   pjlib-i386-win32-vc14-release-dynamic:lock.obj
 0001:0001cf00       _pj_timer_entry_running    0041df00 f   pjlib-i386-win32-vc14-release-dynamic:timer.obj
 0001:0001cf20       _pj_timer_heap_cancel      0041df20 f   pjlib-i386-win32-vc14-release-dynamic:timer.obj
 0001:0001cf90       _pj_timer_heap_cancel_if_active 0041df90 f   pjlib-i386-win32-vc14-release-dynamic:timer.obj
 0001:0001d010       _pj_timer_heap_create      0041e010 f   pjlib-i386-win32-vc14-release-dynamic:timer.obj
 0001:0001d160       _pj_timer_heap_destroy     0041e160 f   pjlib-i386-win32-vc14-release-dynamic:timer.obj
 0001:0001d190       _pj_timer_heap_poll        0041e190 f   pjlib-i386-win32-vc14-release-dynamic:timer.obj
 0001:0001d380       _pj_timer_heap_schedule_dbg 0041e380 f   pjlib-i386-win32-vc14-release-dynamic:timer.obj
 0001:0001d3b0       _pj_timer_heap_schedule_w_grp_lock_dbg 0041e3b0 f   pjlib-i386-win32-vc14-release-dynamic:timer.obj
 0001:0001d3e0       _pj_timer_heap_set_lock    0041e3e0 f   pjlib-i386-win32-vc14-release-dynamic:timer.obj
 0001:0001d410       _pj_timer_heap_set_max_timed_out_per_poll 0041e410 f   pjlib-i386-win32-vc14-release-dynamic:timer.obj
 0001:0001d8a0       _pj_get_netos_error        0041e8a0 f   pjlib-i386-win32-vc14-release-dynamic:os_error_win32.obj
 0001:0001d8c0       _platform_strerror         0041e8c0 f   pjlib-i386-win32-vc14-release-dynamic:os_error_win32.obj
 0001:0001d9e0       _pj_exception_id_alloc     0041e9e0 f   pjlib-i386-win32-vc14-release-dynamic:except.obj
 0001:0001da30       _pj_exception_id_free      0041ea30 f   pjlib-i386-win32-vc14-release-dynamic:except.obj
 0001:0001da70       _pj_exception_id_name      0041ea70 f   pjlib-i386-win32-vc14-release-dynamic:except.obj
 0001:0001dab0       _pj_pop_exception_handler_ 0041eab0 f   pjlib-i386-win32-vc14-release-dynamic:except.obj
 0001:0001dae0       _pj_push_exception_handler_ 0041eae0 f   pjlib-i386-win32-vc14-release-dynamic:except.obj
 0001:0001db30       _pj_throw_exception_       0041eb30 f   pjlib-i386-win32-vc14-release-dynamic:except.obj
 0001:0001dc50       _pj_GUID_STRING_LENGTH     0041ec50 f   pjlib-i386-win32-vc14-release-dynamic:guid_win32.obj
 0001:0001dc60       _pj_generate_unique_string 0041ec60 f   pjlib-i386-win32-vc14-release-dynamic:guid_win32.obj
 0001:0001dcb0       _pj_create_unique_string   0041ecb0 f   pjlib-i386-win32-vc14-release-dynamic:guid.obj
 0001:0001dce0       _pj_rand                   0041ece0 f   pjlib-i386-win32-vc14-release-dynamic:rand.obj
 0001:0001dd10       _pj_addr_str_print         0041ed10 f   pjlib-i386-win32-vc14-release-dynamic:sock_common.obj
 0001:0001dde0       _pj_gethostip              0041ede0 f   pjlib-i386-win32-vc14-release-dynamic:sock_common.obj
 0001:0001e780       _pj_getipinterface         0041f780 f   pjlib-i386-win32-vc14-release-dynamic:sock_common.obj
 0001:0001e960       _pj_sockaddr_cmp           0041f960 f   pjlib-i386-win32-vc14-release-dynamic:sock_common.obj
 0001:0001ea80       _pj_sockaddr_copy_addr     0041fa80 f   pjlib-i386-win32-vc14-release-dynamic:sock_common.obj
 0001:0001eb00       _pj_sockaddr_cp            0041fb00 f   pjlib-i386-win32-vc14-release-dynamic:sock_common.obj
 0001:0001eb60       _pj_sockaddr_get_addr      0041fb60 f   pjlib-i386-win32-vc14-release-dynamic:sock_common.obj
 0001:0001eba0       _pj_sockaddr_get_addr_len  0041fba0 f   pjlib-i386-win32-vc14-release-dynamic:sock_common.obj
 0001:0001ebe0       _pj_sockaddr_get_len       0041fbe0 f   pjlib-i386-win32-vc14-release-dynamic:sock_common.obj
 0001:0001ec20       _pj_sockaddr_get_port      0041fc20 f   pjlib-i386-win32-vc14-release-dynamic:sock_common.obj
 0001:0001ec50       _pj_sockaddr_has_addr      0041fc50 f   pjlib-i386-win32-vc14-release-dynamic:sock_common.obj
 0001:0001ed00       _pj_sockaddr_in_init       0041fd00 f   pjlib-i386-win32-vc14-release-dynamic:sock_common.obj
 0001:0001ed50       _pj_sockaddr_in_set_str_addr 0041fd50 f   pjlib-i386-win32-vc14-release-dynamic:sock_common.obj
 0001:0001ee40       _pj_sockaddr_init          0041fe40 f   pjlib-i386-win32-vc14-release-dynamic:sock_common.obj
 0001:0001eef0       _pj_sockaddr_print         0041fef0 f   pjlib-i386-win32-vc14-release-dynamic:sock_common.obj
 0001:0001f000       _pj_sockaddr_set_port      00420000 f   pjlib-i386-win32-vc14-release-dynamic:sock_common.obj
 0001:0001f050       _pj_sockaddr_set_str_addr  00420050 f   pjlib-i386-win32-vc14-release-dynamic:sock_common.obj
 0001:0001f150       _pj_qos_get_params         00420150 f   pjlib-i386-win32-vc14-release-dynamic:sock_qos_common.obj
 0001:0001f180       _pj_sock_apply_qos         00420180 f   pjlib-i386-win32-vc14-release-dynamic:sock_qos_common.obj
 0001:0001f240       _pj_sock_apply_qos2        00420240 f   pjlib-i386-win32-vc14-release-dynamic:sock_qos_common.obj
 0001:0001f280       _pj_gettimeofday           00420280 f   pjlib-i386-win32-vc14-release-dynamic:os_time_win32.obj
 0001:0001f330       _pj_time_decode            00420330 f   pjlib-i386-win32-vc14-release-dynamic:os_time_win32.obj
 0001:0001f3e0       _pj_time_val_normalize     004203e0 f   pjlib-i386-win32-vc14-release-dynamic:types.obj
 0001:0001f870       _pj_activesock_cfg_default 00420870 f   pjlib-i386-win32-vc14-release-dynamic:activesock.obj
 0001:0001f8a0       _pj_activesock_close       004208a0 f   pjlib-i386-win32-vc14-release-dynamic:activesock.obj
 0001:0001f900       _pj_activesock_create      00420900 f   pjlib-i386-win32-vc14-release-dynamic:activesock.obj
 0001:0001fa80       _pj_activesock_get_user_data 00420a80 f   pjlib-i386-win32-vc14-release-dynamic:activesock.obj
 0001:0001faa0       _pj_activesock_send        00420aa0 f   pjlib-i386-win32-vc14-release-dynamic:activesock.obj
 0001:0001fb70       _pj_activesock_start_accept 00420b70 f   pjlib-i386-win32-vc14-release-dynamic:activesock.obj
 0001:0001fc40       _pj_activesock_start_connect 00420c40 f   pjlib-i386-win32-vc14-release-dynamic:activesock.obj
 0001:0001fc70       _pj_activesock_start_read2 00420c70 f   pjlib-i386-win32-vc14-release-dynamic:activesock.obj
 0001:0001fdb0       _pj_elapsed_time           00420db0 f   pjlib-i386-win32-vc14-release-dynamic:os_timestamp_common.obj
 0001:0001fe60       _pj_gettickcount           00420e60 f   pjlib-i386-win32-vc14-release-dynamic:os_timestamp_common.obj
 0001:000200c0       _pj_hash_calc              004210c0 f   pjlib-i386-win32-vc14-release-dynamic:hash.obj
 0001:00020150       _pj_hash_calc_tolower      00421150 f   pjlib-i386-win32-vc14-release-dynamic:hash.obj
 0001:000201a0       _pj_hash_count             004211a0 f   pjlib-i386-win32-vc14-release-dynamic:hash.obj
 0001:000201b0       _pj_hash_create            004211b0 f   pjlib-i386-win32-vc14-release-dynamic:hash.obj
 0001:00020200       _pj_hash_first             00421200 f   pjlib-i386-win32-vc14-release-dynamic:hash.obj
 0001:00020240       _pj_hash_get               00421240 f   pjlib-i386-win32-vc14-release-dynamic:hash.obj
 0001:00020270       _pj_hash_get_lower         00421270 f   pjlib-i386-win32-vc14-release-dynamic:hash.obj
 0001:000202a0       _pj_hash_next              004212a0 f   pjlib-i386-win32-vc14-release-dynamic:hash.obj
 0001:000202f0       _pj_hash_set               004212f0 f   pjlib-i386-win32-vc14-release-dynamic:hash.obj
 0001:00020350       _pj_hash_set_lower         00421350 f   pjlib-i386-win32-vc14-release-dynamic:hash.obj
 0001:000203b0       _pj_hash_set_np            004213b0 f   pjlib-i386-win32-vc14-release-dynamic:hash.obj
 0001:00020410       _pj_hash_this              00421410 f   pjlib-i386-win32-vc14-release-dynamic:hash.obj
 0001:00020430       _pj_getaddrinfo            00421430 f   pjlib-i386-win32-vc14-release-dynamic:addr_resolv_sock.obj
 0001:00020550       _pj_gethostbyname          00421550 f   pjlib-i386-win32-vc14-release-dynamic:addr_resolv_sock.obj
 0001:00020610       _pj_get_timestamp          00421610 f   pjlib-i386-win32-vc14-release-dynamic:os_timestamp_win32.obj
 0001:00020670       _pj_get_timestamp_freq     00421670 f   pjlib-i386-win32-vc14-release-dynamic:os_timestamp_win32.obj
 0001:000206d0       _pj_pool_create_on_buf     004216d0 f   pjlib-i386-win32-vc14-release-dynamic:pool_buf.obj
 0001:000207e0       _pj_log_write              004217e0 f   pjlib-i386-win32-vc14-release-dynamic:log_writer_stdout.obj
 0001:00020840       _printf                    00421840 f i pjlib-i386-win32-vc14-release-dynamic:log_writer_stdout.obj
 0001:00020870       _PJ_FD_CLR                 00421870 f   pjlib-i386-win32-vc14-release-dynamic:sock_select.obj
 0001:000208f0       _PJ_FD_COUNT               004218f0 f   pjlib-i386-win32-vc14-release-dynamic:sock_select.obj
 0001:00020900       _PJ_FD_ISSET               00421900 f   pjlib-i386-win32-vc14-release-dynamic:sock_select.obj
 0001:00020930       _PJ_FD_SET                 00421930 f   pjlib-i386-win32-vc14-release-dynamic:sock_select.obj
 0001:000209a0       _PJ_FD_ZERO                004219a0 f   pjlib-i386-win32-vc14-release-dynamic:sock_select.obj
 0001:000209d0       _pj_sock_select            004219d0 f   pjlib-i386-win32-vc14-release-dynamic:sock_select.obj
 0001:00020f40       _pj_enum_ip_interface      00421f40 f   pjlib-i386-win32-vc14-release-dynamic:ip_helper_win32.obj
 0001:00021000       _pj_sock_set_qos_params    00422000 f   pjlib-i386-win32-vc14-release-dynamic:sock_qos_bsd.obj
 0001:00021120       _pj_sock_set_qos_type      00422120 f   pjlib-i386-win32-vc14-release-dynamic:sock_qos_bsd.obj
 0001:0002114c       ___WSAFDIsSet@8            0042214c f   ws2_32:WS2_32.dll
 0001:00021152       @__security_check_cookie@4 00422152 f   MSVCRT:_secchk_.obj
 0001:0002138f       _mainCRTStartup            0042238f f   MSVCRT:exe_main.obj
 0001:00021399       ___raise_securityfailure   00422399 f   MSVCRT:gs_report.obj
 0001:000213c1       ___report_gsfailure        004223c1 f   MSVCRT:gs_report.obj
 0001:000214bc       ___report_rangecheckfailure 004224bc f   MSVCRT:gs_report.obj
 0001:000214c8       ___report_securityfailure  004224c8 f   MSVCRT:gs_report.obj
 0001:00021598       ___isa_available_init      00422598 f   MSVCRT:_cpu_disp_.obj
 0001:00021740       __alldiv                   00422740 f   MSVCRT:lldiv.obj
 0001:000217f0       __allmul                   004227f0 f   MSVCRT:llmul.obj
 0001:00021830       __ftoui3                   00422830 f   MSVCRT:_ftol3_.obj
 0001:0002183f       __ftoul3                   0042283f f   MSVCRT:_ftol3_.obj
 0001:0002184e       __ftol3                    0042284e f   MSVCRT:_ftol3_.obj
 0001:0002185b       __ftol3_NaN                0042285b f   MSVCRT:_ftol3_.obj
 0001:00021873       __ftol3_work               00422873 f   MSVCRT:_ftol3_.obj
 0001:000218f9       __ftol3_common             004228f9 f   MSVCRT:_ftol3_.obj
 0001:000219bb       __ftol3_arg_error          004229bb f   MSVCRT:_ftol3_.obj
 0001:000219cd       __ftol3_except             004229cd f   MSVCRT:_ftol3_.obj
 0001:00021a11       __dtoui3                   00422a11 f   MSVCRT:_ftol3_.obj
 0001:00021a20       __dtoul3                   00422a20 f   MSVCRT:_ftol3_.obj
 0001:00021a2f       __dtol3                    00422a2f f   MSVCRT:_ftol3_.obj
 0001:00021a3c       __dtol3_NaN                00422a3c f   MSVCRT:_ftol3_.obj
 0001:00021a59       __dtol3_work               00422a59 f   MSVCRT:_ftol3_.obj
 0001:00021b40       __ultod3                   00422b40 f   MSVCRT:_ftol3_.obj
 0001:00021b80       __ltod3                    00422b80 f   MSVCRT:_ftol3_.obj
 0001:00021beb       ___scrt_acquire_startup_lock 00422beb f   MSVCRT:utility.obj
 0001:00021c20       ___scrt_initialize_crt     00422c20 f   MSVCRT:utility.obj
 0001:00021c59       ___scrt_initialize_onexit_tables 00422c59 f   MSVCRT:utility.obj
 0001:00021cf0       ___scrt_is_nonwritable_in_current_image 00422cf0 f   MSVCRT:utility.obj
 0001:00021d7a       ___scrt_release_startup_lock 00422d7a f   MSVCRT:utility.obj
 0001:00021d97       ___scrt_uninitialize_crt   00422d97 f   MSVCRT:utility.obj
 0001:00021dbf       __onexit                   00422dbf f   MSVCRT:utility.obj
 0001:00021dfa       _atexit                    00422dfa f   MSVCRT:utility.obj
 0001:00021e0f       ___security_init_cookie    00422e0f f   MSVCRT:gs_support.obj
 0001:00021eab       __get_startup_argv_mode    00422eab f   MSVCRT:argv_mode.obj
 0001:00021eb0       __get_startup_new_mode     00422eb0 f   MSVCRT:new_mode.obj
 0001:00021eb0       ___scrt_initialize_winrt   00422eb0 f   MSVCRT:utility_desktop.obj
 0001:00021eb0       __get_startup_commit_mode  00422eb0 f   MSVCRT:commit_mode.obj
 0001:00021eb0       __get_startup_thread_locale_mode 00422eb0 f   MSVCRT:thread_locale.obj
 0001:00021eb0       __matherr                  00422eb0 f   MSVCRT:matherr.obj
 0001:00021eb3       __get_startup_file_mode    00422eb3 f   MSVCRT:file_mode.obj
 0001:00021eb9       ?__scrt_initialize_type_info@@YAXXZ 00422eb9 f   MSVCRT:tncleanup.obj
 0001:00021ec5       __initialize_default_precision 00422ec5 f   MSVCRT:default_precision.obj
 0001:00021ee6       __initialize_invalid_parameter_handler 00422ee6 f   MSVCRT:invalid_parameter_handler.obj
 0001:00021ee6       @_guard_check_icall_nop@4  00422ee6 f   MSVCRT:guard_support.obj
 0001:00021ee6       __initialize_denormal_control 00422ee6 f   MSVCRT:denormal_control.obj
 0001:00021ee7       ___local_stdio_scanf_options 00422ee7 f i MSVCRT:default_local_stdio_options.obj
 0001:00021eed       ___scrt_initialize_default_local_stdio_options 00422eed f   MSVCRT:default_local_stdio_options.obj
 0001:00021f0a       ___scrt_is_user_matherr_present 00422f0a f   MSVCRT:matherr_detection.obj
 0001:00021f16       ___scrt_get_dyn_tls_init_callback 00422f16 f   MSVCRT:dyn_tls_init.obj
 0001:00021f1c       ___scrt_get_dyn_tls_dtor_callback 00422f1c f   MSVCRT:dyn_tls_dtor.obj
 0001:00021f22       ___scrt_fastfail           00422f22 f   MSVCRT:utility_desktop.obj
 0001:0002203d       ___scrt_is_managed_app     0042303d f   MSVCRT:utility_desktop.obj
 0001:00022081       ___scrt_set_unhandled_exception_filter 00423081 f   MSVCRT:utility_desktop.obj
 0001:0002208d       ___scrt_unhandled_exception_filter@4 0042308d f   MSVCRT:utility_desktop.obj
 0001:000220ce       __RTC_Initialize           004230ce f   MSVCRT:_initsect_.obj
 0001:000220f9       __RTC_Terminate            004230f9 f   MSVCRT:_initsect_.obj
 0001:00022124       @_guard_check_icall@4      00423124 f i MSVCRT:checkcfg.obj
 0001:00022130       __SEH_prolog4              00423130 f   MSVCRT:_sehprolg4_.obj
 0001:00022176       __SEH_epilog4              00423176 f   MSVCRT:_sehprolg4_.obj
 0001:0002218b       __except_handler4          0042318b f   MSVCRT:_chandler4gs_.obj
 0001:000221ae       ___scrt_is_ucrt_dll_in_use 004231ae f   MSVCRT:ucrt_detection.obj
 0001:000221ba       _IsProcessorFeaturePresent@4 004231ba f   kernel32:KERNEL32.dll
 0001:000221c0       _memcpy                    004231c0 f   vcruntime:VCRUNTIME140.dll
 0001:000221c6       _memset                    004231c6 f   vcruntime:VCRUNTIME140.dll
 0001:000221cc       __setjmp3                  004231cc f   vcruntime:VCRUNTIME140.dll
 0001:000221d2       _longjmp                   004231d2 f   vcruntime:VCRUNTIME140.dll
 0001:000221d8       __except_handler4_common   004231d8 f   vcruntime:VCRUNTIME140.dll
 0001:000221de       __CIfmod                   004231de f   ucrt:api-ms-win-crt-math-l1-1-0.dll
 0001:000221e4       __seh_filter_exe           004231e4 f   ucrt:api-ms-win-crt-runtime-l1-1-0.dll
 0001:000221ea       __set_app_type             004231ea f   ucrt:api-ms-win-crt-runtime-l1-1-0.dll
 0001:000221f0       ___setusermatherr          004231f0 f   ucrt:api-ms-win-crt-math-l1-1-0.dll
 0001:000221f6       __configure_narrow_argv    004231f6 f   ucrt:api-ms-win-crt-runtime-l1-1-0.dll
 0001:000221fc       __initialize_narrow_environment 004231fc f   ucrt:api-ms-win-crt-runtime-l1-1-0.dll
 0001:00022202       __get_initial_narrow_environment 00423202 f   ucrt:api-ms-win-crt-runtime-l1-1-0.dll
 0001:00022208       __initterm                 00423208 f   ucrt:api-ms-win-crt-runtime-l1-1-0.dll
 0001:0002220e       __initterm_e               0042320e f   ucrt:api-ms-win-crt-runtime-l1-1-0.dll
 0001:00022214       _exit                      00423214 f   ucrt:api-ms-win-crt-runtime-l1-1-0.dll
 0001:0002221a       __exit                     0042321a f   ucrt:api-ms-win-crt-runtime-l1-1-0.dll
 0001:00022220       __set_fmode                00423220 f   ucrt:api-ms-win-crt-stdio-l1-1-0.dll
 0001:00022226       ___p___argc                00423226 f   ucrt:api-ms-win-crt-runtime-l1-1-0.dll
 0001:0002222c       ___p___argv                0042322c f   ucrt:api-ms-win-crt-runtime-l1-1-0.dll
 0001:00022232       __cexit                    00423232 f   ucrt:api-ms-win-crt-runtime-l1-1-0.dll
 0001:00022238       __c_exit                   00423238 f   ucrt:api-ms-win-crt-runtime-l1-1-0.dll
 0001:0002223e       __register_thread_local_exe_atexit_callback 0042323e f   ucrt:api-ms-win-crt-runtime-l1-1-0.dll
 0001:00022244       __configthreadlocale       00423244 f   ucrt:api-ms-win-crt-locale-l1-1-0.dll
 0001:0002224a       __set_new_mode             0042324a f   ucrt:api-ms-win-crt-heap-l1-1-0.dll
 0001:00022250       ___p__commode              00423250 f   ucrt:api-ms-win-crt-stdio-l1-1-0.dll
 0001:00022256       __except1                  00423256 f   ucrt:api-ms-win-crt-math-l1-1-0.dll
 0001:0002225c       __initialize_onexit_table  0042325c f   ucrt:api-ms-win-crt-runtime-l1-1-0.dll
 0001:00022262       __register_onexit_function 00423262 f   ucrt:api-ms-win-crt-runtime-l1-1-0.dll
 0001:00022268       __crt_atexit               00423268 f   ucrt:api-ms-win-crt-runtime-l1-1-0.dll
 0001:0002226e       __controlfp_s              0042326e f   ucrt:api-ms-win-crt-runtime-l1-1-0.dll
 0001:00022274       _terminate                 00423274 f   ucrt:api-ms-win-crt-runtime-l1-1-0.dll
 0001:0002227a       ___acrt_initialize         0042327a f   MSVCRT:ucrt_stubs.obj
 0001:0002227a       __should_initialize_environment 0042327a f   MSVCRT:env_mode.obj
 0001:0002227a       ___vcrt_uninitialize       0042327a f   MSVCRT:ucrt_stubs.obj
 0001:0002227a       ___scrt_stub_for_acrt_uninitialize 0042327a f   MSVCRT:ucrt_stubs.obj
 0001:0002227a       ___vcrt_initialize         0042327a f   MSVCRT:ucrt_stubs.obj
 0001:0002227a       ___scrt_stub_for_acrt_initialize 0042327a f   MSVCRT:ucrt_stubs.obj
 0001:0002227a       ___acrt_uninitialize       0042327a f   MSVCRT:ucrt_stubs.obj
 0002:00000000       __imp__UnhandledExceptionFilter@4 00424000     kernel32:KERNEL32.dll
 0002:00000004       __imp__GetModuleHandleW@4  00424004     kernel32:KERNEL32.dll
 0002:00000008       __imp__IsDebuggerPresent@0 00424008     kernel32:KERNEL32.dll
 0002:0000000c       __imp__InitializeSListHead@4 0042400c     kernel32:KERNEL32.dll
 0002:00000010       __imp__GetSystemTimeAsFileTime@4 00424010     kernel32:KERNEL32.dll
 0002:00000014       __imp__IsProcessorFeaturePresent@4 00424014     kernel32:KERNEL32.dll
 0002:00000018       __imp__TerminateProcess@8  00424018     kernel32:KERNEL32.dll
 0002:0000001c       __imp__GetCurrentProcess@0 0042401c     kernel32:KERNEL32.dll
 0002:00000020       __imp__SetUnhandledExceptionFilter@4 00424020     kernel32:KERNEL32.dll
 0002:00000024       __imp__LoadLibraryA@4      00424024     kernel32:KERNEL32.dll
 0002:00000028       __imp__GetProcAddress@8    00424028     kernel32:KERNEL32.dll
 0002:0000002c       __imp__FreeLibrary@4       0042402c     kernel32:KERNEL32.dll
 0002:00000030       __imp__QueryPerformanceFrequency@4 00424030     kernel32:KERNEL32.dll
 0002:00000034       __imp__QueryPerformanceCounter@4 00424034     kernel32:KERNEL32.dll
 0002:00000038       __imp__SystemTimeToFileTime@8 00424038     kernel32:KERNEL32.dll
 0002:0000003c       __imp__FileTimeToSystemTime@8 0042403c     kernel32:KERNEL32.dll
 0002:00000040       __imp__GetLocalTime@4      00424040     kernel32:KERNEL32.dll
 0002:00000044       __imp__FormatMessageA@28   00424044     kernel32:KERNEL32.dll
 0002:00000048       __imp__SetConsoleTextAttribute@8 00424048     kernel32:KERNEL32.dll
 0002:0000004c       __imp__CreateSemaphoreA@16 0042404c     kernel32:KERNEL32.dll
 0002:00000050       __imp__TlsFree@4           00424050     kernel32:KERNEL32.dll
 0002:00000054       __imp__TlsSetValue@8       00424054     kernel32:KERNEL32.dll
 0002:00000058       __imp__TlsGetValue@4       00424058     kernel32:KERNEL32.dll
 0002:0000005c       __imp__TlsAlloc@0          0042405c     kernel32:KERNEL32.dll
 0002:00000060       __imp__GetCurrentThreadId@0 00424060     kernel32:KERNEL32.dll
 0002:00000064       __imp__GetCurrentThread@0  00424064     kernel32:KERNEL32.dll
 0002:00000068       __imp__GetCurrentProcessId@0 00424068     kernel32:KERNEL32.dll
 0002:0000006c       __imp__GetStdHandle@4      0042406c     kernel32:KERNEL32.dll
 0002:00000070       __imp__CloseHandle@4       00424070     kernel32:KERNEL32.dll
 0002:00000074       __imp__GetLastError@0      00424074     kernel32:KERNEL32.dll
 0002:00000078       __imp__InitializeCriticalSection@4 00424078     kernel32:KERNEL32.dll
 0002:0000007c       __imp__EnterCriticalSection@4 0042407c     kernel32:KERNEL32.dll
 0002:00000080       __imp__LeaveCriticalSection@4 00424080     kernel32:KERNEL32.dll
 0002:00000084       __imp__TryEnterCriticalSection@4 00424084     kernel32:KERNEL32.dll
 0002:00000088       __imp__DeleteCriticalSection@4 00424088     kernel32:KERNEL32.dll
 0002:0000008c       __imp__ReleaseSemaphore@12 0042408c     kernel32:KERNEL32.dll
 0002:00000090       __imp__WaitForSingleObject@8 00424090     kernel32:KERNEL32.dll
 0002:00000094       __imp__Sleep@4             00424094     kernel32:KERNEL32.dll
 0002:00000098       \177KERNEL32_NULL_THUNK_DATA 00424098     kernel32:KERNEL32.dll
 0002:0000009c       __imp__strchr              0042409c     vcruntime:VCRUNTIME140.dll
 0002:000000a0       __imp__memmove             004240a0     vcruntime:VCRUNTIME140.dll
 0002:000000a4       __imp___setjmp3            004240a4     vcruntime:VCRUNTIME140.dll
 0002:000000a8       __imp__memset              004240a8     vcruntime:VCRUNTIME140.dll
 0002:000000ac       __imp__memcpy              004240ac     vcruntime:VCRUNTIME140.dll
 0002:000000b0       __imp__memchr              004240b0     vcruntime:VCRUNTIME140.dll
 0002:000000b4       __imp___except_handler4_common 004240b4     vcruntime:VCRUNTIME140.dll
 0002:000000b8       __imp__longjmp             004240b8     vcruntime:VCRUNTIME140.dll
 0002:000000bc       \177VCRUNTIME140_NULL_THUNK_DATA 004240bc     vcruntime:VCRUNTIME140.dll
 0002:000000c0       __imp__gethostname@8       004240c0     ws2_32:WS2_32.dll
 0002:000000c4       __imp__setsockopt@20       004240c4     ws2_32:WS2_32.dll
 0002:000000c8       __imp__sendto@24           004240c8     ws2_32:WS2_32.dll
 0002:000000cc       __imp__send@16             004240cc     ws2_32:WS2_32.dll
 0002:000000d0       __imp__recvfrom@24         004240d0     ws2_32:WS2_32.dll
 0002:000000d4       __imp__recv@16             004240d4     ws2_32:WS2_32.dll
 0002:000000d8       __imp__ntohs@4             004240d8     ws2_32:WS2_32.dll
 0002:000000dc       __imp__ntohl@4             004240dc     ws2_32:WS2_32.dll
 0002:000000e0       __imp__listen@8            004240e0     ws2_32:WS2_32.dll
 0002:000000e4       __imp__WSAIoctl@36         004240e4     ws2_32:WS2_32.dll
 0002:000000e8       __imp__htons@4             004240e8     ws2_32:WS2_32.dll
 0002:000000ec       __imp__htonl@4             004240ec     ws2_32:WS2_32.dll
 0002:000000f0       __imp__getsockopt@20       004240f0     ws2_32:WS2_32.dll
 0002:000000f4       __imp__WSASocketA@24       004240f4     ws2_32:WS2_32.dll
 0002:000000f8       __imp__getsockname@12      004240f8     ws2_32:WS2_32.dll
 0002:000000fc       __imp__connect@12          004240fc     ws2_32:WS2_32.dll
 0002:00000100       __imp__closesocket@4       00424100     ws2_32:WS2_32.dll
 0002:00000104       __imp__bind@12             00424104     ws2_32:WS2_32.dll
 0002:00000108       __imp__accept@12           00424108     ws2_32:WS2_32.dll
 0002:0000010c       __imp__WSAGetLastError@0   0042410c     ws2_32:WS2_32.dll
 0002:00000110       __imp__WSAStartup@8        00424110     ws2_32:WS2_32.dll
 0002:00000114       __imp__WSAAddressToStringA@20 00424114     ws2_32:WS2_32.dll
 0002:00000118       __imp__WSAStringToAddressA@20 00424118     ws2_32:WS2_32.dll
 0002:0000011c       __imp__ioctlsocket@12      0042411c     ws2_32:WS2_32.dll
 0002:00000120       __imp__gethostbyname@4     00424120     ws2_32:WS2_32.dll
 0002:00000124       __imp____WSAFDIsSet@8      00424124     ws2_32:WS2_32.dll
 0002:00000128       __imp__select@20           00424128     ws2_32:WS2_32.dll
 0002:0000012c       __imp__inet_addr@4         0042412c     ws2_32:WS2_32.dll
 0002:00000130       \177WS2_32_NULL_THUNK_DATA 00424130     ws2_32:WS2_32.dll
 0002:00000134       __imp__atoi                00424134     ucrt:api-ms-win-crt-convert-l1-1-0.dll
 0002:00000138       \177api-ms-win-crt-convert-l1-1-0_NULL_THUNK_DATA 00424138     ucrt:api-ms-win-crt-convert-l1-1-0.dll
 0002:0000013c       __imp___set_new_mode       0042413c     ucrt:api-ms-win-crt-heap-l1-1-0.dll
 0002:00000140       __imp__free                00424140     ucrt:api-ms-win-crt-heap-l1-1-0.dll
 0002:00000144       __imp__malloc              00424144     ucrt:api-ms-win-crt-heap-l1-1-0.dll
 0002:00000148       \177api-ms-win-crt-heap-l1-1-0_NULL_THUNK_DATA 00424148     ucrt:api-ms-win-crt-heap-l1-1-0.dll
 0002:0000014c       __imp___configthreadlocale 0042414c     ucrt:api-ms-win-crt-locale-l1-1-0.dll
 0002:00000150       \177api-ms-win-crt-locale-l1-1-0_NULL_THUNK_DATA 00424150     ucrt:api-ms-win-crt-locale-l1-1-0.dll
 0002:00000154       __imp____setusermatherr    00424154     ucrt:api-ms-win-crt-math-l1-1-0.dll
 0002:00000158       __imp___CIfmod             00424158     ucrt:api-ms-win-crt-math-l1-1-0.dll
 0002:0000015c       __imp___except1            0042415c     ucrt:api-ms-win-crt-math-l1-1-0.dll
 0002:00000160       \177api-ms-win-crt-math-l1-1-0_NULL_THUNK_DATA 00424160     ucrt:api-ms-win-crt-math-l1-1-0.dll
 0002:00000164       __imp___crt_atexit         00424164     ucrt:api-ms-win-crt-runtime-l1-1-0.dll
 0002:00000168       __imp___initialize_onexit_table 00424168     ucrt:api-ms-win-crt-runtime-l1-1-0.dll
 0002:0000016c       __imp___controlfp_s        0042416c     ucrt:api-ms-win-crt-runtime-l1-1-0.dll
 0002:00000170       __imp__terminate           00424170     ucrt:api-ms-win-crt-runtime-l1-1-0.dll
 0002:00000174       __imp___register_onexit_function 00424174     ucrt:api-ms-win-crt-runtime-l1-1-0.dll
 0002:00000178       __imp___seh_filter_exe     00424178     ucrt:api-ms-win-crt-runtime-l1-1-0.dll
 0002:0000017c       __imp___set_app_type       0042417c     ucrt:api-ms-win-crt-runtime-l1-1-0.dll
 0002:00000180       __imp____p___argc          00424180     ucrt:api-ms-win-crt-runtime-l1-1-0.dll
 0002:00000184       __imp___configure_narrow_argv 00424184     ucrt:api-ms-win-crt-runtime-l1-1-0.dll
 0002:00000188       __imp___initialize_narrow_environment 00424188     ucrt:api-ms-win-crt-runtime-l1-1-0.dll
 0002:0000018c       __imp___get_initial_narrow_environment 0042418c     ucrt:api-ms-win-crt-runtime-l1-1-0.dll
 0002:00000190       __imp___initterm           00424190     ucrt:api-ms-win-crt-runtime-l1-1-0.dll
 0002:00000194       __imp___initterm_e         00424194     ucrt:api-ms-win-crt-runtime-l1-1-0.dll
 0002:00000198       __imp__exit                00424198     ucrt:api-ms-win-crt-runtime-l1-1-0.dll
 0002:0000019c       __imp___exit               0042419c     ucrt:api-ms-win-crt-runtime-l1-1-0.dll
 0002:000001a0       __imp___register_thread_local_exe_atexit_callback 004241a0     ucrt:api-ms-win-crt-runtime-l1-1-0.dll
 0002:000001a4       __imp___c_exit             004241a4     ucrt:api-ms-win-crt-runtime-l1-1-0.dll
 0002:000001a8       __imp____p___argv          004241a8     ucrt:api-ms-win-crt-runtime-l1-1-0.dll
 0002:000001ac       __imp___cexit              004241ac     ucrt:api-ms-win-crt-runtime-l1-1-0.dll
 0002:000001b0       \177api-ms-win-crt-runtime-l1-1-0_NULL_THUNK_DATA 004241b0     ucrt:api-ms-win-crt-runtime-l1-1-0.dll
 0002:000001b4       __imp___set_fmode          004241b4     ucrt:api-ms-win-crt-stdio-l1-1-0.dll
 0002:000001b8       __imp____stdio_common_vsprintf 004241b8     ucrt:api-ms-win-crt-stdio-l1-1-0.dll
 0002:000001bc       __imp__puts                004241bc     ucrt:api-ms-win-crt-stdio-l1-1-0.dll
 0002:000001c0       __imp____p__commode        004241c0     ucrt:api-ms-win-crt-stdio-l1-1-0.dll
 0002:000001c4       __imp____stdio_common_vfprintf 004241c4     ucrt:api-ms-win-crt-stdio-l1-1-0.dll
 0002:000001c8       __imp____acrt_iob_func     004241c8     ucrt:api-ms-win-crt-stdio-l1-1-0.dll
 0002:000001cc       \177api-ms-win-crt-stdio-l1-1-0_NULL_THUNK_DATA 004241cc     ucrt:api-ms-win-crt-stdio-l1-1-0.dll
 0002:000001d0       __imp__toupper             004241d0     ucrt:api-ms-win-crt-string-l1-1-0.dll
 0002:000001d4       __imp___strnicmp           004241d4     ucrt:api-ms-win-crt-string-l1-1-0.dll
 0002:000001d8       __imp__isdigit             004241d8     ucrt:api-ms-win-crt-string-l1-1-0.dll
 0002:000001dc       __imp__strncpy             004241dc     ucrt:api-ms-win-crt-string-l1-1-0.dll
 0002:000001e0       __imp__isxdigit            004241e0     ucrt:api-ms-win-crt-string-l1-1-0.dll
 0002:000001e4       __imp__strncmp             004241e4     ucrt:api-ms-win-crt-string-l1-1-0.dll
 0002:000001e8       __imp__isspace             004241e8     ucrt:api-ms-win-crt-string-l1-1-0.dll
 0002:000001ec       __imp__tolower             004241ec     ucrt:api-ms-win-crt-string-l1-1-0.dll
 0002:000001f0       __imp__strtok              004241f0     ucrt:api-ms-win-crt-string-l1-1-0.dll
 0002:000001f4       \177api-ms-win-crt-string-l1-1-0_NULL_THUNK_DATA 004241f4     ucrt:api-ms-win-crt-string-l1-1-0.dll
 0002:000001f8       __imp__rand                004241f8     ucrt:api-ms-win-crt-utility-l1-1-0.dll
 0002:000001fc       \177api-ms-win-crt-utility-l1-1-0_NULL_THUNK_DATA 004241fc     ucrt:api-ms-win-crt-utility-l1-1-0.dll
 0002:00000200       __imp__CoCreateGuid@4      00424200     ole32:ole32.dll
 0002:00000204       \177ole32_NULL_THUNK_DATA  00424204     ole32:ole32.dll
 0002:00000208       ___guard_check_icall_fptr  00424208     MSVCRT:guard_support.obj
 0002:0000020c       ___xc_a                    0042420c     MSVCRT:initializers.obj
 0002:00000214       ___xc_z                    00424214     MSVCRT:initializers.obj
 0002:00000218       ___xi_a                    00424218     MSVCRT:initializers.obj
 0002:00000224       ___xi_z                    00424224     MSVCRT:initializers.obj
 0002:00000228       ___xp_a                    00424228     MSVCRT:initializers.obj
 0002:0000022c       ___xp_z                    0042422c     MSVCRT:initializers.obj
 0002:00000230       ___xt_a                    00424230     MSVCRT:initializers.obj
 0002:00000234       ___xt_z                    00424234     MSVCRT:initializers.obj
 0002:00000240       ??_C@_04JBGCGIBB@sips?$AA@ 00424240     pjsip-core-i386-win32-vc14-release-dynamic:sip_msg.obj
 0002:00000248       ??_C@_03MPAIKGMI@sip?$AA@  00424248     pjsip-core-i386-win32-vc14-release-dynamic:sip_msg.obj
 0002:0000024c       ??_C@_04IBOFHAPJ@hide?$AA@ 0042424c     pjsip-core-i386-win32-vc14-release-dynamic:sip_msg.obj
 0002:00000254       ??_C@_08BMKPPPGG@SIP?12?40?1?$AA@ 00424254     pjsip-core-i386-win32-vc14-release-dynamic:sip_msg.obj
 0002:0000025d       ??_C@_00CNPNBAHC@?$AA@     0042425d     pjsip-core-i386-win32-vc14-release-dynamic:sip_msg.obj
 0002:00000260       ??_C@_05ODKKKCAM@?$DLttl?$DN?$AA@ 00424260     pjsip-core-i386-win32-vc14-release-dynamic:sip_msg.obj
 0002:00000268       ??_C@_06IKMHKLF@?$DLrport?$AA@ 00424268     pjsip-core-i386-win32-vc14-release-dynamic:sip_msg.obj
 0002:00000270       ??_C@_07IONINLDO@?$DLmaddr?$DN?$AA@ 00424270     pjsip-core-i386-win32-vc14-release-dynamic:sip_msg.obj
 0002:00000278       ??_C@_0L@IMDGLAJB@?$DLreceived?$DN?$AA@ 00424278     pjsip-core-i386-win32-vc14-release-dynamic:sip_msg.obj
 0002:00000284       ??_C@_08LMLOEMIC@?$DLbranch?$DN?$AA@ 00424284     pjsip-core-i386-win32-vc14-release-dynamic:sip_msg.obj
 0002:00000290       ??_C@_02KEGNLNML@?0?5?$AA@ 00424290     pjsip-core-i386-win32-vc14-release-dynamic:sip_msg.obj
 0002:00000298       _pjsip_invite_method       00424298     pjsip-core-i386-win32-vc14-release-dynamic:sip_msg.obj
 0002:000002a4       _pjsip_cancel_method       004242a4     pjsip-core-i386-win32-vc14-release-dynamic:sip_msg.obj
 0002:000002b0       _pjsip_ack_method          004242b0     pjsip-core-i386-win32-vc14-release-dynamic:sip_msg.obj
 0002:000002bc       _pjsip_bye_method          004242bc     pjsip-core-i386-win32-vc14-release-dynamic:sip_msg.obj
 0002:000002c8       _pjsip_register_method     004242c8     pjsip-core-i386-win32-vc14-release-dynamic:sip_msg.obj
 0002:000002d4       _pjsip_options_method      004242d4     pjsip-core-i386-win32-vc14-release-dynamic:sip_msg.obj
 0002:000002e0       _pjsip_hdr_names           004242e0     pjsip-core-i386-win32-vc14-release-dynamic:sip_msg.obj
 0002:000004fc       ??_C@_03MGEKBFJK@?$DLq?$DN?$AA@ 004244fc     pjsip-core-i386-win32-vc14-release-dynamic:sip_msg.obj
 0002:00000500       ??_C@_09JFABAEBI@?$DLexpires?$DN?$AA@ 00424500     pjsip-core-i386-win32-vc14-release-dynamic:sip_msg.obj
 0002:0000050c       ??_C@_06DBKGGLMH@INVITE?$AA@ 0042450c     pjsip-core-i386-win32-vc14-release-dynamic:sip_msg.obj
 0002:00000514       ??_C@_06JHILMIHF@CANCEL?$AA@ 00424514     pjsip-core-i386-win32-vc14-release-dynamic:sip_msg.obj
 0002:0000051c       ??_C@_03JMECLKOM@ACK?$AA@  0042451c     pjsip-core-i386-win32-vc14-release-dynamic:sip_msg.obj
 0002:00000520       ??_C@_03BMFBOCK@BYE?$AA@   00424520     pjsip-core-i386-win32-vc14-release-dynamic:sip_msg.obj
 0002:00000524       ??_C@_08EINEADGI@REGISTER?$AA@ 00424524     pjsip-core-i386-win32-vc14-release-dynamic:sip_msg.obj
 0002:00000530       ??_C@_07KDKMIPIP@OPTIONS?$AA@ 00424530     pjsip-core-i386-win32-vc14-release-dynamic:sip_msg.obj
 0002:00000538       ??_C@_06MDEHPNLG@Accept?$AA@ 00424538     pjsip-core-i386-win32-vc14-release-dynamic:sip_msg.obj
 0002:00000540       ??_C@_0BA@KDJCHKHJ@Accept?9Encoding?$AA@ 00424540     pjsip-core-i386-win32-vc14-release-dynamic:sip_msg.obj
 0002:00000550       ??_C@_0BA@POEGPCPD@Accept?9Language?$AA@ 00424550     pjsip-core-i386-win32-vc14-release-dynamic:sip_msg.obj
 0002:00000560       ??_C@_0L@DDNEKGOG@Alert?9Info?$AA@ 00424560     pjsip-core-i386-win32-vc14-release-dynamic:sip_msg.obj
 0002:0000056c       ??_C@_05IEPODGEO@Allow?$AA@ 0042456c     pjsip-core-i386-win32-vc14-release-dynamic:sip_msg.obj
 0002:00000574       ??_C@_0BE@KPJFGFDH@Authentication?9Info?$AA@ 00424574     pjsip-core-i386-win32-vc14-release-dynamic:sip_msg.obj
 0002:00000588       ??_C@_0O@NAFGPKMI@Authorization?$AA@ 00424588     pjsip-core-i386-win32-vc14-release-dynamic:sip_msg.obj
 0002:00000598       ??_C@_07IKPMLMAJ@Call?9ID?$AA@ 00424598     pjsip-core-i386-win32-vc14-release-dynamic:sip_msg.obj
 0002:000005a0       ??_C@_01KBJDNOO@i?$AA@     004245a0     pjsip-core-i386-win32-vc14-release-dynamic:sip_msg.obj
 0002:000005a4       ??_C@_09HCKFEBLC@Call?9Info?$AA@ 004245a4     pjsip-core-i386-win32-vc14-release-dynamic:sip_msg.obj
 0002:000005b0       ??_C@_07PMMFKIFM@Contact?$AA@ 004245b0     pjsip-core-i386-win32-vc14-release-dynamic:sip_msg.obj
 0002:000005b8       ??_C@_01GOHFPIOK@m?$AA@    004245b8     pjsip-core-i386-win32-vc14-release-dynamic:sip_msg.obj
 0002:000005bc       ??_C@_0BE@LMOOGHBG@Content?9Disposition?$AA@ 004245bc     pjsip-core-i386-win32-vc14-release-dynamic:sip_msg.obj
 0002:000005d0       ??_C@_0BB@KFPPKJHF@Content?9Encoding?$AA@ 004245d0     pjsip-core-i386-win32-vc14-release-dynamic:sip_msg.obj
 0002:000005e4       ??_C@_01KGKMHCOC@e?$AA@    004245e4     pjsip-core-i386-win32-vc14-release-dynamic:sip_msg.obj
 0002:000005e8       ??_C@_0BB@PICLCBPP@Content?9Language?$AA@ 004245e8     pjsip-core-i386-win32-vc14-release-dynamic:sip_msg.obj
 0002:000005fc       ??_C@_0P@HOJGPHBA@Content?9Length?$AA@ 004245fc     pjsip-core-i386-win32-vc14-release-dynamic:sip_msg.obj
 0002:0000060c       ??_C@_01HHGOMJKL@l?$AA@    0042460c     pjsip-core-i386-win32-vc14-release-dynamic:sip_msg.obj
 0002:00000610       ??_C@_0N@LAFFMKKA@Content?9Type?$AA@ 00424610     pjsip-core-i386-win32-vc14-release-dynamic:sip_msg.obj
 0002:00000620       ??_C@_01PAPGNFGE@c?$AA@    00424620     pjsip-core-i386-win32-vc14-release-dynamic:sip_msg.obj
[...]
 0002:00000220       ?post_pgo_initializer@@3P6AHXZA 00424220     MSVCRT:exe_main.obj
 0002:00001cf8       _err_str                   00425cf8     pjsip-core-i386-win32-vc14-release-dynamic:sip_errno.obj
 0002:00003668       _err_str                   00427668     pjlib-util-i386-win32-vc14-release-dynamic:errno.obj
 0002:00004d28       _err_str                   00428d28     pjlib-i386-win32-vc14-release-dynamic:errno.obj
 0002:00005380       _gaErrorList               00429380     pjlib-i386-win32-vc14-release-dynamic:os_error_win32.obj
 0002:00005dd4       _qos_map                   00429dd4     pjlib-i386-win32-vc14-release-dynamic:sock_qos_common.obj
 0002:00005f9c       _GS_ExceptionPointers      00429f9c     MSVCRT:gs_report.obj
 0002:00005fb0       _Int32ToUInt32             00429fb0     MSVCRT:_ftol3_.obj
 0002:00005fb8       _DP2to32                   00429fb8     MSVCRT:_ftol3_.obj
 0002:00005fc0       _MantissaMask              00429fc0     MSVCRT:_ftol3_.obj
 0002:00005fc8       _IntegerBit                00429fc8     MSVCRT:_ftol3_.obj
 0002:00005fd0       _SignBit64                 00429fd0     MSVCRT:_ftol3_.obj
 0002:00005fd8       _MinFP64                   00429fd8     MSVCRT:_ftol3_.obj
 0002:00005fe0       _MinInt64                  00429fe0     MSVCRT:_ftol3_.obj
 0002:00005fe8       _MaxInt64                  00429fe8     MSVCRT:_ftol3_.obj
 0002:00005ff0       _MaxUInt64                 00429ff0     MSVCRT:_ftol3_.obj
 0002:00005ff8       _MaxFP32                   00429ff8     MSVCRT:_ftol3_.obj
 0002:00006000       _MinFP32                   0042a000     MSVCRT:_ftol3_.obj
 0002:00006008       _MinSubInexact             0042a008     MSVCRT:_ftol3_.obj
 0002:00006010       _FpExcptTable              0042a010     MSVCRT:_ftol3_.obj
 0002:00006020       _i1075                     0042a020     MSVCRT:_ftol3_.obj
 0002:00006024       _i1087                     0042a024     MSVCRT:_ftol3_.obj
 0002:00006028       _x0800                     0042a028     MSVCRT:_ftol3_.obj
 0002:0000602c       _x17FF                     0042a02c     MSVCRT:_ftol3_.obj
 0002:00006030       _CWMask                    0042a030     MSVCRT:_ftol3_.obj
 0002:00006318       __sehtable$?__scrt_common_main_seh@@YAHXZ 0042a318     MSVCRT:exe_main.obj
 0002:00006338       __sehtable$___scrt_is_nonwritable_in_current_image 0042a338     MSVCRT:utility.obj
 0002:00006670       .idata$6                   0042a670     ole32:ole32.dll
 0002:000066c0       .idata$6                   0042a6c0     ws2_32:WS2_32.dll
 0002:000069d8       .idata$6                   0042a9d8     kernel32:KERNEL32.dll
 0002:00006a48       .idata$6                   0042aa48     vcruntime:VCRUNTIME140.dll
 0002:00006d00       .idata$6                   0042ad00     ucrt:api-ms-win-crt-string-l1-1-0.dll
 0002:00006d22       .idata$6                   0042ad22     ucrt:api-ms-win-crt-stdio-l1-1-0.dll
 0002:00006d42       .idata$6                   0042ad42     ucrt:api-ms-win-crt-convert-l1-1-0.dll
 0002:00006d64       .idata$6                   0042ad64     ucrt:api-ms-win-crt-heap-l1-1-0.dll
 0002:00006d84       .idata$6                   0042ad84     ucrt:api-ms-win-crt-utility-l1-1-0.dll
 0002:00006da6       .idata$6                   0042ada6     ucrt:api-ms-win-crt-math-l1-1-0.dll
 0002:00006dc6       .idata$6                   0042adc6     ucrt:api-ms-win-crt-runtime-l1-1-0.dll
 0002:00006de8       .idata$6                   0042ade8     ucrt:api-ms-win-crt-locale-l1-1-0.dll
 0003:00000000       $SG17476                   0042b000     sipstateless.obj
 0003:00000008       $SG17477                   0042b008     sipstateless.obj
 0003:00000010       $SG17480                   0042b010     sipstateless.obj
 0003:00000020       $SG17482                   0042b020     sipstateless.obj
 0003:00000024       $SG17485                   0042b024     sipstateless.obj
 0003:00000034       $SG17487                   0042b034     sipstateless.obj
 0003:00000038       $SG17490                   0042b038     sipstateless.obj
 0003:00000058       $SG17491                   0042b058     sipstateless.obj
 0003:0000005c       $SG17493                   0042b05c     sipstateless.obj
 0003:00000070       $SG17494                   0042b070     sipstateless.obj
 0003:00000080       $SG17496                   0042b080     sipstateless.obj
 0003:00000098       $SG17500                   0042b098     sipstateless.obj
 0003:000000b4       $SG17502                   0042b0b4     sipstateless.obj
 0003:000000d8       $SG17503                   0042b0d8     sipstateless.obj
 0003:000000e8       $SG17506                   0042b0e8     sipstateless.obj
 0003:00000114       $SG17507                   0042b114     sipstateless.obj
 0003:00000124       $SG17510                   0042b124     sipstateless.obj
 0003:00000150       $SG17511                   0042b150     sipstateless.obj
 0003:00000160       $SG17514                   0042b160     sipstateless.obj
 0003:00000178       $SG17515                   0042b178     sipstateless.obj
 0003:00000188       $SG15285                   0042b188     sipstateless.obj
 0003:0000019c       $SG15286                   0042b19c     sipstateless.obj
 0003:000001b0       _code                      0042b1b0     sipstateless.obj
 0003:000001b4       $SG17385                   0042b1b4     sipstateless.obj
 0003:000001bc       $SG17386                   0042b1bc     sipstateless.obj
 0003:000001e0       $SG17388                   0042b1e0     sipstateless.obj
 0003:000001ec       $SG17390                   0042b1ec     sipstateless.obj
 0003:00000228       $SG17389                   0042b228     sipstateless.obj
 0003:0000026c       $SG17391                   0042b26c     sipstateless.obj
 0003:000002a4       $SG17392                   0042b2a4     sipstateless.obj
 0003:000002b8       $SG17393                   0042b2b8     sipstateless.obj
 0003:000002f8       _retry_after_hdr_vptr      0042b2f8     pjsip-core-i386-win32-vc14-release-dynamic:sip_msg.obj
 0003:00000304       _via_hdr_vptr              0042b304     pjsip-core-i386-win32-vc14-release-dynamic:sip_msg.obj
 0003:00000310       _generic_hdr_vptr          0042b310     pjsip-core-i386-win32-vc14-release-dynamic:sip_msg.obj
 0003:0000031c       _generic_int_hdr_vptr      0042b31c     pjsip-core-i386-win32-vc14-release-dynamic:sip_msg.obj
 0003:00000328       _generic_array_hdr_vptr    0042b328     pjsip-core-i386-win32-vc14-release-dynamic:sip_msg.obj
 0003:00000334       _clen_hdr_vptr             0042b334     pjsip-core-i386-win32-vc14-release-dynamic:sip_msg.obj
 0003:00000340       _cseq_hdr_vptr             0042b340     pjsip-core-i386-win32-vc14-release-dynamic:sip_msg.obj
 0003:0000034c       _contact_hdr_vptr          0042b34c     pjsip-core-i386-win32-vc14-release-dynamic:sip_msg.obj
 0003:00000358       _ctype_hdr_vptr            0042b358     pjsip-core-i386-win32-vc14-release-dynamic:sip_msg.obj
 0003:00000364       _fromto_hdr_vptr           0042b364     pjsip-core-i386-win32-vc14-release-dynamic:sip_msg.obj
 0003:00000370       _routing_hdr_vptr          0042b370     pjsip-core-i386-win32-vc14-release-dynamic:sip_msg.obj
 0003:0000037c       _method_names              0042b37c     pjsip-core-i386-win32-vc14-release-dynamic:sip_msg.obj
 0003:00000394       _event_str                 0042b394     pjsip-core-i386-win32-vc14-release-dynamic:sip_util.obj
 0003:000003b0       _str_TEXT                  0042b3b0     pjsip-core-i386-win32-vc14-release-dynamic:sip_util.obj
 0003:000003b8       _str_PLAIN                 0042b3b8     pjsip-core-i386-win32-vc14-release-dynamic:sip_util.obj
 0003:000003c0       _sip_str                   0042b3c0     pjsip-core-i386-win32-vc14-release-dynamic:sip_uri.obj
 0003:000003c8       _sips_str                  0042b3c8     pjsip-core-i386-win32-vc14-release-dynamic:sip_uri.obj
 0003:000003d0       _sip_url_vptr              0042b3d0     pjsip-core-i386-win32-vc14-release-dynamic:sip_uri.obj
 0003:000003e4       _sips_url_vptr             0042b3e4     pjsip-core-i386-win32-vc14-release-dynamic:sip_uri.obj
 0003:000003f8       _name_addr_vptr            0042b3f8     pjsip-core-i386-win32-vc14-release-dynamic:sip_uri.obj
 0003:0000040c       _other_uri_vptr            0042b40c     pjsip-core-i386-win32-vc14-release-dynamic:sip_uri.obj
 0003:00000420       _pconst                    0042b420     pjsip-core-i386-win32-vc14-release-dynamic:sip_parser.obj
 0003:000005b8       _mod_msg_print             0042b5b8     pjsip-core-i386-win32-vc14-release-dynamic:sip_transport.obj
 0003:000005f8       _transport_names           0042b5f8     pjsip-core-i386-win32-vc14-release-dynamic:sip_transport.obj
 0003:00000878       _pjsip_ISUB_STR            0042b878     pjsip-core-i386-win32-vc14-release-dynamic:sip_tel_uri.obj
 0003:00000880       _pjsip_EXT_STR             0042b880     pjsip-core-i386-win32-vc14-release-dynamic:sip_tel_uri.obj
 0003:00000888       _pjsip_PH_CTX_STR          0042b888     pjsip-core-i386-win32-vc14-release-dynamic:sip_tel_uri.obj
 0003:00000890       _tel_uri_vptr              0042b890     pjsip-core-i386-win32-vc14-release-dynamic:sip_tel_uri.obj
 0003:000008a8       _mod_tsx_layer             0042b8a8     pjsip-core-i386-win32-vc14-release-dynamic:sip_transaction.obj
 0003:000008f4       _t1_timer_val              0042b8f4     pjsip-core-i386-win32-vc14-release-dynamic:sip_transaction.obj
 0003:000008fc       _t2_timer_val              0042b8fc     pjsip-core-i386-win32-vc14-release-dynamic:sip_transaction.obj
 0003:00000904       _timeout_timer_val         0042b904     pjsip-core-i386-win32-vc14-release-dynamic:sip_transaction.obj
 0003:0000090c       _state_str                 0042b90c     pjsip-core-i386-win32-vc14-release-dynamic:sip_transaction.obj
 0003:0000092c       _role_name                 0042b92c     pjsip-core-i386-win32-vc14-release-dynamic:sip_transaction.obj
 0003:00000934       _t4_timer_val              0042b934     pjsip-core-i386-win32-vc14-release-dynamic:sip_transaction.obj
 0003:0000093c       _td_timer_val              0042b93c     pjsip-core-i386-win32-vc14-release-dynamic:sip_transaction.obj
 0003:00000944       _tsx_state_handler_uac     0042b944     pjsip-core-i386-win32-vc14-release-dynamic:sip_transaction.obj
 0003:00000964       _tsx_state_handler_uas     0042b964     pjsip-core-i386-win32-vc14-release-dynamic:sip_transaction.obj
 0003:000009c0       _authorization_hdr_vptr    0042b9c0     pjsip-core-i386-win32-vc14-release-dynamic:sip_auth_msg.obj
 0003:000009cc       _www_authenticate_hdr_vptr 0042b9cc     pjsip-core-i386-win32-vc14-release-dynamic:sip_auth_msg.obj
 0003:000009e0       _state_names               0042b9e0     pjlib-util-i386-win32-vc14-release-dynamic:resolver.obj
 0003:000009ec       _thread_tls_id             0042b9ec     pjlib-i386-win32-vc14-release-dynamic:os_core_win32.obj
 0003:000009f0       _pool_sizes                0042b9f0     pjlib-i386-win32-vc14-release-dynamic:pool_caching.obj
 0003:00000a30       _thread_suspended_tls_id   0042ba30     pjlib-i386-win32-vc14-release-dynamic:log.obj
 0003:00000a34       _thread_indent_tls_id      0042ba34     pjlib-i386-win32-vc14-release-dynamic:log.obj
 0003:00000a38       _pj_log_max_level          0042ba38     pjlib-i386-win32-vc14-release-dynamic:log.obj
 0003:00000a3c       _log_writer                0042ba3c     pjlib-i386-win32-vc14-release-dynamic:log.obj
 0003:00000a40       _log_decor                 0042ba40     pjlib-i386-win32-vc14-release-dynamic:log.obj
 0003:00000a44       _PJ_LOG_COLOR_0            0042ba44     pjlib-i386-win32-vc14-release-dynamic:log.obj
 0003:00000a48       _PJ_LOG_COLOR_1            0042ba48     pjlib-i386-win32-vc14-release-dynamic:log.obj
 0003:00000a4c       _PJ_LOG_COLOR_2            0042ba4c     pjlib-i386-win32-vc14-release-dynamic:log.obj
 0003:00000a50       _PJ_LOG_COLOR_3            0042ba50     pjlib-i386-win32-vc14-release-dynamic:log.obj
 0003:00000a54       _PJ_LOG_COLOR_4            0042ba54     pjlib-i386-win32-vc14-release-dynamic:log.obj
 0003:00000a58       _PJ_LOG_COLOR_5            0042ba58     pjlib-i386-win32-vc14-release-dynamic:log.obj
 0003:00000a5c       _PJ_LOG_COLOR_6            0042ba5c     pjlib-i386-win32-vc14-release-dynamic:log.obj
 0003:00000a60       _PJ_LOG_COLOR_77           0042ba60     pjlib-i386-win32-vc14-release-dynamic:log.obj
 0003:00000a64       ?ltexts@?2??pj_log@@9@9    0042ba64     pjlib-i386-win32-vc14-release-dynamic:log.obj
 0003:00000a80       ?wdays@?3??pj_log@@9@9     0042ba80     pjlib-i386-win32-vc14-release-dynamic:log.obj
 0003:00000aac       _mutex_lock_template       0042baac     pjlib-i386-win32-vc14-release-dynamic:lock.obj
 0003:00000ac0       _null_lock_template        0042bac0     pjlib-i386-win32-vc14-release-dynamic:lock.obj
 0003:00000ad4       _sem_lock_template         0042bad4     pjlib-i386-win32-vc14-release-dynamic:lock.obj
 0003:00000ae8       _thread_local_id           0042bae8     pjlib-i386-win32-vc14-release-dynamic:except.obj
 0003:00000aec       ?hex@?1??hex2digit@@9@9    0042baec     pjlib-i386-win32-vc14-release-dynamic:guid_win32.obj
 0003:00000afc       _tls                       0042bafc     pjlib-i386-win32-vc14-release-dynamic:pool_buf.obj
 0003:00000b04       _id                        0042bb04     pjlib-i386-win32-vc14-release-dynamic:config.obj
 0003:00000b40       $SG17387                   0042bb40     sipstateless.obj
 0003:00000b44       _sip_endpt                 0042bb44     sipstateless.obj
 0003:00000b48       _status_phrase             0042bb48     pjsip-core-i386-win32-vc14-release-dynamic:sip_msg.obj
 0003:00002178       ?is_initialized@?1??pjsip_get_status_text@@9@9 0042d178     pjsip-core-i386-win32-vc14-release-dynamic:sip_msg.obj
 0003:00002180       _handler                   0042d180     pjsip-core-i386-win32-vc14-release-dynamic:sip_parser.obj
 0003:00003800       _handler_count             0042e800     pjsip-core-i386-win32-vc14-release-dynamic:sip_parser.obj
 0003:00003804       _parser_is_initialized     0042e804     pjsip-core-i386-win32-vc14-release-dynamic:sip_parser.obj
 0003:00003808       _uri_handler               0042e808     pjsip-core-i386-win32-vc14-release-dynamic:sip_parser.obj
 0003:00003838       _uri_handler_count         0042e838     pjsip-core-i386-win32-vc14-release-dynamic:sip_parser.obj
 0003:00003840       _cis_buf                   0042e840     pjsip-core-i386-win32-vc14-release-dynamic:sip_parser.obj
 0003:00003c48       _pjsip_TEL_NUMBER_SPEC     0042ec48     pjsip-core-i386-win32-vc14-release-dynamic:sip_tel_uri.obj
 0003:00003c50       _pjsip_TEL_EXT_VALUE_SPEC  0042ec50     pjsip-core-i386-win32-vc14-release-dynamic:sip_tel_uri.obj
 0003:00003c58       _pjsip_TEL_PHONE_CONTEXT_SPEC 0042ec58     pjsip-core-i386-win32-vc14-release-dynamic:sip_tel_uri.obj
 0003:00003c60       _pjsip_TEL_URIC_SPEC       0042ec60     pjsip-core-i386-win32-vc14-release-dynamic:sip_tel_uri.obj
 0003:00003c68       _pjsip_TEL_PNAME_SPEC      0042ec68     pjsip-core-i386-win32-vc14-release-dynamic:sip_tel_uri.obj
 0003:00003c70       _pjsip_TEL_PVALUE_SPEC     0042ec70     pjsip-core-i386-win32-vc14-release-dynamic:sip_tel_uri.obj
 0003:00003c78       _cis_buf                   0042ec78     pjsip-core-i386-win32-vc14-release-dynamic:sip_tel_uri.obj
 0003:0000407c       _pjsip_TEL_VISUAL_SEP_SPEC 0042f07c     pjsip-core-i386-win32-vc14-release-dynamic:sip_tel_uri.obj
 0003:00004084       _pjsip_TEL_PVALUE_SPEC_ESC 0042f084     pjsip-core-i386-win32-vc14-release-dynamic:sip_tel_uri.obj
 0003:0000408c       _pjsip_TEL_PARSING_PVALUE_SPEC 0042f08c     pjsip-core-i386-win32-vc14-release-dynamic:sip_tel_uri.obj
 0003:00004094       _pjsip_TEL_PARSING_PVALUE_SPEC_ESC 0042f094     pjsip-core-i386-win32-vc14-release-dynamic:sip_tel_uri.obj
 0003:000040a0       ___getopt_initialized      0042f0a0     pjlib-util-i386-win32-vc14-release-dynamic:getopt.obj
 0003:000040a4       _nextchar                  0042f0a4     pjlib-util-i386-win32-vc14-release-dynamic:getopt.obj
 0003:000040a8       _ordering                  0042f0a8     pjlib-util-i386-win32-vc14-release-dynamic:getopt.obj
 0003:000040ac       _posixly_correct           0042f0ac     pjlib-util-i386-win32-vc14-release-dynamic:getopt.obj
 0003:000040b0       _first_nonopt              0042f0b0     pjlib-util-i386-win32-vc14-release-dynamic:getopt.obj
 0003:000040b4       _last_nonopt               0042f0b4     pjlib-util-i386-win32-vc14-release-dynamic:getopt.obj
 0003:000040b8       _initialized               0042f0b8     pjlib-i386-win32-vc14-release-dynamic:os_core_win32.obj
 0003:000040bc       _atexit_count              0042f0bc     pjlib-i386-win32-vc14-release-dynamic:os_core_win32.obj
 0003:000040c0       _main_thread               0042f0c0     pjlib-i386-win32-vc14-release-dynamic:os_core_win32.obj
 0003:000041c0       _critical_section_mutex    0042f1c0     pjlib-i386-win32-vc14-release-dynamic:os_core_win32.obj
 0003:000041f8       _atexit_func               0042f1f8     pjlib-i386-win32-vc14-release-dynamic:os_core_win32.obj
 0003:00004278       ?buf@?1??pj_gethostname@@9@9 0042f278     pjlib-i386-win32-vc14-release-dynamic:sock_bsd.obj
 0003:000042f8       ?hostname@?1??pj_gethostname@@9@9 0042f2f8     pjlib-i386-win32-vc14-release-dynamic:sock_bsd.obj
 0003:00004300       _g_last_thread             0042f300     pjlib-i386-win32-vc14-release-dynamic:log.obj
 0003:00004308       _err_msg_hnd_cnt           0042f308     pjlib-i386-win32-vc14-release-dynamic:errno.obj
 0003:00004310       _err_msg_hnd               0042f310     pjlib-i386-win32-vc14-release-dynamic:errno.obj
 0003:00004388       _exception_id_names        0042f388     pjlib-i386-win32-vc14-release-dynamic:except.obj
 0003:000043c8       ?unknown_name@?1??pj_exception_id_name@@9@9 0042f3c8     pjlib-i386-win32-vc14-release-dynamic:except.obj
 0003:000043e8       _base_time                 0042f3e8     pjlib-i386-win32-vc14-release-dynamic:os_time_win32.obj
 0003:000043f0       _stack_based_factory       0042f3f0     pjlib-i386-win32-vc14-release-dynamic:pool_buf.obj
 0003:00004414       _is_initialized            0042f414     pjlib-i386-win32-vc14-release-dynamic:pool_buf.obj
 0003:00004418       _s_hDLL                    0042f418     pjlib-i386-win32-vc14-release-dynamic:ip_helper_win32.obj
 0003:0000441c       _s_pfnGetIpAddrTable       0042f41c     pjlib-i386-win32-vc14-release-dynamic:ip_helper_win32.obj
 0003:00004420       _s_pfnGetAdapterAddresses  0042f420     pjlib-i386-win32-vc14-release-dynamic:ip_helper_win32.obj
 0003:00004424       _s_pfnGetIpForwardTable    0042f424     pjlib-i386-win32-vc14-release-dynamic:ip_helper_win32.obj
 0003:00004428       _s_pfnGetIfEntry           0042f428     pjlib-i386-win32-vc14-release-dynamic:ip_helper_win32.obj
 0003:00004430       _GS_ExceptionRecord        0042f430     MSVCRT:gs_report.obj
 0003:00004480       _GS_ContextRecord          0042f480     MSVCRT:gs_report.obj
 0003:0000475c       ?module_local_atexit_table@@3U_onexit_table_t@@A 0042f75c     MSVCRT:utility.obj
 0003:00004768       ?module_local_at_quick_exit_table@@3U_onexit_table_t@@A 0042f768     MSVCRT:utility.obj
 0003:00004774       ?is_initialized_as_dll@@3_NA 0042f774     MSVCRT:utility.obj
 0004:00000000       __guard_fids__             00430000     MSVCRT:exe_main.obj
 0004:00000004       __guard_fids__             00430004     MSVCRT:exe_main.obj
 0004:00000008       __guard_fids__             00430008     MSVCRT:exe_main.obj
 0004:0000000c       __guard_fids_?pre_c_initialization@@YAHXZ 0043000c     MSVCRT:exe_main.obj
 0004:00000014       __guard_fids____scrt_set_unhandled_exception_filter 00430014     MSVCRT:utility_desktop.obj
 0004:00000018       __guard_fids___except_handler4 00430018     MSVCRT:_chandler4gs_.obj
 0004:0000001c       __guard_fids__             0043001c     MSVCRT:guard_support.obj
